
> focusup@0.0.0 build
> tsc -b && vite build

src/components/ui/MusicPlayer.tsx(19,1): error TS6133: 'getSongsByAlbumId' is declared but its value is never read.
src/hooks/useApiQueries.ts(68,15): error TS6133: 'err' is declared but its value is never read.
src/hooks/useApiQueries.ts(68,20): error TS6133: 'newUserData' is declared but its value is never read.
src/modules/music/pages/MusicAlbumsPage.tsx(4,29): error TS2307: Cannot find module '../../../../components/ui/MusicPlayer' or its corresponding type declarations.
src/modules/music/pages/MusicSongsPage.tsx(4,29): error TS2307: Cannot find module '../../../../components/ui/MusicPlayer' or its corresponding type declarations.
src/modules/sessions/pages/StartSession.tsx(22,29): error TS6133: 'getAlbumById' is declared but its value is never read.
src/modules/sessions/pages/StartSession.tsx(26,34): error TS2307: Cannot find module '../../../shared/components/ui/CountdownOverlay' or its corresponding type declarations.
src/modules/sessions/pages/StartSession.tsx(27,28): error TS2307: Cannot find module '../../../shared/components/ui/PageLayout' or its corresponding type declarations.
src/modules/sessions/pages/StartSession.tsx(56,72): error TS6133: 'checkDirectResume' is declared but its value is never read.
src/modules/sessions/pages/StartSession.tsx(66,18): error TS6133: 'setIsLate' is declared but its value is never read.
src/modules/sessions/pages/StartSession.tsx(67,23): error TS6133: 'setMinutesLate' is declared but its value is never read.
src/modules/study-methods/pages/ActiveRecallStepsView.tsx(7,23): error TS2307: Cannot find module '../../../../shared/components/ui/Timer' or its corresponding type declarations.
src/modules/study-methods/pages/ActiveRecallStepsView.tsx(10,32): error TS2307: Cannot find module '../../../../shared/components/ui/ProgressCircle' or its corresponding type declarations.
src/modules/study-methods/pages/ActiveRecallStepsView.tsx(21,34): error TS2307: Cannot find module '../../../../shared/components/ui/FinishLaterModal' or its corresponding type declarations.
src/modules/study-methods/pages/CornellStepsView.tsx(9,32): error TS2307: Cannot find module '../../../../shared/components/ui/ProgressCircle' or its corresponding type declarations.
src/modules/study-methods/pages/CornellStepsView.tsx(20,34): error TS2307: Cannot find module '../../../../shared/components/ui/FinishLaterModal' or its corresponding type declarations.
src/modules/study-methods/pages/FeynmanStepsView.tsx(9,32): error TS2307: Cannot find module '../../../../shared/components/ui/ProgressCircle' or its corresponding type declarations.
src/modules/study-methods/pages/FeynmanStepsView.tsx(20,34): error TS2307: Cannot find module '../../../../shared/components/ui/FinishLaterModal' or its corresponding type declarations.
src/modules/study-methods/pages/MindMapsStepsPage.tsx(9,32): error TS2307: Cannot find module '../../../../shared/components/ui/ProgressCircle' or its corresponding type declarations.
src/modules/study-methods/pages/MindMapsStepsPage.tsx(20,34): error TS2307: Cannot find module '../../../../shared/components/ui/FinishLaterModal' or its corresponding type declarations.
src/modules/study-methods/pages/PomodoroExecutionView.tsx(7,23): error TS2307: Cannot find module '../../../../shared/components/ui/Timer' or its corresponding type declarations.
src/modules/study-methods/pages/PomodoroExecutionView.tsx(8,32): error TS2307: Cannot find module '../../../../shared/components/ui/ProgressCircle' or its corresponding type declarations.
src/modules/study-methods/pages/PomodoroExecutionView.tsx(18,34): error TS2307: Cannot find module '../../../../shared/components/ui/FinishLaterModal' or its corresponding type declarations.
src/modules/study-methods/pages/SpacedRepetitionStepsView.tsx(9,32): error TS2307: Cannot find module '../../../../shared/components/ui/ProgressCircle' or its corresponding type declarations.
src/modules/study-methods/pages/SpacedRepetitionStepsView.tsx(20,34): error TS2307: Cannot find module '../../../../shared/components/ui/FinishLaterModal' or its corresponding type declarations.
src/modules/study-methods/pages/StudyMethodsLibraryPage.tsx(3,25): error TS2307: Cannot find module '../../../../shared/components/ui/Sidebar' or its corresponding type declarations.
src/modules/study-methods/pages/StudyMethodsLibraryPage.tsx(4,22): error TS2307: Cannot find module '../../../../components/ui/Card' or its corresponding type declarations.
src/pages/RegisterPage.test.tsx(5,30): error TS2307: Cannot find module './RegisterPage' or its corresponding type declarations.
src/pages/RegisterStep2.test.tsx(5,31): error TS2307: Cannot find module './RegisterStep2' or its corresponding type declarations.
src/providers/ConcentrationSessionProvider.tsx(25,1): error TS6133: 'useMusicPlayer' is declared but its value is never read.
src/providers/ConcentrationSessionProvider.tsx(26,1): error TS6133: 'replaceIfSessionAlbum' is declared but its value is never read.
src/providers/ConcentrationSessionProvider.tsx(27,1): error TS6133: 'getSongsByAlbumId' is declared but its value is never read.
src/stores/musicStore.ts(77,41): error TS6133: 'currentIndex' is declared but its value is never read.
src/stores/sessionStore.ts(29,11): error TS6133: 'get' is declared but its value is never read.
src/App.tsx(2,29): error TS6142: Module './components/auth/RequireAuth' was resolved to 'c:/Users/juand/OneDrive/Documents/Actividades Sena/9. Proyecto/5. Quinto Trimestre/Focus-Up-FrontEnd/src/components/auth/RequireAuth.tsx', but '--jsx' is not set.
src/App.tsx(4,25): error TS6142: Module './contexts/AuthContext' was resolved to 'c:/Users/juand/OneDrive/Documents/Actividades Sena/9. Proyecto/5. Quinto Trimestre/Focus-Up-FrontEnd/src/contexts/AuthContext.tsx', but '--jsx' is not set.
src/App.tsx(5,33): error TS6142: Module './components/FirstLoginModal' was resolved to 'c:/Users/juand/OneDrive/Documents/Actividades Sena/9. Proyecto/5. Quinto Trimestre/Focus-Up-FrontEnd/src/components/FirstLoginModal.tsx', but '--jsx' is not set.
src/App.tsx(21,41): error TS6142: Module './pages/DashboardPage' was resolved to 'c:/Users/juand/OneDrive/Documents/Actividades Sena/9. Proyecto/5. Quinto Trimestre/Focus-Up-FrontEnd/src/pages/DashboardPage.tsx', but '--jsx' is not set.
src/App.tsx(23,39): error TS6142: Module './pages/ProfilePage' was resolved to 'c:/Users/juand/OneDrive/Documents/Actividades Sena/9. Proyecto/5. Quinto Trimestre/Focus-Up-FrontEnd/src/pages/ProfilePage.tsx', but '--jsx' is not set.
src/App.tsx(36,39): error TS6142: Module './pages/ReportsPage' was resolved to 'c:/Users/juand/OneDrive/Documents/Actividades Sena/9. Proyecto/5. Quinto Trimestre/Focus-Up-FrontEnd/src/pages/ReportsPage.tsx', but '--jsx' is not set.
src/App.tsx(59,5): error TS17004: Cannot use JSX unless the '--jsx' flag is provided.
src/App.tsx(60,7): error TS17004: Cannot use JSX unless the '--jsx' flag is provided.
src/App.tsx(67,7): error TS17004: Cannot use JSX unless the '--jsx' flag is provided.
src/App.tsx(68,9): error TS17004: Cannot use JSX unless the '--jsx' flag is provided.
src/App.tsx(69,11): error TS17004: Cannot use JSX unless the '--jsx' flag is provided.
src/App.tsx(72,9): error TS17004: Cannot use JSX unless the '--jsx' flag is provided.
src/App.tsx(74,11): error TS17004: Cannot use JSX unless the '--jsx' flag is provided.
src/App.tsx(74,41): error TS17004: Cannot use JSX unless the '--jsx' flag is provided.
src/App.tsx(75,11): error TS17004: Cannot use JSX unless the '--jsx' flag is provided.
src/App.tsx(75,44): error TS17004: Cannot use JSX unless the '--jsx' flag is provided.
src/App.tsx(76,11): error TS17004: Cannot use JSX unless the '--jsx' flag is provided.
src/App.tsx(76,50): error TS17004: Cannot use JSX unless the '--jsx' flag is provided.
src/App.tsx(77,11): error TS17004: Cannot use JSX unless the '--jsx' flag is provided.
src/App.tsx(77,51): error TS17004: Cannot use JSX unless the '--jsx' flag is provided.
src/App.tsx(78,11): error TS17004: Cannot use JSX unless the '--jsx' flag is provided.
src/App.tsx(78,56): error TS17004: Cannot use JSX unless the '--jsx' flag is provided.
src/App.tsx(79,11): error TS17004: Cannot use JSX unless the '--jsx' flag is provided.
src/App.tsx(79,57): error TS17004: Cannot use JSX unless the '--jsx' flag is provided.
src/App.tsx(82,11): error TS17004: Cannot use JSX unless the '--jsx' flag is provided.
src/App.tsx(82,43): error TS17004: Cannot use JSX unless the '--jsx' flag is provided.
src/App.tsx(82,56): error TS17004: Cannot use JSX unless the '--jsx' flag is provided.
src/App.tsx(83,11): error TS17004: Cannot use JSX unless the '--jsx' flag is provided.
src/App.tsx(83,49): error TS17004: Cannot use JSX unless the '--jsx' flag is provided.
src/App.tsx(83,62): error TS17004: Cannot use JSX unless the '--jsx' flag is provided.
src/App.tsx(84,11): error TS17004: Cannot use JSX unless the '--jsx' flag is provided.
src/App.tsx(84,45): error TS17004: Cannot use JSX unless the '--jsx' flag is provided.
src/App.tsx(84,58): error TS17004: Cannot use JSX unless the '--jsx' flag is provided.
src/App.tsx(85,11): error TS17004: Cannot use JSX unless the '--jsx' flag is provided.
src/App.tsx(85,43): error TS17004: Cannot use JSX unless the '--jsx' flag is provided.
src/App.tsx(85,56): error TS17004: Cannot use JSX unless the '--jsx' flag is provided.
src/App.tsx(86,11): error TS17004: Cannot use JSX unless the '--jsx' flag is provided.
src/App.tsx(86,49): error TS17004: Cannot use JSX unless the '--jsx' flag is provided.
src/App.tsx(86,62): error TS17004: Cannot use JSX unless the '--jsx' flag is provided.
src/App.tsx(87,11): error TS17004: Cannot use JSX unless the '--jsx' flag is provided.
src/App.tsx(87,60): error TS17004: Cannot use JSX unless the '--jsx' flag is provided.
src/App.tsx(87,73): error TS17004: Cannot use JSX unless the '--jsx' flag is provided.
src/App.tsx(88,11): error TS17004: Cannot use JSX unless the '--jsx' flag is provided.
src/App.tsx(88,42): error TS17004: Cannot use JSX unless the '--jsx' flag is provided.
src/App.tsx(88,55): error TS17004: Cannot use JSX unless the '--jsx' flag is provided.
src/App.tsx(89,11): error TS17004: Cannot use JSX unless the '--jsx' flag is provided.
src/App.tsx(89,49): error TS17004: Cannot use JSX unless the '--jsx' flag is provided.
src/App.tsx(89,62): error TS17004: Cannot use JSX unless the '--jsx' flag is provided.
src/App.tsx(90,11): error TS17004: Cannot use JSX unless the '--jsx' flag is provided.
src/App.tsx(90,48): error TS17004: Cannot use JSX unless the '--jsx' flag is provided.
src/App.tsx(90,61): error TS17004: Cannot use JSX unless the '--jsx' flag is provided.
src/App.tsx(91,11): error TS17004: Cannot use JSX unless the '--jsx' flag is provided.
src/App.tsx(91,57): error TS17004: Cannot use JSX unless the '--jsx' flag is provided.
src/App.tsx(91,70): error TS17004: Cannot use JSX unless the '--jsx' flag is provided.
src/App.tsx(94,11): error TS17004: Cannot use JSX unless the '--jsx' flag is provided.
src/App.tsx(94,60): error TS17004: Cannot use JSX unless the '--jsx' flag is provided.
src/App.tsx(94,73): error TS17004: Cannot use JSX unless the '--jsx' flag is provided.
src/App.tsx(95,11): error TS17004: Cannot use JSX unless the '--jsx' flag is provided.
src/App.tsx(95,62): error TS17004: Cannot use JSX unless the '--jsx' flag is provided.
src/App.tsx(95,75): error TS17004: Cannot use JSX unless the '--jsx' flag is provided.
src/App.tsx(96,11): error TS17004: Cannot use JSX unless the '--jsx' flag is provided.
src/App.tsx(96,61): error TS17004: Cannot use JSX unless the '--jsx' flag is provided.
src/App.tsx(96,74): error TS17004: Cannot use JSX unless the '--jsx' flag is provided.
src/App.tsx(97,11): error TS17004: Cannot use JSX unless the '--jsx' flag is provided.
src/App.tsx(97,61): error TS17004: Cannot use JSX unless the '--jsx' flag is provided.
src/App.tsx(97,74): error TS17004: Cannot use JSX unless the '--jsx' flag is provided.
src/App.tsx(98,11): error TS17004: Cannot use JSX unless the '--jsx' flag is provided.
src/App.tsx(98,69): error TS17004: Cannot use JSX unless the '--jsx' flag is provided.
src/App.tsx(98,82): error TS17004: Cannot use JSX unless the '--jsx' flag is provided.
src/App.tsx(99,11): error TS17004: Cannot use JSX unless the '--jsx' flag is provided.
src/App.tsx(99,69): error TS17004: Cannot use JSX unless the '--jsx' flag is provided.
src/App.tsx(99,82): error TS17004: Cannot use JSX unless the '--jsx' flag is provided.
src/App.tsx(100,11): error TS17004: Cannot use JSX unless the '--jsx' flag is provided.
src/App.tsx(100,65): error TS17004: Cannot use JSX unless the '--jsx' flag is provided.
src/App.tsx(100,78): error TS17004: Cannot use JSX unless the '--jsx' flag is provided.
src/App.tsx(101,11): error TS17004: Cannot use JSX unless the '--jsx' flag is provided.
src/App.tsx(101,65): error TS17004: Cannot use JSX unless the '--jsx' flag is provided.
src/App.tsx(101,78): error TS17004: Cannot use JSX unless the '--jsx' flag is provided.
src/App.tsx(102,11): error TS17004: Cannot use JSX unless the '--jsx' flag is provided.
src/App.tsx(102,59): error TS17004: Cannot use JSX unless the '--jsx' flag is provided.
src/App.tsx(102,72): error TS17004: Cannot use JSX unless the '--jsx' flag is provided.
src/App.tsx(103,11): error TS17004: Cannot use JSX unless the '--jsx' flag is provided.
src/App.tsx(103,59): error TS17004: Cannot use JSX unless the '--jsx' flag is provided.
src/App.tsx(103,72): error TS17004: Cannot use JSX unless the '--jsx' flag is provided.
src/App.tsx(104,11): error TS17004: Cannot use JSX unless the '--jsx' flag is provided.
src/App.tsx(104,59): error TS17004: Cannot use JSX unless the '--jsx' flag is provided.
src/App.tsx(104,72): error TS17004: Cannot use JSX unless the '--jsx' flag is provided.
src/App.tsx(105,11): error TS17004: Cannot use JSX unless the '--jsx' flag is provided.
src/App.tsx(105,59): error TS17004: Cannot use JSX unless the '--jsx' flag is provided.
src/App.tsx(105,72): error TS17004: Cannot use JSX unless the '--jsx' flag is provided.
src/App.tsx(108,11): error TS17004: Cannot use JSX unless the '--jsx' flag is provided.
src/App.tsx(108,36): error TS17004: Cannot use JSX unless the '--jsx' flag is provided.
src/App.tsx(108,49): error TS17004: Cannot use JSX unless the '--jsx' flag is provided.
src/components/AlbumSelectionModal.tsx(76,17): error TS2339: Property 'key' does not exist on type 'KeyboardEvent'.
src/components/AlbumSelectionModal.tsx(82,13): error TS2339: Property 'preventDefault' does not exist on type 'KeyboardEvent'.
src/components/AlbumSelectionModal.tsx(88,13): error TS2339: Property 'preventDefault' does not exist on type 'KeyboardEvent'.
src/components/AlbumSelectionModal.tsx(92,13): error TS2339: Property 'preventDefault' does not exist on type 'KeyboardEvent'.
src/components/AlbumSelectionModal.tsx(97,13): error TS2339: Property 'preventDefault' does not exist on type 'KeyboardEvent'.
src/components/AlbumSelectionModal.tsx(99,30): error TS2339: Property 'key' does not exist on type 'KeyboardEvent'.
src/components/AlbumSelectionModal.tsx(107,5): error TS2584: Cannot find name 'document'. Do you need to change your target library? Try changing the 'lib' compiler option to include 'dom'.
src/components/AlbumSelectionModal.tsx(108,18): error TS2584: Cannot find name 'document'. Do you need to change your target library? Try changing the 'lib' compiler option to include 'dom'.
src/components/AlbumSelectionModal.tsx(117,5): error TS17004: Cannot use JSX unless the '--jsx' flag is provided.
src/components/AlbumSelectionModal.tsx(119,9): error TS17004: Cannot use JSX unless the '--jsx' flag is provided.
src/components/AlbumSelectionModal.tsx(121,11): error TS17004: Cannot use JSX unless the '--jsx' flag is provided.
src/components/AlbumSelectionModal.tsx(130,11): error TS17004: Cannot use JSX unless the '--jsx' flag is provided.
src/components/AlbumSelectionModal.tsx(141,13): error TS17004: Cannot use JSX unless the '--jsx' flag is provided.
src/components/AlbumSelectionModal.tsx(142,15): error TS17004: Cannot use JSX unless the '--jsx' flag is provided.
src/components/AlbumSelectionModal.tsx(143,17): error TS17004: Cannot use JSX unless the '--jsx' flag is provided.
src/components/AlbumSelectionModal.tsx(146,17): error TS17004: Cannot use JSX unless the '--jsx' flag is provided.
src/components/AlbumSelectionModal.tsx(150,15): error TS17004: Cannot use JSX unless the '--jsx' flag is provided.
src/components/AlbumSelectionModal.tsx(155,17): error TS17004: Cannot use JSX unless the '--jsx' flag is provided.
src/components/AlbumSelectionModal.tsx(160,13): error TS17004: Cannot use JSX unless the '--jsx' flag is provided.
src/components/AlbumSelectionModal.tsx(161,15): error TS17004: Cannot use JSX unless the '--jsx' flag is provided.
src/components/AlbumSelectionModal.tsx(167,21): error TS17004: Cannot use JSX unless the '--jsx' flag is provided.
src/components/AlbumSelectionModal.tsx(184,23): error TS17004: Cannot use JSX unless the '--jsx' flag is provided.
src/components/AlbumSelectionModal.tsx(185,25): error TS17004: Cannot use JSX unless the '--jsx' flag is provided.
src/components/AlbumSelectionModal.tsx(191,36): error TS2812: Property 'style' does not exist on type 'HTMLImageElement'. Try changing the 'lib' compiler option to include 'dom'.
src/components/AlbumSelectionModal.tsx(192,51): error TS2812: Property 'parentElement' does not exist on type 'HTMLImageElement'. Try changing the 'lib' compiler option to include 'dom'.
src/components/AlbumSelectionModal.tsx(194,48): error TS2584: Cannot find name 'document'. Do you need to change your target library? Try changing the 'lib' compiler option to include 'dom'.
src/components/AlbumSelectionModal.tsx(208,25): error TS17004: Cannot use JSX unless the '--jsx' flag is provided.
src/components/AlbumSelectionModal.tsx(212,27): error TS17004: Cannot use JSX unless the '--jsx' flag is provided.
src/components/AlbumSelectionModal.tsx(214,31): error TS17004: Cannot use JSX unless the '--jsx' flag is provided.
src/components/AlbumSelectionModal.tsx(215,33): error TS17004: Cannot use JSX unless the '--jsx' flag is provided.
src/components/AlbumSelectionModal.tsx(218,31): error TS17004: Cannot use JSX unless the '--jsx' flag is provided.
src/components/AlbumSelectionModal.tsx(219,33): error TS17004: Cannot use JSX unless the '--jsx' flag is provided.
src/components/AlbumSelectionModal.tsx(227,27): error TS17004: Cannot use JSX unless the '--jsx' flag is provided.
src/components/AlbumSelectionModal.tsx(228,29): error TS17004: Cannot use JSX unless the '--jsx' flag is provided.
src/components/AlbumSelectionModal.tsx(234,23): error TS17004: Cannot use JSX unless the '--jsx' flag is provided.
src/components/AlbumSelectionModal.tsx(235,25): error TS17004: Cannot use JSX unless the '--jsx' flag is provided.
src/components/AlbumSelectionModal.tsx(238,25): error TS17004: Cannot use JSX unless the '--jsx' flag is provided.
src/components/AlbumSelectionModal.tsx(252,13): error TS17004: Cannot use JSX unless the '--jsx' flag is provided.
src/components/AlbumSelectionModal.tsx(253,15): error TS17004: Cannot use JSX unless the '--jsx' flag is provided.
src/components/AlbumSelectionModal.tsx(259,15): error TS17004: Cannot use JSX unless the '--jsx' flag is provided.
src/components/auth/RequireAuth.tsx(2,25): error TS6142: Module '../../contexts/AuthContext' was resolved to 'c:/Users/juand/OneDrive/Documents/Actividades Sena/9. Proyecto/5. Quinto Trimestre/Focus-Up-FrontEnd/src/contexts/AuthContext.tsx', but '--jsx' is not set.
src/components/auth/RequireAuth.tsx(3,32): error TS6142: Module '../ui/LoadingSpinner' was resolved to 'c:/Users/juand/OneDrive/Documents/Actividades Sena/9. Proyecto/5. Quinto Trimestre/Focus-Up-FrontEnd/src/components/ui/LoadingSpinner.tsx', but '--jsx' is not set.
src/components/auth/RequireAuth.tsx(16,7): error TS17004: Cannot use JSX unless the '--jsx' flag is provided.
src/components/auth/RequireAuth.tsx(17,9): error TS17004: Cannot use JSX unless the '--jsx' flag is provided.
src/components/auth/RequireAuth.tsx(25,7): error TS17004: Cannot use JSX unless the '--jsx' flag is provided.
src/components/auth/RequireAuth.tsx(26,9): error TS17004: Cannot use JSX unless the '--jsx' flag is provided.
src/components/auth/RequireAuth.tsx(27,11): error TS17004: Cannot use JSX unless the '--jsx' flag is provided.
src/components/auth/RequireAuth.tsx(30,11): error TS17004: Cannot use JSX unless the '--jsx' flag is provided.
src/components/auth/RequireAuth.tsx(33,11): error TS17004: Cannot use JSX unless the '--jsx' flag is provided.
src/components/auth/RequireAuth.tsx(45,10): error TS17004: Cannot use JSX unless the '--jsx' flag is provided.
src/components/ConcentrationCard.stories.tsx(9,35): error TS6142: Module './ConcentrationCard' was resolved to 'c:/Users/juand/OneDrive/Documents/Actividades Sena/9. Proyecto/5. Quinto Trimestre/Focus-Up-FrontEnd/src/components/ConcentrationCard.tsx', but '--jsx' is not set.
src/components/ConcentrationCard.test.tsx(10,35): error TS6142: Module './ConcentrationCard' was resolved to 'c:/Users/juand/OneDrive/Documents/Actividades Sena/9. Proyecto/5. Quinto Trimestre/Focus-Up-FrontEnd/src/components/ConcentrationCard.tsx', but '--jsx' is not set.
src/components/ConcentrationCard.test.tsx(11,46): error TS6142: Module '../providers/ConcentrationSessionProvider' was resolved to 'c:/Users/juand/OneDrive/Documents/Actividades Sena/9. Proyecto/5. Quinto Trimestre/Focus-Up-FrontEnd/src/providers/ConcentrationSessionProvider.tsx', but '--jsx' is not set.
src/components/ConcentrationCard.test.tsx(42,7): error TS17004: Cannot use JSX unless the '--jsx' flag is provided.
src/components/ConcentrationCard.test.tsx(43,9): error TS17004: Cannot use JSX unless the '--jsx' flag is provided.
src/components/ConcentrationCard.test.tsx(61,7): error TS17004: Cannot use JSX unless the '--jsx' flag is provided.
src/components/ConcentrationCard.test.tsx(62,9): error TS17004: Cannot use JSX unless the '--jsx' flag is provided.
src/components/ConcentrationCard.test.tsx(82,7): error TS17004: Cannot use JSX unless the '--jsx' flag is provided.
src/components/ConcentrationCard.test.tsx(83,9): error TS17004: Cannot use JSX unless the '--jsx' flag is provided.
src/components/ConcentrationCard.test.tsx(108,7): error TS17004: Cannot use JSX unless the '--jsx' flag is provided.
src/components/ConcentrationCard.test.tsx(109,9): error TS17004: Cannot use JSX unless the '--jsx' flag is provided.
src/components/ConcentrationCard.test.tsx(144,7): error TS17004: Cannot use JSX unless the '--jsx' flag is provided.
src/components/ConcentrationCard.test.tsx(145,9): error TS17004: Cannot use JSX unless the '--jsx' flag is provided.
src/components/ConcentrationCard.test.tsx(203,7): error TS17004: Cannot use JSX unless the '--jsx' flag is provided.
src/components/ConcentrationCard.test.tsx(204,9): error TS17004: Cannot use JSX unless the '--jsx' flag is provided.
src/components/ConcentrationCard.tsx(22,41): error TS6142: Module '../providers/ConcentrationSessionProvider' was resolved to 'c:/Users/juand/OneDrive/Documents/Actividades Sena/9. Proyecto/5. Quinto Trimestre/Focus-Up-FrontEnd/src/providers/ConcentrationSessionProvider.tsx', but '--jsx' is not set.
src/components/ConcentrationCard.tsx(55,22): error TS2304: Cannot find name 'setInterval'.
src/components/ConcentrationCard.tsx(62,18): error TS2304: Cannot find name 'clearInterval'.
src/components/ConcentrationCard.tsx(87,7): error TS2584: Cannot find name 'console'. Do you need to change your target library? Try changing the 'lib' compiler option to include 'dom'.
src/components/ConcentrationCard.tsx(120,7): error TS2584: Cannot find name 'console'. Do you need to change your target library? Try changing the 'lib' compiler option to include 'dom'.
src/components/ConcentrationCard.tsx(152,7): error TS2584: Cannot find name 'console'. Do you need to change your target library? Try changing the 'lib' compiler option to include 'dom'.
src/components/ConcentrationCard.tsx(170,5): error TS17004: Cannot use JSX unless the '--jsx' flag is provided.
src/components/ConcentrationCard.tsx(172,9): error TS17004: Cannot use JSX unless the '--jsx' flag is provided.
src/components/ConcentrationCard.tsx(183,11): error TS17004: Cannot use JSX unless the '--jsx' flag is provided.
src/components/ConcentrationCard.tsx(189,13): error TS17004: Cannot use JSX unless the '--jsx' flag is provided.
src/components/ConcentrationCard.tsx(190,15): error TS17004: Cannot use JSX unless the '--jsx' flag is provided.
src/components/ConcentrationCard.tsx(191,17): error TS17004: Cannot use JSX unless the '--jsx' flag is provided.
src/components/ConcentrationCard.tsx(192,19): error TS17004: Cannot use JSX unless the '--jsx' flag is provided.
src/components/ConcentrationCard.tsx(199,21): error TS17004: Cannot use JSX unless the '--jsx' flag is provided.
src/components/ConcentrationCard.tsx(208,17): error TS17004: Cannot use JSX unless the '--jsx' flag is provided.
src/components/ConcentrationCard.tsx(214,19): error TS17004: Cannot use JSX unless the '--jsx' flag is provided.
src/components/ConcentrationCard.tsx(219,15): error TS17004: Cannot use JSX unless the '--jsx' flag is provided.
src/components/ConcentrationCard.tsx(221,19): error TS17004: Cannot use JSX unless the '--jsx' flag is provided.
src/components/ConcentrationCard.tsx(222,21): error TS17004: Cannot use JSX unless the '--jsx' flag is provided.
src/components/ConcentrationCard.tsx(223,21): error TS17004: Cannot use JSX unless the '--jsx' flag is provided.
src/components/ConcentrationCard.tsx(227,19): error TS17004: Cannot use JSX unless the '--jsx' flag is provided.
src/components/ConcentrationCard.tsx(228,21): error TS17004: Cannot use JSX unless the '--jsx' flag is provided.
src/components/ConcentrationCard.tsx(229,21): error TS17004: Cannot use JSX unless the '--jsx' flag is provided.
src/components/ConcentrationCard.tsx(236,13): error TS17004: Cannot use JSX unless the '--jsx' flag is provided.
src/components/ConcentrationCard.tsx(237,15): error TS17004: Cannot use JSX unless the '--jsx' flag is provided.
src/components/ConcentrationCard.tsx(238,17): error TS17004: Cannot use JSX unless the '--jsx' flag is provided.
src/components/ConcentrationCard.tsx(247,17): error TS17004: Cannot use JSX unless the '--jsx' flag is provided.
src/components/ConcentrationCard.tsx(253,15): error TS17004: Cannot use JSX unless the '--jsx' flag is provided.
src/components/ConcentrationCard.tsx(254,17): error TS17004: Cannot use JSX unless the '--jsx' flag is provided.
src/components/ConcentrationCard.tsx(266,21): error TS17004: Cannot use JSX unless the '--jsx' flag is provided.
src/components/ConcentrationCard.tsx(268,21): error TS17004: Cannot use JSX unless the '--jsx' flag is provided.
src/components/ConcentrationCard.tsx(274,15): error TS17004: Cannot use JSX unless the '--jsx' flag is provided.
src/components/ConcentrationCard.tsx(276,19): error TS17004: Cannot use JSX unless the '--jsx' flag is provided.
src/components/ConcentrationCard.tsx(282,21): error TS17004: Cannot use JSX unless the '--jsx' flag is provided.
src/components/ConcentrationCard.tsx(283,23): error TS17004: Cannot use JSX unless the '--jsx' flag is provided.
src/components/ConcentrationCard.tsx(284,23): error TS17004: Cannot use JSX unless the '--jsx' flag is provided.
src/components/ConcentrationCard.tsx(291,15): error TS17004: Cannot use JSX unless the '--jsx' flag is provided.
src/components/ConcentrationCard.tsx(292,17): error TS17004: Cannot use JSX unless the '--jsx' flag is provided.
src/components/ConcentrationCard.tsx(301,17): error TS17004: Cannot use JSX unless the '--jsx' flag is provided.
src/components/ConcentrationCard/ConcentrationCard.tsx(21,41): error TS6142: Module '../../providers/ConcentrationSessionProvider' was resolved to 'c:/Users/juand/OneDrive/Documents/Actividades Sena/9. Proyecto/5. Quinto Trimestre/Focus-Up-FrontEnd/src/providers/ConcentrationSessionProvider.tsx', but '--jsx' is not set.
src/components/ConcentrationCard/ConcentrationCard.tsx(40,22): error TS2304: Cannot find name 'setInterval'.
src/components/ConcentrationCard/ConcentrationCard.tsx(47,18): error TS2304: Cannot find name 'clearInterval'.
src/components/ConcentrationCard/ConcentrationCard.tsx(72,7): error TS2584: Cannot find name 'console'. Do you need to change your target library? Try changing the 'lib' compiler option to include 'dom'.
src/components/ConcentrationCard/ConcentrationCard.tsx(105,7): error TS2584: Cannot find name 'console'. Do you need to change your target library? Try changing the 'lib' compiler option to include 'dom'.
src/components/ConcentrationCard/ConcentrationCard.tsx(137,7): error TS2584: Cannot find name 'console'. Do you need to change your target library? Try changing the 'lib' compiler option to include 'dom'.
src/components/ConcentrationCard/ConcentrationCard.tsx(164,5): error TS17004: Cannot use JSX unless the '--jsx' flag is provided.
src/components/ConcentrationCard/ConcentrationCard.tsx(165,7): error TS17004: Cannot use JSX unless the '--jsx' flag is provided.
src/components/ConcentrationCard/ConcentrationCard.tsx(176,9): error TS17004: Cannot use JSX unless the '--jsx' flag is provided.
src/components/ConcentrationCard/ConcentrationCard.tsx(182,11): error TS17004: Cannot use JSX unless the '--jsx' flag is provided.
src/components/ConcentrationCard/ConcentrationCard.tsx(183,13): error TS17004: Cannot use JSX unless the '--jsx' flag is provided.
src/components/ConcentrationCard/ConcentrationCard.tsx(184,15): error TS17004: Cannot use JSX unless the '--jsx' flag is provided.
src/components/ConcentrationCard/ConcentrationCard.tsx(185,17): error TS17004: Cannot use JSX unless the '--jsx' flag is provided.
src/components/ConcentrationCard/ConcentrationCard.tsx(192,19): error TS17004: Cannot use JSX unless the '--jsx' flag is provided.
src/components/ConcentrationCard/ConcentrationCard.tsx(201,15): error TS17004: Cannot use JSX unless the '--jsx' flag is provided.
src/components/ConcentrationCard/ConcentrationCard.tsx(207,17): error TS17004: Cannot use JSX unless the '--jsx' flag is provided.
src/components/ConcentrationCard/ConcentrationCard.tsx(212,13): error TS17004: Cannot use JSX unless the '--jsx' flag is provided.
src/components/ConcentrationCard/ConcentrationCard.tsx(214,17): error TS17004: Cannot use JSX unless the '--jsx' flag is provided.
src/components/ConcentrationCard/ConcentrationCard.tsx(215,19): error TS17004: Cannot use JSX unless the '--jsx' flag is provided.
src/components/ConcentrationCard/ConcentrationCard.tsx(216,19): error TS17004: Cannot use JSX unless the '--jsx' flag is provided.
src/components/ConcentrationCard/ConcentrationCard.tsx(220,17): error TS17004: Cannot use JSX unless the '--jsx' flag is provided.
src/components/ConcentrationCard/ConcentrationCard.tsx(221,19): error TS17004: Cannot use JSX unless the '--jsx' flag is provided.
src/components/ConcentrationCard/ConcentrationCard.tsx(222,19): error TS17004: Cannot use JSX unless the '--jsx' flag is provided.
src/components/ConcentrationCard/ConcentrationCard.tsx(229,11): error TS17004: Cannot use JSX unless the '--jsx' flag is provided.
src/components/ConcentrationCard/ConcentrationCard.tsx(230,13): error TS17004: Cannot use JSX unless the '--jsx' flag is provided.
src/components/ConcentrationCard/ConcentrationCard.tsx(231,15): error TS17004: Cannot use JSX unless the '--jsx' flag is provided.
src/components/ConcentrationCard/ConcentrationCard.tsx(240,15): error TS17004: Cannot use JSX unless the '--jsx' flag is provided.
src/components/ConcentrationCard/ConcentrationCard.tsx(246,13): error TS17004: Cannot use JSX unless the '--jsx' flag is provided.
src/components/ConcentrationCard/ConcentrationCard.tsx(247,15): error TS17004: Cannot use JSX unless the '--jsx' flag is provided.
src/components/ConcentrationCard/ConcentrationCard.tsx(259,19): error TS17004: Cannot use JSX unless the '--jsx' flag is provided.
src/components/ConcentrationCard/ConcentrationCard.tsx(261,19): error TS17004: Cannot use JSX unless the '--jsx' flag is provided.
src/components/ConcentrationCard/ConcentrationCard.tsx(267,13): error TS17004: Cannot use JSX unless the '--jsx' flag is provided.
src/components/ConcentrationCard/ConcentrationCard.tsx(269,17): error TS17004: Cannot use JSX unless the '--jsx' flag is provided.
src/components/ConcentrationCard/ConcentrationCard.tsx(275,19): error TS17004: Cannot use JSX unless the '--jsx' flag is provided.
src/components/ConcentrationCard/ConcentrationCard.tsx(276,21): error TS17004: Cannot use JSX unless the '--jsx' flag is provided.
src/components/ConcentrationCard/ConcentrationCard.tsx(277,21): error TS17004: Cannot use JSX unless the '--jsx' flag is provided.
src/components/ConcentrationCard/ConcentrationCard.tsx(284,13): error TS17004: Cannot use JSX unless the '--jsx' flag is provided.
src/components/ConcentrationCard/ConcentrationCard.tsx(285,15): error TS17004: Cannot use JSX unless the '--jsx' flag is provided.
src/components/ConcentrationCard/ConcentrationCard.tsx(294,15): error TS17004: Cannot use JSX unless the '--jsx' flag is provided.
src/components/ConcentrationCard/ContinueSessionModal.tsx(16,32): error TS6142: Module '../../contexts/MusicPlayerContext' was resolved to 'c:/Users/juand/OneDrive/Documents/Actividades Sena/9. Proyecto/5. Quinto Trimestre/Focus-Up-FrontEnd/src/contexts/MusicPlayerContext.tsx', but '--jsx' is not set.
src/components/ConcentrationCard/ContinueSessionModal.tsx(41,7): error TS2584: Cannot find name 'console'. Do you need to change your target library? Try changing the 'lib' compiler option to include 'dom'.
src/components/ConcentrationCard/ContinueSessionModal.tsx(45,9): error TS2584: Cannot find name 'console'. Do you need to change your target library? Try changing the 'lib' compiler option to include 'dom'.
src/components/ConcentrationCard/ContinueSessionModal.tsx(47,9): error TS2304: Cannot find name 'alert'.
src/components/ConcentrationCard/ContinueSessionModal.tsx(61,11): error TS2584: Cannot find name 'console'. Do you need to change your target library? Try changing the 'lib' compiler option to include 'dom'.
src/components/ConcentrationCard/ContinueSessionModal.tsx(67,13): error TS2584: Cannot find name 'console'. Do you need to change your target library? Try changing the 'lib' compiler option to include 'dom'.
src/components/ConcentrationCard/ContinueSessionModal.tsx(87,11): error TS2584: Cannot find name 'console'. Do you need to change your target library? Try changing the 'lib' compiler option to include 'dom'.
src/components/ConcentrationCard/ContinueSessionModal.tsx(90,11): error TS2584: Cannot find name 'console'. Do you need to change your target library? Try changing the 'lib' compiler option to include 'dom'.
src/components/ConcentrationCard/ContinueSessionModal.tsx(93,9): error TS2584: Cannot find name 'console'. Do you need to change your target library? Try changing the 'lib' compiler option to include 'dom'.
src/components/ConcentrationCard/ContinueSessionModal.tsx(96,7): error TS2584: Cannot find name 'console'. Do you need to change your target library? Try changing the 'lib' compiler option to include 'dom'.
src/components/ConcentrationCard/ContinueSessionModal.tsx(101,9): error TS2584: Cannot find name 'console'. Do you need to change your target library? Try changing the 'lib' compiler option to include 'dom'.
src/components/ConcentrationCard/ContinueSessionModal.tsx(111,7): error TS2584: Cannot find name 'console'. Do you need to change your target library? Try changing the 'lib' compiler option to include 'dom'.
src/components/ConcentrationCard/ContinueSessionModal.tsx(118,7): error TS2304: Cannot find name 'localStorage'.
src/components/ConcentrationCard/ContinueSessionModal.tsx(119,7): error TS2304: Cannot find name 'localStorage'.
src/components/ConcentrationCard/ContinueSessionModal.tsx(126,9): error TS2584: Cannot find name 'console'. Do you need to change your target library? Try changing the 'lib' compiler option to include 'dom'.
src/components/ConcentrationCard/ContinueSessionModal.tsx(130,7): error TS2584: Cannot find name 'console'. Do you need to change your target library? Try changing the 'lib' compiler option to include 'dom'.
src/components/ConcentrationCard/ContinueSessionModal.tsx(132,7): error TS2304: Cannot find name 'window'.
src/components/ConcentrationCard/ContinueSessionModal.tsx(147,5): error TS17004: Cannot use JSX unless the '--jsx' flag is provided.
src/components/ConcentrationCard/ContinueSessionModal.tsx(148,7): error TS17004: Cannot use JSX unless the '--jsx' flag is provided.
src/components/ConcentrationCard/ContinueSessionModal.tsx(155,9): error TS17004: Cannot use JSX unless the '--jsx' flag is provided.
src/components/ConcentrationCard/ContinueSessionModal.tsx(163,11): error TS17004: Cannot use JSX unless the '--jsx' flag is provided.
src/components/ConcentrationCard/ContinueSessionModal.tsx(164,13): error TS17004: Cannot use JSX unless the '--jsx' flag is provided.
src/components/ConcentrationCard/ContinueSessionModal.tsx(165,15): error TS17004: Cannot use JSX unless the '--jsx' flag is provided.
src/components/ConcentrationCard/ContinueSessionModal.tsx(167,13): error TS17004: Cannot use JSX unless the '--jsx' flag is provided.
src/components/ConcentrationCard/ContinueSessionModal.tsx(170,13): error TS17004: Cannot use JSX unless the '--jsx' flag is provided.
src/components/ConcentrationCard/ContinueSessionModal.tsx(176,11): error TS17004: Cannot use JSX unless the '--jsx' flag is provided.
src/components/ConcentrationCard/ContinueSessionModal.tsx(177,13): error TS17004: Cannot use JSX unless the '--jsx' flag is provided.
src/components/ConcentrationCard/ContinueSessionModal.tsx(178,15): error TS17004: Cannot use JSX unless the '--jsx' flag is provided.
src/components/ConcentrationCard/ContinueSessionModal.tsx(179,15): error TS17004: Cannot use JSX unless the '--jsx' flag is provided.
src/components/ConcentrationCard/ContinueSessionModal.tsx(182,13): error TS17004: Cannot use JSX unless the '--jsx' flag is provided.
src/components/ConcentrationCard/ContinueSessionModal.tsx(183,15): error TS17004: Cannot use JSX unless the '--jsx' flag is provided.
src/components/ConcentrationCard/ContinueSessionModal.tsx(184,15): error TS17004: Cannot use JSX unless the '--jsx' flag is provided.
src/components/ConcentrationCard/ContinueSessionModal.tsx(187,13): error TS17004: Cannot use JSX unless the '--jsx' flag is provided.
src/components/ConcentrationCard/ContinueSessionModal.tsx(188,15): error TS17004: Cannot use JSX unless the '--jsx' flag is provided.
src/components/ConcentrationCard/ContinueSessionModal.tsx(189,15): error TS17004: Cannot use JSX unless the '--jsx' flag is provided.
src/components/ConcentrationCard/ContinueSessionModal.tsx(200,11): error TS17004: Cannot use JSX unless the '--jsx' flag is provided.
src/components/ConcentrationCard/ContinueSessionModal.tsx(201,13): error TS17004: Cannot use JSX unless the '--jsx' flag is provided.
src/components/ConcentrationCard/ContinueSessionModal.tsx(205,15): error TS17004: Cannot use JSX unless the '--jsx' flag is provided.
src/components/ConcentrationCard/ContinueSessionModal.tsx(209,13): error TS17004: Cannot use JSX unless the '--jsx' flag is provided.
src/components/ConcentrationCard/ContinueSessionModal.tsx(213,15): error TS17004: Cannot use JSX unless the '--jsx' flag is provided.
src/components/ConcentrationCard/ContinueSessionModal.tsx(219,11): error TS17004: Cannot use JSX unless the '--jsx' flag is provided.
src/components/ConcentrationCard/MiniSessionCard.tsx(26,41): error TS6142: Module '../../providers/ConcentrationSessionProvider' was resolved to 'c:/Users/juand/OneDrive/Documents/Actividades Sena/9. Proyecto/5. Quinto Trimestre/Focus-Up-FrontEnd/src/providers/ConcentrationSessionProvider.tsx', but '--jsx' is not set.
src/components/ConcentrationCard/MiniSessionCard.tsx(45,22): error TS2304: Cannot find name 'setInterval'.
src/components/ConcentrationCard/MiniSessionCard.tsx(52,18): error TS2304: Cannot find name 'clearInterval'.
src/components/ConcentrationCard/MiniSessionCard.tsx(77,7): error TS2584: Cannot find name 'console'. Do you need to change your target library? Try changing the 'lib' compiler option to include 'dom'.
src/components/ConcentrationCard/MiniSessionCard.tsx(110,7): error TS2584: Cannot find name 'console'. Do you need to change your target library? Try changing the 'lib' compiler option to include 'dom'.
src/components/ConcentrationCard/MiniSessionCard.tsx(142,7): error TS2584: Cannot find name 'console'. Do you need to change your target library? Try changing the 'lib' compiler option to include 'dom'.
src/components/ConcentrationCard/MiniSessionCard.tsx(167,5): error TS17004: Cannot use JSX unless the '--jsx' flag is provided.
src/components/ConcentrationCard/MiniSessionCard.tsx(168,7): error TS17004: Cannot use JSX unless the '--jsx' flag is provided.
src/components/ConcentrationCard/MiniSessionCard.tsx(175,9): error TS17004: Cannot use JSX unless the '--jsx' flag is provided.
src/components/ConcentrationCard/MiniSessionCard.tsx(181,11): error TS17004: Cannot use JSX unless the '--jsx' flag is provided.
src/components/ConcentrationCard/MiniSessionCard.tsx(182,13): error TS17004: Cannot use JSX unless the '--jsx' flag is provided.
src/components/ConcentrationCard/MiniSessionCard.tsx(183,15): error TS17004: Cannot use JSX unless the '--jsx' flag is provided.
src/components/ConcentrationCard/MiniSessionCard.tsx(185,17): error TS17004: Cannot use JSX unless the '--jsx' flag is provided.
src/components/ConcentrationCard/MiniSessionCard.tsx(190,17): error TS17004: Cannot use JSX unless the '--jsx' flag is provided.
src/components/ConcentrationCard/MiniSessionCard.tsx(191,19): error TS17004: Cannot use JSX unless the '--jsx' flag is provided.
src/components/ConcentrationCard/MiniSessionCard.tsx(194,19): error TS17004: Cannot use JSX unless the '--jsx' flag is provided.
src/components/ConcentrationCard/MiniSessionCard.tsx(195,21): error TS17004: Cannot use JSX unless the '--jsx' flag is provided.
src/components/ConcentrationCard/MiniSessionCard.tsx(196,21): error TS17004: Cannot use JSX unless the '--jsx' flag is provided.
src/components/ConcentrationCard/MiniSessionCard.tsx(202,15): error TS17004: Cannot use JSX unless the '--jsx' flag is provided.
src/components/ConcentrationCard/MiniSessionCard.tsx(203,17): error TS17004: Cannot use JSX unless the '--jsx' flag is provided.
src/components/ConcentrationCard/MiniSessionCard.tsx(211,19): error TS17004: Cannot use JSX unless the '--jsx' flag is provided.
src/components/ConcentrationCard/MiniSessionCard.tsx(214,17): error TS17004: Cannot use JSX unless the '--jsx' flag is provided.
src/components/ConcentrationCard/MiniSessionCard.tsx(220,19): error TS17004: Cannot use JSX unless the '--jsx' flag is provided.
src/components/ConcentrationCard/MiniSessionCard.tsx(225,17): error TS17004: Cannot use JSX unless the '--jsx' flag is provided.
src/components/ConcentrationCard/MiniSessionCard.tsx(231,19): error TS17004: Cannot use JSX unless the '--jsx' flag is provided.
src/components/ConcentrationCard/MiniSessionCard.tsx(238,11): error TS17004: Cannot use JSX unless the '--jsx' flag is provided.
src/components/ConcentrationCard/MiniSessionCard.tsx(240,15): error TS17004: Cannot use JSX unless the '--jsx' flag is provided.
src/components/ConcentrationCard/MiniSessionCard.tsx(248,17): error TS17004: Cannot use JSX unless the '--jsx' flag is provided.
src/components/ConcentrationCard/MiniSessionCard.tsx(250,19): error TS17004: Cannot use JSX unless the '--jsx' flag is provided.
src/components/ConcentrationCard/MiniSessionCard.tsx(251,21): error TS17004: Cannot use JSX unless the '--jsx' flag is provided.
src/components/ConcentrationCard/MiniSessionCard.tsx(252,21): error TS17004: Cannot use JSX unless the '--jsx' flag is provided.
src/components/ConcentrationCard/MiniSessionCard.tsx(260,19): error TS17004: Cannot use JSX unless the '--jsx' flag is provided.
src/components/ConcentrationCard/MiniSessionCard.tsx(262,23): error TS17004: Cannot use JSX unless the '--jsx' flag is provided.
src/components/ConcentrationCard/MiniSessionCard.tsx(263,25): error TS17004: Cannot use JSX unless the '--jsx' flag is provided.
src/components/ConcentrationCard/MiniSessionCard.tsx(264,25): error TS17004: Cannot use JSX unless the '--jsx' flag is provided.
src/components/ConcentrationCard/MiniSessionCard.tsx(268,23): error TS17004: Cannot use JSX unless the '--jsx' flag is provided.
src/components/ConcentrationCard/MiniSessionCard.tsx(269,25): error TS17004: Cannot use JSX unless the '--jsx' flag is provided.
src/components/ConcentrationCard/MiniSessionCard.tsx(270,25): error TS17004: Cannot use JSX unless the '--jsx' flag is provided.
src/components/ConcentrationCard/MiniSessionCard.tsx(276,19): error TS17004: Cannot use JSX unless the '--jsx' flag is provided.
src/components/ConcentrationCard/MiniSessionCard.tsx(277,21): error TS17004: Cannot use JSX unless the '--jsx' flag is provided.
src/components/ConcentrationCard/MiniSessionCard.tsx(287,23): error TS17004: Cannot use JSX unless the '--jsx' flag is provided.
src/components/ConcentrationCard/MiniSessionCard.tsx(289,27): error TS17004: Cannot use JSX unless the '--jsx' flag is provided.
src/components/ConcentrationCard/MiniSessionCard.tsx(290,29): error TS17004: Cannot use JSX unless the '--jsx' flag is provided.
src/components/ConcentrationCard/MiniSessionCard.tsx(291,29): error TS17004: Cannot use JSX unless the '--jsx' flag is provided.
src/components/ConcentrationCard/MiniSessionCard.tsx(294,27): error TS17004: Cannot use JSX unless the '--jsx' flag is provided.
src/components/ConcentrationCard/MiniSessionCard.tsx(295,29): error TS17004: Cannot use JSX unless the '--jsx' flag is provided.
src/components/ConcentrationCard/MiniSessionCard.tsx(296,29): error TS17004: Cannot use JSX unless the '--jsx' flag is provided.
src/components/ConcentrationCard/MiniSessionCard.tsx(302,21): error TS17004: Cannot use JSX unless the '--jsx' flag is provided.
src/components/ConcentrationCard/MiniSessionCard.tsx(308,23): error TS17004: Cannot use JSX unless the '--jsx' flag is provided.
src/components/ConcentrationCard/MiniSessionCard.tsx(309,25): error TS17004: Cannot use JSX unless the '--jsx' flag is provided.
src/components/ConcentrationCard/MiniSessionCard.tsx(310,25): error TS17004: Cannot use JSX unless the '--jsx' flag is provided.
src/components/ConcentrationCard/SessionFloatingButton.tsx(35,5): error TS17004: Cannot use JSX unless the '--jsx' flag is provided.
src/components/ConcentrationCard/SessionFloatingButton.tsx(43,7): error TS17004: Cannot use JSX unless the '--jsx' flag is provided.
src/components/ConcentrationCard/SessionFloatingButton.tsx(46,7): error TS17004: Cannot use JSX unless the '--jsx' flag is provided.
src/components/DevTools.tsx(15,17): error TS2339: Property 'key' does not exist on type 'KeyboardEvent'.
src/components/DevTools.tsx(16,15): error TS2339: Property 'preventDefault' does not exist on type 'KeyboardEvent'.
src/components/DevTools.tsx(21,5): error TS2304: Cannot find name 'window'.
src/components/DevTools.tsx(24,7): error TS2304: Cannot find name 'window'.
src/components/DevTools.tsx(32,5): error TS17004: Cannot use JSX unless the '--jsx' flag is provided.
src/components/DevTools.tsx(34,9): error TS17004: Cannot use JSX unless the '--jsx' flag is provided.
src/components/DevTools.tsx(41,9): error TS17004: Cannot use JSX unless the '--jsx' flag is provided.
src/components/FirstLoginModal.stories.tsx(9,33): error TS6142: Module './FirstLoginModal' was resolved to 'c:/Users/juand/OneDrive/Documents/Actividades Sena/9. Proyecto/5. Quinto Trimestre/Focus-Up-FrontEnd/src/components/FirstLoginModal.tsx', but '--jsx' is not set.
src/components/FirstLoginModal.stories.tsx(44,21): error TS2584: Cannot find name 'console'. Do you need to change your target library? Try changing the 'lib' compiler option to include 'dom'.
src/components/FirstLoginModal.stories.tsx(45,22): error TS2584: Cannot find name 'console'. Do you need to change your target library? Try changing the 'lib' compiler option to include 'dom'.
src/components/FirstLoginModal.stories.tsx(59,21): error TS2584: Cannot find name 'console'. Do you need to change your target library? Try changing the 'lib' compiler option to include 'dom'.
src/components/FirstLoginModal.stories.tsx(60,22): error TS2584: Cannot find name 'console'. Do you need to change your target library? Try changing the 'lib' compiler option to include 'dom'.
src/components/FirstLoginModal.tsx(23,13): error TS2339: Property 'key' does not exist on type 'KeyboardEvent'.
src/components/FirstLoginModal.tsx(28,5): error TS2584: Cannot find name 'document'. Do you need to change your target library? Try changing the 'lib' compiler option to include 'dom'.
src/components/FirstLoginModal.tsx(29,18): error TS2584: Cannot find name 'document'. Do you need to change your target library? Try changing the 'lib' compiler option to include 'dom'.
src/components/FirstLoginModal.tsx(33,5): error TS17004: Cannot use JSX unless the '--jsx' flag is provided.
src/components/FirstLoginModal.tsx(34,7): error TS17004: Cannot use JSX unless the '--jsx' flag is provided.
src/components/FirstLoginModal.tsx(36,9): error TS17004: Cannot use JSX unless the '--jsx' flag is provided.
src/components/FirstLoginModal.tsx(41,11): error TS17004: Cannot use JSX unless the '--jsx' flag is provided.
src/components/FirstLoginModal.tsx(45,9): error TS17004: Cannot use JSX unless the '--jsx' flag is provided.
src/components/FirstLoginModal.tsx(52,9): error TS17004: Cannot use JSX unless the '--jsx' flag is provided.
src/components/FirstLoginModal.tsx(53,11): error TS17004: Cannot use JSX unless the '--jsx' flag is provided.
src/components/FirstLoginModal.tsx(56,11): error TS17004: Cannot use JSX unless the '--jsx' flag is provided.
src/components/FirstLoginModal.tsx(62,11): error TS17004: Cannot use JSX unless the '--jsx' flag is provided.
src/components/FirstLoginModal.tsx(63,13): error TS17004: Cannot use JSX unless the '--jsx' flag is provided.
src/components/FirstLoginModal.tsx(69,13): error TS17004: Cannot use JSX unless the '--jsx' flag is provided.
src/components/forms/index.ts(2,27): error TS6142: Module './LoginForm' was resolved to 'c:/Users/juand/OneDrive/Documents/Actividades Sena/9. Proyecto/5. Quinto Trimestre/Focus-Up-FrontEnd/src/components/forms/LoginForm.tsx', but '--jsx' is not set.
src/components/forms/LoginForm.tsx(8,24): error TS6142: Module '../ui/Button' was resolved to 'c:/Users/juand/OneDrive/Documents/Actividades Sena/9. Proyecto/5. Quinto Trimestre/Focus-Up-FrontEnd/src/components/ui/Button.tsx', but '--jsx' is not set.
src/components/forms/LoginForm.tsx(9,23): error TS6142: Module '../ui/Input' was resolved to 'c:/Users/juand/OneDrive/Documents/Actividades Sena/9. Proyecto/5. Quinto Trimestre/Focus-Up-FrontEnd/src/components/ui/Input.tsx', but '--jsx' is not set.
src/components/forms/LoginForm.tsx(10,27): error TS6142: Module '../ui/FormField' was resolved to 'c:/Users/juand/OneDrive/Documents/Actividades Sena/9. Proyecto/5. Quinto Trimestre/Focus-Up-FrontEnd/src/components/ui/FormField.tsx', but '--jsx' is not set.
src/components/forms/LoginForm.tsx(51,5): error TS17004: Cannot use JSX unless the '--jsx' flag is provided.
src/components/forms/LoginForm.tsx(53,7): error TS17004: Cannot use JSX unless the '--jsx' flag is provided.
src/components/forms/LoginForm.tsx(57,9): error TS17004: Cannot use JSX unless the '--jsx' flag is provided.
src/components/forms/LoginForm.tsx(66,7): error TS17004: Cannot use JSX unless the '--jsx' flag is provided.
src/components/forms/LoginForm.tsx(70,9): error TS17004: Cannot use JSX unless the '--jsx' flag is provided.
src/components/forms/LoginForm.tsx(80,7): error TS17004: Cannot use JSX unless the '--jsx' flag is provided.
src/components/MethodSelectionModal.tsx(79,17): error TS2339: Property 'key' does not exist on type 'KeyboardEvent'.
src/components/MethodSelectionModal.tsx(85,13): error TS2339: Property 'preventDefault' does not exist on type 'KeyboardEvent'.
src/components/MethodSelectionModal.tsx(91,13): error TS2339: Property 'preventDefault' does not exist on type 'KeyboardEvent'.
src/components/MethodSelectionModal.tsx(95,13): error TS2339: Property 'preventDefault' does not exist on type 'KeyboardEvent'.
src/components/MethodSelectionModal.tsx(101,5): error TS2584: Cannot find name 'document'. Do you need to change your target library? Try changing the 'lib' compiler option to include 'dom'.
src/components/MethodSelectionModal.tsx(102,18): error TS2584: Cannot find name 'document'. Do you need to change your target library? Try changing the 'lib' compiler option to include 'dom'.
src/components/MethodSelectionModal.tsx(111,5): error TS17004: Cannot use JSX unless the '--jsx' flag is provided.
src/components/MethodSelectionModal.tsx(113,9): error TS17004: Cannot use JSX unless the '--jsx' flag is provided.
src/components/MethodSelectionModal.tsx(115,11): error TS17004: Cannot use JSX unless the '--jsx' flag is provided.
src/components/MethodSelectionModal.tsx(124,11): error TS17004: Cannot use JSX unless the '--jsx' flag is provided.
src/components/MethodSelectionModal.tsx(135,13): error TS17004: Cannot use JSX unless the '--jsx' flag is provided.
src/components/MethodSelectionModal.tsx(136,15): error TS17004: Cannot use JSX unless the '--jsx' flag is provided.
src/components/MethodSelectionModal.tsx(137,17): error TS17004: Cannot use JSX unless the '--jsx' flag is provided.
src/components/MethodSelectionModal.tsx(140,17): error TS17004: Cannot use JSX unless the '--jsx' flag is provided.
src/components/MethodSelectionModal.tsx(144,15): error TS17004: Cannot use JSX unless the '--jsx' flag is provided.
src/components/MethodSelectionModal.tsx(149,17): error TS17004: Cannot use JSX unless the '--jsx' flag is provided.
src/components/MethodSelectionModal.tsx(154,13): error TS17004: Cannot use JSX unless the '--jsx' flag is provided.
src/components/MethodSelectionModal.tsx(155,15): error TS17004: Cannot use JSX unless the '--jsx' flag is provided.
src/components/MethodSelectionModal.tsx(161,21): error TS17004: Cannot use JSX unless the '--jsx' flag is provided.
src/components/MethodSelectionModal.tsx(182,25): error TS17004: Cannot use JSX unless the '--jsx' flag is provided.
src/components/MethodSelectionModal.tsx(183,27): error TS17004: Cannot use JSX unless the '--jsx' flag is provided.
src/components/MethodSelectionModal.tsx(188,23): error TS17004: Cannot use JSX unless the '--jsx' flag is provided.
src/components/MethodSelectionModal.tsx(189,25): error TS17004: Cannot use JSX unless the '--jsx' flag is provided.
src/components/MethodSelectionModal.tsx(190,27): error TS17004: Cannot use JSX unless the '--jsx' flag is provided.
src/components/MethodSelectionModal.tsx(196,38): error TS2812: Property 'style' does not exist on type 'HTMLImageElement'. Try changing the 'lib' compiler option to include 'dom'.
src/components/MethodSelectionModal.tsx(197,53): error TS2812: Property 'parentElement' does not exist on type 'HTMLImageElement'. Try changing the 'lib' compiler option to include 'dom'.
src/components/MethodSelectionModal.tsx(199,46): error TS2584: Cannot find name 'document'. Do you need to change your target library? Try changing the 'lib' compiler option to include 'dom'.
src/components/MethodSelectionModal.tsx(210,23): error TS17004: Cannot use JSX unless the '--jsx' flag is provided.
src/components/MethodSelectionModal.tsx(211,25): error TS17004: Cannot use JSX unless the '--jsx' flag is provided.
src/components/MethodSelectionModal.tsx(212,27): error TS17004: Cannot use JSX unless the '--jsx' flag is provided.
src/components/MethodSelectionModal.tsx(216,27): error TS17004: Cannot use JSX unless the '--jsx' flag is provided.
src/components/MethodSelectionModal.tsx(220,25): error TS17004: Cannot use JSX unless the '--jsx' flag is provided.
src/components/MethodSelectionModal.tsx(229,23): error TS17004: Cannot use JSX unless the '--jsx' flag is provided.
src/components/MethodSelectionModal.tsx(240,13): error TS17004: Cannot use JSX unless the '--jsx' flag is provided.
src/components/MethodSelectionModal.tsx(241,15): error TS17004: Cannot use JSX unless the '--jsx' flag is provided.
src/components/MethodSelectionModal.tsx(247,15): error TS17004: Cannot use JSX unless the '--jsx' flag is provided.
src/components/MiniSessionCard.stories.tsx(9,33): error TS6142: Module './MiniSessionCard' was resolved to 'c:/Users/juand/OneDrive/Documents/Actividades Sena/9. Proyecto/5. Quinto Trimestre/Focus-Up-FrontEnd/src/components/MiniSessionCard.tsx', but '--jsx' is not set.
src/components/MiniSessionCard.tsx(25,41): error TS6142: Module '../providers/ConcentrationSessionProvider' was resolved to 'c:/Users/juand/OneDrive/Documents/Actividades Sena/9. Proyecto/5. Quinto Trimestre/Focus-Up-FrontEnd/src/providers/ConcentrationSessionProvider.tsx', but '--jsx' is not set.
src/components/MiniSessionCard.tsx(56,22): error TS2304: Cannot find name 'setInterval'.
src/components/MiniSessionCard.tsx(63,18): error TS2304: Cannot find name 'clearInterval'.
src/components/MiniSessionCard.tsx(88,7): error TS2584: Cannot find name 'console'. Do you need to change your target library? Try changing the 'lib' compiler option to include 'dom'.
src/components/MiniSessionCard.tsx(121,7): error TS2584: Cannot find name 'console'. Do you need to change your target library? Try changing the 'lib' compiler option to include 'dom'.
src/components/MiniSessionCard.tsx(146,5): error TS17004: Cannot use JSX unless the '--jsx' flag is provided.
src/components/MiniSessionCard.tsx(148,9): error TS17004: Cannot use JSX unless the '--jsx' flag is provided.
src/components/MiniSessionCard.tsx(155,11): error TS17004: Cannot use JSX unless the '--jsx' flag is provided.
src/components/MiniSessionCard.tsx(161,13): error TS17004: Cannot use JSX unless the '--jsx' flag is provided.
src/components/MiniSessionCard.tsx(162,15): error TS17004: Cannot use JSX unless the '--jsx' flag is provided.
src/components/MiniSessionCard.tsx(163,17): error TS17004: Cannot use JSX unless the '--jsx' flag is provided.
src/components/MiniSessionCard.tsx(165,19): error TS17004: Cannot use JSX unless the '--jsx' flag is provided.
src/components/MiniSessionCard.tsx(170,19): error TS17004: Cannot use JSX unless the '--jsx' flag is provided.
src/components/MiniSessionCard.tsx(171,21): error TS17004: Cannot use JSX unless the '--jsx' flag is provided.
src/components/MiniSessionCard.tsx(174,21): error TS17004: Cannot use JSX unless the '--jsx' flag is provided.
src/components/MiniSessionCard.tsx(175,23): error TS17004: Cannot use JSX unless the '--jsx' flag is provided.
src/components/MiniSessionCard.tsx(176,23): error TS17004: Cannot use JSX unless the '--jsx' flag is provided.
src/components/MiniSessionCard.tsx(182,17): error TS17004: Cannot use JSX unless the '--jsx' flag is provided.
src/components/MiniSessionCard.tsx(183,19): error TS17004: Cannot use JSX unless the '--jsx' flag is provided.
src/components/MiniSessionCard.tsx(189,21): error TS17004: Cannot use JSX unless the '--jsx' flag is provided.
src/components/MiniSessionCard.tsx(194,19): error TS17004: Cannot use JSX unless the '--jsx' flag is provided.
src/components/MiniSessionCard.tsx(200,21): error TS17004: Cannot use JSX unless the '--jsx' flag is provided.
src/components/MiniSessionCard.tsx(207,13): error TS17004: Cannot use JSX unless the '--jsx' flag is provided.
src/components/MiniSessionCard.tsx(209,17): error TS17004: Cannot use JSX unless the '--jsx' flag is provided.
src/components/MiniSessionCard.tsx(217,19): error TS17004: Cannot use JSX unless the '--jsx' flag is provided.
src/components/MiniSessionCard.tsx(219,21): error TS17004: Cannot use JSX unless the '--jsx' flag is provided.
src/components/MiniSessionCard.tsx(220,23): error TS17004: Cannot use JSX unless the '--jsx' flag is provided.
src/components/MiniSessionCard.tsx(221,23): error TS17004: Cannot use JSX unless the '--jsx' flag is provided.
src/components/MiniSessionCard.tsx(229,21): error TS17004: Cannot use JSX unless the '--jsx' flag is provided.
src/components/MiniSessionCard.tsx(231,25): error TS17004: Cannot use JSX unless the '--jsx' flag is provided.
src/components/MiniSessionCard.tsx(232,27): error TS17004: Cannot use JSX unless the '--jsx' flag is provided.
src/components/MiniSessionCard.tsx(233,27): error TS17004: Cannot use JSX unless the '--jsx' flag is provided.
src/components/MiniSessionCard.tsx(237,25): error TS17004: Cannot use JSX unless the '--jsx' flag is provided.
src/components/MiniSessionCard.tsx(238,27): error TS17004: Cannot use JSX unless the '--jsx' flag is provided.
src/components/MiniSessionCard.tsx(239,27): error TS17004: Cannot use JSX unless the '--jsx' flag is provided.
src/components/MiniSessionCard.tsx(245,21): error TS17004: Cannot use JSX unless the '--jsx' flag is provided.
src/components/MiniSessionCard.tsx(246,23): error TS17004: Cannot use JSX unless the '--jsx' flag is provided.
src/components/MiniSessionCard.tsx(257,27): error TS17004: Cannot use JSX unless the '--jsx' flag is provided.
src/components/MiniSessionCard.tsx(258,29): error TS17004: Cannot use JSX unless the '--jsx' flag is provided.
src/components/MiniSessionCard.tsx(259,29): error TS17004: Cannot use JSX unless the '--jsx' flag is provided.
src/components/MiniSessionCard.tsx(262,27): error TS17004: Cannot use JSX unless the '--jsx' flag is provided.
src/components/MiniSessionCard.tsx(263,29): error TS17004: Cannot use JSX unless the '--jsx' flag is provided.
src/components/MiniSessionCard.tsx(264,29): error TS17004: Cannot use JSX unless the '--jsx' flag is provided.
src/components/MiniSessionCard.tsx(269,23): error TS17004: Cannot use JSX unless the '--jsx' flag is provided.
src/components/SessionsUI.tsx(15,41): error TS6142: Module '../providers/ConcentrationSessionProvider' was resolved to 'c:/Users/juand/OneDrive/Documents/Actividades Sena/9. Proyecto/5. Quinto Trimestre/Focus-Up-FrontEnd/src/providers/ConcentrationSessionProvider.tsx', but '--jsx' is not set.
src/components/SessionsUI.tsx(16,35): error TS6142: Module './ConcentrationCard/ConcentrationCard' was resolved to 'c:/Users/juand/OneDrive/Documents/Actividades Sena/9. Proyecto/5. Quinto Trimestre/Focus-Up-FrontEnd/src/components/ConcentrationCard/ConcentrationCard.tsx', but '--jsx' is not set.
src/components/SessionsUI.tsx(17,33): error TS6142: Module './ConcentrationCard/MiniSessionCard' was resolved to 'c:/Users/juand/OneDrive/Documents/Actividades Sena/9. Proyecto/5. Quinto Trimestre/Focus-Up-FrontEnd/src/components/ConcentrationCard/MiniSessionCard.tsx', but '--jsx' is not set.
src/components/SessionsUI.tsx(18,39): error TS6142: Module './ConcentrationCard/SessionFloatingButton' was resolved to 'c:/Users/juand/OneDrive/Documents/Actividades Sena/9. Proyecto/5. Quinto Trimestre/Focus-Up-FrontEnd/src/components/ConcentrationCard/SessionFloatingButton.tsx', but '--jsx' is not set.
src/components/SessionsUI.tsx(19,38): error TS6142: Module './ConcentrationCard/ContinueSessionModal' was resolved to 'c:/Users/juand/OneDrive/Documents/Actividades Sena/9. Proyecto/5. Quinto Trimestre/Focus-Up-FrontEnd/src/components/ConcentrationCard/ContinueSessionModal.tsx', but '--jsx' is not set.
src/components/SessionsUI.tsx(20,34): error TS6142: Module './ui/CountdownOverlay' was resolved to 'c:/Users/juand/OneDrive/Documents/Actividades Sena/9. Proyecto/5. Quinto Trimestre/Focus-Up-FrontEnd/src/components/ui/CountdownOverlay.tsx', but '--jsx' is not set.
src/components/SessionsUI.tsx(46,5): error TS17004: Cannot use JSX unless the '--jsx' flag is provided.
src/components/SessionsUI.tsx(48,7): error TS17004: Cannot use JSX unless the '--jsx' flag is provided.
src/components/SessionsUI.tsx(55,29): error TS17004: Cannot use JSX unless the '--jsx' flag is provided.
src/components/SessionsUI.tsx(59,9): error TS17004: Cannot use JSX unless the '--jsx' flag is provided.
src/components/SessionsUI.tsx(61,28): error TS17004: Cannot use JSX unless the '--jsx' flag is provided.
src/components/SessionsUI.tsx(64,27): error TS17004: Cannot use JSX unless the '--jsx' flag is provided.
src/components/SessionsUI.tsx(67,11): error TS17004: Cannot use JSX unless the '--jsx' flag is provided.
src/components/StartSession.stories.tsx(9,30): error TS6142: Module '../modules/sessions/pages/StartSession' was resolved to 'c:/Users/juand/OneDrive/Documents/Actividades Sena/9. Proyecto/5. Quinto Trimestre/Focus-Up-FrontEnd/src/modules/sessions/pages/StartSession.tsx', but '--jsx' is not set.
src/components/ui/BackButton.tsx(49,5): error TS17004: Cannot use JSX unless the '--jsx' flag is provided.
src/components/ui/BackButton.tsx(59,7): error TS17004: Cannot use JSX unless the '--jsx' flag is provided.
src/components/ui/BackButton.tsx(60,7): error TS17004: Cannot use JSX unless the '--jsx' flag is provided.
src/components/ui/Button.tsx(37,5): error TS17004: Cannot use JSX unless the '--jsx' flag is provided.
src/components/ui/Button.tsx(39,9): error TS17004: Cannot use JSX unless the '--jsx' flag is provided.
src/components/ui/Button.tsx(40,11): error TS17004: Cannot use JSX unless the '--jsx' flag is provided.
src/components/ui/Card.tsx(35,5): error TS17004: Cannot use JSX unless the '--jsx' flag is provided.
src/components/ui/Card.tsx(43,25): error TS2812: Property 'style' does not exist on type 'EventTarget & HTMLDivElement'. Try changing the 'lib' compiler option to include 'dom'.
src/components/ui/Card.tsx(46,25): error TS2812: Property 'style' does not exist on type 'EventTarget & HTMLDivElement'. Try changing the 'lib' compiler option to include 'dom'.
src/components/ui/Card.tsx(50,7): error TS17004: Cannot use JSX unless the '--jsx' flag is provided.
src/components/ui/Card.tsx(51,9): error TS17004: Cannot use JSX unless the '--jsx' flag is provided.
src/components/ui/Card.tsx(53,13): error TS17004: Cannot use JSX unless the '--jsx' flag is provided.
src/components/ui/Card.tsx(60,24): error TS2812: Property 'style' does not exist on type 'HTMLImageElement'. Try changing the 'lib' compiler option to include 'dom'.
src/components/ui/Card.tsx(61,39): error TS2812: Property 'parentElement' does not exist on type 'HTMLImageElement'. Try changing the 'lib' compiler option to include 'dom'.
src/components/ui/Card.tsx(70,13): error TS17004: Cannot use JSX unless the '--jsx' flag is provided.
src/components/ui/Card.tsx(78,9): error TS17004: Cannot use JSX unless the '--jsx' flag is provided.
src/components/ui/Card.tsx(91,7): error TS17004: Cannot use JSX unless the '--jsx' flag is provided.
src/components/ui/Card.tsx(92,9): error TS17004: Cannot use JSX unless the '--jsx' flag is provided.
src/components/ui/Card.tsx(96,7): error TS17004: Cannot use JSX unless the '--jsx' flag is provided.
src/components/ui/Card.tsx(97,9): error TS17004: Cannot use JSX unless the '--jsx' flag is provided.
src/components/ui/Card.tsx(98,9): error TS17004: Cannot use JSX unless the '--jsx' flag is provided.
src/components/ui/Card.tsx(101,15): error TS17004: Cannot use JSX unless the '--jsx' flag is provided.
src/components/ui/Card.tsx(106,13): error TS17004: Cannot use JSX unless the '--jsx' flag is provided.
src/components/ui/Card.tsx(112,7): error TS17004: Cannot use JSX unless the '--jsx' flag is provided.
src/components/ui/Card.tsx(113,9): error TS17004: Cannot use JSX unless the '--jsx' flag is provided.
src/components/ui/Card.tsx(127,29): error TS2812: Property 'style' does not exist on type 'EventTarget & HTMLButtonElement'. Try changing the 'lib' compiler option to include 'dom'.
src/components/ui/Card.tsx(128,29): error TS2812: Property 'style' does not exist on type 'EventTarget & HTMLButtonElement'. Try changing the 'lib' compiler option to include 'dom'.
src/components/ui/Card.tsx(131,29): error TS2812: Property 'style' does not exist on type 'EventTarget & HTMLButtonElement'. Try changing the 'lib' compiler option to include 'dom'.
src/components/ui/Card.tsx(132,29): error TS2812: Property 'style' does not exist on type 'EventTarget & HTMLButtonElement'. Try changing the 'lib' compiler option to include 'dom'.
src/components/ui/Card.tsx(135,11): error TS17004: Cannot use JSX unless the '--jsx' flag is provided.
src/components/ui/Card.tsx(137,13): error TS17004: Cannot use JSX unless the '--jsx' flag is provided.
src/components/ui/Card.tsx(138,15): error TS17004: Cannot use JSX unless the '--jsx' flag is provided.
src/components/ui/CountdownOverlay.tsx(57,19): error TS2304: Cannot find name 'setTimeout'.
src/components/ui/CountdownOverlay.tsx(67,18): error TS2304: Cannot find name 'clearTimeout'.
src/components/ui/CountdownOverlay.tsx(85,17): error TS2339: Property 'key' does not exist on type 'KeyboardEvent'.
src/components/ui/CountdownOverlay.tsx(90,5): error TS2584: Cannot find name 'document'. Do you need to change your target library? Try changing the 'lib' compiler option to include 'dom'.
src/components/ui/CountdownOverlay.tsx(91,18): error TS2584: Cannot find name 'document'. Do you need to change your target library? Try changing the 'lib' compiler option to include 'dom'.
src/components/ui/CountdownOverlay.tsx(95,5): error TS17004: Cannot use JSX unless the '--jsx' flag is provided.
src/components/ui/CountdownOverlay.tsx(97,9): error TS17004: Cannot use JSX unless the '--jsx' flag is provided.
src/components/ui/CountdownOverlay.tsx(109,11): error TS17004: Cannot use JSX unless the '--jsx' flag is provided.
src/components/ui/CountdownOverlay.tsx(117,13): error TS17004: Cannot use JSX unless the '--jsx' flag is provided.
src/components/ui/CountdownOverlay.tsx(123,15): error TS17004: Cannot use JSX unless the '--jsx' flag is provided.
src/components/ui/CountdownOverlay.tsx(127,13): error TS17004: Cannot use JSX unless the '--jsx' flag is provided.
src/components/ui/CountdownOverlay.tsx(135,13): error TS17004: Cannot use JSX unless the '--jsx' flag is provided.
src/components/ui/CountdownOverlay.tsx(143,15): error TS17004: Cannot use JSX unless the '--jsx' flag is provided.
src/components/ui/CountdownOverlay.tsx(154,15): error TS17004: Cannot use JSX unless the '--jsx' flag is provided.
src/components/ui/CountdownOverlay.tsx(155,17): error TS17004: Cannot use JSX unless the '--jsx' flag is provided.
src/components/ui/CountdownOverlay.tsx(165,13): error TS17004: Cannot use JSX unless the '--jsx' flag is provided.
src/components/ui/CountdownOverlay.tsx(174,13): error TS17004: Cannot use JSX unless the '--jsx' flag is provided.
src/components/ui/CountdownOverlay.tsx(175,24): error TS17004: Cannot use JSX unless the '--jsx' flag is provided.
src/components/ui/EventCard.tsx(73,7): error TS2584: Cannot find name 'console'. Do you need to change your target library? Try changing the 'lib' compiler option to include 'dom'.
src/components/ui/EventCard.tsx(127,7): error TS2584: Cannot find name 'console'. Do you need to change your target library? Try changing the 'lib' compiler option to include 'dom'.
src/components/ui/EventCard.tsx(185,5): error TS17004: Cannot use JSX unless the '--jsx' flag is provided.
src/components/ui/EventCard.tsx(190,7): error TS17004: Cannot use JSX unless the '--jsx' flag is provided.
src/components/ui/EventCard.tsx(192,9): error TS17004: Cannot use JSX unless the '--jsx' flag is provided.
src/components/ui/EventCard.tsx(193,11): error TS17004: Cannot use JSX unless the '--jsx' flag is provided.
src/components/ui/EventCard.tsx(194,13): error TS17004: Cannot use JSX unless the '--jsx' flag is provided.
src/components/ui/EventCard.tsx(195,15): error TS17004: Cannot use JSX unless the '--jsx' flag is provided.
src/components/ui/EventCard.tsx(201,11): error TS17004: Cannot use JSX unless the '--jsx' flag is provided.
src/components/ui/EventCard.tsx(203,13): error TS17004: Cannot use JSX unless the '--jsx' flag is provided.
src/components/ui/EventCard.tsx(208,15): error TS17004: Cannot use JSX unless the '--jsx' flag is provided.
src/components/ui/EventCard.tsx(220,15): error TS17004: Cannot use JSX unless the '--jsx' flag is provided.
src/components/ui/EventCard.tsx(225,17): error TS17004: Cannot use JSX unless the '--jsx' flag is provided.
src/components/ui/EventCard.tsx(235,9): error TS17004: Cannot use JSX unless the '--jsx' flag is provided.
src/components/ui/EventCard.tsx(236,11): error TS17004: Cannot use JSX unless the '--jsx' flag is provided.
src/components/ui/EventCard.tsx(237,13): error TS17004: Cannot use JSX unless the '--jsx' flag is provided.
src/components/ui/EventCard.tsx(238,15): error TS17004: Cannot use JSX unless the '--jsx' flag is provided.
src/components/ui/EventCard.tsx(240,13): error TS17004: Cannot use JSX unless the '--jsx' flag is provided.
src/components/ui/EventCard.tsx(241,15): error TS17004: Cannot use JSX unless the '--jsx' flag is provided.
src/components/ui/EventCard.tsx(242,15): error TS17004: Cannot use JSX unless the '--jsx' flag is provided.
src/components/ui/EventCard.tsx(245,11): error TS17004: Cannot use JSX unless the '--jsx' flag is provided.
src/components/ui/EventCard.tsx(246,13): error TS17004: Cannot use JSX unless the '--jsx' flag is provided.
src/components/ui/EventCard.tsx(247,15): error TS17004: Cannot use JSX unless the '--jsx' flag is provided.
src/components/ui/EventCard.tsx(249,13): error TS17004: Cannot use JSX unless the '--jsx' flag is provided.
src/components/ui/EventCard.tsx(250,15): error TS17004: Cannot use JSX unless the '--jsx' flag is provided.
src/components/ui/EventCard.tsx(251,15): error TS17004: Cannot use JSX unless the '--jsx' flag is provided.
src/components/ui/EventCard.tsx(258,11): error TS17004: Cannot use JSX unless the '--jsx' flag is provided.
src/components/ui/EventCard.tsx(259,13): error TS17004: Cannot use JSX unless the '--jsx' flag is provided.
src/components/ui/EventCard.tsx(260,15): error TS17004: Cannot use JSX unless the '--jsx' flag is provided.
src/components/ui/EventCard.tsx(269,11): error TS17004: Cannot use JSX unless the '--jsx' flag is provided.
src/components/ui/EventCard.tsx(270,13): error TS17004: Cannot use JSX unless the '--jsx' flag is provided.
src/components/ui/EventCard.tsx(271,13): error TS17004: Cannot use JSX unless the '--jsx' flag is provided.
src/components/ui/EventCard.tsx(273,17): error TS17004: Cannot use JSX unless the '--jsx' flag is provided.
src/components/ui/EventCard.tsx(274,19): error TS17004: Cannot use JSX unless the '--jsx' flag is provided.
src/components/ui/EventCard.tsx(275,19): error TS17004: Cannot use JSX unless the '--jsx' flag is provided.
src/components/ui/EventCard.tsx(279,17): error TS17004: Cannot use JSX unless the '--jsx' flag is provided.
src/components/ui/EventCard.tsx(280,19): error TS17004: Cannot use JSX unless the '--jsx' flag is provided.
src/components/ui/EventCard.tsx(281,19): error TS17004: Cannot use JSX unless the '--jsx' flag is provided.
src/components/ui/EventCard.tsx(290,11): error TS17004: Cannot use JSX unless the '--jsx' flag is provided.
src/components/ui/EventCard.tsx(291,13): error TS17004: Cannot use JSX unless the '--jsx' flag is provided.
src/components/ui/EventCard.tsx(300,15): error TS17004: Cannot use JSX unless the '--jsx' flag is provided.
src/components/ui/EventCard.tsx(301,15): error TS17004: Cannot use JSX unless the '--jsx' flag is provided.
src/components/ui/EventCard.tsx(309,9): error TS17004: Cannot use JSX unless the '--jsx' flag is provided.
src/components/ui/EventCard.tsx(311,11): error TS17004: Cannot use JSX unless the '--jsx' flag is provided.
src/components/ui/EventCard.tsx(319,13): error TS17004: Cannot use JSX unless the '--jsx' flag is provided.
src/components/ui/EventCard.tsx(323,11): error TS17004: Cannot use JSX unless the '--jsx' flag is provided.
src/components/ui/EventCard.tsx(326,15): error TS17004: Cannot use JSX unless the '--jsx' flag is provided.
src/components/ui/EventCard.tsx(336,19): error TS2304: Cannot find name 'setTimeout'.
src/components/ui/EventCard.tsx(338,30): error TS2812: Property 'title' does not exist on type 'EventTarget & HTMLButtonElement'. Try changing the 'lib' compiler option to include 'dom'.
src/components/ui/EventCard.tsx(343,35): error TS2812: Property 'title' does not exist on type 'EventTarget & HTMLButtonElement'. Try changing the 'lib' compiler option to include 'dom'.
src/components/ui/EventCard.tsx(346,17): error TS17004: Cannot use JSX unless the '--jsx' flag is provided.
src/components/ui/EventCard.tsx(347,19): error TS17004: Cannot use JSX unless the '--jsx' flag is provided.
src/components/ui/EventCard.tsx(351,13): error TS17004: Cannot use JSX unless the '--jsx' flag is provided.
src/components/ui/EventCard.tsx(361,17): error TS2304: Cannot find name 'setTimeout'.
src/components/ui/EventCard.tsx(363,28): error TS2812: Property 'title' does not exist on type 'EventTarget & HTMLButtonElement'. Try changing the 'lib' compiler option to include 'dom'.
src/components/ui/EventCard.tsx(368,33): error TS2812: Property 'title' does not exist on type 'EventTarget & HTMLButtonElement'. Try changing the 'lib' compiler option to include 'dom'.
src/components/ui/EventCard.tsx(371,15): error TS17004: Cannot use JSX unless the '--jsx' flag is provided.
src/components/ui/EventCard.tsx(372,17): error TS17004: Cannot use JSX unless the '--jsx' flag is provided.
src/components/ui/EventCard.tsx(375,13): error TS17004: Cannot use JSX unless the '--jsx' flag is provided.
src/components/ui/EventCard.tsx(385,17): error TS2304: Cannot find name 'setTimeout'.
src/components/ui/EventCard.tsx(387,28): error TS2812: Property 'title' does not exist on type 'EventTarget & HTMLButtonElement'. Try changing the 'lib' compiler option to include 'dom'.
src/components/ui/EventCard.tsx(392,33): error TS2812: Property 'title' does not exist on type 'EventTarget & HTMLButtonElement'. Try changing the 'lib' compiler option to include 'dom'.
src/components/ui/EventCard.tsx(395,15): error TS17004: Cannot use JSX unless the '--jsx' flag is provided.
src/components/ui/EventCard.tsx(396,17): error TS17004: Cannot use JSX unless the '--jsx' flag is provided.
src/components/ui/FinishLaterModal.tsx(21,51): error TS2812: Property 'querySelectorAll' does not exist on type 'HTMLDivElement'. Try changing the 'lib' compiler option to include 'dom'.
src/components/ui/FinishLaterModal.tsx(28,15): error TS2339: Property 'key' does not exist on type 'KeyboardEvent'.
src/components/ui/FinishLaterModal.tsx(29,17): error TS2339: Property 'shiftKey' does not exist on type 'KeyboardEvent'.
src/components/ui/FinishLaterModal.tsx(30,17): error TS2584: Cannot find name 'document'. Do you need to change your target library? Try changing the 'lib' compiler option to include 'dom'.
src/components/ui/FinishLaterModal.tsx(31,28): error TS2812: Property 'focus' does not exist on type 'HTMLElement'. Try changing the 'lib' compiler option to include 'dom'.
src/components/ui/FinishLaterModal.tsx(32,17): error TS2339: Property 'preventDefault' does not exist on type 'KeyboardEvent'.
src/components/ui/FinishLaterModal.tsx(35,17): error TS2584: Cannot find name 'document'. Do you need to change your target library? Try changing the 'lib' compiler option to include 'dom'.
src/components/ui/FinishLaterModal.tsx(36,29): error TS2812: Property 'focus' does not exist on type 'HTMLElement'. Try changing the 'lib' compiler option to include 'dom'.
src/components/ui/FinishLaterModal.tsx(37,17): error TS2339: Property 'preventDefault' does not exist on type 'KeyboardEvent'.
src/components/ui/FinishLaterModal.tsx(43,7): error TS2584: Cannot find name 'document'. Do you need to change your target library? Try changing the 'lib' compiler option to include 'dom'.
src/components/ui/FinishLaterModal.tsx(44,34): error TS2812: Property 'focus' does not exist on type 'HTMLButtonElement'. Try changing the 'lib' compiler option to include 'dom'.
src/components/ui/FinishLaterModal.tsx(47,9): error TS2584: Cannot find name 'document'. Do you need to change your target library? Try changing the 'lib' compiler option to include 'dom'.
src/components/ui/FinishLaterModal.tsx(55,5): error TS17004: Cannot use JSX unless the '--jsx' flag is provided.
src/components/ui/FinishLaterModal.tsx(56,7): error TS17004: Cannot use JSX unless the '--jsx' flag is provided.
src/components/ui/FinishLaterModal.tsx(65,9): error TS17004: Cannot use JSX unless the '--jsx' flag is provided.
src/components/ui/FinishLaterModal.tsx(66,11): error TS17004: Cannot use JSX unless the '--jsx' flag is provided.
src/components/ui/FinishLaterModal.tsx(67,13): error TS17004: Cannot use JSX unless the '--jsx' flag is provided.
src/components/ui/FinishLaterModal.tsx(72,9): error TS17004: Cannot use JSX unless the '--jsx' flag is provided.
src/components/ui/FinishLaterModal.tsx(73,11): error TS17004: Cannot use JSX unless the '--jsx' flag is provided.
src/components/ui/FinishLaterModal.tsx(80,11): error TS17004: Cannot use JSX unless the '--jsx' flag is provided.
src/components/ui/FinishLaterModal.tsx(85,13): error TS17004: Cannot use JSX unless the '--jsx' flag is provided.
src/components/ui/FinishLaterModal.tsx(90,11): error TS17004: Cannot use JSX unless the '--jsx' flag is provided.
src/components/ui/FormField.tsx(18,5): error TS17004: Cannot use JSX unless the '--jsx' flag is provided.
src/components/ui/FormField.tsx(20,9): error TS17004: Cannot use JSX unless the '--jsx' flag is provided.
src/components/ui/FormField.tsx(26,9): error TS17004: Cannot use JSX unless the '--jsx' flag is provided.
src/components/ui/Input.tsx(15,5): error TS17004: Cannot use JSX unless the '--jsx' flag is provided.
src/components/ui/Input.tsx(17,9): error TS17004: Cannot use JSX unless the '--jsx' flag is provided.
src/components/ui/Input.tsx(21,7): error TS17004: Cannot use JSX unless the '--jsx' flag is provided.
src/components/ui/Input.tsx(29,17): error TS17004: Cannot use JSX unless the '--jsx' flag is provided.
src/components/ui/LoadingSpinner.tsx(19,5): error TS17004: Cannot use JSX unless the '--jsx' flag is provided.
src/components/ui/LoadingSpinner.tsx(20,7): error TS17004: Cannot use JSX unless the '--jsx' flag is provided.
src/components/ui/MusicPlayer.tsx(16,51): error TS6142: Module '../../contexts/MusicPlayerContext' was resolved to 'c:/Users/juand/OneDrive/Documents/Actividades Sena/9. Proyecto/5. Quinto Trimestre/Focus-Up-FrontEnd/src/contexts/MusicPlayerContext.tsx', but '--jsx' is not set.
src/components/ui/MusicPlayer.tsx(17,25): error TS6142: Module '../../contexts/AuthContext' was resolved to 'c:/Users/juand/OneDrive/Documents/Actividades Sena/9. Proyecto/5. Quinto Trimestre/Focus-Up-FrontEnd/src/contexts/AuthContext.tsx', but '--jsx' is not set.
src/components/ui/MusicPlayer.tsx(19,1): error TS6133: 'getSongsByAlbumId' is declared but its value is never read.
src/components/ui/MusicPlayer.tsx(52,24): error TS2304: Cannot find name 'localStorage'.
src/components/ui/MusicPlayer.tsx(56,9): error TS2584: Cannot find name 'console'. Do you need to change your target library? Try changing the 'lib' compiler option to include 'dom'.
src/components/ui/MusicPlayer.tsx(62,9): error TS2304: Cannot find name 'localStorage'.
src/components/ui/MusicPlayer.tsx(64,9): error TS2584: Cannot find name 'console'. Do you need to change your target library? Try changing the 'lib' compiler option to include 'dom'.
src/components/ui/MusicPlayer.tsx(65,9): error TS2304: Cannot find name 'localStorage'.
src/components/ui/MusicPlayer.tsx(85,5): error TS2584: Cannot find name 'console'. Do you need to change your target library? Try changing the 'lib' compiler option to include 'dom'.
src/components/ui/MusicPlayer.tsx(97,38): error TS2812: Property 'value' does not exist on type 'EventTarget & HTMLInputElement'. Try changing the 'lib' compiler option to include 'dom'.
src/components/ui/MusicPlayer.tsx(102,37): error TS2812: Property 'value' does not exist on type 'EventTarget & HTMLInputElement'. Try changing the 'lib' compiler option to include 'dom'.
src/components/ui/MusicPlayer.tsx(118,16): error TS17004: Cannot use JSX unless the '--jsx' flag is provided.
src/components/ui/MusicPlayer.tsx(120,16): error TS17004: Cannot use JSX unless the '--jsx' flag is provided.
src/components/ui/MusicPlayer.tsx(122,16): error TS17004: Cannot use JSX unless the '--jsx' flag is provided.
src/components/ui/MusicPlayer.tsx(124,16): error TS17004: Cannot use JSX unless the '--jsx' flag is provided.
src/components/ui/MusicPlayer.tsx(145,5): error TS17004: Cannot use JSX unless the '--jsx' flag is provided.
src/components/ui/MusicPlayer.tsx(147,7): error TS17004: Cannot use JSX unless the '--jsx' flag is provided.
src/components/ui/MusicPlayer.tsx(182,7): error TS17004: Cannot use JSX unless the '--jsx' flag is provided.
src/components/ui/MusicPlayer.tsx(190,9): error TS17004: Cannot use JSX unless the '--jsx' flag is provided.
src/components/ui/MusicPlayer.tsx(198,13): error TS17004: Cannot use JSX unless the '--jsx' flag is provided.
src/components/ui/MusicPlayer.tsx(200,13): error TS17004: Cannot use JSX unless the '--jsx' flag is provided.
src/components/ui/MusicPlayer.tsx(206,11): error TS17004: Cannot use JSX unless the '--jsx' flag is provided.
src/components/ui/MusicPlayer.tsx(208,11): error TS17004: Cannot use JSX unless the '--jsx' flag is provided.
src/components/ui/MusicPlayer.tsx(209,13): error TS17004: Cannot use JSX unless the '--jsx' flag is provided.
src/components/ui/MusicPlayer.tsx(210,15): error TS17004: Cannot use JSX unless the '--jsx' flag is provided.
src/components/ui/MusicPlayer.tsx(211,17): error TS17004: Cannot use JSX unless the '--jsx' flag is provided.
src/components/ui/MusicPlayer.tsx(219,17): error TS17004: Cannot use JSX unless the '--jsx' flag is provided.
src/components/ui/MusicPlayer.tsx(220,19): error TS17004: Cannot use JSX unless the '--jsx' flag is provided.
src/components/ui/MusicPlayer.tsx(224,13): error TS17004: Cannot use JSX unless the '--jsx' flag is provided.
src/components/ui/MusicPlayer.tsx(225,15): error TS17004: Cannot use JSX unless the '--jsx' flag is provided.
src/components/ui/MusicPlayer.tsx(228,15): error TS17004: Cannot use JSX unless the '--jsx' flag is provided.
src/components/ui/MusicPlayer.tsx(235,11): error TS17004: Cannot use JSX unless the '--jsx' flag is provided.
src/components/ui/MusicPlayer.tsx(237,13): error TS17004: Cannot use JSX unless the '--jsx' flag is provided.
src/components/ui/MusicPlayer.tsx(238,15): error TS17004: Cannot use JSX unless the '--jsx' flag is provided.
src/components/ui/MusicPlayer.tsx(243,17): error TS17004: Cannot use JSX unless the '--jsx' flag is provided.
src/components/ui/MusicPlayer.tsx(246,15): error TS17004: Cannot use JSX unless the '--jsx' flag is provided.
src/components/ui/MusicPlayer.tsx(252,19): error TS17004: Cannot use JSX unless the '--jsx' flag is provided.
src/components/ui/MusicPlayer.tsx(254,19): error TS17004: Cannot use JSX unless the '--jsx' flag is provided.
src/components/ui/MusicPlayer.tsx(256,19): error TS17004: Cannot use JSX unless the '--jsx' flag is provided.
src/components/ui/MusicPlayer.tsx(260,15): error TS17004: Cannot use JSX unless the '--jsx' flag is provided.
src/components/ui/MusicPlayer.tsx(265,17): error TS17004: Cannot use JSX unless the '--jsx' flag is provided.
src/components/ui/MusicPlayer.tsx(270,13): error TS17004: Cannot use JSX unless the '--jsx' flag is provided.
src/components/ui/MusicPlayer.tsx(271,15): error TS17004: Cannot use JSX unless the '--jsx' flag is provided.
src/components/ui/MusicPlayer.tsx(274,15): error TS17004: Cannot use JSX unless the '--jsx' flag is provided.
src/components/ui/MusicPlayer.tsx(275,17): error TS17004: Cannot use JSX unless the '--jsx' flag is provided.
src/components/ui/MusicPlayer.tsx(288,15): error TS17004: Cannot use JSX unless the '--jsx' flag is provided.
src/components/ui/MusicPlayer.tsx(295,11): error TS17004: Cannot use JSX unless the '--jsx' flag is provided.
src/components/ui/MusicPlayer.tsx(297,13): error TS17004: Cannot use JSX unless the '--jsx' flag is provided.
src/components/ui/MusicPlayer.tsx(306,15): error TS17004: Cannot use JSX unless the '--jsx' flag is provided.
src/components/ui/MusicPlayer.tsx(310,13): error TS17004: Cannot use JSX unless the '--jsx' flag is provided.
src/components/ui/MusicPlayer.tsx(319,13): error TS17004: Cannot use JSX unless the '--jsx' flag is provided.
src/components/ui/MusicPlayer.tsx(320,15): error TS17004: Cannot use JSX unless the '--jsx' flag is provided.
src/components/ui/MusicPlayer.tsx(325,19): error TS17004: Cannot use JSX unless the '--jsx' flag is provided.
src/components/ui/MusicPlayer.tsx(327,19): error TS17004: Cannot use JSX unless the '--jsx' flag is provided.
src/components/ui/MusicPlayer.tsx(330,15): error TS17004: Cannot use JSX unless the '--jsx' flag is provided.
src/components/ui/MusicPlayer.tsx(331,17): error TS17004: Cannot use JSX unless the '--jsx' flag is provided.
src/components/ui/MusicPlayer.tsx(347,13): error TS17004: Cannot use JSX unless the '--jsx' flag is provided.
src/components/ui/MusicPlayer.tsx(352,15): error TS17004: Cannot use JSX unless the '--jsx' flag is provided.
src/components/ui/MusicPlayer.tsx(362,8): error TS17004: Cannot use JSX unless the '--jsx' flag is provided.
src/components/ui/MusicPlayer.tsx(363,10): error TS17004: Cannot use JSX unless the '--jsx' flag is provided.
src/components/ui/MusicPlayer.tsx(364,12): error TS17004: Cannot use JSX unless the '--jsx' flag is provided.
src/components/ui/MusicPlayer.tsx(365,14): error TS17004: Cannot use JSX unless the '--jsx' flag is provided.
src/components/ui/MusicPlayer.tsx(366,16): error TS17004: Cannot use JSX unless the '--jsx' flag is provided.
src/components/ui/MusicPlayer.tsx(367,18): error TS17004: Cannot use JSX unless the '--jsx' flag is provided.
src/components/ui/MusicPlayer.tsx(370,18): error TS17004: Cannot use JSX unless the '--jsx' flag is provided.
src/components/ui/MusicPlayer.tsx(374,16): error TS17004: Cannot use JSX unless the '--jsx' flag is provided.
src/components/ui/MusicPlayer.tsx(378,18): error TS17004: Cannot use JSX unless the '--jsx' flag is provided.
src/components/ui/MusicPlayer.tsx(382,13): error TS17004: Cannot use JSX unless the '--jsx' flag is provided.
src/components/ui/MusicPlayer.tsx(384,17): error TS17004: Cannot use JSX unless the '--jsx' flag is provided.
src/components/ui/MusicPlayer.tsx(395,19): error TS17004: Cannot use JSX unless the '--jsx' flag is provided.
src/components/ui/MusicPlayer.tsx(396,21): error TS17004: Cannot use JSX unless the '--jsx' flag is provided.
src/components/ui/MusicPlayer.tsx(397,21): error TS17004: Cannot use JSX unless the '--jsx' flag is provided.
src/components/ui/MusicPlayer.tsx(398,21): error TS17004: Cannot use JSX unless the '--jsx' flag is provided.
src/components/ui/MusicPlayer.tsx(401,19): error TS17004: Cannot use JSX unless the '--jsx' flag is provided.
src/components/ui/MusicPlayer.tsx(402,21): error TS17004: Cannot use JSX unless the '--jsx' flag is provided.
src/components/ui/MusicPlayer.tsx(409,19): error TS17004: Cannot use JSX unless the '--jsx' flag is provided.
src/components/ui/MusicPlayer.tsx(410,21): error TS17004: Cannot use JSX unless the '--jsx' flag is provided.
src/components/ui/MusicPlayer.tsx(413,21): error TS17004: Cannot use JSX unless the '--jsx' flag is provided.
src/components/ui/MusicPlayer.tsx(418,19): error TS17004: Cannot use JSX unless the '--jsx' flag is provided.
src/components/ui/MusicPlayer.tsx(423,21): error TS17004: Cannot use JSX unless the '--jsx' flag is provided.
src/components/ui/NotificationToggle.tsx(17,5): error TS17004: Cannot use JSX unless the '--jsx' flag is provided.
src/components/ui/NotificationToggle.tsx(18,7): error TS17004: Cannot use JSX unless the '--jsx' flag is provided.
src/components/ui/NotificationToggle.tsx(19,9): error TS17004: Cannot use JSX unless the '--jsx' flag is provided.
src/components/ui/NotificationToggle.tsx(20,11): error TS17004: Cannot use JSX unless the '--jsx' flag is provided.
src/components/ui/NotificationToggle.tsx(21,11): error TS17004: Cannot use JSX unless the '--jsx' flag is provided.
src/components/ui/NotificationToggle.tsx(23,9): error TS17004: Cannot use JSX unless the '--jsx' flag is provided.
src/components/ui/NotificationToggle.tsx(24,11): error TS17004: Cannot use JSX unless the '--jsx' flag is provided.
src/components/ui/NotificationToggle.tsx(30,13): error TS17004: Cannot use JSX unless the '--jsx' flag is provided.
src/components/ui/PageLayout.tsx(20,5): error TS17004: Cannot use JSX unless the '--jsx' flag is provided.
src/components/ui/PageLayout.tsx(22,7): error TS17004: Cannot use JSX unless the '--jsx' flag is provided.
src/components/ui/PageLayout.tsx(23,9): error TS17004: Cannot use JSX unless the '--jsx' flag is provided.
src/components/ui/PageLayout.tsx(25,13): error TS17004: Cannot use JSX unless the '--jsx' flag is provided.
src/components/ui/PageLayout.tsx(26,15): error TS17004: Cannot use JSX unless the '--jsx' flag is provided.
src/components/ui/ProgressCircle.tsx(45,5): error TS17004: Cannot use JSX unless the '--jsx' flag is provided.
src/components/ui/ProgressCircle.tsx(46,7): error TS17004: Cannot use JSX unless the '--jsx' flag is provided.
src/components/ui/ProgressCircle.tsx(48,9): error TS17004: Cannot use JSX unless the '--jsx' flag is provided.
src/components/ui/ProgressCircle.tsx(57,9): error TS17004: Cannot use JSX unless the '--jsx' flag is provided.
src/components/ui/ProgressCircle.tsx(76,7): error TS17004: Cannot use JSX unless the '--jsx' flag is provided.
src/components/ui/ProgressCircle.tsx(84,7): error TS17004: Cannot use JSX unless the '--jsx' flag is provided.
src/components/ui/Sidebar.tsx(3,25): error TS6142: Module '../../contexts/AuthContext' was resolved to 'c:/Users/juand/OneDrive/Documents/Actividades Sena/9. Proyecto/5. Quinto Trimestre/Focus-Up-FrontEnd/src/contexts/AuthContext.tsx', but '--jsx' is not set.
src/components/ui/Sidebar.tsx(38,7): error TS2584: Cannot find name 'console'. Do you need to change your target library? Try changing the 'lib' compiler option to include 'dom'.
src/components/ui/Sidebar.tsx(50,5): error TS17004: Cannot use JSX unless the '--jsx' flag is provided.
src/components/ui/Sidebar.tsx(52,7): error TS17004: Cannot use JSX unless the '--jsx' flag is provided.
src/components/ui/Sidebar.tsx(57,9): error TS17004: Cannot use JSX unless the '--jsx' flag is provided.
src/components/ui/Sidebar.tsx(61,7): error TS17004: Cannot use JSX unless the '--jsx' flag is provided.
src/components/ui/Sidebar.tsx(66,9): error TS17004: Cannot use JSX unless the '--jsx' flag is provided.
src/components/ui/Sidebar.tsx(67,11): error TS17004: Cannot use JSX unless the '--jsx' flag is provided.
src/components/ui/Sidebar.tsx(72,11): error TS17004: Cannot use JSX unless the '--jsx' flag is provided.
src/components/ui/Sidebar.tsx(73,13): error TS17004: Cannot use JSX unless the '--jsx' flag is provided.
src/components/ui/Sidebar.tsx(76,13): error TS17004: Cannot use JSX unless the '--jsx' flag is provided.
src/components/ui/Sidebar.tsx(82,9): error TS17004: Cannot use JSX unless the '--jsx' flag is provided.
src/components/ui/Sidebar.tsx(83,11): error TS17004: Cannot use JSX unless the '--jsx' flag is provided.
src/components/ui/Sidebar.tsx(84,13): error TS17004: Cannot use JSX unless the '--jsx' flag is provided.
src/components/ui/Sidebar.tsx(85,15): error TS17004: Cannot use JSX unless the '--jsx' flag is provided.
src/components/ui/Sidebar.tsx(91,17): error TS17004: Cannot use JSX unless the '--jsx' flag is provided.
src/components/ui/Sidebar.tsx(92,17): error TS17004: Cannot use JSX unless the '--jsx' flag is provided.
src/components/ui/Sidebar.tsx(95,13): error TS17004: Cannot use JSX unless the '--jsx' flag is provided.
src/components/ui/Sidebar.tsx(96,15): error TS17004: Cannot use JSX unless the '--jsx' flag is provided.
src/components/ui/Sidebar.tsx(102,17): error TS17004: Cannot use JSX unless the '--jsx' flag is provided.
src/components/ui/Sidebar.tsx(103,17): error TS17004: Cannot use JSX unless the '--jsx' flag is provided.
src/components/ui/Sidebar.tsx(106,13): error TS17004: Cannot use JSX unless the '--jsx' flag is provided.
src/components/ui/Sidebar.tsx(108,15): error TS17004: Cannot use JSX unless the '--jsx' flag is provided.
src/components/ui/Sidebar.tsx(109,17): error TS17004: Cannot use JSX unless the '--jsx' flag is provided.
src/components/ui/Sidebar.tsx(113,19): error TS17004: Cannot use JSX unless the '--jsx' flag is provided.
src/components/ui/Sidebar.tsx(114,21): error TS17004: Cannot use JSX unless the '--jsx' flag is provided.
src/components/ui/Sidebar.tsx(115,21): error TS17004: Cannot use JSX unless the '--jsx' flag is provided.
src/components/ui/Sidebar.tsx(117,19): error TS17004: Cannot use JSX unless the '--jsx' flag is provided.
src/components/ui/Sidebar.tsx(126,19): error TS17004: Cannot use JSX unless the '--jsx' flag is provided.
src/components/ui/Sidebar.tsx(127,21): error TS17004: Cannot use JSX unless the '--jsx' flag is provided.
src/components/ui/Sidebar.tsx(131,23): error TS17004: Cannot use JSX unless the '--jsx' flag is provided.
src/components/ui/Sidebar.tsx(132,23): error TS17004: Cannot use JSX unless the '--jsx' flag is provided.
src/components/ui/Sidebar.tsx(134,21): error TS17004: Cannot use JSX unless the '--jsx' flag is provided.
src/components/ui/Sidebar.tsx(138,23): error TS17004: Cannot use JSX unless the '--jsx' flag is provided.
src/components/ui/Sidebar.tsx(139,23): error TS17004: Cannot use JSX unless the '--jsx' flag is provided.
src/components/ui/Sidebar.tsx(141,21): error TS17004: Cannot use JSX unless the '--jsx' flag is provided.
src/components/ui/Sidebar.tsx(145,23): error TS17004: Cannot use JSX unless the '--jsx' flag is provided.
src/components/ui/Sidebar.tsx(146,23): error TS17004: Cannot use JSX unless the '--jsx' flag is provided.
src/components/ui/Sidebar.tsx(152,13): error TS17004: Cannot use JSX unless the '--jsx' flag is provided.
src/components/ui/Sidebar.tsx(153,15): error TS17004: Cannot use JSX unless the '--jsx' flag is provided.
src/components/ui/Sidebar.tsx(157,17): error TS17004: Cannot use JSX unless the '--jsx' flag is provided.
src/components/ui/Sidebar.tsx(158,17): error TS17004: Cannot use JSX unless the '--jsx' flag is provided.
src/components/ui/Sidebar.tsx(161,13): error TS17004: Cannot use JSX unless the '--jsx' flag is provided.
src/components/ui/Sidebar.tsx(162,15): error TS17004: Cannot use JSX unless the '--jsx' flag is provided.
src/components/ui/Sidebar.tsx(166,17): error TS17004: Cannot use JSX unless the '--jsx' flag is provided.
src/components/ui/Sidebar.tsx(167,17): error TS17004: Cannot use JSX unless the '--jsx' flag is provided.
src/components/ui/Sidebar.tsx(173,9): error TS17004: Cannot use JSX unless the '--jsx' flag is provided.
src/components/ui/Sidebar.tsx(179,13): error TS17004: Cannot use JSX unless the '--jsx' flag is provided.
src/components/ui/Sidebar.tsx(181,13): error TS17004: Cannot use JSX unless the '--jsx' flag is provided.
src/components/ui/TimeInput.tsx(91,31): error TS2812: Property 'value' does not exist on type 'EventTarget & HTMLInputElement'. Try changing the 'lib' compiler option to include 'dom'.
src/components/ui/TimeInput.tsx(118,5): error TS17004: Cannot use JSX unless the '--jsx' flag is provided.
src/components/ui/TimeInput.tsx(119,7): error TS17004: Cannot use JSX unless the '--jsx' flag is provided.
src/components/ui/TimeInput.tsx(120,9): error TS17004: Cannot use JSX unless the '--jsx' flag is provided.
src/components/ui/TimeInput.tsx(121,9): error TS17004: Cannot use JSX unless the '--jsx' flag is provided.
src/components/ui/TimeInput.tsx(134,7): error TS17004: Cannot use JSX unless the '--jsx' flag is provided.
src/components/ui/TimeInput.tsx(140,9): error TS17004: Cannot use JSX unless the '--jsx' flag is provided.
src/components/ui/Timer.tsx(44,29): error TS2304: Cannot find name 'setInterval'.
src/components/ui/Timer.tsx(56,9): error TS2304: Cannot find name 'clearInterval'.
src/components/ui/Timer.tsx(63,9): error TS2304: Cannot find name 'clearInterval'.
src/components/ui/Timer.tsx(77,5): error TS17004: Cannot use JSX unless the '--jsx' flag is provided.
src/components/ui/Timer.tsx(78,7): error TS17004: Cannot use JSX unless the '--jsx' flag is provided.
src/components/ui/Timer.tsx(84,7): error TS17004: Cannot use JSX unless the '--jsx' flag is provided.
src/components/ui/Timer.tsx(85,9): error TS17004: Cannot use JSX unless the '--jsx' flag is provided.
src/components/ui/Timer.tsx(92,48): error TS2812: Property 'style' does not exist on type 'EventTarget & HTMLButtonElement'. Try changing the 'lib' compiler option to include 'dom'.
src/components/ui/Timer.tsx(93,48): error TS2812: Property 'style' does not exist on type 'EventTarget & HTMLButtonElement'. Try changing the 'lib' compiler option to include 'dom'.
src/components/ui/Timer.tsx(97,9): error TS17004: Cannot use JSX unless the '--jsx' flag is provided.
src/components/ui/Timer.tsx(104,48): error TS2812: Property 'style' does not exist on type 'EventTarget & HTMLButtonElement'. Try changing the 'lib' compiler option to include 'dom'.
src/components/ui/Timer.tsx(105,48): error TS2812: Property 'style' does not exist on type 'EventTarget & HTMLButtonElement'. Try changing the 'lib' compiler option to include 'dom'.
src/components/ui/UpcomingNotificationCard.tsx(81,5): error TS17004: Cannot use JSX unless the '--jsx' flag is provided.
src/components/ui/UpcomingNotificationCard.tsx(83,7): error TS17004: Cannot use JSX unless the '--jsx' flag is provided.
src/components/ui/UpcomingNotificationCard.tsx(84,9): error TS17004: Cannot use JSX unless the '--jsx' flag is provided.
src/components/ui/UpcomingNotificationCard.tsx(87,9): error TS17004: Cannot use JSX unless the '--jsx' flag is provided.
src/components/ui/UpcomingNotificationCard.tsx(88,11): error TS17004: Cannot use JSX unless the '--jsx' flag is provided.
src/components/ui/UpcomingNotificationCard.tsx(89,11): error TS17004: Cannot use JSX unless the '--jsx' flag is provided.
src/components/ui/UpcomingNotificationCard.tsx(94,7): error TS17004: Cannot use JSX unless the '--jsx' flag is provided.
src/components/ui/UpcomingNotificationCard.tsx(95,9): error TS17004: Cannot use JSX unless the '--jsx' flag is provided.
src/components/ui/UpcomingNotificationCard.tsx(96,11): error TS17004: Cannot use JSX unless the '--jsx' flag is provided.
src/components/ui/UpcomingNotificationCard.tsx(97,11): error TS17004: Cannot use JSX unless the '--jsx' flag is provided.
src/components/ui/UpcomingNotificationCard.tsx(99,9): error TS17004: Cannot use JSX unless the '--jsx' flag is provided.
src/components/ui/UpcomingNotificationCard.tsx(100,11): error TS17004: Cannot use JSX unless the '--jsx' flag is provided.
src/components/ui/UpcomingNotificationCard.tsx(101,11): error TS17004: Cannot use JSX unless the '--jsx' flag is provided.
src/components/ui/UpcomingNotificationCard.tsx(107,9): error TS17004: Cannot use JSX unless the '--jsx' flag is provided.
src/components/ui/UpcomingNotificationCard.tsx(108,11): error TS17004: Cannot use JSX unless the '--jsx' flag is provided.
src/components/ui/UpcomingNotificationCard.tsx(116,9): error TS17004: Cannot use JSX unless the '--jsx' flag is provided.
src/components/ui/UpcomingNotificationCard.tsx(117,11): error TS17004: Cannot use JSX unless the '--jsx' flag is provided.
src/components/ui/UpcomingNotificationCard.tsx(119,15): error TS17004: Cannot use JSX unless the '--jsx' flag is provided.
src/components/ui/UpcomingNotificationCard.tsx(120,17): error TS17004: Cannot use JSX unless the '--jsx' flag is provided.
src/components/ui/UpcomingNotificationCard.tsx(121,17): error TS17004: Cannot use JSX unless the '--jsx' flag is provided.
src/components/ui/UpcomingNotificationCard.tsx(125,15): error TS17004: Cannot use JSX unless the '--jsx' flag is provided.
src/components/ui/UpcomingNotificationCard.tsx(126,17): error TS17004: Cannot use JSX unless the '--jsx' flag is provided.
src/components/ui/UpcomingNotificationCard.tsx(127,17): error TS17004: Cannot use JSX unless the '--jsx' flag is provided.
src/contexts/AuthContext.tsx(33,5): error TS2304: Cannot find name 'localStorage'.
src/contexts/AuthContext.tsx(44,32): error TS2304: Cannot find name 'localStorage'.
src/contexts/AuthContext.tsx(55,15): error TS2304: Cannot find name 'localStorage'.
src/contexts/AuthContext.tsx(56,15): error TS2304: Cannot find name 'localStorage'.
src/contexts/AuthContext.tsx(57,15): error TS2304: Cannot find name 'localStorage'.
src/contexts/AuthContext.tsx(63,13): error TS2304: Cannot find name 'localStorage'.
src/contexts/AuthContext.tsx(64,13): error TS2304: Cannot find name 'localStorage'.
src/contexts/AuthContext.tsx(65,13): error TS2304: Cannot find name 'localStorage'.
src/contexts/AuthContext.tsx(71,11): error TS2304: Cannot find name 'localStorage'.
src/contexts/AuthContext.tsx(72,11): error TS2304: Cannot find name 'localStorage'.
src/contexts/AuthContext.tsx(105,9): error TS2304: Cannot find name 'localStorage'.
src/contexts/AuthContext.tsx(106,9): error TS2304: Cannot find name 'localStorage'.
src/contexts/AuthContext.tsx(107,9): error TS2304: Cannot find name 'localStorage'.
src/contexts/AuthContext.tsx(112,30): error TS2304: Cannot find name 'localStorage'.
src/contexts/AuthContext.tsx(114,11): error TS2304: Cannot find name 'localStorage'.
src/contexts/AuthContext.tsx(146,9): error TS2304: Cannot find name 'localStorage'.
src/contexts/AuthContext.tsx(165,7): error TS2304: Cannot find name 'localStorage'.
src/contexts/AuthContext.tsx(173,33): error TS2304: Cannot find name 'localStorage'.
src/contexts/AuthContext.tsx(189,28): error TS2304: Cannot find name 'localStorage'.
src/contexts/AuthContext.tsx(199,11): error TS2304: Cannot find name 'setTimeout'.
src/contexts/AuthContext.tsx(209,7): error TS2304: Cannot find name 'localStorage'.
src/contexts/AuthContext.tsx(210,7): error TS2304: Cannot find name 'localStorage'.
src/contexts/AuthContext.tsx(211,7): error TS2304: Cannot find name 'localStorage'.
src/contexts/AuthContext.tsx(234,10): error TS17004: Cannot use JSX unless the '--jsx' flag is provided.
src/contexts/MusicPlayerContext.tsx(75,26): error TS2304: Cannot find name 'window'.
src/contexts/MusicPlayerContext.tsx(76,51): error TS2812: Property 'paused' does not exist on type 'HTMLAudioElement'. Try changing the 'lib' compiler option to include 'dom'.
src/contexts/MusicPlayerContext.tsx(79,44): error TS2812: Property 'currentTime' does not exist on type 'HTMLAudioElement'. Try changing the 'lib' compiler option to include 'dom'.
src/contexts/MusicPlayerContext.tsx(87,9): error TS2304: Cannot find name 'clearInterval'.
src/contexts/MusicPlayerContext.tsx(94,24): error TS2304: Cannot find name 'localStorage'.
src/contexts/MusicPlayerContext.tsx(105,9): error TS2584: Cannot find name 'console'. Do you need to change your target library? Try changing the 'lib' compiler option to include 'dom'.
src/contexts/MusicPlayerContext.tsx(117,5): error TS2304: Cannot find name 'localStorage'.
src/contexts/MusicPlayerContext.tsx(130,11): error TS2812: Property 'volume' does not exist on type 'HTMLAudioElement'. Try changing the 'lib' compiler option to include 'dom'.
src/contexts/MusicPlayerContext.tsx(134,52): error TS2812: Property 'duration' does not exist on type 'HTMLAudioElement'. Try changing the 'lib' compiler option to include 'dom'.
src/contexts/MusicPlayerContext.tsx(138,55): error TS2812: Property 'currentTime' does not exist on type 'HTMLAudioElement'. Try changing the 'lib' compiler option to include 'dom'.
src/contexts/MusicPlayerContext.tsx(153,11): error TS2812: Property 'addEventListener' does not exist on type 'HTMLAudioElement'. Try changing the 'lib' compiler option to include 'dom'.
src/contexts/MusicPlayerContext.tsx(154,11): error TS2812: Property 'addEventListener' does not exist on type 'HTMLAudioElement'. Try changing the 'lib' compiler option to include 'dom'.
src/contexts/MusicPlayerContext.tsx(155,11): error TS2812: Property 'addEventListener' does not exist on type 'HTMLAudioElement'. Try changing the 'lib' compiler option to include 'dom'.
src/contexts/MusicPlayerContext.tsx(156,11): error TS2812: Property 'addEventListener' does not exist on type 'HTMLAudioElement'. Try changing the 'lib' compiler option to include 'dom'.
src/contexts/MusicPlayerContext.tsx(157,11): error TS2812: Property 'addEventListener' does not exist on type 'HTMLAudioElement'. Try changing the 'lib' compiler option to include 'dom'.
src/contexts/MusicPlayerContext.tsx(161,13): error TS2812: Property 'removeEventListener' does not exist on type 'HTMLAudioElement'. Try changing the 'lib' compiler option to include 'dom'.
src/contexts/MusicPlayerContext.tsx(162,13): error TS2812: Property 'removeEventListener' does not exist on type 'HTMLAudioElement'. Try changing the 'lib' compiler option to include 'dom'.
src/contexts/MusicPlayerContext.tsx(163,13): error TS2812: Property 'removeEventListener' does not exist on type 'HTMLAudioElement'. Try changing the 'lib' compiler option to include 'dom'.
src/contexts/MusicPlayerContext.tsx(164,13): error TS2812: Property 'removeEventListener' does not exist on type 'HTMLAudioElement'. Try changing the 'lib' compiler option to include 'dom'.
src/contexts/MusicPlayerContext.tsx(165,13): error TS2812: Property 'removeEventListener' does not exist on type 'HTMLAudioElement'. Try changing the 'lib' compiler option to include 'dom'.
src/contexts/MusicPlayerContext.tsx(173,24): error TS2812: Property 'volume' does not exist on type 'HTMLAudioElement'. Try changing the 'lib' compiler option to include 'dom'.
src/contexts/MusicPlayerContext.tsx(184,26): error TS2812: Property 'currentTime' does not exist on type 'HTMLAudioElement'. Try changing the 'lib' compiler option to include 'dom'.
src/contexts/MusicPlayerContext.tsx(185,26): error TS2812: Property 'play' does not exist on type 'HTMLAudioElement'. Try changing the 'lib' compiler option to include 'dom'.
src/contexts/MusicPlayerContext.tsx(267,7): error TS2584: Cannot find name 'console'. Do you need to change your target library? Try changing the 'lib' compiler option to include 'dom'.
src/contexts/MusicPlayerContext.tsx(293,24): error TS2812: Property 'removeEventListener' does not exist on type 'HTMLAudioElement'. Try changing the 'lib' compiler option to include 'dom'.
src/contexts/MusicPlayerContext.tsx(294,24): error TS2812: Property 'addEventListener' does not exist on type 'HTMLAudioElement'. Try changing the 'lib' compiler option to include 'dom'.
src/contexts/MusicPlayerContext.tsx(296,24): error TS2812: Property 'src' does not exist on type 'HTMLAudioElement'. Try changing the 'lib' compiler option to include 'dom'.
src/contexts/MusicPlayerContext.tsx(297,24): error TS2812: Property 'load' does not exist on type 'HTMLAudioElement'. Try changing the 'lib' compiler option to include 'dom'.
src/contexts/MusicPlayerContext.tsx(302,24): error TS2812: Property 'play' does not exist on type 'HTMLAudioElement'. Try changing the 'lib' compiler option to include 'dom'.
src/contexts/MusicPlayerContext.tsx(306,9): error TS2584: Cannot find name 'console'. Do you need to change your target library? Try changing the 'lib' compiler option to include 'dom'.
src/contexts/MusicPlayerContext.tsx(335,9): error TS2304: Cannot find name 'setTimeout'.
src/contexts/MusicPlayerContext.tsx(353,22): error TS2304: Cannot find name 'setInterval'.
src/contexts/MusicPlayerContext.tsx(357,11): error TS2304: Cannot find name 'clearInterval'.
src/contexts/MusicPlayerContext.tsx(359,11): error TS2304: Cannot find name 'setTimeout'.
src/contexts/MusicPlayerContext.tsx(367,5): error TS2304: Cannot find name 'setTimeout'.
src/contexts/MusicPlayerContext.tsx(367,22): error TS2304: Cannot find name 'clearInterval'.
src/contexts/MusicPlayerContext.tsx(371,21): error TS2339: Property 'target' does not exist on type 'Event'.
src/contexts/MusicPlayerContext.tsx(372,5): error TS2584: Cannot find name 'console'. Do you need to change your target library? Try changing the 'lib' compiler option to include 'dom'.
src/contexts/MusicPlayerContext.tsx(372,61): error TS2812: Property 'src' does not exist on type 'HTMLAudioElement'. Try changing the 'lib' compiler option to include 'dom'.
src/contexts/MusicPlayerContext.tsx(377,15): error TS2812: Property 'error' does not exist on type 'HTMLAudioElement'. Try changing the 'lib' compiler option to include 'dom'.
src/contexts/MusicPlayerContext.tsx(378,21): error TS2812: Property 'error' does not exist on type 'HTMLAudioElement'. Try changing the 'lib' compiler option to include 'dom'.
src/contexts/MusicPlayerContext.tsx(379,14): error TS2304: Cannot find name 'MediaError'.
src/contexts/MusicPlayerContext.tsx(391,14): error TS2304: Cannot find name 'MediaError'.
src/contexts/MusicPlayerContext.tsx(403,14): error TS2304: Cannot find name 'MediaError'.
src/contexts/MusicPlayerContext.tsx(420,5): error TS2304: Cannot find name 'setTimeout'.
src/contexts/MusicPlayerContext.tsx(442,26): error TS2812: Property 'pause' does not exist on type 'HTMLAudioElement'. Try changing the 'lib' compiler option to include 'dom'.
src/contexts/MusicPlayerContext.tsx(445,26): error TS2812: Property 'play' does not exist on type 'HTMLAudioElement'. Try changing the 'lib' compiler option to include 'dom'.
src/contexts/MusicPlayerContext.tsx(495,24): error TS2812: Property 'currentTime' does not exist on type 'HTMLAudioElement'. Try changing the 'lib' compiler option to include 'dom'.
src/contexts/MusicPlayerContext.tsx(538,24): error TS2812: Property 'src' does not exist on type 'HTMLAudioElement'. Try changing the 'lib' compiler option to include 'dom'.
src/contexts/MusicPlayerContext.tsx(561,5): error TS17004: Cannot use JSX unless the '--jsx' flag is provided.
src/contexts/MusicPlayerContext.tsx(563,7): error TS17004: Cannot use JSX unless the '--jsx' flag is provided.
src/contexts/RequireAuth.tsx(2,29): error TS6142: Module '../components/auth/RequireAuth' was resolved to 'c:/Users/juand/OneDrive/Documents/Actividades Sena/9. Proyecto/5. Quinto Trimestre/Focus-Up-FrontEnd/src/components/auth/RequireAuth.tsx', but '--jsx' is not set.
src/contexts/RequireAuth.tsx(3,40): error TS6142: Module '../components/auth/RequireAuth' was resolved to 'c:/Users/juand/OneDrive/Documents/Actividades Sena/9. Proyecto/5. Quinto Trimestre/Focus-Up-FrontEnd/src/components/auth/RequireAuth.tsx', but '--jsx' is not set.
src/hooks/useApiQueries.ts(22,30): error TS2304: Cannot find name 'fetch'.
src/hooks/useApiQueries.ts(38,30): error TS2304: Cannot find name 'fetch'.
src/hooks/useApiQueries.ts(68,15): error TS6133: 'err' is declared but its value is never read.
src/hooks/useApiQueries.ts(68,20): error TS6133: 'newUserData' is declared but its value is never read.
src/hooks/useApiQueries.ts(85,30): error TS2304: Cannot find name 'fetch'.
src/hooks/useApiQueries.ts(100,30): error TS2304: Cannot find name 'fetch'.
src/hooks/useApiQueries.ts(116,30): error TS2304: Cannot find name 'fetch'.
src/hooks/useApiQueries.ts(131,30): error TS2304: Cannot find name 'fetch'.
src/hooks/useApiQueries.ts(154,30): error TS2304: Cannot find name 'fetch'.
src/hooks/useApiQueries.ts(185,30): error TS2304: Cannot find name 'fetch'.
src/hooks/useAuth.ts(1,25): error TS6142: Module '../contexts/AuthContext' was resolved to 'c:/Users/juand/OneDrive/Documents/Actividades Sena/9. Proyecto/5. Quinto Trimestre/Focus-Up-FrontEnd/src/contexts/AuthContext.tsx', but '--jsx' is not set.
src/hooks/useConcentrationSession.ts(11,75): error TS6142: Module '../providers/ConcentrationSessionProvider' was resolved to 'c:/Users/juand/OneDrive/Documents/Actividades Sena/9. Proyecto/5. Quinto Trimestre/Focus-Up-FrontEnd/src/providers/ConcentrationSessionProvider.tsx', but '--jsx' is not set.
src/hooks/useMethodExecution.ts(78,9): error TS2304: Cannot find name 'setTimeout'.
src/hooks/useMethodExecution.ts(162,24): error TS2304: Cannot find name 'setInterval'.
src/hooks/useMethodExecution.ts(166,13): error TS2304: Cannot find name 'setTimeout'.
src/hooks/useMethodExecution.ts(173,20): error TS2304: Cannot find name 'clearInterval'.
src/hooks/useNotifications.ts(84,9): error TS2584: Cannot find name 'console'. Do you need to change your target library? Try changing the 'lib' compiler option to include 'dom'.
src/integration/registrationFlow.test.ts(27,5): error TS2304: Cannot find name 'localStorage'.
src/lib/queryClient.ts(37,9): error TS2584: Cannot find name 'console'. Do you need to change your target library? Try changing the 'lib' compiler option to include 'dom'.
src/main.tsx(7,37): error TS6142: Module './contexts/MusicPlayerContext' was resolved to 'c:/Users/juand/OneDrive/Documents/Actividades Sena/9. Proyecto/5. Quinto Trimestre/Focus-Up-FrontEnd/src/contexts/MusicPlayerContext.tsx', but '--jsx' is not set.
src/main.tsx(8,30): error TS6142: Module './contexts/AuthContext' was resolved to 'c:/Users/juand/OneDrive/Documents/Actividades Sena/9. Proyecto/5. Quinto Trimestre/Focus-Up-FrontEnd/src/contexts/AuthContext.tsx', but '--jsx' is not set.
src/main.tsx(9,46): error TS6142: Module './providers/ConcentrationSessionProvider' was resolved to 'c:/Users/juand/OneDrive/Documents/Actividades Sena/9. Proyecto/5. Quinto Trimestre/Focus-Up-FrontEnd/src/providers/ConcentrationSessionProvider.tsx', but '--jsx' is not set.
src/main.tsx(10,29): error TS6142: Module './components/ui/MusicPlayer' was resolved to 'c:/Users/juand/OneDrive/Documents/Actividades Sena/9. Proyecto/5. Quinto Trimestre/Focus-Up-FrontEnd/src/components/ui/MusicPlayer.tsx', but '--jsx' is not set.
src/main.tsx(11,28): error TS6142: Module './components/SessionsUI' was resolved to 'c:/Users/juand/OneDrive/Documents/Actividades Sena/9. Proyecto/5. Quinto Trimestre/Focus-Up-FrontEnd/src/components/SessionsUI.tsx', but '--jsx' is not set.
src/main.tsx(12,26): error TS6142: Module './components/DevTools' was resolved to 'c:/Users/juand/OneDrive/Documents/Actividades Sena/9. Proyecto/5. Quinto Trimestre/Focus-Up-FrontEnd/src/components/DevTools.tsx', but '--jsx' is not set.
src/main.tsx(13,17): error TS6142: Module './App' was resolved to 'c:/Users/juand/OneDrive/Documents/Actividades Sena/9. Proyecto/5. Quinto Trimestre/Focus-Up-FrontEnd/src/App.tsx', but '--jsx' is not set.
src/main.tsx(15,12): error TS2584: Cannot find name 'document'. Do you need to change your target library? Try changing the 'lib' compiler option to include 'dom'.
src/main.tsx(16,3): error TS17004: Cannot use JSX unless the '--jsx' flag is provided.
src/main.tsx(17,5): error TS17004: Cannot use JSX unless the '--jsx' flag is provided.
src/main.tsx(18,7): error TS17004: Cannot use JSX unless the '--jsx' flag is provided.
src/main.tsx(19,9): error TS17004: Cannot use JSX unless the '--jsx' flag is provided.
src/main.tsx(20,11): error TS17004: Cannot use JSX unless the '--jsx' flag is provided.
src/main.tsx(21,13): error TS17004: Cannot use JSX unless the '--jsx' flag is provided.
src/main.tsx(22,15): error TS17004: Cannot use JSX unless the '--jsx' flag is provided.
src/main.tsx(25,15): error TS17004: Cannot use JSX unless the '--jsx' flag is provided.
src/main.tsx(26,15): error TS17004: Cannot use JSX unless the '--jsx' flag is provided.
src/main.tsx(33,5): error TS17004: Cannot use JSX unless the '--jsx' flag is provided.
src/modules/auth/components/index.ts(2,29): error TS6142: Module './RequireAuth' was resolved to 'c:/Users/juand/OneDrive/Documents/Actividades Sena/9. Proyecto/5. Quinto Trimestre/Focus-Up-FrontEnd/src/modules/auth/components/RequireAuth.tsx', but '--jsx' is not set.
src/modules/auth/components/RequireAuth.tsx(3,25): error TS6142: Module '../../../contexts/AuthContext' was resolved to 'c:/Users/juand/OneDrive/Documents/Actividades Sena/9. Proyecto/5. Quinto Trimestre/Focus-Up-FrontEnd/src/contexts/AuthContext.tsx', but '--jsx' is not set.
src/modules/auth/components/RequireAuth.tsx(4,32): error TS6142: Module '../../../shared/components/ui/LoadingSpinner' was resolved to 'c:/Users/juand/OneDrive/Documents/Actividades Sena/9. Proyecto/5. Quinto Trimestre/Focus-Up-FrontEnd/src/shared/components/ui/LoadingSpinner.tsx', but '--jsx' is not set.
src/modules/auth/components/RequireAuth.tsx(16,7): error TS17004: Cannot use JSX unless the '--jsx' flag is provided.
src/modules/auth/components/RequireAuth.tsx(17,9): error TS17004: Cannot use JSX unless the '--jsx' flag is provided.
src/modules/auth/components/RequireAuth.tsx(25,7): error TS17004: Cannot use JSX unless the '--jsx' flag is provided.
src/modules/auth/components/RequireAuth.tsx(26,9): error TS17004: Cannot use JSX unless the '--jsx' flag is provided.
src/modules/auth/components/RequireAuth.tsx(27,11): error TS17004: Cannot use JSX unless the '--jsx' flag is provided.
src/modules/auth/components/RequireAuth.tsx(30,11): error TS17004: Cannot use JSX unless the '--jsx' flag is provided.
src/modules/auth/components/RequireAuth.tsx(33,11): error TS17004: Cannot use JSX unless the '--jsx' flag is provided.
src/modules/auth/components/RequireAuth.tsx(45,10): error TS17004: Cannot use JSX unless the '--jsx' flag is provided.
src/modules/auth/contexts/AuthContext.tsx(40,5): error TS2304: Cannot find name 'localStorage'.
src/modules/auth/contexts/AuthContext.tsx(51,32): error TS2304: Cannot find name 'localStorage'.
src/modules/auth/contexts/AuthContext.tsx(62,15): error TS2304: Cannot find name 'localStorage'.
src/modules/auth/contexts/AuthContext.tsx(63,15): error TS2304: Cannot find name 'localStorage'.
src/modules/auth/contexts/AuthContext.tsx(64,15): error TS2304: Cannot find name 'localStorage'.
src/modules/auth/contexts/AuthContext.tsx(70,13): error TS2304: Cannot find name 'localStorage'.
src/modules/auth/contexts/AuthContext.tsx(71,13): error TS2304: Cannot find name 'localStorage'.
src/modules/auth/contexts/AuthContext.tsx(72,13): error TS2304: Cannot find name 'localStorage'.
src/modules/auth/contexts/AuthContext.tsx(78,11): error TS2304: Cannot find name 'localStorage'.
src/modules/auth/contexts/AuthContext.tsx(79,11): error TS2304: Cannot find name 'localStorage'.
src/modules/auth/contexts/AuthContext.tsx(112,9): error TS2304: Cannot find name 'localStorage'.
src/modules/auth/contexts/AuthContext.tsx(113,9): error TS2304: Cannot find name 'localStorage'.
src/modules/auth/contexts/AuthContext.tsx(114,9): error TS2304: Cannot find name 'localStorage'.
src/modules/auth/contexts/AuthContext.tsx(119,30): error TS2304: Cannot find name 'localStorage'.
src/modules/auth/contexts/AuthContext.tsx(121,11): error TS2304: Cannot find name 'localStorage'.
src/modules/auth/contexts/AuthContext.tsx(153,9): error TS2304: Cannot find name 'localStorage'.
src/modules/auth/contexts/AuthContext.tsx(172,7): error TS2304: Cannot find name 'localStorage'.
src/modules/auth/contexts/AuthContext.tsx(180,33): error TS2304: Cannot find name 'localStorage'.
src/modules/auth/contexts/AuthContext.tsx(196,28): error TS2304: Cannot find name 'localStorage'.
src/modules/auth/contexts/AuthContext.tsx(206,11): error TS2304: Cannot find name 'setTimeout'.
src/modules/auth/contexts/AuthContext.tsx(216,7): error TS2304: Cannot find name 'localStorage'.
src/modules/auth/contexts/AuthContext.tsx(217,7): error TS2304: Cannot find name 'localStorage'.
src/modules/auth/contexts/AuthContext.tsx(218,7): error TS2304: Cannot find name 'localStorage'.
src/modules/auth/contexts/AuthContext.tsx(241,10): error TS17004: Cannot use JSX unless the '--jsx' flag is provided.
src/modules/auth/contexts/index.ts(2,39): error TS6142: Module './AuthContext' was resolved to 'c:/Users/juand/OneDrive/Documents/Actividades Sena/9. Proyecto/5. Quinto Trimestre/Focus-Up-FrontEnd/src/modules/auth/contexts/AuthContext.tsx', but '--jsx' is not set.
src/modules/auth/hooks/useAuth.ts(2,25): error TS6142: Module '../../../contexts/AuthContext' was resolved to 'c:/Users/juand/OneDrive/Documents/Actividades Sena/9. Proyecto/5. Quinto Trimestre/Focus-Up-FrontEnd/src/contexts/AuthContext.tsx', but '--jsx' is not set.
src/modules/auth/pages/ForgotPasswordCodePage.tsx(18,37): error TS2812: Property 'focus' does not exist on type 'HTMLInputElement'. Try changing the 'lib' compiler option to include 'dom'.
src/modules/auth/pages/ForgotPasswordCodePage.tsx(25,37): error TS2812: Property 'focus' does not exist on type 'HTMLInputElement'. Try changing the 'lib' compiler option to include 'dom'.
src/modules/auth/pages/ForgotPasswordCodePage.tsx(34,7): error TS2304: Cannot find name 'alert'.
src/modules/auth/pages/ForgotPasswordCodePage.tsx(41,5): error TS2304: Cannot find name 'localStorage'.
src/modules/auth/pages/ForgotPasswordCodePage.tsx(44,5): error TS2304: Cannot find name 'window'.
src/modules/auth/pages/ForgotPasswordCodePage.tsx(48,5): error TS17004: Cannot use JSX unless the '--jsx' flag is provided.
src/modules/auth/pages/ForgotPasswordCodePage.tsx(49,7): error TS17004: Cannot use JSX unless the '--jsx' flag is provided.
src/modules/auth/pages/ForgotPasswordCodePage.tsx(50,24): error TS2304: Cannot find name 'window'.
src/modules/auth/pages/ForgotPasswordCodePage.tsx(54,9): error TS17004: Cannot use JSX unless the '--jsx' flag is provided.
src/modules/auth/pages/ForgotPasswordCodePage.tsx(60,11): error TS17004: Cannot use JSX unless the '--jsx' flag is provided.
src/modules/auth/pages/ForgotPasswordCodePage.tsx(69,7): error TS17004: Cannot use JSX unless the '--jsx' flag is provided.
src/modules/auth/pages/ForgotPasswordCodePage.tsx(70,9): error TS17004: Cannot use JSX unless the '--jsx' flag is provided.
src/modules/auth/pages/ForgotPasswordCodePage.tsx(71,11): error TS17004: Cannot use JSX unless the '--jsx' flag is provided.
src/modules/auth/pages/ForgotPasswordCodePage.tsx(77,11): error TS17004: Cannot use JSX unless the '--jsx' flag is provided.
src/modules/auth/pages/ForgotPasswordCodePage.tsx(78,13): error TS17004: Cannot use JSX unless the '--jsx' flag is provided.
src/modules/auth/pages/ForgotPasswordCodePage.tsx(82,13): error TS17004: Cannot use JSX unless the '--jsx' flag is provided.
src/modules/auth/pages/ForgotPasswordCodePage.tsx(84,17): error TS17004: Cannot use JSX unless the '--jsx' flag is provided.
src/modules/auth/pages/ForgotPasswordCodePage.tsx(91,70): error TS2812: Property 'value' does not exist on type 'EventTarget & HTMLInputElement'. Try changing the 'lib' compiler option to include 'dom'.
src/modules/auth/pages/ForgotPasswordCodePage.tsx(101,13): error TS17004: Cannot use JSX unless the '--jsx' flag is provided.
src/modules/auth/pages/ForgotPasswordPage.tsx(23,7): error TS2304: Cannot find name 'localStorage'.
src/modules/auth/pages/ForgotPasswordPage.tsx(26,7): error TS2304: Cannot find name 'window'.
src/modules/auth/pages/ForgotPasswordPage.tsx(36,5): error TS17004: Cannot use JSX unless the '--jsx' flag is provided.
src/modules/auth/pages/ForgotPasswordPage.tsx(37,7): error TS17004: Cannot use JSX unless the '--jsx' flag is provided.
src/modules/auth/pages/ForgotPasswordPage.tsx(38,24): error TS2304: Cannot find name 'window'.
src/modules/auth/pages/ForgotPasswordPage.tsx(42,9): error TS17004: Cannot use JSX unless the '--jsx' flag is provided.
src/modules/auth/pages/ForgotPasswordPage.tsx(48,11): error TS17004: Cannot use JSX unless the '--jsx' flag is provided.
src/modules/auth/pages/ForgotPasswordPage.tsx(57,7): error TS17004: Cannot use JSX unless the '--jsx' flag is provided.
src/modules/auth/pages/ForgotPasswordPage.tsx(58,9): error TS17004: Cannot use JSX unless the '--jsx' flag is provided.
src/modules/auth/pages/ForgotPasswordPage.tsx(59,11): error TS17004: Cannot use JSX unless the '--jsx' flag is provided.
src/modules/auth/pages/ForgotPasswordPage.tsx(65,11): error TS17004: Cannot use JSX unless the '--jsx' flag is provided.
src/modules/auth/pages/ForgotPasswordPage.tsx(67,11): error TS17004: Cannot use JSX unless the '--jsx' flag is provided.
src/modules/auth/pages/ForgotPasswordPage.tsx(68,13): error TS17004: Cannot use JSX unless the '--jsx' flag is provided.
src/modules/auth/pages/ForgotPasswordPage.tsx(72,13): error TS17004: Cannot use JSX unless the '--jsx' flag is provided.
src/modules/auth/pages/ForgotPasswordPage.tsx(73,15): error TS17004: Cannot use JSX unless the '--jsx' flag is provided.
src/modules/auth/pages/ForgotPasswordPage.tsx(74,36): error TS17004: Cannot use JSX unless the '--jsx' flag is provided.
src/modules/auth/pages/ForgotPasswordPage.tsx(76,15): error TS17004: Cannot use JSX unless the '--jsx' flag is provided.
src/modules/auth/pages/ForgotPasswordPage.tsx(77,17): error TS17004: Cannot use JSX unless the '--jsx' flag is provided.
src/modules/auth/pages/ForgotPasswordPage.tsx(78,17): error TS17004: Cannot use JSX unless the '--jsx' flag is provided.
src/modules/auth/pages/ForgotPasswordPage.tsx(84,54): error TS2812: Property 'value' does not exist on type 'EventTarget & HTMLInputElement'. Try changing the 'lib' compiler option to include 'dom'.
src/modules/auth/pages/ForgotPasswordPage.tsx(91,15): error TS17004: Cannot use JSX unless the '--jsx' flag is provided.
src/modules/auth/pages/ForgotPasswordPage.tsx(94,13): error TS17004: Cannot use JSX unless the '--jsx' flag is provided.
src/modules/auth/pages/ForgotPasswordResetPage.tsx(43,21): error TS2304: Cannot find name 'localStorage'.
src/modules/auth/pages/ForgotPasswordResetPage.tsx(44,20): error TS2304: Cannot find name 'localStorage'.
src/modules/auth/pages/ForgotPasswordResetPage.tsx(59,7): error TS2304: Cannot find name 'localStorage'.
src/modules/auth/pages/ForgotPasswordResetPage.tsx(60,7): error TS2304: Cannot find name 'localStorage'.
src/modules/auth/pages/ForgotPasswordResetPage.tsx(73,7): error TS2304: Cannot find name 'window'.
src/modules/auth/pages/ForgotPasswordResetPage.tsx(83,5): error TS17004: Cannot use JSX unless the '--jsx' flag is provided.
src/modules/auth/pages/ForgotPasswordResetPage.tsx(84,7): error TS17004: Cannot use JSX unless the '--jsx' flag is provided.
src/modules/auth/pages/ForgotPasswordResetPage.tsx(85,24): error TS2304: Cannot find name 'window'.
src/modules/auth/pages/ForgotPasswordResetPage.tsx(89,9): error TS17004: Cannot use JSX unless the '--jsx' flag is provided.
src/modules/auth/pages/ForgotPasswordResetPage.tsx(95,11): error TS17004: Cannot use JSX unless the '--jsx' flag is provided.
src/modules/auth/pages/ForgotPasswordResetPage.tsx(104,7): error TS17004: Cannot use JSX unless the '--jsx' flag is provided.
src/modules/auth/pages/ForgotPasswordResetPage.tsx(105,9): error TS17004: Cannot use JSX unless the '--jsx' flag is provided.
src/modules/auth/pages/ForgotPasswordResetPage.tsx(106,11): error TS17004: Cannot use JSX unless the '--jsx' flag is provided.
src/modules/auth/pages/ForgotPasswordResetPage.tsx(112,11): error TS17004: Cannot use JSX unless the '--jsx' flag is provided.
src/modules/auth/pages/ForgotPasswordResetPage.tsx(113,13): error TS17004: Cannot use JSX unless the '--jsx' flag is provided.
src/modules/auth/pages/ForgotPasswordResetPage.tsx(117,13): error TS17004: Cannot use JSX unless the '--jsx' flag is provided.
src/modules/auth/pages/ForgotPasswordResetPage.tsx(118,15): error TS17004: Cannot use JSX unless the '--jsx' flag is provided.
src/modules/auth/pages/ForgotPasswordResetPage.tsx(119,17): error TS17004: Cannot use JSX unless the '--jsx' flag is provided.
src/modules/auth/pages/ForgotPasswordResetPage.tsx(125,60): error TS2812: Property 'value' does not exist on type 'EventTarget & HTMLInputElement'. Try changing the 'lib' compiler option to include 'dom'.
src/modules/auth/pages/ForgotPasswordResetPage.tsx(128,17): error TS17004: Cannot use JSX unless the '--jsx' flag is provided.
src/modules/auth/pages/ForgotPasswordResetPage.tsx(135,21): error TS17004: Cannot use JSX unless the '--jsx' flag is provided.
src/modules/auth/pages/ForgotPasswordResetPage.tsx(136,23): error TS17004: Cannot use JSX unless the '--jsx' flag is provided.
src/modules/auth/pages/ForgotPasswordResetPage.tsx(139,21): error TS17004: Cannot use JSX unless the '--jsx' flag is provided.
src/modules/auth/pages/ForgotPasswordResetPage.tsx(140,23): error TS17004: Cannot use JSX unless the '--jsx' flag is provided.
src/modules/auth/pages/ForgotPasswordResetPage.tsx(141,23): error TS17004: Cannot use JSX unless the '--jsx' flag is provided.
src/modules/auth/pages/ForgotPasswordResetPage.tsx(147,15): error TS17004: Cannot use JSX unless the '--jsx' flag is provided.
src/modules/auth/pages/ForgotPasswordResetPage.tsx(148,17): error TS17004: Cannot use JSX unless the '--jsx' flag is provided.
src/modules/auth/pages/ForgotPasswordResetPage.tsx(154,64): error TS2812: Property 'value' does not exist on type 'EventTarget & HTMLInputElement'. Try changing the 'lib' compiler option to include 'dom'.
src/modules/auth/pages/ForgotPasswordResetPage.tsx(157,17): error TS17004: Cannot use JSX unless the '--jsx' flag is provided.
src/modules/auth/pages/ForgotPasswordResetPage.tsx(164,21): error TS17004: Cannot use JSX unless the '--jsx' flag is provided.
src/modules/auth/pages/ForgotPasswordResetPage.tsx(165,23): error TS17004: Cannot use JSX unless the '--jsx' flag is provided.
src/modules/auth/pages/ForgotPasswordResetPage.tsx(168,21): error TS17004: Cannot use JSX unless the '--jsx' flag is provided.
src/modules/auth/pages/ForgotPasswordResetPage.tsx(169,23): error TS17004: Cannot use JSX unless the '--jsx' flag is provided.
src/modules/auth/pages/ForgotPasswordResetPage.tsx(170,23): error TS17004: Cannot use JSX unless the '--jsx' flag is provided.
src/modules/auth/pages/ForgotPasswordResetPage.tsx(178,15): error TS17004: Cannot use JSX unless the '--jsx' flag is provided.
src/modules/auth/pages/ForgotPasswordResetPage.tsx(181,13): error TS17004: Cannot use JSX unless the '--jsx' flag is provided.
src/modules/auth/pages/index.ts(2,38): error TS6142: Module './LoginPage' was resolved to 'c:/Users/juand/OneDrive/Documents/Actividades Sena/9. Proyecto/5. Quinto Trimestre/Focus-Up-FrontEnd/src/modules/auth/pages/LoginPage.tsx', but '--jsx' is not set.
src/modules/auth/pages/index.ts(3,41): error TS6142: Module './RegisterPage' was resolved to 'c:/Users/juand/OneDrive/Documents/Actividades Sena/9. Proyecto/5. Quinto Trimestre/Focus-Up-FrontEnd/src/modules/auth/pages/RegisterPage.tsx', but '--jsx' is not set.
src/modules/auth/pages/index.ts(4,42): error TS6142: Module './RegisterStep2' was resolved to 'c:/Users/juand/OneDrive/Documents/Actividades Sena/9. Proyecto/5. Quinto Trimestre/Focus-Up-FrontEnd/src/modules/auth/pages/RegisterStep2.tsx', but '--jsx' is not set.
src/modules/auth/pages/index.ts(5,47): error TS6142: Module './ForgotPasswordPage' was resolved to 'c:/Users/juand/OneDrive/Documents/Actividades Sena/9. Proyecto/5. Quinto Trimestre/Focus-Up-FrontEnd/src/modules/auth/pages/ForgotPasswordPage.tsx', but '--jsx' is not set.
src/modules/auth/pages/index.ts(6,51): error TS6142: Module './ForgotPasswordCodePage' was resolved to 'c:/Users/juand/OneDrive/Documents/Actividades Sena/9. Proyecto/5. Quinto Trimestre/Focus-Up-FrontEnd/src/modules/auth/pages/ForgotPasswordCodePage.tsx', but '--jsx' is not set.
src/modules/auth/pages/index.ts(7,52): error TS6142: Module './ForgotPasswordResetPage' was resolved to 'c:/Users/juand/OneDrive/Documents/Actividades Sena/9. Proyecto/5. Quinto Trimestre/Focus-Up-FrontEnd/src/modules/auth/pages/ForgotPasswordResetPage.tsx', but '--jsx' is not set.
src/modules/auth/pages/LoginPage.tsx(3,25): error TS6142: Module '../../../contexts/AuthContext' was resolved to 'c:/Users/juand/OneDrive/Documents/Actividades Sena/9. Proyecto/5. Quinto Trimestre/Focus-Up-FrontEnd/src/contexts/AuthContext.tsx', but '--jsx' is not set.
src/modules/auth/pages/LoginPage.tsx(19,13): error TS2339: Property 'name' does not exist on type 'EventTarget & HTMLInputElement'.
src/modules/auth/pages/LoginPage.tsx(19,19): error TS2339: Property 'value' does not exist on type 'EventTarget & HTMLInputElement'.
src/modules/auth/pages/LoginPage.tsx(49,5): error TS17004: Cannot use JSX unless the '--jsx' flag is provided.
src/modules/auth/pages/LoginPage.tsx(50,7): error TS17004: Cannot use JSX unless the '--jsx' flag is provided.
src/modules/auth/pages/LoginPage.tsx(51,9): error TS17004: Cannot use JSX unless the '--jsx' flag is provided.
src/modules/auth/pages/LoginPage.tsx(53,11): error TS17004: Cannot use JSX unless the '--jsx' flag is provided.
src/modules/auth/pages/LoginPage.tsx(60,11): error TS17004: Cannot use JSX unless the '--jsx' flag is provided.
src/modules/auth/pages/LoginPage.tsx(62,15): error TS17004: Cannot use JSX unless the '--jsx' flag is provided.
src/modules/auth/pages/LoginPage.tsx(68,13): error TS17004: Cannot use JSX unless the '--jsx' flag is provided.
src/modules/auth/pages/LoginPage.tsx(69,15): error TS17004: Cannot use JSX unless the '--jsx' flag is provided.
src/modules/auth/pages/LoginPage.tsx(70,56): error TS17004: Cannot use JSX unless the '--jsx' flag is provided.
src/modules/auth/pages/LoginPage.tsx(72,15): error TS17004: Cannot use JSX unless the '--jsx' flag is provided.
src/modules/auth/pages/LoginPage.tsx(73,17): error TS17004: Cannot use JSX unless the '--jsx' flag is provided.
src/modules/auth/pages/LoginPage.tsx(74,17): error TS17004: Cannot use JSX unless the '--jsx' flag is provided.
src/modules/auth/pages/LoginPage.tsx(88,13): error TS17004: Cannot use JSX unless the '--jsx' flag is provided.
src/modules/auth/pages/LoginPage.tsx(89,15): error TS17004: Cannot use JSX unless the '--jsx' flag is provided.
src/modules/auth/pages/LoginPage.tsx(90,28): error TS17004: Cannot use JSX unless the '--jsx' flag is provided.
src/modules/auth/pages/LoginPage.tsx(92,15): error TS17004: Cannot use JSX unless the '--jsx' flag is provided.
src/modules/auth/pages/LoginPage.tsx(93,17): error TS17004: Cannot use JSX unless the '--jsx' flag is provided.
src/modules/auth/pages/LoginPage.tsx(94,17): error TS17004: Cannot use JSX unless the '--jsx' flag is provided.
src/modules/auth/pages/LoginPage.tsx(104,17): error TS17004: Cannot use JSX unless the '--jsx' flag is provided.
src/modules/auth/pages/LoginPage.tsx(109,35): error TS17004: Cannot use JSX unless the '--jsx' flag is provided.
src/modules/auth/pages/LoginPage.tsx(109,68): error TS17004: Cannot use JSX unless the '--jsx' flag is provided.
src/modules/auth/pages/LoginPage.tsx(113,17): error TS17004: Cannot use JSX unless the '--jsx' flag is provided.
src/modules/auth/pages/LoginPage.tsx(114,19): error TS17004: Cannot use JSX unless the '--jsx' flag is provided.
src/modules/auth/pages/LoginPage.tsx(123,13): error TS17004: Cannot use JSX unless the '--jsx' flag is provided.
src/modules/auth/pages/LoginPage.tsx(131,13): error TS17004: Cannot use JSX unless the '--jsx' flag is provided.
src/modules/auth/pages/LoginPage.tsx(132,15): error TS17004: Cannot use JSX unless the '--jsx' flag is provided.
src/modules/auth/pages/LoginPage.tsx(133,17): error TS17004: Cannot use JSX unless the '--jsx' flag is provided.
src/modules/auth/pages/RegisterPage.tsx(30,13): error TS2339: Property 'name' does not exist on type 'EventTarget & (HTMLInputElement | HTMLSelectElement)'.
src/modules/auth/pages/RegisterPage.tsx(30,19): error TS2339: Property 'value' does not exist on type 'EventTarget & (HTMLInputElement | HTMLSelectElement)'.
src/modules/auth/pages/RegisterPage.tsx(88,7): error TS2304: Cannot find name 'localStorage'.
src/modules/auth/pages/RegisterPage.tsx(89,7): error TS2304: Cannot find name 'localStorage'.
src/modules/auth/pages/RegisterPage.tsx(115,5): error TS17004: Cannot use JSX unless the '--jsx' flag is provided.
src/modules/auth/pages/RegisterPage.tsx(116,7): error TS17004: Cannot use JSX unless the '--jsx' flag is provided.
src/modules/auth/pages/RegisterPage.tsx(117,24): error TS2304: Cannot find name 'window'.
src/modules/auth/pages/RegisterPage.tsx(121,9): error TS17004: Cannot use JSX unless the '--jsx' flag is provided.
src/modules/auth/pages/RegisterPage.tsx(127,11): error TS17004: Cannot use JSX unless the '--jsx' flag is provided.
src/modules/auth/pages/RegisterPage.tsx(136,7): error TS17004: Cannot use JSX unless the '--jsx' flag is provided.
src/modules/auth/pages/RegisterPage.tsx(137,9): error TS17004: Cannot use JSX unless the '--jsx' flag is provided.
src/modules/auth/pages/RegisterPage.tsx(139,11): error TS17004: Cannot use JSX unless the '--jsx' flag is provided.
src/modules/auth/pages/RegisterPage.tsx(146,11): error TS17004: Cannot use JSX unless the '--jsx' flag is provided.
src/modules/auth/pages/RegisterPage.tsx(148,15): error TS17004: Cannot use JSX unless the '--jsx' flag is provided.
src/modules/auth/pages/RegisterPage.tsx(153,15): error TS17004: Cannot use JSX unless the '--jsx' flag is provided.
src/modules/auth/pages/RegisterPage.tsx(159,13): error TS17004: Cannot use JSX unless the '--jsx' flag is provided.
src/modules/auth/pages/RegisterPage.tsx(160,15): error TS17004: Cannot use JSX unless the '--jsx' flag is provided.
src/modules/auth/pages/RegisterPage.tsx(161,35): error TS17004: Cannot use JSX unless the '--jsx' flag is provided.
src/modules/auth/pages/RegisterPage.tsx(163,15): error TS17004: Cannot use JSX unless the '--jsx' flag is provided.
src/modules/auth/pages/RegisterPage.tsx(164,17): error TS17004: Cannot use JSX unless the '--jsx' flag is provided.
src/modules/auth/pages/RegisterPage.tsx(165,17): error TS17004: Cannot use JSX unless the '--jsx' flag is provided.
src/modules/auth/pages/RegisterPage.tsx(177,17): error TS17004: Cannot use JSX unless the '--jsx' flag is provided.
src/modules/auth/pages/RegisterPage.tsx(182,13): error TS17004: Cannot use JSX unless the '--jsx' flag is provided.
src/modules/auth/pages/RegisterPage.tsx(183,15): error TS17004: Cannot use JSX unless the '--jsx' flag is provided.
src/modules/auth/pages/RegisterPage.tsx(184,36): error TS17004: Cannot use JSX unless the '--jsx' flag is provided.
src/modules/auth/pages/RegisterPage.tsx(186,15): error TS17004: Cannot use JSX unless the '--jsx' flag is provided.
src/modules/auth/pages/RegisterPage.tsx(187,17): error TS17004: Cannot use JSX unless the '--jsx' flag is provided.
src/modules/auth/pages/RegisterPage.tsx(188,17): error TS17004: Cannot use JSX unless the '--jsx' flag is provided.
src/modules/auth/pages/RegisterPage.tsx(200,17): error TS17004: Cannot use JSX unless the '--jsx' flag is provided.
src/modules/auth/pages/RegisterPage.tsx(205,13): error TS17004: Cannot use JSX unless the '--jsx' flag is provided.
src/modules/auth/pages/RegisterPage.tsx(206,15): error TS17004: Cannot use JSX unless the '--jsx' flag is provided.
src/modules/auth/pages/RegisterPage.tsx(207,28): error TS17004: Cannot use JSX unless the '--jsx' flag is provided.
src/modules/auth/pages/RegisterPage.tsx(209,15): error TS17004: Cannot use JSX unless the '--jsx' flag is provided.
src/modules/auth/pages/RegisterPage.tsx(210,17): error TS17004: Cannot use JSX unless the '--jsx' flag is provided.
src/modules/auth/pages/RegisterPage.tsx(211,17): error TS17004: Cannot use JSX unless the '--jsx' flag is provided.
src/modules/auth/pages/RegisterPage.tsx(223,17): error TS17004: Cannot use JSX unless the '--jsx' flag is provided.
src/modules/auth/pages/RegisterPage.tsx(228,35): error TS17004: Cannot use JSX unless the '--jsx' flag is provided.
src/modules/auth/pages/RegisterPage.tsx(228,68): error TS17004: Cannot use JSX unless the '--jsx' flag is provided.
src/modules/auth/pages/RegisterPage.tsx(233,17): error TS17004: Cannot use JSX unless the '--jsx' flag is provided.
src/modules/auth/pages/RegisterPage.tsx(238,17): error TS17004: Cannot use JSX unless the '--jsx' flag is provided.
src/modules/auth/pages/RegisterPage.tsx(243,13): error TS17004: Cannot use JSX unless the '--jsx' flag is provided.
src/modules/auth/pages/RegisterPage.tsx(244,15): error TS17004: Cannot use JSX unless the '--jsx' flag is provided.
src/modules/auth/pages/RegisterPage.tsx(245,38): error TS17004: Cannot use JSX unless the '--jsx' flag is provided.
src/modules/auth/pages/RegisterPage.tsx(247,15): error TS17004: Cannot use JSX unless the '--jsx' flag is provided.
src/modules/auth/pages/RegisterPage.tsx(248,17): error TS17004: Cannot use JSX unless the '--jsx' flag is provided.
src/modules/auth/pages/RegisterPage.tsx(249,17): error TS17004: Cannot use JSX unless the '--jsx' flag is provided.
src/modules/auth/pages/RegisterPage.tsx(255,64): error TS2812: Property 'value' does not exist on type 'EventTarget & HTMLInputElement'. Try changing the 'lib' compiler option to include 'dom'.
src/modules/auth/pages/RegisterPage.tsx(258,17): error TS17004: Cannot use JSX unless the '--jsx' flag is provided.
src/modules/auth/pages/RegisterPage.tsx(263,42): error TS17004: Cannot use JSX unless the '--jsx' flag is provided.
src/modules/auth/pages/RegisterPage.tsx(263,75): error TS17004: Cannot use JSX unless the '--jsx' flag is provided.
src/modules/auth/pages/RegisterPage.tsx(270,13): error TS17004: Cannot use JSX unless the '--jsx' flag is provided.
src/modules/auth/pages/RegisterStep2.tsx(44,37): error TS2812: Property 'focus' does not exist on type 'HTMLInputElement'. Try changing the 'lib' compiler option to include 'dom'.
src/modules/auth/pages/RegisterStep2.tsx(51,37): error TS2812: Property 'focus' does not exist on type 'HTMLInputElement'. Try changing the 'lib' compiler option to include 'dom'.
src/modules/auth/pages/RegisterStep2.tsx(60,21): error TS2304: Cannot find name 'localStorage'.
src/modules/auth/pages/RegisterStep2.tsx(125,21): error TS2304: Cannot find name 'localStorage'.
src/modules/auth/pages/RegisterStep2.tsx(126,24): error TS2304: Cannot find name 'localStorage'.
src/modules/auth/pages/RegisterStep2.tsx(152,7): error TS2304: Cannot find name 'localStorage'.
src/modules/auth/pages/RegisterStep2.tsx(153,7): error TS2304: Cannot find name 'localStorage'.
src/modules/auth/pages/RegisterStep2.tsx(156,7): error TS2304: Cannot find name 'localStorage'.
src/modules/auth/pages/RegisterStep2.tsx(190,5): error TS17004: Cannot use JSX unless the '--jsx' flag is provided.
src/modules/auth/pages/RegisterStep2.tsx(191,7): error TS17004: Cannot use JSX unless the '--jsx' flag is provided.
src/modules/auth/pages/RegisterStep2.tsx(196,9): error TS17004: Cannot use JSX unless the '--jsx' flag is provided.
src/modules/auth/pages/RegisterStep2.tsx(202,11): error TS17004: Cannot use JSX unless the '--jsx' flag is provided.
src/modules/auth/pages/RegisterStep2.tsx(211,7): error TS17004: Cannot use JSX unless the '--jsx' flag is provided.
src/modules/auth/pages/RegisterStep2.tsx(212,9): error TS17004: Cannot use JSX unless the '--jsx' flag is provided.
src/modules/auth/pages/RegisterStep2.tsx(213,11): error TS17004: Cannot use JSX unless the '--jsx' flag is provided.
src/modules/auth/pages/RegisterStep2.tsx(219,11): error TS17004: Cannot use JSX unless the '--jsx' flag is provided.
src/modules/auth/pages/RegisterStep2.tsx(220,13): error TS17004: Cannot use JSX unless the '--jsx' flag is provided.
src/modules/auth/pages/RegisterStep2.tsx(224,13): error TS17004: Cannot use JSX unless the '--jsx' flag is provided.
src/modules/auth/pages/RegisterStep2.tsx(226,17): error TS17004: Cannot use JSX unless the '--jsx' flag is provided.
src/modules/auth/pages/RegisterStep2.tsx(233,70): error TS2812: Property 'value' does not exist on type 'EventTarget & HTMLInputElement'. Try changing the 'lib' compiler option to include 'dom'.
src/modules/auth/pages/RegisterStep2.tsx(244,13): error TS17004: Cannot use JSX unless the '--jsx' flag is provided.
src/modules/auth/pages/RegisterStep2.tsx(252,13): error TS17004: Cannot use JSX unless the '--jsx' flag is provided.
src/modules/auth/pages/RegisterStep2.tsx(253,15): error TS17004: Cannot use JSX unless the '--jsx' flag is provided.
src/modules/events/pages/CreateEventModal.tsx(8,38): error TS6142: Module '../../../components/MethodSelectionModal' was resolved to 'c:/Users/juand/OneDrive/Documents/Actividades Sena/9. Proyecto/5. Quinto Trimestre/Focus-Up-FrontEnd/src/components/MethodSelectionModal.tsx', but '--jsx' is not set.
src/modules/events/pages/CreateEventModal.tsx(9,37): error TS6142: Module '../../../components/AlbumSelectionModal' was resolved to 'c:/Users/juand/OneDrive/Documents/Actividades Sena/9. Proyecto/5. Quinto Trimestre/Focus-Up-FrontEnd/src/components/AlbumSelectionModal.tsx', but '--jsx' is not set.
src/modules/events/pages/CreateEventModal.tsx(71,19): error TS2584: Cannot find name 'document'. Do you need to change your target library? Try changing the 'lib' compiler option to include 'dom'.
src/modules/events/pages/CreateEventModal.tsx(83,5): error TS2584: Cannot find name 'document'. Do you need to change your target library? Try changing the 'lib' compiler option to include 'dom'.
src/modules/events/pages/CreateEventModal.tsx(85,7): error TS2584: Cannot find name 'document'. Do you need to change your target library? Try changing the 'lib' compiler option to include 'dom'.
src/modules/events/pages/CreateEventModal.tsx(182,7): error TS2584: Cannot find name 'console'. Do you need to change your target library? Try changing the 'lib' compiler option to include 'dom'.
src/modules/events/pages/CreateEventModal.tsx(249,5): error TS17004: Cannot use JSX unless the '--jsx' flag is provided.
src/modules/events/pages/CreateEventModal.tsx(250,7): error TS17004: Cannot use JSX unless the '--jsx' flag is provided.
src/modules/events/pages/CreateEventModal.tsx(251,9): error TS17004: Cannot use JSX unless the '--jsx' flag is provided.
src/modules/events/pages/CreateEventModal.tsx(257,17): error TS17004: Cannot use JSX unless the '--jsx' flag is provided.
src/modules/events/pages/CreateEventModal.tsx(274,17): error TS17004: Cannot use JSX unless the '--jsx' flag is provided.
src/modules/events/pages/CreateEventModal.tsx(289,9): error TS17004: Cannot use JSX unless the '--jsx' flag is provided.
src/modules/events/pages/CreateEventModal.tsx(290,11): error TS17004: Cannot use JSX unless the '--jsx' flag is provided.
src/modules/events/pages/CreateEventModal.tsx(291,13): error TS17004: Cannot use JSX unless the '--jsx' flag is provided.
src/modules/events/pages/CreateEventModal.tsx(292,15): error TS17004: Cannot use JSX unless the '--jsx' flag is provided.
src/modules/events/pages/CreateEventModal.tsx(294,13): error TS17004: Cannot use JSX unless the '--jsx' flag is provided.
src/modules/events/pages/CreateEventModal.tsx(295,15): error TS17004: Cannot use JSX unless the '--jsx' flag is provided.
src/modules/events/pages/CreateEventModal.tsx(296,15): error TS17004: Cannot use JSX unless the '--jsx' flag is provided.
src/modules/events/pages/CreateEventModal.tsx(299,11): error TS17004: Cannot use JSX unless the '--jsx' flag is provided.
src/modules/events/pages/CreateEventModal.tsx(304,13): error TS17004: Cannot use JSX unless the '--jsx' flag is provided.
src/modules/events/pages/CreateEventModal.tsx(309,9): error TS17004: Cannot use JSX unless the '--jsx' flag is provided.
src/modules/events/pages/CreateEventModal.tsx(311,11): error TS17004: Cannot use JSX unless the '--jsx' flag is provided.
src/modules/events/pages/CreateEventModal.tsx(312,13): error TS17004: Cannot use JSX unless the '--jsx' flag is provided.
src/modules/events/pages/CreateEventModal.tsx(313,33): error TS17004: Cannot use JSX unless the '--jsx' flag is provided.
src/modules/events/pages/CreateEventModal.tsx(315,13): error TS17004: Cannot use JSX unless the '--jsx' flag is provided.
src/modules/events/pages/CreateEventModal.tsx(316,15): error TS17004: Cannot use JSX unless the '--jsx' flag is provided.
src/modules/events/pages/CreateEventModal.tsx(320,77): error TS2812: Property 'value' does not exist on type 'EventTarget & HTMLInputElement'. Try changing the 'lib' compiler option to include 'dom'.
src/modules/events/pages/CreateEventModal.tsx(329,17): error TS17004: Cannot use JSX unless the '--jsx' flag is provided.
src/modules/events/pages/CreateEventModal.tsx(330,19): error TS17004: Cannot use JSX unless the '--jsx' flag is provided.
src/modules/events/pages/CreateEventModal.tsx(338,11): error TS17004: Cannot use JSX unless the '--jsx' flag is provided.
src/modules/events/pages/CreateEventModal.tsx(339,13): error TS17004: Cannot use JSX unless the '--jsx' flag is provided.
src/modules/events/pages/CreateEventModal.tsx(340,32): error TS17004: Cannot use JSX unless the '--jsx' flag is provided.
src/modules/events/pages/CreateEventModal.tsx(342,13): error TS17004: Cannot use JSX unless the '--jsx' flag is provided.
src/modules/events/pages/CreateEventModal.tsx(343,15): error TS17004: Cannot use JSX unless the '--jsx' flag is provided.
src/modules/events/pages/CreateEventModal.tsx(344,17): error TS17004: Cannot use JSX unless the '--jsx' flag is provided.
src/modules/events/pages/CreateEventModal.tsx(346,15): error TS17004: Cannot use JSX unless the '--jsx' flag is provided.
src/modules/events/pages/CreateEventModal.tsx(350,76): error TS2812: Property 'value' does not exist on type 'EventTarget & HTMLInputElement'. Try changing the 'lib' compiler option to include 'dom'.
src/modules/events/pages/CreateEventModal.tsx(361,17): error TS17004: Cannot use JSX unless the '--jsx' flag is provided.
src/modules/events/pages/CreateEventModal.tsx(362,19): error TS17004: Cannot use JSX unless the '--jsx' flag is provided.
src/modules/events/pages/CreateEventModal.tsx(370,11): error TS17004: Cannot use JSX unless the '--jsx' flag is provided.
src/modules/events/pages/CreateEventModal.tsx(371,13): error TS17004: Cannot use JSX unless the '--jsx' flag is provided.
src/modules/events/pages/CreateEventModal.tsx(372,31): error TS17004: Cannot use JSX unless the '--jsx' flag is provided.
src/modules/events/pages/CreateEventModal.tsx(374,13): error TS17004: Cannot use JSX unless the '--jsx' flag is provided.
src/modules/events/pages/CreateEventModal.tsx(376,15): error TS17004: Cannot use JSX unless the '--jsx' flag is provided.
src/modules/events/pages/CreateEventModal.tsx(377,17): error TS17004: Cannot use JSX unless the '--jsx' flag is provided.
src/modules/events/pages/CreateEventModal.tsx(378,17): error TS17004: Cannot use JSX unless the '--jsx' flag is provided.
src/modules/events/pages/CreateEventModal.tsx(379,19): error TS17004: Cannot use JSX unless the '--jsx' flag is provided.
src/modules/events/pages/CreateEventModal.tsx(385,45): error TS2812: Property 'value' does not exist on type 'EventTarget & HTMLInputElement'. Try changing the 'lib' compiler option to include 'dom'.
src/modules/events/pages/CreateEventModal.tsx(401,19): error TS17004: Cannot use JSX unless the '--jsx' flag is provided.
src/modules/events/pages/CreateEventModal.tsx(405,21): error TS17004: Cannot use JSX unless the '--jsx' flag is provided.
src/modules/events/pages/CreateEventModal.tsx(406,23): error TS17004: Cannot use JSX unless the '--jsx' flag is provided.
src/modules/events/pages/CreateEventModal.tsx(407,25): error TS17004: Cannot use JSX unless the '--jsx' flag is provided.
src/modules/events/pages/CreateEventModal.tsx(409,23): error TS17004: Cannot use JSX unless the '--jsx' flag is provided.
src/modules/events/pages/CreateEventModal.tsx(410,25): error TS17004: Cannot use JSX unless the '--jsx' flag is provided.
src/modules/events/pages/CreateEventModal.tsx(416,33): error TS17004: Cannot use JSX unless the '--jsx' flag is provided.
src/modules/events/pages/CreateEventModal.tsx(433,33): error TS17004: Cannot use JSX unless the '--jsx' flag is provided.
src/modules/events/pages/CreateEventModal.tsx(448,27): error TS17004: Cannot use JSX unless the '--jsx' flag is provided.
src/modules/events/pages/CreateEventModal.tsx(458,31): error TS17004: Cannot use JSX unless the '--jsx' flag is provided.
src/modules/events/pages/CreateEventModal.tsx(459,33): error TS17004: Cannot use JSX unless the '--jsx' flag is provided.
src/modules/events/pages/CreateEventModal.tsx(474,15): error TS17004: Cannot use JSX unless the '--jsx' flag is provided.
src/modules/events/pages/CreateEventModal.tsx(475,17): error TS17004: Cannot use JSX unless the '--jsx' flag is provided.
src/modules/events/pages/CreateEventModal.tsx(476,17): error TS17004: Cannot use JSX unless the '--jsx' flag is provided.
src/modules/events/pages/CreateEventModal.tsx(477,19): error TS17004: Cannot use JSX unless the '--jsx' flag is provided.
src/modules/events/pages/CreateEventModal.tsx(483,47): error TS2812: Property 'value' does not exist on type 'EventTarget & HTMLInputElement'. Try changing the 'lib' compiler option to include 'dom'.
src/modules/events/pages/CreateEventModal.tsx(499,19): error TS17004: Cannot use JSX unless the '--jsx' flag is provided.
src/modules/events/pages/CreateEventModal.tsx(503,21): error TS17004: Cannot use JSX unless the '--jsx' flag is provided.
src/modules/events/pages/CreateEventModal.tsx(504,23): error TS17004: Cannot use JSX unless the '--jsx' flag is provided.
src/modules/events/pages/CreateEventModal.tsx(505,25): error TS17004: Cannot use JSX unless the '--jsx' flag is provided.
src/modules/events/pages/CreateEventModal.tsx(507,23): error TS17004: Cannot use JSX unless the '--jsx' flag is provided.
src/modules/events/pages/CreateEventModal.tsx(508,25): error TS17004: Cannot use JSX unless the '--jsx' flag is provided.
src/modules/events/pages/CreateEventModal.tsx(514,33): error TS17004: Cannot use JSX unless the '--jsx' flag is provided.
src/modules/events/pages/CreateEventModal.tsx(531,33): error TS17004: Cannot use JSX unless the '--jsx' flag is provided.
src/modules/events/pages/CreateEventModal.tsx(546,29): error TS17004: Cannot use JSX unless the '--jsx' flag is provided.
src/modules/events/pages/CreateEventModal.tsx(556,33): error TS17004: Cannot use JSX unless the '--jsx' flag is provided.
src/modules/events/pages/CreateEventModal.tsx(557,35): error TS17004: Cannot use JSX unless the '--jsx' flag is provided.
src/modules/events/pages/CreateEventModal.tsx(572,15): error TS17004: Cannot use JSX unless the '--jsx' flag is provided.
src/modules/events/pages/CreateEventModal.tsx(573,17): error TS17004: Cannot use JSX unless the '--jsx' flag is provided.
src/modules/events/pages/CreateEventModal.tsx(574,17): error TS17004: Cannot use JSX unless the '--jsx' flag is provided.
src/modules/events/pages/CreateEventModal.tsx(575,19): error TS17004: Cannot use JSX unless the '--jsx' flag is provided.
src/modules/events/pages/CreateEventModal.tsx(576,21): error TS17004: Cannot use JSX unless the '--jsx' flag is provided.
src/modules/events/pages/CreateEventModal.tsx(577,23): error TS17004: Cannot use JSX unless the '--jsx' flag is provided.
src/modules/events/pages/CreateEventModal.tsx(580,23): error TS17004: Cannot use JSX unless the '--jsx' flag is provided.
src/modules/events/pages/CreateEventModal.tsx(582,21): error TS17004: Cannot use JSX unless the '--jsx' flag is provided.
src/modules/events/pages/CreateEventModal.tsx(587,25): error TS17004: Cannot use JSX unless the '--jsx' flag is provided.
src/modules/events/pages/CreateEventModal.tsx(587,25): error TS2590: Expression produces a union type that is too complex to represent.
src/modules/events/pages/CreateEventModal.tsx(597,29): error TS17004: Cannot use JSX unless the '--jsx' flag is provided.
src/modules/events/pages/CreateEventModal.tsx(598,31): error TS17004: Cannot use JSX unless the '--jsx' flag is provided.
src/modules/events/pages/CreateEventModal.tsx(611,15): error TS17004: Cannot use JSX unless the '--jsx' flag is provided.
src/modules/events/pages/CreateEventModal.tsx(616,11): error TS17004: Cannot use JSX unless the '--jsx' flag is provided.
src/modules/events/pages/CreateEventModal.tsx(617,13): error TS17004: Cannot use JSX unless the '--jsx' flag is provided.
src/modules/events/pages/CreateEventModal.tsx(618,27): error TS17004: Cannot use JSX unless the '--jsx' flag is provided.
src/modules/events/pages/CreateEventModal.tsx(620,13): error TS17004: Cannot use JSX unless the '--jsx' flag is provided.
src/modules/events/pages/CreateEventModal.tsx(623,80): error TS2812: Property 'value' does not exist on type 'EventTarget & HTMLTextAreaElement'. Try changing the 'lib' compiler option to include 'dom'.
src/modules/events/pages/CreateEventModal.tsx(631,11): error TS17004: Cannot use JSX unless the '--jsx' flag is provided.
src/modules/events/pages/CreateEventModal.tsx(632,13): error TS17004: Cannot use JSX unless the '--jsx' flag is provided.
src/modules/events/pages/CreateEventModal.tsx(633,15): error TS17004: Cannot use JSX unless the '--jsx' flag is provided.
src/modules/events/pages/CreateEventModal.tsx(636,15): error TS17004: Cannot use JSX unless the '--jsx' flag is provided.
src/modules/events/pages/CreateEventModal.tsx(665,17): error TS17004: Cannot use JSX unless the '--jsx' flag is provided.
src/modules/events/pages/CreateEventModal.tsx(669,13): error TS17004: Cannot use JSX unless the '--jsx' flag is provided.
src/modules/events/pages/CreateEventModal.tsx(670,15): error TS17004: Cannot use JSX unless the '--jsx' flag is provided.
src/modules/events/pages/CreateEventModal.tsx(671,17): error TS17004: Cannot use JSX unless the '--jsx' flag is provided.
src/modules/events/pages/CreateEventModal.tsx(676,89): error TS2812: Property 'value' does not exist on type 'EventTarget & HTMLInputElement'. Try changing the 'lib' compiler option to include 'dom'.
src/modules/events/pages/CreateEventModal.tsx(679,17): error TS17004: Cannot use JSX unless the '--jsx' flag is provided.
src/modules/events/pages/CreateEventModal.tsx(680,19): error TS17004: Cannot use JSX unless the '--jsx' flag is provided.
src/modules/events/pages/CreateEventModal.tsx(681,21): error TS17004: Cannot use JSX unless the '--jsx' flag is provided.
src/modules/events/pages/CreateEventModal.tsx(682,21): error TS17004: Cannot use JSX unless the '--jsx' flag is provided.
src/modules/events/pages/CreateEventModal.tsx(684,19): error TS17004: Cannot use JSX unless the '--jsx' flag is provided.
src/modules/events/pages/CreateEventModal.tsx(688,15): error TS17004: Cannot use JSX unless the '--jsx' flag is provided.
src/modules/events/pages/CreateEventModal.tsx(689,17): error TS17004: Cannot use JSX unless the '--jsx' flag is provided.
src/modules/events/pages/CreateEventModal.tsx(694,89): error TS2812: Property 'value' does not exist on type 'EventTarget & HTMLInputElement'. Try changing the 'lib' compiler option to include 'dom'.
src/modules/events/pages/CreateEventModal.tsx(697,17): error TS17004: Cannot use JSX unless the '--jsx' flag is provided.
src/modules/events/pages/CreateEventModal.tsx(698,19): error TS17004: Cannot use JSX unless the '--jsx' flag is provided.
src/modules/events/pages/CreateEventModal.tsx(699,21): error TS17004: Cannot use JSX unless the '--jsx' flag is provided.
src/modules/events/pages/CreateEventModal.tsx(701,19): error TS17004: Cannot use JSX unless the '--jsx' flag is provided.
src/modules/events/pages/CreateEventModal.tsx(709,13): error TS17004: Cannot use JSX unless the '--jsx' flag is provided.
src/modules/events/pages/CreateEventModal.tsx(711,15): error TS17004: Cannot use JSX unless the '--jsx' flag is provided.
src/modules/events/pages/CreateEventModal.tsx(712,17): error TS17004: Cannot use JSX unless the '--jsx' flag is provided.
src/modules/events/pages/CreateEventModal.tsx(713,19): error TS17004: Cannot use JSX unless the '--jsx' flag is provided.
src/modules/events/pages/CreateEventModal.tsx(714,19): error TS17004: Cannot use JSX unless the '--jsx' flag is provided.
src/modules/events/pages/CreateEventModal.tsx(715,19): error TS17004: Cannot use JSX unless the '--jsx' flag is provided.
src/modules/events/pages/CreateEventModal.tsx(719,17): error TS17004: Cannot use JSX unless the '--jsx' flag is provided.
src/modules/events/pages/CreateEventModal.tsx(720,19): error TS17004: Cannot use JSX unless the '--jsx' flag is provided.
src/modules/events/pages/CreateEventModal.tsx(728,21): error TS17004: Cannot use JSX unless the '--jsx' flag is provided.
src/modules/events/pages/CreateEventModal.tsx(729,23): error TS17004: Cannot use JSX unless the '--jsx' flag is provided.
src/modules/events/pages/CreateEventModal.tsx(730,25): error TS17004: Cannot use JSX unless the '--jsx' flag is provided.
src/modules/events/pages/CreateEventModal.tsx(732,23): error TS17004: Cannot use JSX unless the '--jsx' flag is provided.
src/modules/events/pages/CreateEventModal.tsx(733,25): error TS17004: Cannot use JSX unless the '--jsx' flag is provided.
src/modules/events/pages/CreateEventModal.tsx(736,25): error TS17004: Cannot use JSX unless the '--jsx' flag is provided.
src/modules/events/pages/CreateEventModal.tsx(745,17): error TS17004: Cannot use JSX unless the '--jsx' flag is provided.
src/modules/events/pages/CreateEventModal.tsx(746,19): error TS17004: Cannot use JSX unless the '--jsx' flag is provided.
src/modules/events/pages/CreateEventModal.tsx(754,21): error TS17004: Cannot use JSX unless the '--jsx' flag is provided.
src/modules/events/pages/CreateEventModal.tsx(755,23): error TS17004: Cannot use JSX unless the '--jsx' flag is provided.
src/modules/events/pages/CreateEventModal.tsx(756,25): error TS17004: Cannot use JSX unless the '--jsx' flag is provided.
src/modules/events/pages/CreateEventModal.tsx(758,23): error TS17004: Cannot use JSX unless the '--jsx' flag is provided.
src/modules/events/pages/CreateEventModal.tsx(759,25): error TS17004: Cannot use JSX unless the '--jsx' flag is provided.
src/modules/events/pages/CreateEventModal.tsx(762,25): error TS17004: Cannot use JSX unless the '--jsx' flag is provided.
src/modules/events/pages/CreateEventModal.tsx(772,19): error TS17004: Cannot use JSX unless the '--jsx' flag is provided.
src/modules/events/pages/CreateEventModal.tsx(773,21): error TS17004: Cannot use JSX unless the '--jsx' flag is provided.
src/modules/events/pages/CreateEventModal.tsx(775,25): error TS17004: Cannot use JSX unless the '--jsx' flag is provided.
src/modules/events/pages/CreateEventModal.tsx(776,27): error TS17004: Cannot use JSX unless the '--jsx' flag is provided.
src/modules/events/pages/CreateEventModal.tsx(777,29): error TS17004: Cannot use JSX unless the '--jsx' flag is provided.
src/modules/events/pages/CreateEventModal.tsx(779,27): error TS17004: Cannot use JSX unless the '--jsx' flag is provided.
src/modules/events/pages/CreateEventModal.tsx(780,27): error TS17004: Cannot use JSX unless the '--jsx' flag is provided.
src/modules/events/pages/CreateEventModal.tsx(785,29): error TS17004: Cannot use JSX unless the '--jsx' flag is provided.
src/modules/events/pages/CreateEventModal.tsx(791,25): error TS17004: Cannot use JSX unless the '--jsx' flag is provided.
src/modules/events/pages/CreateEventModal.tsx(792,27): error TS17004: Cannot use JSX unless the '--jsx' flag is provided.
src/modules/events/pages/CreateEventModal.tsx(793,29): error TS17004: Cannot use JSX unless the '--jsx' flag is provided.
src/modules/events/pages/CreateEventModal.tsx(795,27): error TS17004: Cannot use JSX unless the '--jsx' flag is provided.
src/modules/events/pages/CreateEventModal.tsx(796,27): error TS17004: Cannot use JSX unless the '--jsx' flag is provided.
src/modules/events/pages/CreateEventModal.tsx(801,29): error TS17004: Cannot use JSX unless the '--jsx' flag is provided.
src/modules/events/pages/CreateEventModal.tsx(815,9): error TS17004: Cannot use JSX unless the '--jsx' flag is provided.
src/modules/events/pages/CreateEventModal.tsx(816,11): error TS17004: Cannot use JSX unless the '--jsx' flag is provided.
src/modules/events/pages/CreateEventModal.tsx(824,11): error TS17004: Cannot use JSX unless the '--jsx' flag is provided.
src/modules/events/pages/CreateEventModal.tsx(831,15): error TS17004: Cannot use JSX unless the '--jsx' flag is provided.
src/modules/events/pages/CreateEventModal.tsx(832,17): error TS17004: Cannot use JSX unless the '--jsx' flag is provided.
src/modules/events/pages/CreateEventModal.tsx(833,17): error TS17004: Cannot use JSX unless the '--jsx' flag is provided.
src/modules/events/pages/CreateEventModal.tsx(836,15): error TS17004: Cannot use JSX unless the '--jsx' flag is provided.
src/modules/events/pages/CreateEventModal.tsx(837,17): error TS17004: Cannot use JSX unless the '--jsx' flag is provided.
src/modules/events/pages/CreateEventModal.tsx(838,17): error TS17004: Cannot use JSX unless the '--jsx' flag is provided.
src/modules/events/pages/CreateEventModal.tsx(846,7): error TS17004: Cannot use JSX unless the '--jsx' flag is provided.
src/modules/events/pages/CreateEventModal.tsx(853,7): error TS17004: Cannot use JSX unless the '--jsx' flag is provided.
src/modules/events/pages/EditEventModal.tsx(8,38): error TS6142: Module '../../../components/MethodSelectionModal' was resolved to 'c:/Users/juand/OneDrive/Documents/Actividades Sena/9. Proyecto/5. Quinto Trimestre/Focus-Up-FrontEnd/src/components/MethodSelectionModal.tsx', but '--jsx' is not set.
src/modules/events/pages/EditEventModal.tsx(9,37): error TS6142: Module '../../../components/AlbumSelectionModal' was resolved to 'c:/Users/juand/OneDrive/Documents/Actividades Sena/9. Proyecto/5. Quinto Trimestre/Focus-Up-FrontEnd/src/components/AlbumSelectionModal.tsx', but '--jsx' is not set.
src/modules/events/pages/EditEventModal.tsx(100,19): error TS2584: Cannot find name 'document'. Do you need to change your target library? Try changing the 'lib' compiler option to include 'dom'.
src/modules/events/pages/EditEventModal.tsx(138,5): error TS2584: Cannot find name 'document'. Do you need to change your target library? Try changing the 'lib' compiler option to include 'dom'.
src/modules/events/pages/EditEventModal.tsx(140,7): error TS2584: Cannot find name 'document'. Do you need to change your target library? Try changing the 'lib' compiler option to include 'dom'.
src/modules/events/pages/EditEventModal.tsx(207,7): error TS2584: Cannot find name 'console'. Do you need to change your target library? Try changing the 'lib' compiler option to include 'dom'.
src/modules/events/pages/EditEventModal.tsx(274,5): error TS17004: Cannot use JSX unless the '--jsx' flag is provided.
src/modules/events/pages/EditEventModal.tsx(275,7): error TS17004: Cannot use JSX unless the '--jsx' flag is provided.
src/modules/events/pages/EditEventModal.tsx(276,9): error TS17004: Cannot use JSX unless the '--jsx' flag is provided.
src/modules/events/pages/EditEventModal.tsx(282,17): error TS17004: Cannot use JSX unless the '--jsx' flag is provided.
src/modules/events/pages/EditEventModal.tsx(299,17): error TS17004: Cannot use JSX unless the '--jsx' flag is provided.
src/modules/events/pages/EditEventModal.tsx(314,9): error TS17004: Cannot use JSX unless the '--jsx' flag is provided.
src/modules/events/pages/EditEventModal.tsx(315,11): error TS17004: Cannot use JSX unless the '--jsx' flag is provided.
src/modules/events/pages/EditEventModal.tsx(316,13): error TS17004: Cannot use JSX unless the '--jsx' flag is provided.
src/modules/events/pages/EditEventModal.tsx(317,15): error TS17004: Cannot use JSX unless the '--jsx' flag is provided.
src/modules/events/pages/EditEventModal.tsx(319,13): error TS17004: Cannot use JSX unless the '--jsx' flag is provided.
src/modules/events/pages/EditEventModal.tsx(320,15): error TS17004: Cannot use JSX unless the '--jsx' flag is provided.
src/modules/events/pages/EditEventModal.tsx(321,15): error TS17004: Cannot use JSX unless the '--jsx' flag is provided.
src/modules/events/pages/EditEventModal.tsx(324,11): error TS17004: Cannot use JSX unless the '--jsx' flag is provided.
src/modules/events/pages/EditEventModal.tsx(329,13): error TS17004: Cannot use JSX unless the '--jsx' flag is provided.
src/modules/events/pages/EditEventModal.tsx(334,9): error TS17004: Cannot use JSX unless the '--jsx' flag is provided.
src/modules/events/pages/EditEventModal.tsx(336,11): error TS17004: Cannot use JSX unless the '--jsx' flag is provided.
src/modules/events/pages/EditEventModal.tsx(337,13): error TS17004: Cannot use JSX unless the '--jsx' flag is provided.
src/modules/events/pages/EditEventModal.tsx(338,33): error TS17004: Cannot use JSX unless the '--jsx' flag is provided.
src/modules/events/pages/EditEventModal.tsx(340,13): error TS17004: Cannot use JSX unless the '--jsx' flag is provided.
src/modules/events/pages/EditEventModal.tsx(341,15): error TS17004: Cannot use JSX unless the '--jsx' flag is provided.
src/modules/events/pages/EditEventModal.tsx(345,77): error TS2812: Property 'value' does not exist on type 'EventTarget & HTMLInputElement'. Try changing the 'lib' compiler option to include 'dom'.
src/modules/events/pages/EditEventModal.tsx(354,17): error TS17004: Cannot use JSX unless the '--jsx' flag is provided.
src/modules/events/pages/EditEventModal.tsx(355,19): error TS17004: Cannot use JSX unless the '--jsx' flag is provided.
src/modules/events/pages/EditEventModal.tsx(363,11): error TS17004: Cannot use JSX unless the '--jsx' flag is provided.
src/modules/events/pages/EditEventModal.tsx(364,13): error TS17004: Cannot use JSX unless the '--jsx' flag is provided.
src/modules/events/pages/EditEventModal.tsx(365,32): error TS17004: Cannot use JSX unless the '--jsx' flag is provided.
src/modules/events/pages/EditEventModal.tsx(367,13): error TS17004: Cannot use JSX unless the '--jsx' flag is provided.
src/modules/events/pages/EditEventModal.tsx(368,15): error TS17004: Cannot use JSX unless the '--jsx' flag is provided.
src/modules/events/pages/EditEventModal.tsx(369,17): error TS17004: Cannot use JSX unless the '--jsx' flag is provided.
src/modules/events/pages/EditEventModal.tsx(371,15): error TS17004: Cannot use JSX unless the '--jsx' flag is provided.
src/modules/events/pages/EditEventModal.tsx(375,76): error TS2812: Property 'value' does not exist on type 'EventTarget & HTMLInputElement'. Try changing the 'lib' compiler option to include 'dom'.
src/modules/events/pages/EditEventModal.tsx(386,17): error TS17004: Cannot use JSX unless the '--jsx' flag is provided.
src/modules/events/pages/EditEventModal.tsx(387,19): error TS17004: Cannot use JSX unless the '--jsx' flag is provided.
src/modules/events/pages/EditEventModal.tsx(395,11): error TS17004: Cannot use JSX unless the '--jsx' flag is provided.
src/modules/events/pages/EditEventModal.tsx(396,13): error TS17004: Cannot use JSX unless the '--jsx' flag is provided.
src/modules/events/pages/EditEventModal.tsx(397,31): error TS17004: Cannot use JSX unless the '--jsx' flag is provided.
src/modules/events/pages/EditEventModal.tsx(399,13): error TS17004: Cannot use JSX unless the '--jsx' flag is provided.
src/modules/events/pages/EditEventModal.tsx(401,15): error TS17004: Cannot use JSX unless the '--jsx' flag is provided.
src/modules/events/pages/EditEventModal.tsx(402,17): error TS17004: Cannot use JSX unless the '--jsx' flag is provided.
src/modules/events/pages/EditEventModal.tsx(403,17): error TS17004: Cannot use JSX unless the '--jsx' flag is provided.
src/modules/events/pages/EditEventModal.tsx(404,19): error TS17004: Cannot use JSX unless the '--jsx' flag is provided.
src/modules/events/pages/EditEventModal.tsx(410,45): error TS2812: Property 'value' does not exist on type 'EventTarget & HTMLInputElement'. Try changing the 'lib' compiler option to include 'dom'.
src/modules/events/pages/EditEventModal.tsx(426,19): error TS17004: Cannot use JSX unless the '--jsx' flag is provided.
src/modules/events/pages/EditEventModal.tsx(430,21): error TS17004: Cannot use JSX unless the '--jsx' flag is provided.
src/modules/events/pages/EditEventModal.tsx(431,23): error TS17004: Cannot use JSX unless the '--jsx' flag is provided.
src/modules/events/pages/EditEventModal.tsx(432,25): error TS17004: Cannot use JSX unless the '--jsx' flag is provided.
src/modules/events/pages/EditEventModal.tsx(434,23): error TS17004: Cannot use JSX unless the '--jsx' flag is provided.
src/modules/events/pages/EditEventModal.tsx(435,25): error TS17004: Cannot use JSX unless the '--jsx' flag is provided.
src/modules/events/pages/EditEventModal.tsx(441,33): error TS17004: Cannot use JSX unless the '--jsx' flag is provided.
src/modules/events/pages/EditEventModal.tsx(458,33): error TS17004: Cannot use JSX unless the '--jsx' flag is provided.
src/modules/events/pages/EditEventModal.tsx(473,27): error TS17004: Cannot use JSX unless the '--jsx' flag is provided.
src/modules/events/pages/EditEventModal.tsx(483,31): error TS17004: Cannot use JSX unless the '--jsx' flag is provided.
src/modules/events/pages/EditEventModal.tsx(484,33): error TS17004: Cannot use JSX unless the '--jsx' flag is provided.
src/modules/events/pages/EditEventModal.tsx(499,15): error TS17004: Cannot use JSX unless the '--jsx' flag is provided.
src/modules/events/pages/EditEventModal.tsx(500,17): error TS17004: Cannot use JSX unless the '--jsx' flag is provided.
src/modules/events/pages/EditEventModal.tsx(501,17): error TS17004: Cannot use JSX unless the '--jsx' flag is provided.
src/modules/events/pages/EditEventModal.tsx(502,19): error TS17004: Cannot use JSX unless the '--jsx' flag is provided.
src/modules/events/pages/EditEventModal.tsx(508,47): error TS2812: Property 'value' does not exist on type 'EventTarget & HTMLInputElement'. Try changing the 'lib' compiler option to include 'dom'.
src/modules/events/pages/EditEventModal.tsx(524,19): error TS17004: Cannot use JSX unless the '--jsx' flag is provided.
src/modules/events/pages/EditEventModal.tsx(528,21): error TS17004: Cannot use JSX unless the '--jsx' flag is provided.
src/modules/events/pages/EditEventModal.tsx(529,23): error TS17004: Cannot use JSX unless the '--jsx' flag is provided.
src/modules/events/pages/EditEventModal.tsx(530,25): error TS17004: Cannot use JSX unless the '--jsx' flag is provided.
src/modules/events/pages/EditEventModal.tsx(532,23): error TS17004: Cannot use JSX unless the '--jsx' flag is provided.
src/modules/events/pages/EditEventModal.tsx(533,25): error TS17004: Cannot use JSX unless the '--jsx' flag is provided.
src/modules/events/pages/EditEventModal.tsx(539,33): error TS17004: Cannot use JSX unless the '--jsx' flag is provided.
src/modules/events/pages/EditEventModal.tsx(556,33): error TS17004: Cannot use JSX unless the '--jsx' flag is provided.
src/modules/events/pages/EditEventModal.tsx(571,27): error TS17004: Cannot use JSX unless the '--jsx' flag is provided.
src/modules/events/pages/EditEventModal.tsx(581,31): error TS17004: Cannot use JSX unless the '--jsx' flag is provided.
src/modules/events/pages/EditEventModal.tsx(582,33): error TS17004: Cannot use JSX unless the '--jsx' flag is provided.
src/modules/events/pages/EditEventModal.tsx(597,15): error TS17004: Cannot use JSX unless the '--jsx' flag is provided.
src/modules/events/pages/EditEventModal.tsx(598,17): error TS17004: Cannot use JSX unless the '--jsx' flag is provided.
src/modules/events/pages/EditEventModal.tsx(599,17): error TS17004: Cannot use JSX unless the '--jsx' flag is provided.
src/modules/events/pages/EditEventModal.tsx(600,19): error TS17004: Cannot use JSX unless the '--jsx' flag is provided.
src/modules/events/pages/EditEventModal.tsx(601,21): error TS17004: Cannot use JSX unless the '--jsx' flag is provided.
src/modules/events/pages/EditEventModal.tsx(602,23): error TS17004: Cannot use JSX unless the '--jsx' flag is provided.
src/modules/events/pages/EditEventModal.tsx(605,23): error TS17004: Cannot use JSX unless the '--jsx' flag is provided.
src/modules/events/pages/EditEventModal.tsx(607,21): error TS17004: Cannot use JSX unless the '--jsx' flag is provided.
src/modules/events/pages/EditEventModal.tsx(612,25): error TS17004: Cannot use JSX unless the '--jsx' flag is provided.
src/modules/events/pages/EditEventModal.tsx(622,29): error TS17004: Cannot use JSX unless the '--jsx' flag is provided.
src/modules/events/pages/EditEventModal.tsx(623,31): error TS17004: Cannot use JSX unless the '--jsx' flag is provided.
src/modules/events/pages/EditEventModal.tsx(636,15): error TS17004: Cannot use JSX unless the '--jsx' flag is provided.
src/modules/events/pages/EditEventModal.tsx(641,11): error TS17004: Cannot use JSX unless the '--jsx' flag is provided.
src/modules/events/pages/EditEventModal.tsx(642,13): error TS17004: Cannot use JSX unless the '--jsx' flag is provided.
src/modules/events/pages/EditEventModal.tsx(643,27): error TS17004: Cannot use JSX unless the '--jsx' flag is provided.
src/modules/events/pages/EditEventModal.tsx(645,13): error TS17004: Cannot use JSX unless the '--jsx' flag is provided.
src/modules/events/pages/EditEventModal.tsx(648,80): error TS2812: Property 'value' does not exist on type 'EventTarget & HTMLTextAreaElement'. Try changing the 'lib' compiler option to include 'dom'.
src/modules/events/pages/EditEventModal.tsx(657,13): error TS17004: Cannot use JSX unless the '--jsx' flag is provided.
src/modules/events/pages/EditEventModal.tsx(659,15): error TS17004: Cannot use JSX unless the '--jsx' flag is provided.
src/modules/events/pages/EditEventModal.tsx(660,17): error TS17004: Cannot use JSX unless the '--jsx' flag is provided.
src/modules/events/pages/EditEventModal.tsx(661,19): error TS17004: Cannot use JSX unless the '--jsx' flag is provided.
src/modules/events/pages/EditEventModal.tsx(662,19): error TS17004: Cannot use JSX unless the '--jsx' flag is provided.
src/modules/events/pages/EditEventModal.tsx(663,19): error TS17004: Cannot use JSX unless the '--jsx' flag is provided.
src/modules/events/pages/EditEventModal.tsx(667,17): error TS17004: Cannot use JSX unless the '--jsx' flag is provided.
src/modules/events/pages/EditEventModal.tsx(668,19): error TS17004: Cannot use JSX unless the '--jsx' flag is provided.
src/modules/events/pages/EditEventModal.tsx(676,21): error TS17004: Cannot use JSX unless the '--jsx' flag is provided.
src/modules/events/pages/EditEventModal.tsx(677,23): error TS17004: Cannot use JSX unless the '--jsx' flag is provided.
src/modules/events/pages/EditEventModal.tsx(678,25): error TS17004: Cannot use JSX unless the '--jsx' flag is provided.
src/modules/events/pages/EditEventModal.tsx(680,23): error TS17004: Cannot use JSX unless the '--jsx' flag is provided.
src/modules/events/pages/EditEventModal.tsx(681,25): error TS17004: Cannot use JSX unless the '--jsx' flag is provided.
src/modules/events/pages/EditEventModal.tsx(684,25): error TS17004: Cannot use JSX unless the '--jsx' flag is provided.
src/modules/events/pages/EditEventModal.tsx(693,17): error TS17004: Cannot use JSX unless the '--jsx' flag is provided.
src/modules/events/pages/EditEventModal.tsx(694,19): error TS17004: Cannot use JSX unless the '--jsx' flag is provided.
src/modules/events/pages/EditEventModal.tsx(702,21): error TS17004: Cannot use JSX unless the '--jsx' flag is provided.
src/modules/events/pages/EditEventModal.tsx(703,23): error TS17004: Cannot use JSX unless the '--jsx' flag is provided.
src/modules/events/pages/EditEventModal.tsx(704,25): error TS17004: Cannot use JSX unless the '--jsx' flag is provided.
src/modules/events/pages/EditEventModal.tsx(706,23): error TS17004: Cannot use JSX unless the '--jsx' flag is provided.
src/modules/events/pages/EditEventModal.tsx(707,25): error TS17004: Cannot use JSX unless the '--jsx' flag is provided.
src/modules/events/pages/EditEventModal.tsx(710,25): error TS17004: Cannot use JSX unless the '--jsx' flag is provided.
src/modules/events/pages/EditEventModal.tsx(720,19): error TS17004: Cannot use JSX unless the '--jsx' flag is provided.
src/modules/events/pages/EditEventModal.tsx(721,21): error TS17004: Cannot use JSX unless the '--jsx' flag is provided.
src/modules/events/pages/EditEventModal.tsx(723,25): error TS17004: Cannot use JSX unless the '--jsx' flag is provided.
src/modules/events/pages/EditEventModal.tsx(724,27): error TS17004: Cannot use JSX unless the '--jsx' flag is provided.
src/modules/events/pages/EditEventModal.tsx(725,29): error TS17004: Cannot use JSX unless the '--jsx' flag is provided.
src/modules/events/pages/EditEventModal.tsx(727,27): error TS17004: Cannot use JSX unless the '--jsx' flag is provided.
src/modules/events/pages/EditEventModal.tsx(728,27): error TS17004: Cannot use JSX unless the '--jsx' flag is provided.
src/modules/events/pages/EditEventModal.tsx(733,29): error TS17004: Cannot use JSX unless the '--jsx' flag is provided.
src/modules/events/pages/EditEventModal.tsx(739,25): error TS17004: Cannot use JSX unless the '--jsx' flag is provided.
src/modules/events/pages/EditEventModal.tsx(740,27): error TS17004: Cannot use JSX unless the '--jsx' flag is provided.
src/modules/events/pages/EditEventModal.tsx(741,29): error TS17004: Cannot use JSX unless the '--jsx' flag is provided.
src/modules/events/pages/EditEventModal.tsx(743,27): error TS17004: Cannot use JSX unless the '--jsx' flag is provided.
src/modules/events/pages/EditEventModal.tsx(744,27): error TS17004: Cannot use JSX unless the '--jsx' flag is provided.
src/modules/events/pages/EditEventModal.tsx(749,29): error TS17004: Cannot use JSX unless the '--jsx' flag is provided.
src/modules/events/pages/EditEventModal.tsx(763,9): error TS17004: Cannot use JSX unless the '--jsx' flag is provided.
src/modules/events/pages/EditEventModal.tsx(764,11): error TS17004: Cannot use JSX unless the '--jsx' flag is provided.
src/modules/events/pages/EditEventModal.tsx(772,11): error TS17004: Cannot use JSX unless the '--jsx' flag is provided.
src/modules/events/pages/EditEventModal.tsx(779,15): error TS17004: Cannot use JSX unless the '--jsx' flag is provided.
src/modules/events/pages/EditEventModal.tsx(780,17): error TS17004: Cannot use JSX unless the '--jsx' flag is provided.
src/modules/events/pages/EditEventModal.tsx(781,17): error TS17004: Cannot use JSX unless the '--jsx' flag is provided.
src/modules/events/pages/EditEventModal.tsx(784,15): error TS17004: Cannot use JSX unless the '--jsx' flag is provided.
src/modules/events/pages/EditEventModal.tsx(785,17): error TS17004: Cannot use JSX unless the '--jsx' flag is provided.
src/modules/events/pages/EditEventModal.tsx(786,17): error TS17004: Cannot use JSX unless the '--jsx' flag is provided.
src/modules/events/pages/EditEventModal.tsx(794,7): error TS17004: Cannot use JSX unless the '--jsx' flag is provided.
src/modules/events/pages/EditEventModal.tsx(801,7): error TS17004: Cannot use JSX unless the '--jsx' flag is provided.
src/modules/events/pages/EventsPage.tsx(4,25): error TS6142: Module '../../../shared/components/ui/Sidebar' was resolved to 'c:/Users/juand/OneDrive/Documents/Actividades Sena/9. Proyecto/5. Quinto Trimestre/Focus-Up-FrontEnd/src/shared/components/ui/Sidebar.tsx', but '--jsx' is not set.
src/modules/events/pages/EventsPage.tsx(5,27): error TS6142: Module '../../../components/ui/EventCard' was resolved to 'c:/Users/juand/OneDrive/Documents/Actividades Sena/9. Proyecto/5. Quinto Trimestre/Focus-Up-FrontEnd/src/components/ui/EventCard.tsx', but '--jsx' is not set.
src/modules/events/pages/EventsPage.tsx(6,34): error TS6142: Module './CreateEventModal' was resolved to 'c:/Users/juand/OneDrive/Documents/Actividades Sena/9. Proyecto/5. Quinto Trimestre/Focus-Up-FrontEnd/src/modules/events/pages/CreateEventModal.tsx', but '--jsx' is not set.
src/modules/events/pages/EventsPage.tsx(7,32): error TS6142: Module './EditEventModal' was resolved to 'c:/Users/juand/OneDrive/Documents/Actividades Sena/9. Proyecto/5. Quinto Trimestre/Focus-Up-FrontEnd/src/modules/events/pages/EditEventModal.tsx', but '--jsx' is not set.
src/modules/events/pages/EventsPage.tsx(33,5): error TS2584: Cannot find name 'console'. Do you need to change your target library? Try changing the 'lib' compiler option to include 'dom'.
src/modules/events/pages/EventsPage.tsx(35,7): error TS2584: Cannot find name 'console'. Do you need to change your target library? Try changing the 'lib' compiler option to include 'dom'.
src/modules/events/pages/EventsPage.tsx(36,7): error TS2584: Cannot find name 'console'. Do you need to change your target library? Try changing the 'lib' compiler option to include 'dom'.
src/modules/events/pages/EventsPage.tsx(37,7): error TS2584: Cannot find name 'console'. Do you need to change your target library? Try changing the 'lib' compiler option to include 'dom'.
src/modules/events/pages/EventsPage.tsx(83,9): error TS2584: Cannot find name 'console'. Do you need to change your target library? Try changing the 'lib' compiler option to include 'dom'.
src/modules/events/pages/EventsPage.tsx(121,11): error TS2584: Cannot find name 'console'. Do you need to change your target library? Try changing the 'lib' compiler option to include 'dom'.
src/modules/events/pages/EventsPage.tsx(181,7): error TS2584: Cannot find name 'console'. Do you need to change your target library? Try changing the 'lib' compiler option to include 'dom'.
src/modules/events/pages/EventsPage.tsx(194,5): error TS17004: Cannot use JSX unless the '--jsx' flag is provided.
src/modules/events/pages/EventsPage.tsx(196,7): error TS17004: Cannot use JSX unless the '--jsx' flag is provided.
src/modules/events/pages/EventsPage.tsx(197,9): error TS17004: Cannot use JSX unless the '--jsx' flag is provided.
src/modules/events/pages/EventsPage.tsx(198,9): error TS17004: Cannot use JSX unless the '--jsx' flag is provided.
src/modules/events/pages/EventsPage.tsx(199,9): error TS17004: Cannot use JSX unless the '--jsx' flag is provided.
src/modules/events/pages/EventsPage.tsx(202,7): error TS17004: Cannot use JSX unless the '--jsx' flag is provided.
src/modules/events/pages/EventsPage.tsx(204,7): error TS17004: Cannot use JSX unless the '--jsx' flag is provided.
src/modules/events/pages/EventsPage.tsx(205,9): error TS17004: Cannot use JSX unless the '--jsx' flag is provided.
src/modules/events/pages/EventsPage.tsx(207,11): error TS17004: Cannot use JSX unless the '--jsx' flag is provided.
src/modules/events/pages/EventsPage.tsx(209,13): error TS17004: Cannot use JSX unless the '--jsx' flag is provided.
src/modules/events/pages/EventsPage.tsx(211,13): error TS17004: Cannot use JSX unless the '--jsx' flag is provided.
src/modules/events/pages/EventsPage.tsx(213,15): error TS17004: Cannot use JSX unless the '--jsx' flag is provided.
src/modules/events/pages/EventsPage.tsx(214,17): error TS17004: Cannot use JSX unless the '--jsx' flag is provided.
src/modules/events/pages/EventsPage.tsx(215,19): error TS17004: Cannot use JSX unless the '--jsx' flag is provided.
src/modules/events/pages/EventsPage.tsx(218,19): error TS17004: Cannot use JSX unless the '--jsx' flag is provided.
src/modules/events/pages/EventsPage.tsx(223,19): error TS17004: Cannot use JSX unless the '--jsx' flag is provided.
src/modules/events/pages/EventsPage.tsx(224,21): error TS17004: Cannot use JSX unless the '--jsx' flag is provided.
src/modules/events/pages/EventsPage.tsx(225,23): error TS17004: Cannot use JSX unless the '--jsx' flag is provided.
src/modules/events/pages/EventsPage.tsx(228,21): error TS17004: Cannot use JSX unless the '--jsx' flag is provided.
src/modules/events/pages/EventsPage.tsx(229,23): error TS17004: Cannot use JSX unless the '--jsx' flag is provided.
src/modules/events/pages/EventsPage.tsx(232,21): error TS17004: Cannot use JSX unless the '--jsx' flag is provided.
src/modules/events/pages/EventsPage.tsx(233,23): error TS17004: Cannot use JSX unless the '--jsx' flag is provided.
src/modules/events/pages/EventsPage.tsx(239,17): error TS17004: Cannot use JSX unless the '--jsx' flag is provided.
src/modules/events/pages/EventsPage.tsx(241,19): error TS17004: Cannot use JSX unless the '--jsx' flag is provided.
src/modules/events/pages/EventsPage.tsx(242,21): error TS17004: Cannot use JSX unless the '--jsx' flag is provided.
src/modules/events/pages/EventsPage.tsx(247,23): error TS17004: Cannot use JSX unless the '--jsx' flag is provided.
src/modules/events/pages/EventsPage.tsx(251,21): error TS17004: Cannot use JSX unless the '--jsx' flag is provided.
src/modules/events/pages/EventsPage.tsx(253,25): error TS17004: Cannot use JSX unless the '--jsx' flag is provided.
src/modules/events/pages/EventsPage.tsx(260,27): error TS17004: Cannot use JSX unless the '--jsx' flag is provided.
src/modules/events/pages/EventsPage.tsx(268,27): error TS17004: Cannot use JSX unless the '--jsx' flag is provided.
src/modules/events/pages/EventsPage.tsx(276,27): error TS17004: Cannot use JSX unless the '--jsx' flag is provided.
src/modules/events/pages/EventsPage.tsx(290,19): error TS17004: Cannot use JSX unless the '--jsx' flag is provided.
src/modules/events/pages/EventsPage.tsx(295,21): error TS17004: Cannot use JSX unless the '--jsx' flag is provided.
src/modules/events/pages/EventsPage.tsx(296,21): error TS17004: Cannot use JSX unless the '--jsx' flag is provided.
src/modules/events/pages/EventsPage.tsx(305,13): error TS17004: Cannot use JSX unless the '--jsx' flag is provided.
src/modules/events/pages/EventsPage.tsx(306,15): error TS17004: Cannot use JSX unless the '--jsx' flag is provided.
src/modules/events/pages/EventsPage.tsx(307,17): error TS17004: Cannot use JSX unless the '--jsx' flag is provided.
src/modules/events/pages/EventsPage.tsx(308,19): error TS17004: Cannot use JSX unless the '--jsx' flag is provided.
src/modules/events/pages/EventsPage.tsx(310,17): error TS17004: Cannot use JSX unless the '--jsx' flag is provided.
src/modules/events/pages/EventsPage.tsx(311,17): error TS17004: Cannot use JSX unless the '--jsx' flag is provided.
src/modules/events/pages/EventsPage.tsx(318,13): error TS17004: Cannot use JSX unless the '--jsx' flag is provided.
src/modules/events/pages/EventsPage.tsx(319,15): error TS17004: Cannot use JSX unless the '--jsx' flag is provided.
src/modules/events/pages/EventsPage.tsx(320,17): error TS17004: Cannot use JSX unless the '--jsx' flag is provided.
src/modules/events/pages/EventsPage.tsx(321,19): error TS17004: Cannot use JSX unless the '--jsx' flag is provided.
src/modules/events/pages/EventsPage.tsx(322,21): error TS17004: Cannot use JSX unless the '--jsx' flag is provided.
src/modules/events/pages/EventsPage.tsx(324,19): error TS17004: Cannot use JSX unless the '--jsx' flag is provided.
src/modules/events/pages/EventsPage.tsx(325,21): error TS17004: Cannot use JSX unless the '--jsx' flag is provided.
src/modules/events/pages/EventsPage.tsx(328,17): error TS17004: Cannot use JSX unless the '--jsx' flag is provided.
src/modules/events/pages/EventsPage.tsx(329,17): error TS17004: Cannot use JSX unless the '--jsx' flag is provided.
src/modules/events/pages/EventsPage.tsx(330,17): error TS17004: Cannot use JSX unless the '--jsx' flag is provided.
src/modules/events/pages/EventsPage.tsx(334,19): error TS17004: Cannot use JSX unless the '--jsx' flag is provided.
src/modules/events/pages/EventsPage.tsx(335,21): error TS17004: Cannot use JSX unless the '--jsx' flag is provided.
src/modules/events/pages/EventsPage.tsx(345,13): error TS17004: Cannot use JSX unless the '--jsx' flag is provided.
src/modules/events/pages/EventsPage.tsx(348,17): error TS17004: Cannot use JSX unless the '--jsx' flag is provided.
src/modules/events/pages/EventsPage.tsx(349,19): error TS17004: Cannot use JSX unless the '--jsx' flag is provided.
src/modules/events/pages/EventsPage.tsx(350,21): error TS17004: Cannot use JSX unless the '--jsx' flag is provided.
src/modules/events/pages/EventsPage.tsx(351,23): error TS17004: Cannot use JSX unless the '--jsx' flag is provided.
src/modules/events/pages/EventsPage.tsx(352,25): error TS17004: Cannot use JSX unless the '--jsx' flag is provided.
src/modules/events/pages/EventsPage.tsx(354,23): error TS17004: Cannot use JSX unless the '--jsx' flag is provided.
src/modules/events/pages/EventsPage.tsx(355,25): error TS17004: Cannot use JSX unless the '--jsx' flag is provided.
src/modules/events/pages/EventsPage.tsx(358,21): error TS17004: Cannot use JSX unless the '--jsx' flag is provided.
src/modules/events/pages/EventsPage.tsx(361,21): error TS17004: Cannot use JSX unless the '--jsx' flag is provided.
src/modules/events/pages/EventsPage.tsx(365,21): error TS17004: Cannot use JSX unless the '--jsx' flag is provided.
src/modules/events/pages/EventsPage.tsx(369,23): error TS17004: Cannot use JSX unless the '--jsx' flag is provided.
src/modules/events/pages/EventsPage.tsx(370,23): error TS17004: Cannot use JSX unless the '--jsx' flag is provided.
src/modules/events/pages/EventsPage.tsx(371,23): error TS17004: Cannot use JSX unless the '--jsx' flag is provided.
src/modules/events/pages/EventsPage.tsx(372,25): error TS17004: Cannot use JSX unless the '--jsx' flag is provided.
src/modules/events/pages/EventsPage.tsx(379,17): error TS17004: Cannot use JSX unless the '--jsx' flag is provided.
src/modules/events/pages/EventsPage.tsx(380,19): error TS17004: Cannot use JSX unless the '--jsx' flag is provided.
src/modules/events/pages/EventsPage.tsx(381,19): error TS17004: Cannot use JSX unless the '--jsx' flag is provided.
src/modules/events/pages/EventsPage.tsx(388,25): error TS2584: Cannot find name 'console'. Do you need to change your target library? Try changing the 'lib' compiler option to include 'dom'.
src/modules/events/pages/EventsPage.tsx(395,23): error TS2584: Cannot find name 'console'. Do you need to change your target library? Try changing the 'lib' compiler option to include 'dom'.
src/modules/events/pages/EventsPage.tsx(397,25): error TS17004: Cannot use JSX unless the '--jsx' flag is provided.
src/modules/events/pages/EventsPage.tsx(415,7): error TS17004: Cannot use JSX unless the '--jsx' flag is provided.
src/modules/events/pages/EventsPage.tsx(422,7): error TS17004: Cannot use JSX unless the '--jsx' flag is provided.
src/modules/events/pages/index.ts(2,39): error TS6142: Module './EventsPage' was resolved to 'c:/Users/juand/OneDrive/Documents/Actividades Sena/9. Proyecto/5. Quinto Trimestre/Focus-Up-FrontEnd/src/modules/events/pages/EventsPage.tsx', but '--jsx' is not set.
src/modules/events/pages/index.ts(3,45): error TS6142: Module './CreateEventModal' was resolved to 'c:/Users/juand/OneDrive/Documents/Actividades Sena/9. Proyecto/5. Quinto Trimestre/Focus-Up-FrontEnd/src/modules/events/pages/CreateEventModal.tsx', but '--jsx' is not set.
src/modules/events/pages/index.ts(4,43): error TS6142: Module './EditEventModal' was resolved to 'c:/Users/juand/OneDrive/Documents/Actividades Sena/9. Proyecto/5. Quinto Trimestre/Focus-Up-FrontEnd/src/modules/events/pages/EditEventModal.tsx', but '--jsx' is not set.
src/modules/music/components/index.ts(2,29): error TS6142: Module './MusicPlayer' was resolved to 'c:/Users/juand/OneDrive/Documents/Actividades Sena/9. Proyecto/5. Quinto Trimestre/Focus-Up-FrontEnd/src/modules/music/components/MusicPlayer.tsx', but '--jsx' is not set.
src/modules/music/components/MusicPlayer.tsx(18,51): error TS6142: Module '../../../contexts/MusicPlayerContext' was resolved to 'c:/Users/juand/OneDrive/Documents/Actividades Sena/9. Proyecto/5. Quinto Trimestre/Focus-Up-FrontEnd/src/contexts/MusicPlayerContext.tsx', but '--jsx' is not set.
src/modules/music/components/MusicPlayer.tsx(53,24): error TS2304: Cannot find name 'localStorage'.
src/modules/music/components/MusicPlayer.tsx(57,9): error TS2584: Cannot find name 'console'. Do you need to change your target library? Try changing the 'lib' compiler option to include 'dom'.
src/modules/music/components/MusicPlayer.tsx(63,9): error TS2304: Cannot find name 'localStorage'.
src/modules/music/components/MusicPlayer.tsx(65,9): error TS2584: Cannot find name 'console'. Do you need to change your target library? Try changing the 'lib' compiler option to include 'dom'.
src/modules/music/components/MusicPlayer.tsx(66,9): error TS2304: Cannot find name 'localStorage'.
src/modules/music/components/MusicPlayer.tsx(86,5): error TS2584: Cannot find name 'console'. Do you need to change your target library? Try changing the 'lib' compiler option to include 'dom'.
src/modules/music/components/MusicPlayer.tsx(98,38): error TS2812: Property 'value' does not exist on type 'EventTarget & HTMLInputElement'. Try changing the 'lib' compiler option to include 'dom'.
src/modules/music/components/MusicPlayer.tsx(103,37): error TS2812: Property 'value' does not exist on type 'EventTarget & HTMLInputElement'. Try changing the 'lib' compiler option to include 'dom'.
src/modules/music/components/MusicPlayer.tsx(119,16): error TS17004: Cannot use JSX unless the '--jsx' flag is provided.
src/modules/music/components/MusicPlayer.tsx(121,16): error TS17004: Cannot use JSX unless the '--jsx' flag is provided.
src/modules/music/components/MusicPlayer.tsx(123,16): error TS17004: Cannot use JSX unless the '--jsx' flag is provided.
src/modules/music/components/MusicPlayer.tsx(125,16): error TS17004: Cannot use JSX unless the '--jsx' flag is provided.
src/modules/music/components/MusicPlayer.tsx(146,5): error TS17004: Cannot use JSX unless the '--jsx' flag is provided.
src/modules/music/components/MusicPlayer.tsx(148,7): error TS17004: Cannot use JSX unless the '--jsx' flag is provided.
src/modules/music/components/MusicPlayer.tsx(183,7): error TS17004: Cannot use JSX unless the '--jsx' flag is provided.
src/modules/music/components/MusicPlayer.tsx(191,9): error TS17004: Cannot use JSX unless the '--jsx' flag is provided.
src/modules/music/components/MusicPlayer.tsx(199,13): error TS17004: Cannot use JSX unless the '--jsx' flag is provided.
src/modules/music/components/MusicPlayer.tsx(201,13): error TS17004: Cannot use JSX unless the '--jsx' flag is provided.
src/modules/music/components/MusicPlayer.tsx(207,11): error TS17004: Cannot use JSX unless the '--jsx' flag is provided.
src/modules/music/components/MusicPlayer.tsx(209,11): error TS17004: Cannot use JSX unless the '--jsx' flag is provided.
src/modules/music/components/MusicPlayer.tsx(210,13): error TS17004: Cannot use JSX unless the '--jsx' flag is provided.
src/modules/music/components/MusicPlayer.tsx(211,15): error TS17004: Cannot use JSX unless the '--jsx' flag is provided.
src/modules/music/components/MusicPlayer.tsx(212,17): error TS17004: Cannot use JSX unless the '--jsx' flag is provided.
src/modules/music/components/MusicPlayer.tsx(220,17): error TS17004: Cannot use JSX unless the '--jsx' flag is provided.
src/modules/music/components/MusicPlayer.tsx(221,19): error TS17004: Cannot use JSX unless the '--jsx' flag is provided.
src/modules/music/components/MusicPlayer.tsx(225,13): error TS17004: Cannot use JSX unless the '--jsx' flag is provided.
src/modules/music/components/MusicPlayer.tsx(226,15): error TS17004: Cannot use JSX unless the '--jsx' flag is provided.
src/modules/music/components/MusicPlayer.tsx(229,15): error TS17004: Cannot use JSX unless the '--jsx' flag is provided.
src/modules/music/components/MusicPlayer.tsx(236,11): error TS17004: Cannot use JSX unless the '--jsx' flag is provided.
src/modules/music/components/MusicPlayer.tsx(238,13): error TS17004: Cannot use JSX unless the '--jsx' flag is provided.
src/modules/music/components/MusicPlayer.tsx(239,15): error TS17004: Cannot use JSX unless the '--jsx' flag is provided.
src/modules/music/components/MusicPlayer.tsx(244,17): error TS17004: Cannot use JSX unless the '--jsx' flag is provided.
src/modules/music/components/MusicPlayer.tsx(247,15): error TS17004: Cannot use JSX unless the '--jsx' flag is provided.
src/modules/music/components/MusicPlayer.tsx(253,19): error TS17004: Cannot use JSX unless the '--jsx' flag is provided.
src/modules/music/components/MusicPlayer.tsx(255,19): error TS17004: Cannot use JSX unless the '--jsx' flag is provided.
src/modules/music/components/MusicPlayer.tsx(257,19): error TS17004: Cannot use JSX unless the '--jsx' flag is provided.
src/modules/music/components/MusicPlayer.tsx(261,15): error TS17004: Cannot use JSX unless the '--jsx' flag is provided.
src/modules/music/components/MusicPlayer.tsx(266,17): error TS17004: Cannot use JSX unless the '--jsx' flag is provided.
src/modules/music/components/MusicPlayer.tsx(271,13): error TS17004: Cannot use JSX unless the '--jsx' flag is provided.
src/modules/music/components/MusicPlayer.tsx(272,15): error TS17004: Cannot use JSX unless the '--jsx' flag is provided.
src/modules/music/components/MusicPlayer.tsx(275,15): error TS17004: Cannot use JSX unless the '--jsx' flag is provided.
src/modules/music/components/MusicPlayer.tsx(276,17): error TS17004: Cannot use JSX unless the '--jsx' flag is provided.
src/modules/music/components/MusicPlayer.tsx(289,15): error TS17004: Cannot use JSX unless the '--jsx' flag is provided.
src/modules/music/components/MusicPlayer.tsx(296,11): error TS17004: Cannot use JSX unless the '--jsx' flag is provided.
src/modules/music/components/MusicPlayer.tsx(298,13): error TS17004: Cannot use JSX unless the '--jsx' flag is provided.
src/modules/music/components/MusicPlayer.tsx(307,15): error TS17004: Cannot use JSX unless the '--jsx' flag is provided.
src/modules/music/components/MusicPlayer.tsx(311,13): error TS17004: Cannot use JSX unless the '--jsx' flag is provided.
src/modules/music/components/MusicPlayer.tsx(320,13): error TS17004: Cannot use JSX unless the '--jsx' flag is provided.
src/modules/music/components/MusicPlayer.tsx(321,15): error TS17004: Cannot use JSX unless the '--jsx' flag is provided.
src/modules/music/components/MusicPlayer.tsx(326,19): error TS17004: Cannot use JSX unless the '--jsx' flag is provided.
src/modules/music/components/MusicPlayer.tsx(328,19): error TS17004: Cannot use JSX unless the '--jsx' flag is provided.
src/modules/music/components/MusicPlayer.tsx(331,15): error TS17004: Cannot use JSX unless the '--jsx' flag is provided.
src/modules/music/components/MusicPlayer.tsx(332,17): error TS17004: Cannot use JSX unless the '--jsx' flag is provided.
src/modules/music/components/MusicPlayer.tsx(348,13): error TS17004: Cannot use JSX unless the '--jsx' flag is provided.
src/modules/music/components/MusicPlayer.tsx(353,15): error TS17004: Cannot use JSX unless the '--jsx' flag is provided.
src/modules/music/components/MusicPlayer.tsx(363,8): error TS17004: Cannot use JSX unless the '--jsx' flag is provided.
src/modules/music/components/MusicPlayer.tsx(364,10): error TS17004: Cannot use JSX unless the '--jsx' flag is provided.
src/modules/music/components/MusicPlayer.tsx(365,12): error TS17004: Cannot use JSX unless the '--jsx' flag is provided.
src/modules/music/components/MusicPlayer.tsx(366,14): error TS17004: Cannot use JSX unless the '--jsx' flag is provided.
src/modules/music/components/MusicPlayer.tsx(367,16): error TS17004: Cannot use JSX unless the '--jsx' flag is provided.
src/modules/music/components/MusicPlayer.tsx(368,18): error TS17004: Cannot use JSX unless the '--jsx' flag is provided.
src/modules/music/components/MusicPlayer.tsx(371,18): error TS17004: Cannot use JSX unless the '--jsx' flag is provided.
src/modules/music/components/MusicPlayer.tsx(375,16): error TS17004: Cannot use JSX unless the '--jsx' flag is provided.
src/modules/music/components/MusicPlayer.tsx(379,18): error TS17004: Cannot use JSX unless the '--jsx' flag is provided.
src/modules/music/components/MusicPlayer.tsx(383,13): error TS17004: Cannot use JSX unless the '--jsx' flag is provided.
src/modules/music/components/MusicPlayer.tsx(385,17): error TS17004: Cannot use JSX unless the '--jsx' flag is provided.
src/modules/music/components/MusicPlayer.tsx(396,19): error TS17004: Cannot use JSX unless the '--jsx' flag is provided.
src/modules/music/components/MusicPlayer.tsx(397,21): error TS17004: Cannot use JSX unless the '--jsx' flag is provided.
src/modules/music/components/MusicPlayer.tsx(398,21): error TS17004: Cannot use JSX unless the '--jsx' flag is provided.
src/modules/music/components/MusicPlayer.tsx(399,21): error TS17004: Cannot use JSX unless the '--jsx' flag is provided.
src/modules/music/components/MusicPlayer.tsx(402,19): error TS17004: Cannot use JSX unless the '--jsx' flag is provided.
src/modules/music/components/MusicPlayer.tsx(403,21): error TS17004: Cannot use JSX unless the '--jsx' flag is provided.
src/modules/music/components/MusicPlayer.tsx(410,19): error TS17004: Cannot use JSX unless the '--jsx' flag is provided.
src/modules/music/components/MusicPlayer.tsx(411,21): error TS17004: Cannot use JSX unless the '--jsx' flag is provided.
src/modules/music/components/MusicPlayer.tsx(414,21): error TS17004: Cannot use JSX unless the '--jsx' flag is provided.
src/modules/music/components/MusicPlayer.tsx(419,19): error TS17004: Cannot use JSX unless the '--jsx' flag is provided.
src/modules/music/components/MusicPlayer.tsx(424,21): error TS17004: Cannot use JSX unless the '--jsx' flag is provided.
src/modules/music/pages/index.ts(2,33): error TS6142: Module './MusicAlbumsPage' was resolved to 'c:/Users/juand/OneDrive/Documents/Actividades Sena/9. Proyecto/5. Quinto Trimestre/Focus-Up-FrontEnd/src/modules/music/pages/MusicAlbumsPage.tsx', but '--jsx' is not set.
src/modules/music/pages/index.ts(3,32): error TS6142: Module './MusicSongsPage' was resolved to 'c:/Users/juand/OneDrive/Documents/Actividades Sena/9. Proyecto/5. Quinto Trimestre/Focus-Up-FrontEnd/src/modules/music/pages/MusicSongsPage.tsx', but '--jsx' is not set.
src/modules/music/pages/MusicAlbumsPage.tsx(3,25): error TS6142: Module '../../../shared/components/ui/Sidebar' was resolved to 'c:/Users/juand/OneDrive/Documents/Actividades Sena/9. Proyecto/5. Quinto Trimestre/Focus-Up-FrontEnd/src/shared/components/ui/Sidebar.tsx', but '--jsx' is not set.
src/modules/music/pages/MusicAlbumsPage.tsx(4,29): error TS2307: Cannot find module '../../../../components/ui/MusicPlayer' or its corresponding type declarations.
src/modules/music/pages/MusicAlbumsPage.tsx(24,9): error TS2584: Cannot find name 'console'. Do you need to change your target library? Try changing the 'lib' compiler option to include 'dom'.
src/modules/music/pages/MusicAlbumsPage.tsx(41,7): error TS17004: Cannot use JSX unless the '--jsx' flag is provided.
src/modules/music/pages/MusicAlbumsPage.tsx(43,9): error TS17004: Cannot use JSX unless the '--jsx' flag is provided.
src/modules/music/pages/MusicAlbumsPage.tsx(44,11): error TS17004: Cannot use JSX unless the '--jsx' flag is provided.
src/modules/music/pages/MusicAlbumsPage.tsx(45,11): error TS17004: Cannot use JSX unless the '--jsx' flag is provided.
src/modules/music/pages/MusicAlbumsPage.tsx(48,9): error TS17004: Cannot use JSX unless the '--jsx' flag is provided.
src/modules/music/pages/MusicAlbumsPage.tsx(49,9): error TS17004: Cannot use JSX unless the '--jsx' flag is provided.
src/modules/music/pages/MusicAlbumsPage.tsx(50,11): error TS17004: Cannot use JSX unless the '--jsx' flag is provided.
src/modules/music/pages/MusicAlbumsPage.tsx(51,13): error TS17004: Cannot use JSX unless the '--jsx' flag is provided.
src/modules/music/pages/MusicAlbumsPage.tsx(52,15): error TS17004: Cannot use JSX unless the '--jsx' flag is provided.
src/modules/music/pages/MusicAlbumsPage.tsx(54,13): error TS17004: Cannot use JSX unless the '--jsx' flag is provided.
src/modules/music/pages/MusicAlbumsPage.tsx(55,13): error TS17004: Cannot use JSX unless the '--jsx' flag is provided.
src/modules/music/pages/MusicAlbumsPage.tsx(58,9): error TS17004: Cannot use JSX unless the '--jsx' flag is provided.
src/modules/music/pages/MusicAlbumsPage.tsx(65,7): error TS17004: Cannot use JSX unless the '--jsx' flag is provided.
src/modules/music/pages/MusicAlbumsPage.tsx(67,9): error TS17004: Cannot use JSX unless the '--jsx' flag is provided.
src/modules/music/pages/MusicAlbumsPage.tsx(68,11): error TS17004: Cannot use JSX unless the '--jsx' flag is provided.
src/modules/music/pages/MusicAlbumsPage.tsx(69,11): error TS17004: Cannot use JSX unless the '--jsx' flag is provided.
src/modules/music/pages/MusicAlbumsPage.tsx(72,9): error TS17004: Cannot use JSX unless the '--jsx' flag is provided.
src/modules/music/pages/MusicAlbumsPage.tsx(73,9): error TS17004: Cannot use JSX unless the '--jsx' flag is provided.
src/modules/music/pages/MusicAlbumsPage.tsx(74,11): error TS17004: Cannot use JSX unless the '--jsx' flag is provided.
src/modules/music/pages/MusicAlbumsPage.tsx(75,13): error TS17004: Cannot use JSX unless the '--jsx' flag is provided.
src/modules/music/pages/MusicAlbumsPage.tsx(76,15): error TS17004: Cannot use JSX unless the '--jsx' flag is provided.
src/modules/music/pages/MusicAlbumsPage.tsx(77,17): error TS17004: Cannot use JSX unless the '--jsx' flag is provided.
src/modules/music/pages/MusicAlbumsPage.tsx(79,15): error TS17004: Cannot use JSX unless the '--jsx' flag is provided.
src/modules/music/pages/MusicAlbumsPage.tsx(80,17): error TS17004: Cannot use JSX unless the '--jsx' flag is provided.
src/modules/music/pages/MusicAlbumsPage.tsx(83,13): error TS17004: Cannot use JSX unless the '--jsx' flag is provided.
src/modules/music/pages/MusicAlbumsPage.tsx(84,13): error TS17004: Cannot use JSX unless the '--jsx' flag is provided.
src/modules/music/pages/MusicAlbumsPage.tsx(85,13): error TS17004: Cannot use JSX unless the '--jsx' flag is provided.
src/modules/music/pages/MusicAlbumsPage.tsx(86,30): error TS2304: Cannot find name 'window'.
src/modules/music/pages/MusicAlbumsPage.tsx(89,15): error TS17004: Cannot use JSX unless the '--jsx' flag is provided.
src/modules/music/pages/MusicAlbumsPage.tsx(90,17): error TS17004: Cannot use JSX unless the '--jsx' flag is provided.
src/modules/music/pages/MusicAlbumsPage.tsx(101,5): error TS17004: Cannot use JSX unless the '--jsx' flag is provided.
src/modules/music/pages/MusicAlbumsPage.tsx(103,7): error TS17004: Cannot use JSX unless the '--jsx' flag is provided.
src/modules/music/pages/MusicAlbumsPage.tsx(104,9): error TS17004: Cannot use JSX unless the '--jsx' flag is provided.
src/modules/music/pages/MusicAlbumsPage.tsx(105,9): error TS17004: Cannot use JSX unless the '--jsx' flag is provided.
src/modules/music/pages/MusicAlbumsPage.tsx(108,7): error TS17004: Cannot use JSX unless the '--jsx' flag is provided.
src/modules/music/pages/MusicAlbumsPage.tsx(111,7): error TS17004: Cannot use JSX unless the '--jsx' flag is provided.
src/modules/music/pages/MusicAlbumsPage.tsx(112,9): error TS17004: Cannot use JSX unless the '--jsx' flag is provided.
src/modules/music/pages/MusicAlbumsPage.tsx(115,9): error TS17004: Cannot use JSX unless the '--jsx' flag is provided.
src/modules/music/pages/MusicAlbumsPage.tsx(121,7): error TS17004: Cannot use JSX unless the '--jsx' flag is provided.
src/modules/music/pages/MusicAlbumsPage.tsx(122,9): error TS17004: Cannot use JSX unless the '--jsx' flag is provided.
src/modules/music/pages/MusicAlbumsPage.tsx(126,13): error TS17004: Cannot use JSX unless the '--jsx' flag is provided.
src/modules/music/pages/MusicAlbumsPage.tsx(127,15): error TS17004: Cannot use JSX unless the '--jsx' flag is provided.
src/modules/music/pages/MusicAlbumsPage.tsx(128,17): error TS17004: Cannot use JSX unless the '--jsx' flag is provided.
src/modules/music/pages/MusicAlbumsPage.tsx(129,19): error TS17004: Cannot use JSX unless the '--jsx' flag is provided.
src/modules/music/pages/MusicAlbumsPage.tsx(131,17): error TS17004: Cannot use JSX unless the '--jsx' flag is provided.
src/modules/music/pages/MusicAlbumsPage.tsx(132,19): error TS17004: Cannot use JSX unless the '--jsx' flag is provided.
src/modules/music/pages/MusicAlbumsPage.tsx(135,15): error TS17004: Cannot use JSX unless the '--jsx' flag is provided.
src/modules/music/pages/MusicAlbumsPage.tsx(136,15): error TS17004: Cannot use JSX unless the '--jsx' flag is provided.
src/modules/music/pages/MusicAlbumsPage.tsx(137,15): error TS17004: Cannot use JSX unless the '--jsx' flag is provided.
src/modules/music/pages/MusicAlbumsPage.tsx(138,17): error TS17004: Cannot use JSX unless the '--jsx' flag is provided.
src/modules/music/pages/MusicAlbumsPage.tsx(139,17): error TS17004: Cannot use JSX unless the '--jsx' flag is provided.
src/modules/music/pages/MusicAlbumsPage.tsx(140,17): error TS17004: Cannot use JSX unless the '--jsx' flag is provided.
src/modules/music/pages/MusicAlbumsPage.tsx(144,13): error TS17004: Cannot use JSX unless the '--jsx' flag is provided.
src/modules/music/pages/MusicAlbumsPage.tsx(146,17): error TS17004: Cannot use JSX unless the '--jsx' flag is provided.
src/modules/music/pages/MusicAlbumsPage.tsx(152,19): error TS17004: Cannot use JSX unless the '--jsx' flag is provided.
src/modules/music/pages/MusicAlbumsPage.tsx(154,19): error TS17004: Cannot use JSX unless the '--jsx' flag is provided.
src/modules/music/pages/MusicAlbumsPage.tsx(156,21): error TS17004: Cannot use JSX unless the '--jsx' flag is provided.
src/modules/music/pages/MusicAlbumsPage.tsx(157,23): error TS17004: Cannot use JSX unless the '--jsx' flag is provided.
src/modules/music/pages/MusicAlbumsPage.tsx(163,23): error TS17004: Cannot use JSX unless the '--jsx' flag is provided.
src/modules/music/pages/MusicAlbumsPage.tsx(168,21): error TS17004: Cannot use JSX unless the '--jsx' flag is provided.
src/modules/music/pages/MusicAlbumsPage.tsx(169,23): error TS17004: Cannot use JSX unless the '--jsx' flag is provided.
src/modules/music/pages/MusicAlbumsPage.tsx(170,25): error TS17004: Cannot use JSX unless the '--jsx' flag is provided.
src/modules/music/pages/MusicAlbumsPage.tsx(175,23): error TS17004: Cannot use JSX unless the '--jsx' flag is provided.
src/modules/music/pages/MusicAlbumsPage.tsx(176,25): error TS17004: Cannot use JSX unless the '--jsx' flag is provided.
src/modules/music/pages/MusicAlbumsPage.tsx(177,27): error TS17004: Cannot use JSX unless the '--jsx' flag is provided.
src/modules/music/pages/MusicAlbumsPage.tsx(182,23): error TS17004: Cannot use JSX unless the '--jsx' flag is provided.
src/modules/music/pages/MusicAlbumsPage.tsx(187,23): error TS17004: Cannot use JSX unless the '--jsx' flag is provided.
src/modules/music/pages/MusicAlbumsPage.tsx(191,25): error TS17004: Cannot use JSX unless the '--jsx' flag is provided.
src/modules/music/pages/MusicAlbumsPage.tsx(192,25): error TS17004: Cannot use JSX unless the '--jsx' flag is provided.
src/modules/music/pages/MusicAlbumsPage.tsx(193,27): error TS17004: Cannot use JSX unless the '--jsx' flag is provided.
src/modules/music/pages/MusicSongsPage.tsx(3,25): error TS6142: Module '../../../shared/components/ui/Sidebar' was resolved to 'c:/Users/juand/OneDrive/Documents/Actividades Sena/9. Proyecto/5. Quinto Trimestre/Focus-Up-FrontEnd/src/shared/components/ui/Sidebar.tsx', but '--jsx' is not set.
src/modules/music/pages/MusicSongsPage.tsx(4,29): error TS2307: Cannot find module '../../../../components/ui/MusicPlayer' or its corresponding type declarations.
src/modules/music/pages/MusicSongsPage.tsx(6,32): error TS6142: Module '../../../contexts/MusicPlayerContext' was resolved to 'c:/Users/juand/OneDrive/Documents/Actividades Sena/9. Proyecto/5. Quinto Trimestre/Focus-Up-FrontEnd/src/contexts/MusicPlayerContext.tsx', but '--jsx' is not set.
src/modules/music/pages/MusicSongsPage.tsx(31,7): error TS2304: Cannot find name 'clearTimeout'.
src/modules/music/pages/MusicSongsPage.tsx(32,21): error TS2304: Cannot find name 'setTimeout'.
src/modules/music/pages/MusicSongsPage.tsx(37,5): error TS2304: Cannot find name 'window'.
src/modules/music/pages/MusicSongsPage.tsx(40,7): error TS2304: Cannot find name 'window'.
src/modules/music/pages/MusicSongsPage.tsx(41,7): error TS2304: Cannot find name 'clearTimeout'.
src/modules/music/pages/MusicSongsPage.tsx(67,9): error TS2584: Cannot find name 'console'. Do you need to change your target library? Try changing the 'lib' compiler option to include 'dom'.
src/modules/music/pages/MusicSongsPage.tsx(98,7): error TS17004: Cannot use JSX unless the '--jsx' flag is provided.
src/modules/music/pages/MusicSongsPage.tsx(100,9): error TS17004: Cannot use JSX unless the '--jsx' flag is provided.
src/modules/music/pages/MusicSongsPage.tsx(101,11): error TS17004: Cannot use JSX unless the '--jsx' flag is provided.
src/modules/music/pages/MusicSongsPage.tsx(102,11): error TS17004: Cannot use JSX unless the '--jsx' flag is provided.
src/modules/music/pages/MusicSongsPage.tsx(105,9): error TS17004: Cannot use JSX unless the '--jsx' flag is provided.
src/modules/music/pages/MusicSongsPage.tsx(106,9): error TS17004: Cannot use JSX unless the '--jsx' flag is provided.
src/modules/music/pages/MusicSongsPage.tsx(107,11): error TS17004: Cannot use JSX unless the '--jsx' flag is provided.
src/modules/music/pages/MusicSongsPage.tsx(108,13): error TS17004: Cannot use JSX unless the '--jsx' flag is provided.
src/modules/music/pages/MusicSongsPage.tsx(109,15): error TS17004: Cannot use JSX unless the '--jsx' flag is provided.
src/modules/music/pages/MusicSongsPage.tsx(111,13): error TS17004: Cannot use JSX unless the '--jsx' flag is provided.
src/modules/music/pages/MusicSongsPage.tsx(112,13): error TS17004: Cannot use JSX unless the '--jsx' flag is provided.
src/modules/music/pages/MusicSongsPage.tsx(115,9): error TS17004: Cannot use JSX unless the '--jsx' flag is provided.
src/modules/music/pages/MusicSongsPage.tsx(122,7): error TS17004: Cannot use JSX unless the '--jsx' flag is provided.
src/modules/music/pages/MusicSongsPage.tsx(124,9): error TS17004: Cannot use JSX unless the '--jsx' flag is provided.
src/modules/music/pages/MusicSongsPage.tsx(125,11): error TS17004: Cannot use JSX unless the '--jsx' flag is provided.
src/modules/music/pages/MusicSongsPage.tsx(126,11): error TS17004: Cannot use JSX unless the '--jsx' flag is provided.
src/modules/music/pages/MusicSongsPage.tsx(129,9): error TS17004: Cannot use JSX unless the '--jsx' flag is provided.
src/modules/music/pages/MusicSongsPage.tsx(130,9): error TS17004: Cannot use JSX unless the '--jsx' flag is provided.
src/modules/music/pages/MusicSongsPage.tsx(131,11): error TS17004: Cannot use JSX unless the '--jsx' flag is provided.
src/modules/music/pages/MusicSongsPage.tsx(132,13): error TS17004: Cannot use JSX unless the '--jsx' flag is provided.
src/modules/music/pages/MusicSongsPage.tsx(133,15): error TS17004: Cannot use JSX unless the '--jsx' flag is provided.
src/modules/music/pages/MusicSongsPage.tsx(134,17): error TS17004: Cannot use JSX unless the '--jsx' flag is provided.
src/modules/music/pages/MusicSongsPage.tsx(136,15): error TS17004: Cannot use JSX unless the '--jsx' flag is provided.
src/modules/music/pages/MusicSongsPage.tsx(137,17): error TS17004: Cannot use JSX unless the '--jsx' flag is provided.
src/modules/music/pages/MusicSongsPage.tsx(140,13): error TS17004: Cannot use JSX unless the '--jsx' flag is provided.
src/modules/music/pages/MusicSongsPage.tsx(141,13): error TS17004: Cannot use JSX unless the '--jsx' flag is provided.
src/modules/music/pages/MusicSongsPage.tsx(142,13): error TS17004: Cannot use JSX unless the '--jsx' flag is provided.
src/modules/music/pages/MusicSongsPage.tsx(146,15): error TS17004: Cannot use JSX unless the '--jsx' flag is provided.
src/modules/music/pages/MusicSongsPage.tsx(147,17): error TS17004: Cannot use JSX unless the '--jsx' flag is provided.
src/modules/music/pages/MusicSongsPage.tsx(153,9): error TS17004: Cannot use JSX unless the '--jsx' flag is provided.
src/modules/music/pages/MusicSongsPage.tsx(159,5): error TS17004: Cannot use JSX unless the '--jsx' flag is provided.
src/modules/music/pages/MusicSongsPage.tsx(161,7): error TS17004: Cannot use JSX unless the '--jsx' flag is provided.
src/modules/music/pages/MusicSongsPage.tsx(162,9): error TS17004: Cannot use JSX unless the '--jsx' flag is provided.
src/modules/music/pages/MusicSongsPage.tsx(163,9): error TS17004: Cannot use JSX unless the '--jsx' flag is provided.
src/modules/music/pages/MusicSongsPage.tsx(166,7): error TS17004: Cannot use JSX unless the '--jsx' flag is provided.
src/modules/music/pages/MusicSongsPage.tsx(169,7): error TS17004: Cannot use JSX unless the '--jsx' flag is provided.
src/modules/music/pages/MusicSongsPage.tsx(170,9): error TS17004: Cannot use JSX unless the '--jsx' flag is provided.
src/modules/music/pages/MusicSongsPage.tsx(173,11): error TS17004: Cannot use JSX unless the '--jsx' flag is provided.
src/modules/music/pages/MusicSongsPage.tsx(174,13): error TS17004: Cannot use JSX unless the '--jsx' flag is provided.
src/modules/music/pages/MusicSongsPage.tsx(178,15): error TS17004: Cannot use JSX unless the '--jsx' flag is provided.
src/modules/music/pages/MusicSongsPage.tsx(179,17): error TS17004: Cannot use JSX unless the '--jsx' flag is provided.
src/modules/music/pages/MusicSongsPage.tsx(181,15): error TS17004: Cannot use JSX unless the '--jsx' flag is provided.
src/modules/music/pages/MusicSongsPage.tsx(186,11): error TS17004: Cannot use JSX unless the '--jsx' flag is provided.
src/modules/music/pages/MusicSongsPage.tsx(188,13): error TS17004: Cannot use JSX unless the '--jsx' flag is provided.
src/modules/music/pages/MusicSongsPage.tsx(190,13): error TS17004: Cannot use JSX unless the '--jsx' flag is provided.
src/modules/music/pages/MusicSongsPage.tsx(191,15): error TS17004: Cannot use JSX unless the '--jsx' flag is provided.
src/modules/music/pages/MusicSongsPage.tsx(192,17): error TS17004: Cannot use JSX unless the '--jsx' flag is provided.
src/modules/music/pages/MusicSongsPage.tsx(194,19): error TS17004: Cannot use JSX unless the '--jsx' flag is provided.
src/modules/music/pages/MusicSongsPage.tsx(195,21): error TS17004: Cannot use JSX unless the '--jsx' flag is provided.
src/modules/music/pages/MusicSongsPage.tsx(196,23): error TS17004: Cannot use JSX unless the '--jsx' flag is provided.
src/modules/music/pages/MusicSongsPage.tsx(203,21): error TS17004: Cannot use JSX unless the '--jsx' flag is provided.
src/modules/music/pages/MusicSongsPage.tsx(204,23): error TS17004: Cannot use JSX unless the '--jsx' flag is provided.
src/modules/music/pages/MusicSongsPage.tsx(209,19): error TS17004: Cannot use JSX unless the '--jsx' flag is provided.
src/modules/music/pages/MusicSongsPage.tsx(210,21): error TS17004: Cannot use JSX unless the '--jsx' flag is provided.
src/modules/music/pages/MusicSongsPage.tsx(211,23): error TS17004: Cannot use JSX unless the '--jsx' flag is provided.
src/modules/music/pages/MusicSongsPage.tsx(215,21): error TS17004: Cannot use JSX unless the '--jsx' flag is provided.
src/modules/music/pages/MusicSongsPage.tsx(219,21): error TS17004: Cannot use JSX unless the '--jsx' flag is provided.
src/modules/music/pages/MusicSongsPage.tsx(220,23): error TS17004: Cannot use JSX unless the '--jsx' flag is provided.
src/modules/music/pages/MusicSongsPage.tsx(221,25): error TS17004: Cannot use JSX unless the '--jsx' flag is provided.
src/modules/music/pages/MusicSongsPage.tsx(224,23): error TS17004: Cannot use JSX unless the '--jsx' flag is provided.
src/modules/music/pages/MusicSongsPage.tsx(229,21): error TS17004: Cannot use JSX unless the '--jsx' flag is provided.
src/modules/music/pages/MusicSongsPage.tsx(233,21): error TS17004: Cannot use JSX unless the '--jsx' flag is provided.
src/modules/music/pages/MusicSongsPage.tsx(237,23): error TS17004: Cannot use JSX unless the '--jsx' flag is provided.
src/modules/music/pages/MusicSongsPage.tsx(238,23): error TS17004: Cannot use JSX unless the '--jsx' flag is provided.
src/modules/music/pages/MusicSongsPage.tsx(239,23): error TS17004: Cannot use JSX unless the '--jsx' flag is provided.
src/modules/music/pages/MusicSongsPage.tsx(249,11): error TS17004: Cannot use JSX unless the '--jsx' flag is provided.
src/modules/music/pages/MusicSongsPage.tsx(250,13): error TS17004: Cannot use JSX unless the '--jsx' flag is provided.
src/modules/music/pages/MusicSongsPage.tsx(251,15): error TS17004: Cannot use JSX unless the '--jsx' flag is provided.
src/modules/music/pages/MusicSongsPage.tsx(252,17): error TS17004: Cannot use JSX unless the '--jsx' flag is provided.
src/modules/music/pages/MusicSongsPage.tsx(253,17): error TS17004: Cannot use JSX unless the '--jsx' flag is provided.
src/modules/music/pages/MusicSongsPage.tsx(260,15): error TS17004: Cannot use JSX unless the '--jsx' flag is provided.
src/modules/music/pages/MusicSongsPage.tsx(261,17): error TS17004: Cannot use JSX unless the '--jsx' flag is provided.
src/modules/music/pages/MusicSongsPage.tsx(262,19): error TS17004: Cannot use JSX unless the '--jsx' flag is provided.
src/modules/music/pages/MusicSongsPage.tsx(263,21): error TS17004: Cannot use JSX unless the '--jsx' flag is provided.
src/modules/music/pages/MusicSongsPage.tsx(265,19): error TS17004: Cannot use JSX unless the '--jsx' flag is provided.
src/modules/music/pages/MusicSongsPage.tsx(266,21): error TS17004: Cannot use JSX unless the '--jsx' flag is provided.
src/modules/music/pages/MusicSongsPage.tsx(269,17): error TS17004: Cannot use JSX unless the '--jsx' flag is provided.
src/modules/music/pages/MusicSongsPage.tsx(270,17): error TS17004: Cannot use JSX unless the '--jsx' flag is provided.
src/modules/music/pages/MusicSongsPage.tsx(273,15): error TS17004: Cannot use JSX unless the '--jsx' flag is provided.
src/modules/music/pages/MusicSongsPage.tsx(275,19): error TS17004: Cannot use JSX unless the '--jsx' flag is provided.
src/modules/music/pages/MusicSongsPage.tsx(280,21): error TS17004: Cannot use JSX unless the '--jsx' flag is provided.
src/modules/music/pages/MusicSongsPage.tsx(282,23): error TS17004: Cannot use JSX unless the '--jsx' flag is provided.
src/modules/music/pages/MusicSongsPage.tsx(283,25): error TS17004: Cannot use JSX unless the '--jsx' flag is provided.
src/modules/music/pages/MusicSongsPage.tsx(284,27): error TS17004: Cannot use JSX unless the '--jsx' flag is provided.
src/modules/music/pages/MusicSongsPage.tsx(287,27): error TS17004: Cannot use JSX unless the '--jsx' flag is provided.
src/modules/music/pages/MusicSongsPage.tsx(293,29): error TS17004: Cannot use JSX unless the '--jsx' flag is provided.
src/modules/music/pages/MusicSongsPage.tsx(299,23): error TS17004: Cannot use JSX unless the '--jsx' flag is provided.
src/modules/music/pages/MusicSongsPage.tsx(300,25): error TS17004: Cannot use JSX unless the '--jsx' flag is provided.
src/modules/music/pages/MusicSongsPage.tsx(301,27): error TS17004: Cannot use JSX unless the '--jsx' flag is provided.
src/modules/music/pages/MusicSongsPage.tsx(310,23): error TS17004: Cannot use JSX unless the '--jsx' flag is provided.
src/modules/music/pages/MusicSongsPage.tsx(311,25): error TS17004: Cannot use JSX unless the '--jsx' flag is provided.
src/modules/music/pages/MusicSongsPage.tsx(314,25): error TS17004: Cannot use JSX unless the '--jsx' flag is provided.
src/modules/music/pages/MusicSongsPage.tsx(320,23): error TS17004: Cannot use JSX unless the '--jsx' flag is provided.
src/modules/music/pages/MusicSongsPage.tsx(321,25): error TS17004: Cannot use JSX unless the '--jsx' flag is provided.
src/modules/music/pages/MusicSongsPage.tsx(328,21): error TS17004: Cannot use JSX unless the '--jsx' flag is provided.
src/modules/notifications/pages/index.ts(2,45): error TS6142: Module './NotificationPage' was resolved to 'c:/Users/juand/OneDrive/Documents/Actividades Sena/9. Proyecto/5. Quinto Trimestre/Focus-Up-FrontEnd/src/modules/notifications/pages/NotificationPage.tsx', but '--jsx' is not set.
src/modules/notifications/pages/NotificationPage.tsx(3,25): error TS6142: Module '../../../shared/components/ui/Sidebar' was resolved to 'c:/Users/juand/OneDrive/Documents/Actividades Sena/9. Proyecto/5. Quinto Trimestre/Focus-Up-FrontEnd/src/shared/components/ui/Sidebar.tsx', but '--jsx' is not set.
src/modules/notifications/pages/NotificationPage.tsx(4,36): error TS6142: Module '../../../components/ui/NotificationToggle' was resolved to 'c:/Users/juand/OneDrive/Documents/Actividades Sena/9. Proyecto/5. Quinto Trimestre/Focus-Up-FrontEnd/src/components/ui/NotificationToggle.tsx', but '--jsx' is not set.
src/modules/notifications/pages/NotificationPage.tsx(27,7): error TS2584: Cannot find name 'console'. Do you need to change your target library? Try changing the 'lib' compiler option to include 'dom'.
src/modules/notifications/pages/NotificationPage.tsx(32,5): error TS17004: Cannot use JSX unless the '--jsx' flag is provided.
src/modules/notifications/pages/NotificationPage.tsx(33,7): error TS17004: Cannot use JSX unless the '--jsx' flag is provided.
src/modules/notifications/pages/NotificationPage.tsx(35,7): error TS17004: Cannot use JSX unless the '--jsx' flag is provided.
src/modules/notifications/pages/NotificationPage.tsx(36,9): error TS17004: Cannot use JSX unless the '--jsx' flag is provided.
src/modules/notifications/pages/NotificationPage.tsx(38,11): error TS17004: Cannot use JSX unless the '--jsx' flag is provided.
src/modules/notifications/pages/NotificationPage.tsx(39,13): error TS17004: Cannot use JSX unless the '--jsx' flag is provided.
src/modules/notifications/pages/NotificationPage.tsx(40,15): error TS17004: Cannot use JSX unless the '--jsx' flag is provided.
src/modules/notifications/pages/NotificationPage.tsx(41,17): error TS17004: Cannot use JSX unless the '--jsx' flag is provided.
src/modules/notifications/pages/NotificationPage.tsx(42,19): error TS17004: Cannot use JSX unless the '--jsx' flag is provided.
src/modules/notifications/pages/NotificationPage.tsx(45,17): error TS17004: Cannot use JSX unless the '--jsx' flag is provided.
src/modules/notifications/pages/NotificationPage.tsx(54,13): error TS17004: Cannot use JSX unless the '--jsx' flag is provided.
src/modules/notifications/pages/NotificationPage.tsx(55,15): error TS17004: Cannot use JSX unless the '--jsx' flag is provided.
src/modules/notifications/pages/NotificationPage.tsx(56,17): error TS17004: Cannot use JSX unless the '--jsx' flag is provided.
src/modules/notifications/pages/NotificationPage.tsx(57,17): error TS17004: Cannot use JSX unless the '--jsx' flag is provided.
src/modules/notifications/pages/NotificationPage.tsx(64,13): error TS17004: Cannot use JSX unless the '--jsx' flag is provided.
src/modules/notifications/pages/NotificationPage.tsx(65,15): error TS17004: Cannot use JSX unless the '--jsx' flag is provided.
src/modules/notifications/pages/NotificationPage.tsx(66,15): error TS17004: Cannot use JSX unless the '--jsx' flag is provided.
src/modules/notifications/pages/NotificationPage.tsx(67,15): error TS17004: Cannot use JSX unless the '--jsx' flag is provided.
src/modules/notifications/pages/NotificationPage.tsx(68,15): error TS17004: Cannot use JSX unless the '--jsx' flag is provided.
src/modules/notifications/pages/NotificationPage.tsx(69,32): error TS2304: Cannot find name 'window'.
src/modules/notifications/pages/NotificationPage.tsx(79,13): error TS17004: Cannot use JSX unless the '--jsx' flag is provided.
src/modules/notifications/pages/NotificationPage.tsx(81,15): error TS17004: Cannot use JSX unless the '--jsx' flag is provided.
src/modules/notifications/pages/NotificationPage.tsx(82,17): error TS17004: Cannot use JSX unless the '--jsx' flag is provided.
src/modules/notifications/pages/NotificationPage.tsx(83,17): error TS17004: Cannot use JSX unless the '--jsx' flag is provided.
src/modules/notifications/pages/NotificationPage.tsx(84,19): error TS17004: Cannot use JSX unless the '--jsx' flag is provided.
src/modules/notifications/pages/NotificationPage.tsx(90,19): error TS17004: Cannot use JSX unless the '--jsx' flag is provided.
src/modules/notifications/pages/NotificationPage.tsx(96,19): error TS17004: Cannot use JSX unless the '--jsx' flag is provided.
src/modules/notifications/pages/NotificationPage.tsx(102,19): error TS17004: Cannot use JSX unless the '--jsx' flag is provided.
src/modules/sessions/components/ConcentrationCard.tsx(19,41): error TS6142: Module '../../../providers/ConcentrationSessionProvider' was resolved to 'c:/Users/juand/OneDrive/Documents/Actividades Sena/9. Proyecto/5. Quinto Trimestre/Focus-Up-FrontEnd/src/providers/ConcentrationSessionProvider.tsx', but '--jsx' is not set.
src/modules/sessions/components/ConcentrationCard.tsx(52,22): error TS2304: Cannot find name 'setInterval'.
src/modules/sessions/components/ConcentrationCard.tsx(59,18): error TS2304: Cannot find name 'clearInterval'.
src/modules/sessions/components/ConcentrationCard.tsx(84,7): error TS2584: Cannot find name 'console'. Do you need to change your target library? Try changing the 'lib' compiler option to include 'dom'.
src/modules/sessions/components/ConcentrationCard.tsx(117,7): error TS2584: Cannot find name 'console'. Do you need to change your target library? Try changing the 'lib' compiler option to include 'dom'.
src/modules/sessions/components/ConcentrationCard.tsx(149,7): error TS2584: Cannot find name 'console'. Do you need to change your target library? Try changing the 'lib' compiler option to include 'dom'.
src/modules/sessions/components/ConcentrationCard.tsx(167,5): error TS17004: Cannot use JSX unless the '--jsx' flag is provided.
src/modules/sessions/components/ConcentrationCard.tsx(169,9): error TS17004: Cannot use JSX unless the '--jsx' flag is provided.
src/modules/sessions/components/ConcentrationCard.tsx(180,11): error TS17004: Cannot use JSX unless the '--jsx' flag is provided.
src/modules/sessions/components/ConcentrationCard.tsx(186,13): error TS17004: Cannot use JSX unless the '--jsx' flag is provided.
src/modules/sessions/components/ConcentrationCard.tsx(187,15): error TS17004: Cannot use JSX unless the '--jsx' flag is provided.
src/modules/sessions/components/ConcentrationCard.tsx(188,17): error TS17004: Cannot use JSX unless the '--jsx' flag is provided.
src/modules/sessions/components/ConcentrationCard.tsx(189,19): error TS17004: Cannot use JSX unless the '--jsx' flag is provided.
src/modules/sessions/components/ConcentrationCard.tsx(196,21): error TS17004: Cannot use JSX unless the '--jsx' flag is provided.
src/modules/sessions/components/ConcentrationCard.tsx(205,17): error TS17004: Cannot use JSX unless the '--jsx' flag is provided.
src/modules/sessions/components/ConcentrationCard.tsx(211,19): error TS17004: Cannot use JSX unless the '--jsx' flag is provided.
src/modules/sessions/components/ConcentrationCard.tsx(216,15): error TS17004: Cannot use JSX unless the '--jsx' flag is provided.
src/modules/sessions/components/ConcentrationCard.tsx(218,19): error TS17004: Cannot use JSX unless the '--jsx' flag is provided.
src/modules/sessions/components/ConcentrationCard.tsx(219,21): error TS17004: Cannot use JSX unless the '--jsx' flag is provided.
src/modules/sessions/components/ConcentrationCard.tsx(220,21): error TS17004: Cannot use JSX unless the '--jsx' flag is provided.
src/modules/sessions/components/ConcentrationCard.tsx(224,19): error TS17004: Cannot use JSX unless the '--jsx' flag is provided.
src/modules/sessions/components/ConcentrationCard.tsx(225,21): error TS17004: Cannot use JSX unless the '--jsx' flag is provided.
src/modules/sessions/components/ConcentrationCard.tsx(226,21): error TS17004: Cannot use JSX unless the '--jsx' flag is provided.
src/modules/sessions/components/ConcentrationCard.tsx(233,13): error TS17004: Cannot use JSX unless the '--jsx' flag is provided.
src/modules/sessions/components/ConcentrationCard.tsx(234,15): error TS17004: Cannot use JSX unless the '--jsx' flag is provided.
src/modules/sessions/components/ConcentrationCard.tsx(235,17): error TS17004: Cannot use JSX unless the '--jsx' flag is provided.
src/modules/sessions/components/ConcentrationCard.tsx(244,17): error TS17004: Cannot use JSX unless the '--jsx' flag is provided.
src/modules/sessions/components/ConcentrationCard.tsx(250,15): error TS17004: Cannot use JSX unless the '--jsx' flag is provided.
src/modules/sessions/components/ConcentrationCard.tsx(251,17): error TS17004: Cannot use JSX unless the '--jsx' flag is provided.
src/modules/sessions/components/ConcentrationCard.tsx(263,21): error TS17004: Cannot use JSX unless the '--jsx' flag is provided.
src/modules/sessions/components/ConcentrationCard.tsx(265,21): error TS17004: Cannot use JSX unless the '--jsx' flag is provided.
src/modules/sessions/components/ConcentrationCard.tsx(271,15): error TS17004: Cannot use JSX unless the '--jsx' flag is provided.
src/modules/sessions/components/ConcentrationCard.tsx(273,19): error TS17004: Cannot use JSX unless the '--jsx' flag is provided.
src/modules/sessions/components/ConcentrationCard.tsx(279,21): error TS17004: Cannot use JSX unless the '--jsx' flag is provided.
src/modules/sessions/components/ConcentrationCard.tsx(280,23): error TS17004: Cannot use JSX unless the '--jsx' flag is provided.
src/modules/sessions/components/ConcentrationCard.tsx(281,23): error TS17004: Cannot use JSX unless the '--jsx' flag is provided.
src/modules/sessions/components/ConcentrationCard.tsx(288,15): error TS17004: Cannot use JSX unless the '--jsx' flag is provided.
src/modules/sessions/components/ConcentrationCard.tsx(289,17): error TS17004: Cannot use JSX unless the '--jsx' flag is provided.
src/modules/sessions/components/ConcentrationCard.tsx(298,17): error TS17004: Cannot use JSX unless the '--jsx' flag is provided.
src/modules/sessions/components/index.ts(2,35): error TS6142: Module './ConcentrationCard' was resolved to 'c:/Users/juand/OneDrive/Documents/Actividades Sena/9. Proyecto/5. Quinto Trimestre/Focus-Up-FrontEnd/src/modules/sessions/components/ConcentrationCard.tsx', but '--jsx' is not set.
src/modules/sessions/pages/index.ts(2,41): error TS6142: Module './StartSession' was resolved to 'c:/Users/juand/OneDrive/Documents/Actividades Sena/9. Proyecto/5. Quinto Trimestre/Focus-Up-FrontEnd/src/modules/sessions/pages/StartSession.tsx', but '--jsx' is not set.
src/modules/sessions/pages/StartSession.tsx(16,41): error TS6142: Module '../../../providers/ConcentrationSessionProvider' was resolved to 'c:/Users/juand/OneDrive/Documents/Actividades Sena/9. Proyecto/5. Quinto Trimestre/Focus-Up-FrontEnd/src/providers/ConcentrationSessionProvider.tsx', but '--jsx' is not set.
src/modules/sessions/pages/StartSession.tsx(19,32): error TS6142: Module '../../../contexts/MusicPlayerContext' was resolved to 'c:/Users/juand/OneDrive/Documents/Actividades Sena/9. Proyecto/5. Quinto Trimestre/Focus-Up-FrontEnd/src/contexts/MusicPlayerContext.tsx', but '--jsx' is not set.
src/modules/sessions/pages/StartSession.tsx(22,29): error TS6133: 'getAlbumById' is declared but its value is never read.
src/modules/sessions/pages/StartSession.tsx(23,38): error TS6142: Module '../../../components/MethodSelectionModal' was resolved to 'c:/Users/juand/OneDrive/Documents/Actividades Sena/9. Proyecto/5. Quinto Trimestre/Focus-Up-FrontEnd/src/components/MethodSelectionModal.tsx', but '--jsx' is not set.
src/modules/sessions/pages/StartSession.tsx(24,37): error TS6142: Module '../../../components/AlbumSelectionModal' was resolved to 'c:/Users/juand/OneDrive/Documents/Actividades Sena/9. Proyecto/5. Quinto Trimestre/Focus-Up-FrontEnd/src/components/AlbumSelectionModal.tsx', but '--jsx' is not set.
src/modules/sessions/pages/StartSession.tsx(26,34): error TS2307: Cannot find module '../../../shared/components/ui/CountdownOverlay' or its corresponding type declarations.
src/modules/sessions/pages/StartSession.tsx(27,28): error TS2307: Cannot find module '../../../shared/components/ui/PageLayout' or its corresponding type declarations.
src/modules/sessions/pages/StartSession.tsx(28,25): error TS6142: Module '../../../shared/components/ui/Sidebar' was resolved to 'c:/Users/juand/OneDrive/Documents/Actividades Sena/9. Proyecto/5. Quinto Trimestre/Focus-Up-FrontEnd/src/shared/components/ui/Sidebar.tsx', but '--jsx' is not set.
src/modules/sessions/pages/StartSession.tsx(56,72): error TS6133: 'checkDirectResume' is declared but its value is never read.
src/modules/sessions/pages/StartSession.tsx(66,18): error TS6133: 'setIsLate' is declared but its value is never read.
src/modules/sessions/pages/StartSession.tsx(67,23): error TS6133: 'setMinutesLate' is declared but its value is never read.
src/modules/sessions/pages/StartSession.tsx(96,25): error TS2304: Cannot find name 'localStorage'.
src/modules/sessions/pages/StartSession.tsx(97,24): error TS2304: Cannot find name 'localStorage'.
src/modules/sessions/pages/StartSession.tsx(103,9): error TS2584: Cannot find name 'console'. Do you need to change your target library? Try changing the 'lib' compiler option to include 'dom'.
src/modules/sessions/pages/StartSession.tsx(111,9): error TS2584: Cannot find name 'console'. Do you need to change your target library? Try changing the 'lib' compiler option to include 'dom'.
src/modules/sessions/pages/StartSession.tsx(119,7): error TS2304: Cannot find name 'localStorage'.
src/modules/sessions/pages/StartSession.tsx(121,7): error TS2304: Cannot find name 'localStorage'.
src/modules/sessions/pages/StartSession.tsx(127,7): error TS2304: Cannot find name 'localStorage'.
src/modules/sessions/pages/StartSession.tsx(129,7): error TS2304: Cannot find name 'localStorage'.
src/modules/sessions/pages/StartSession.tsx(156,9): error TS2584: Cannot find name 'console'. Do you need to change your target library? Try changing the 'lib' compiler option to include 'dom'.
src/modules/sessions/pages/StartSession.tsx(160,9): error TS2584: Cannot find name 'console'. Do you need to change your target library? Try changing the 'lib' compiler option to include 'dom'.
src/modules/sessions/pages/StartSession.tsx(207,7): error TS2584: Cannot find name 'console'. Do you need to change your target library? Try changing the 'lib' compiler option to include 'dom'.
src/modules/sessions/pages/StartSession.tsx(268,13): error TS2584: Cannot find name 'console'. Do you need to change your target library? Try changing the 'lib' compiler option to include 'dom'.
src/modules/sessions/pages/StartSession.tsx(271,11): error TS2584: Cannot find name 'console'. Do you need to change your target library? Try changing the 'lib' compiler option to include 'dom'.
src/modules/sessions/pages/StartSession.tsx(277,9): error TS2584: Cannot find name 'console'. Do you need to change your target library? Try changing the 'lib' compiler option to include 'dom'.
src/modules/sessions/pages/StartSession.tsx(286,9): error TS2584: Cannot find name 'console'. Do you need to change your target library? Try changing the 'lib' compiler option to include 'dom'.
src/modules/sessions/pages/StartSession.tsx(288,9): error TS2584: Cannot find name 'console'. Do you need to change your target library? Try changing the 'lib' compiler option to include 'dom'.
src/modules/sessions/pages/StartSession.tsx(321,9): error TS2584: Cannot find name 'console'. Do you need to change your target library? Try changing the 'lib' compiler option to include 'dom'.
src/modules/sessions/pages/StartSession.tsx(328,11): error TS2584: Cannot find name 'console'. Do you need to change your target library? Try changing the 'lib' compiler option to include 'dom'.
src/modules/sessions/pages/StartSession.tsx(335,11): error TS2304: Cannot find name 'localStorage'.
src/modules/sessions/pages/StartSession.tsx(336,11): error TS2304: Cannot find name 'localStorage'.
src/modules/sessions/pages/StartSession.tsx(340,13): error TS2584: Cannot find name 'console'. Do you need to change your target library? Try changing the 'lib' compiler option to include 'dom'.
src/modules/sessions/pages/StartSession.tsx(343,15): error TS2304: Cannot find name 'localStorage'.
src/modules/sessions/pages/StartSession.tsx(348,15): error TS2584: Cannot find name 'console'. Do you need to change your target library? Try changing the 'lib' compiler option to include 'dom'.
src/modules/sessions/pages/StartSession.tsx(350,15): error TS2584: Cannot find name 'console'. Do you need to change your target library? Try changing the 'lib' compiler option to include 'dom'.
src/modules/sessions/pages/StartSession.tsx(354,11): error TS2584: Cannot find name 'console'. Do you need to change your target library? Try changing the 'lib' compiler option to include 'dom'.
src/modules/sessions/pages/StartSession.tsx(359,11): error TS2584: Cannot find name 'console'. Do you need to change your target library? Try changing the 'lib' compiler option to include 'dom'.
src/modules/sessions/pages/StartSession.tsx(371,9): error TS2584: Cannot find name 'console'. Do you need to change your target library? Try changing the 'lib' compiler option to include 'dom'.
src/modules/sessions/pages/StartSession.tsx(382,9): error TS2584: Cannot find name 'console'. Do you need to change your target library? Try changing the 'lib' compiler option to include 'dom'.
src/modules/sessions/pages/StartSession.tsx(388,9): error TS2584: Cannot find name 'console'. Do you need to change your target library? Try changing the 'lib' compiler option to include 'dom'.
src/modules/sessions/pages/StartSession.tsx(398,9): error TS2584: Cannot find name 'console'. Do you need to change your target library? Try changing the 'lib' compiler option to include 'dom'.
src/modules/sessions/pages/StartSession.tsx(405,7): error TS2584: Cannot find name 'console'. Do you need to change your target library? Try changing the 'lib' compiler option to include 'dom'.
src/modules/sessions/pages/StartSession.tsx(452,11): error TS2584: Cannot find name 'console'. Do you need to change your target library? Try changing the 'lib' compiler option to include 'dom'.
src/modules/sessions/pages/StartSession.tsx(458,13): error TS2584: Cannot find name 'console'. Do you need to change your target library? Try changing the 'lib' compiler option to include 'dom'.
src/modules/sessions/pages/StartSession.tsx(490,11): error TS2584: Cannot find name 'console'. Do you need to change your target library? Try changing the 'lib' compiler option to include 'dom'.
src/modules/sessions/pages/StartSession.tsx(493,11): error TS2584: Cannot find name 'console'. Do you need to change your target library? Try changing the 'lib' compiler option to include 'dom'.
src/modules/sessions/pages/StartSession.tsx(509,13): error TS2584: Cannot find name 'console'. Do you need to change your target library? Try changing the 'lib' compiler option to include 'dom'.
src/modules/sessions/pages/StartSession.tsx(514,9): error TS2584: Cannot find name 'console'. Do you need to change your target library? Try changing the 'lib' compiler option to include 'dom'.
src/modules/sessions/pages/StartSession.tsx(517,7): error TS2584: Cannot find name 'console'. Do you need to change your target library? Try changing the 'lib' compiler option to include 'dom'.
src/modules/sessions/pages/StartSession.tsx(519,7): error TS2304: Cannot find name 'alert'.
src/modules/sessions/pages/StartSession.tsx(566,5): error TS17004: Cannot use JSX unless the '--jsx' flag is provided.
src/modules/sessions/pages/StartSession.tsx(568,7): error TS17004: Cannot use JSX unless the '--jsx' flag is provided.
src/modules/sessions/pages/StartSession.tsx(569,9): error TS17004: Cannot use JSX unless the '--jsx' flag is provided.
src/modules/sessions/pages/StartSession.tsx(570,9): error TS17004: Cannot use JSX unless the '--jsx' flag is provided.
src/modules/sessions/pages/StartSession.tsx(571,9): error TS17004: Cannot use JSX unless the '--jsx' flag is provided.
src/modules/sessions/pages/StartSession.tsx(574,7): error TS17004: Cannot use JSX unless the '--jsx' flag is provided.
src/modules/sessions/pages/StartSession.tsx(576,18): error TS17004: Cannot use JSX unless the '--jsx' flag is provided.
src/modules/sessions/pages/StartSession.tsx(578,9): error TS17004: Cannot use JSX unless the '--jsx' flag is provided.
src/modules/sessions/pages/StartSession.tsx(581,11): error TS17004: Cannot use JSX unless the '--jsx' flag is provided.
src/modules/sessions/pages/StartSession.tsx(583,13): error TS17004: Cannot use JSX unless the '--jsx' flag is provided.
src/modules/sessions/pages/StartSession.tsx(585,13): error TS17004: Cannot use JSX unless the '--jsx' flag is provided.
src/modules/sessions/pages/StartSession.tsx(586,15): error TS17004: Cannot use JSX unless the '--jsx' flag is provided.
src/modules/sessions/pages/StartSession.tsx(590,15): error TS17004: Cannot use JSX unless the '--jsx' flag is provided.
src/modules/sessions/pages/StartSession.tsx(594,15): error TS17004: Cannot use JSX unless the '--jsx' flag is provided.
src/modules/sessions/pages/StartSession.tsx(595,17): error TS17004: Cannot use JSX unless the '--jsx' flag is provided.
src/modules/sessions/pages/StartSession.tsx(596,19): error TS17004: Cannot use JSX unless the '--jsx' flag is provided.
src/modules/sessions/pages/StartSession.tsx(599,17): error TS17004: Cannot use JSX unless the '--jsx' flag is provided.
src/modules/sessions/pages/StartSession.tsx(600,19): error TS17004: Cannot use JSX unless the '--jsx' flag is provided.
src/modules/sessions/pages/StartSession.tsx(603,17): error TS17004: Cannot use JSX unless the '--jsx' flag is provided.
src/modules/sessions/pages/StartSession.tsx(604,19): error TS17004: Cannot use JSX unless the '--jsx' flag is provided.
src/modules/sessions/pages/StartSession.tsx(611,11): error TS17004: Cannot use JSX unless the '--jsx' flag is provided.
src/modules/sessions/pages/StartSession.tsx(613,11): error TS17004: Cannot use JSX unless the '--jsx' flag is provided.
src/modules/sessions/pages/StartSession.tsx(614,13): error TS17004: Cannot use JSX unless the '--jsx' flag is provided.
src/modules/sessions/pages/StartSession.tsx(615,15): error TS17004: Cannot use JSX unless the '--jsx' flag is provided.
src/modules/sessions/pages/StartSession.tsx(616,17): error TS17004: Cannot use JSX unless the '--jsx' flag is provided.
src/modules/sessions/pages/StartSession.tsx(619,17): error TS17004: Cannot use JSX unless the '--jsx' flag is provided.
src/modules/sessions/pages/StartSession.tsx(626,17): error TS17004: Cannot use JSX unless the '--jsx' flag is provided.
src/modules/sessions/pages/StartSession.tsx(627,19): error TS17004: Cannot use JSX unless the '--jsx' flag is provided.
src/modules/sessions/pages/StartSession.tsx(628,19): error TS17004: Cannot use JSX unless the '--jsx' flag is provided.
src/modules/sessions/pages/StartSession.tsx(632,15): error TS17004: Cannot use JSX unless the '--jsx' flag is provided.
src/modules/sessions/pages/StartSession.tsx(634,17): error TS17004: Cannot use JSX unless the '--jsx' flag is provided.
src/modules/sessions/pages/StartSession.tsx(635,19): error TS17004: Cannot use JSX unless the '--jsx' flag is provided.
src/modules/sessions/pages/StartSession.tsx(636,21): error TS17004: Cannot use JSX unless the '--jsx' flag is provided.
src/modules/sessions/pages/StartSession.tsx(639,19): error TS17004: Cannot use JSX unless the '--jsx' flag is provided.
src/modules/sessions/pages/StartSession.tsx(642,56): error TS2812: Property 'value' does not exist on type 'EventTarget & HTMLInputElement'. Try changing the 'lib' compiler option to include 'dom'.
src/modules/sessions/pages/StartSession.tsx(649,17): error TS17004: Cannot use JSX unless the '--jsx' flag is provided.
src/modules/sessions/pages/StartSession.tsx(650,19): error TS17004: Cannot use JSX unless the '--jsx' flag is provided.
src/modules/sessions/pages/StartSession.tsx(655,21): error TS17004: Cannot use JSX unless the '--jsx' flag is provided.
src/modules/sessions/pages/StartSession.tsx(656,21): error TS17004: Cannot use JSX unless the '--jsx' flag is provided.
src/modules/sessions/pages/StartSession.tsx(659,19): error TS17004: Cannot use JSX unless the '--jsx' flag is provided.
src/modules/sessions/pages/StartSession.tsx(661,23): error TS17004: Cannot use JSX unless the '--jsx' flag is provided.
src/modules/sessions/pages/StartSession.tsx(666,66): error TS2812: Property 'value' does not exist on type 'EventTarget & HTMLTextAreaElement'. Try changing the 'lib' compiler option to include 'dom'.
src/modules/sessions/pages/StartSession.tsx(676,17): error TS17004: Cannot use JSX unless the '--jsx' flag is provided.
src/modules/sessions/pages/StartSession.tsx(677,19): error TS17004: Cannot use JSX unless the '--jsx' flag is provided.
src/modules/sessions/pages/StartSession.tsx(678,21): error TS17004: Cannot use JSX unless the '--jsx' flag is provided.
src/modules/sessions/pages/StartSession.tsx(679,21): error TS17004: Cannot use JSX unless the '--jsx' flag is provided.
src/modules/sessions/pages/StartSession.tsx(683,19): error TS17004: Cannot use JSX unless the '--jsx' flag is provided.
src/modules/sessions/pages/StartSession.tsx(684,21): error TS17004: Cannot use JSX unless the '--jsx' flag is provided.
src/modules/sessions/pages/StartSession.tsx(692,23): error TS17004: Cannot use JSX unless the '--jsx' flag is provided.
src/modules/sessions/pages/StartSession.tsx(693,25): error TS17004: Cannot use JSX unless the '--jsx' flag is provided.
src/modules/sessions/pages/StartSession.tsx(694,27): error TS17004: Cannot use JSX unless the '--jsx' flag is provided.
src/modules/sessions/pages/StartSession.tsx(696,25): error TS17004: Cannot use JSX unless the '--jsx' flag is provided.
src/modules/sessions/pages/StartSession.tsx(697,27): error TS17004: Cannot use JSX unless the '--jsx' flag is provided.
src/modules/sessions/pages/StartSession.tsx(700,27): error TS17004: Cannot use JSX unless the '--jsx' flag is provided.
src/modules/sessions/pages/StartSession.tsx(705,23): error TS17004: Cannot use JSX unless the '--jsx' flag is provided.
src/modules/sessions/pages/StartSession.tsx(706,25): error TS17004: Cannot use JSX unless the '--jsx' flag is provided.
src/modules/sessions/pages/StartSession.tsx(712,19): error TS17004: Cannot use JSX unless the '--jsx' flag is provided.
src/modules/sessions/pages/StartSession.tsx(713,21): error TS17004: Cannot use JSX unless the '--jsx' flag is provided.
src/modules/sessions/pages/StartSession.tsx(721,23): error TS17004: Cannot use JSX unless the '--jsx' flag is provided.
src/modules/sessions/pages/StartSession.tsx(722,25): error TS17004: Cannot use JSX unless the '--jsx' flag is provided.
src/modules/sessions/pages/StartSession.tsx(723,27): error TS17004: Cannot use JSX unless the '--jsx' flag is provided.
src/modules/sessions/pages/StartSession.tsx(725,25): error TS17004: Cannot use JSX unless the '--jsx' flag is provided.
src/modules/sessions/pages/StartSession.tsx(726,27): error TS17004: Cannot use JSX unless the '--jsx' flag is provided.
src/modules/sessions/pages/StartSession.tsx(729,27): error TS17004: Cannot use JSX unless the '--jsx' flag is provided.
src/modules/sessions/pages/StartSession.tsx(734,23): error TS17004: Cannot use JSX unless the '--jsx' flag is provided.
src/modules/sessions/pages/StartSession.tsx(735,25): error TS17004: Cannot use JSX unless the '--jsx' flag is provided.
src/modules/sessions/pages/StartSession.tsx(742,17): error TS17004: Cannot use JSX unless the '--jsx' flag is provided.
src/modules/sessions/pages/StartSession.tsx(743,19): error TS17004: Cannot use JSX unless the '--jsx' flag is provided.
src/modules/sessions/pages/StartSession.tsx(745,23): error TS17004: Cannot use JSX unless the '--jsx' flag is provided.
src/modules/sessions/pages/StartSession.tsx(746,25): error TS17004: Cannot use JSX unless the '--jsx' flag is provided.
src/modules/sessions/pages/StartSession.tsx(747,27): error TS17004: Cannot use JSX unless the '--jsx' flag is provided.
src/modules/sessions/pages/StartSession.tsx(749,25): error TS17004: Cannot use JSX unless the '--jsx' flag is provided.
src/modules/sessions/pages/StartSession.tsx(750,25): error TS17004: Cannot use JSX unless the '--jsx' flag is provided.
src/modules/sessions/pages/StartSession.tsx(755,27): error TS17004: Cannot use JSX unless the '--jsx' flag is provided.
src/modules/sessions/pages/StartSession.tsx(761,23): error TS17004: Cannot use JSX unless the '--jsx' flag is provided.
src/modules/sessions/pages/StartSession.tsx(762,25): error TS17004: Cannot use JSX unless the '--jsx' flag is provided.
src/modules/sessions/pages/StartSession.tsx(763,27): error TS17004: Cannot use JSX unless the '--jsx' flag is provided.
src/modules/sessions/pages/StartSession.tsx(765,25): error TS17004: Cannot use JSX unless the '--jsx' flag is provided.
src/modules/sessions/pages/StartSession.tsx(766,25): error TS17004: Cannot use JSX unless the '--jsx' flag is provided.
src/modules/sessions/pages/StartSession.tsx(771,27): error TS17004: Cannot use JSX unless the '--jsx' flag is provided.
src/modules/sessions/pages/StartSession.tsx(779,17): error TS17004: Cannot use JSX unless the '--jsx' flag is provided.
src/modules/sessions/pages/StartSession.tsx(780,19): error TS17004: Cannot use JSX unless the '--jsx' flag is provided.
src/modules/sessions/pages/StartSession.tsx(786,23): error TS17004: Cannot use JSX unless the '--jsx' flag is provided.
src/modules/sessions/pages/StartSession.tsx(788,23): error TS17004: Cannot use JSX unless the '--jsx' flag is provided.
src/modules/sessions/pages/StartSession.tsx(798,11): error TS17004: Cannot use JSX unless the '--jsx' flag is provided.
src/modules/sessions/pages/StartSession.tsx(800,13): error TS17004: Cannot use JSX unless the '--jsx' flag is provided.
src/modules/sessions/pages/StartSession.tsx(801,15): error TS17004: Cannot use JSX unless the '--jsx' flag is provided.
src/modules/sessions/pages/StartSession.tsx(802,17): error TS17004: Cannot use JSX unless the '--jsx' flag is provided.
src/modules/sessions/pages/StartSession.tsx(805,17): error TS17004: Cannot use JSX unless the '--jsx' flag is provided.
src/modules/sessions/pages/StartSession.tsx(808,15): error TS17004: Cannot use JSX unless the '--jsx' flag is provided.
src/modules/sessions/pages/StartSession.tsx(809,17): error TS17004: Cannot use JSX unless the '--jsx' flag is provided.
src/modules/sessions/pages/StartSession.tsx(810,19): error TS17004: Cannot use JSX unless the '--jsx' flag is provided.
src/modules/sessions/pages/StartSession.tsx(811,21): error TS17004: Cannot use JSX unless the '--jsx' flag is provided.
src/modules/sessions/pages/StartSession.tsx(813,19): error TS17004: Cannot use JSX unless the '--jsx' flag is provided.
src/modules/sessions/pages/StartSession.tsx(814,21): error TS17004: Cannot use JSX unless the '--jsx' flag is provided.
src/modules/sessions/pages/StartSession.tsx(817,21): error TS17004: Cannot use JSX unless the '--jsx' flag is provided.
src/modules/sessions/pages/StartSession.tsx(825,19): error TS17004: Cannot use JSX unless the '--jsx' flag is provided.
src/modules/sessions/pages/StartSession.tsx(826,21): error TS17004: Cannot use JSX unless the '--jsx' flag is provided.
src/modules/sessions/pages/StartSession.tsx(832,17): error TS17004: Cannot use JSX unless the '--jsx' flag is provided.
src/modules/sessions/pages/StartSession.tsx(833,19): error TS17004: Cannot use JSX unless the '--jsx' flag is provided.
src/modules/sessions/pages/StartSession.tsx(836,19): error TS17004: Cannot use JSX unless the '--jsx' flag is provided.
src/modules/sessions/pages/StartSession.tsx(844,13): error TS17004: Cannot use JSX unless the '--jsx' flag is provided.
src/modules/sessions/pages/StartSession.tsx(845,15): error TS17004: Cannot use JSX unless the '--jsx' flag is provided.
src/modules/sessions/pages/StartSession.tsx(846,17): error TS17004: Cannot use JSX unless the '--jsx' flag is provided.
src/modules/sessions/pages/StartSession.tsx(849,17): error TS17004: Cannot use JSX unless the '--jsx' flag is provided.
src/modules/sessions/pages/StartSession.tsx(852,15): error TS17004: Cannot use JSX unless the '--jsx' flag is provided.
src/modules/sessions/pages/StartSession.tsx(853,17): error TS17004: Cannot use JSX unless the '--jsx' flag is provided.
src/modules/sessions/pages/StartSession.tsx(854,19): error TS17004: Cannot use JSX unless the '--jsx' flag is provided.
src/modules/sessions/pages/StartSession.tsx(857,19): error TS17004: Cannot use JSX unless the '--jsx' flag is provided.
src/modules/sessions/pages/StartSession.tsx(858,21): error TS17004: Cannot use JSX unless the '--jsx' flag is provided.
src/modules/sessions/pages/StartSession.tsx(859,21): error TS17004: Cannot use JSX unless the '--jsx' flag is provided.
src/modules/sessions/pages/StartSession.tsx(863,17): error TS17004: Cannot use JSX unless the '--jsx' flag is provided.
src/modules/sessions/pages/StartSession.tsx(864,19): error TS17004: Cannot use JSX unless the '--jsx' flag is provided.
src/modules/sessions/pages/StartSession.tsx(867,19): error TS17004: Cannot use JSX unless the '--jsx' flag is provided.
src/modules/sessions/pages/StartSession.tsx(868,21): error TS17004: Cannot use JSX unless the '--jsx' flag is provided.
src/modules/sessions/pages/StartSession.tsx(869,21): error TS17004: Cannot use JSX unless the '--jsx' flag is provided.
src/modules/sessions/pages/StartSession.tsx(873,17): error TS17004: Cannot use JSX unless the '--jsx' flag is provided.
src/modules/sessions/pages/StartSession.tsx(874,19): error TS17004: Cannot use JSX unless the '--jsx' flag is provided.
src/modules/sessions/pages/StartSession.tsx(877,19): error TS17004: Cannot use JSX unless the '--jsx' flag is provided.
src/modules/sessions/pages/StartSession.tsx(878,21): error TS17004: Cannot use JSX unless the '--jsx' flag is provided.
src/modules/sessions/pages/StartSession.tsx(879,21): error TS17004: Cannot use JSX unless the '--jsx' flag is provided.
src/modules/sessions/pages/StartSession.tsx(883,17): error TS17004: Cannot use JSX unless the '--jsx' flag is provided.
src/modules/sessions/pages/StartSession.tsx(884,19): error TS17004: Cannot use JSX unless the '--jsx' flag is provided.
src/modules/sessions/pages/StartSession.tsx(887,19): error TS17004: Cannot use JSX unless the '--jsx' flag is provided.
src/modules/sessions/pages/StartSession.tsx(888,21): error TS17004: Cannot use JSX unless the '--jsx' flag is provided.
src/modules/sessions/pages/StartSession.tsx(889,21): error TS17004: Cannot use JSX unless the '--jsx' flag is provided.
src/modules/sessions/pages/StartSession.tsx(899,9): error TS17004: Cannot use JSX unless the '--jsx' flag is provided.
src/modules/sessions/pages/StartSession.tsx(906,9): error TS17004: Cannot use JSX unless the '--jsx' flag is provided.
src/modules/sessions/pages/StartSession.tsx(914,9): error TS17004: Cannot use JSX unless the '--jsx' flag is provided.
src/modules/study-methods/components/index.ts(2,38): error TS6142: Module './MethodSelectionModal' was resolved to 'c:/Users/juand/OneDrive/Documents/Actividades Sena/9. Proyecto/5. Quinto Trimestre/Focus-Up-FrontEnd/src/modules/study-methods/components/MethodSelectionModal.tsx', but '--jsx' is not set.
src/modules/study-methods/components/MethodSelectionModal.tsx(77,17): error TS2339: Property 'key' does not exist on type 'KeyboardEvent'.
src/modules/study-methods/components/MethodSelectionModal.tsx(83,13): error TS2339: Property 'preventDefault' does not exist on type 'KeyboardEvent'.
src/modules/study-methods/components/MethodSelectionModal.tsx(89,13): error TS2339: Property 'preventDefault' does not exist on type 'KeyboardEvent'.
src/modules/study-methods/components/MethodSelectionModal.tsx(93,13): error TS2339: Property 'preventDefault' does not exist on type 'KeyboardEvent'.
src/modules/study-methods/components/MethodSelectionModal.tsx(99,5): error TS2584: Cannot find name 'document'. Do you need to change your target library? Try changing the 'lib' compiler option to include 'dom'.
src/modules/study-methods/components/MethodSelectionModal.tsx(100,18): error TS2584: Cannot find name 'document'. Do you need to change your target library? Try changing the 'lib' compiler option to include 'dom'.
src/modules/study-methods/components/MethodSelectionModal.tsx(109,5): error TS17004: Cannot use JSX unless the '--jsx' flag is provided.
src/modules/study-methods/components/MethodSelectionModal.tsx(111,9): error TS17004: Cannot use JSX unless the '--jsx' flag is provided.
src/modules/study-methods/components/MethodSelectionModal.tsx(113,11): error TS17004: Cannot use JSX unless the '--jsx' flag is provided.
src/modules/study-methods/components/MethodSelectionModal.tsx(122,11): error TS17004: Cannot use JSX unless the '--jsx' flag is provided.
src/modules/study-methods/components/MethodSelectionModal.tsx(133,13): error TS17004: Cannot use JSX unless the '--jsx' flag is provided.
src/modules/study-methods/components/MethodSelectionModal.tsx(134,15): error TS17004: Cannot use JSX unless the '--jsx' flag is provided.
src/modules/study-methods/components/MethodSelectionModal.tsx(135,17): error TS17004: Cannot use JSX unless the '--jsx' flag is provided.
src/modules/study-methods/components/MethodSelectionModal.tsx(138,17): error TS17004: Cannot use JSX unless the '--jsx' flag is provided.
src/modules/study-methods/components/MethodSelectionModal.tsx(142,15): error TS17004: Cannot use JSX unless the '--jsx' flag is provided.
src/modules/study-methods/components/MethodSelectionModal.tsx(147,17): error TS17004: Cannot use JSX unless the '--jsx' flag is provided.
src/modules/study-methods/components/MethodSelectionModal.tsx(152,13): error TS17004: Cannot use JSX unless the '--jsx' flag is provided.
src/modules/study-methods/components/MethodSelectionModal.tsx(153,15): error TS17004: Cannot use JSX unless the '--jsx' flag is provided.
src/modules/study-methods/components/MethodSelectionModal.tsx(159,21): error TS17004: Cannot use JSX unless the '--jsx' flag is provided.
src/modules/study-methods/components/MethodSelectionModal.tsx(180,25): error TS17004: Cannot use JSX unless the '--jsx' flag is provided.
src/modules/study-methods/components/MethodSelectionModal.tsx(181,27): error TS17004: Cannot use JSX unless the '--jsx' flag is provided.
src/modules/study-methods/components/MethodSelectionModal.tsx(186,23): error TS17004: Cannot use JSX unless the '--jsx' flag is provided.
src/modules/study-methods/components/MethodSelectionModal.tsx(187,25): error TS17004: Cannot use JSX unless the '--jsx' flag is provided.
src/modules/study-methods/components/MethodSelectionModal.tsx(188,27): error TS17004: Cannot use JSX unless the '--jsx' flag is provided.
src/modules/study-methods/components/MethodSelectionModal.tsx(194,38): error TS2812: Property 'style' does not exist on type 'HTMLImageElement'. Try changing the 'lib' compiler option to include 'dom'.
src/modules/study-methods/components/MethodSelectionModal.tsx(195,53): error TS2812: Property 'parentElement' does not exist on type 'HTMLImageElement'. Try changing the 'lib' compiler option to include 'dom'.
src/modules/study-methods/components/MethodSelectionModal.tsx(197,46): error TS2584: Cannot find name 'document'. Do you need to change your target library? Try changing the 'lib' compiler option to include 'dom'.
src/modules/study-methods/components/MethodSelectionModal.tsx(208,23): error TS17004: Cannot use JSX unless the '--jsx' flag is provided.
src/modules/study-methods/components/MethodSelectionModal.tsx(209,25): error TS17004: Cannot use JSX unless the '--jsx' flag is provided.
src/modules/study-methods/components/MethodSelectionModal.tsx(210,27): error TS17004: Cannot use JSX unless the '--jsx' flag is provided.
src/modules/study-methods/components/MethodSelectionModal.tsx(214,27): error TS17004: Cannot use JSX unless the '--jsx' flag is provided.
src/modules/study-methods/components/MethodSelectionModal.tsx(218,25): error TS17004: Cannot use JSX unless the '--jsx' flag is provided.
src/modules/study-methods/components/MethodSelectionModal.tsx(227,23): error TS17004: Cannot use JSX unless the '--jsx' flag is provided.
src/modules/study-methods/components/MethodSelectionModal.tsx(238,13): error TS17004: Cannot use JSX unless the '--jsx' flag is provided.
src/modules/study-methods/components/MethodSelectionModal.tsx(239,15): error TS17004: Cannot use JSX unless the '--jsx' flag is provided.
src/modules/study-methods/components/MethodSelectionModal.tsx(245,15): error TS17004: Cannot use JSX unless the '--jsx' flag is provided.
src/modules/study-methods/pages/ActiveRecallIntroView.tsx(35,23): error TS2304: Cannot find name 'localStorage'.
src/modules/study-methods/pages/ActiveRecallIntroView.tsx(41,32): error TS2304: Cannot find name 'fetch'.
src/modules/study-methods/pages/ActiveRecallIntroView.tsx(50,13): error TS2304: Cannot find name 'localStorage'.
src/modules/study-methods/pages/ActiveRecallIntroView.tsx(74,7): error TS17004: Cannot use JSX unless the '--jsx' flag is provided.
src/modules/study-methods/pages/ActiveRecallIntroView.tsx(76,9): error TS17004: Cannot use JSX unless the '--jsx' flag is provided.
src/modules/study-methods/pages/ActiveRecallIntroView.tsx(77,11): error TS17004: Cannot use JSX unless the '--jsx' flag is provided.
src/modules/study-methods/pages/ActiveRecallIntroView.tsx(78,11): error TS17004: Cannot use JSX unless the '--jsx' flag is provided.
src/modules/study-methods/pages/ActiveRecallIntroView.tsx(79,11): error TS17004: Cannot use JSX unless the '--jsx' flag is provided.
src/modules/study-methods/pages/ActiveRecallIntroView.tsx(82,9): error TS17004: Cannot use JSX unless the '--jsx' flag is provided.
src/modules/study-methods/pages/ActiveRecallIntroView.tsx(83,11): error TS17004: Cannot use JSX unless the '--jsx' flag is provided.
src/modules/study-methods/pages/ActiveRecallIntroView.tsx(84,13): error TS17004: Cannot use JSX unless the '--jsx' flag is provided.
src/modules/study-methods/pages/ActiveRecallIntroView.tsx(85,15): error TS17004: Cannot use JSX unless the '--jsx' flag is provided.
src/modules/study-methods/pages/ActiveRecallIntroView.tsx(87,13): error TS17004: Cannot use JSX unless the '--jsx' flag is provided.
src/modules/study-methods/pages/ActiveRecallIntroView.tsx(88,13): error TS17004: Cannot use JSX unless the '--jsx' flag is provided.
src/modules/study-methods/pages/ActiveRecallIntroView.tsx(97,7): error TS17004: Cannot use JSX unless the '--jsx' flag is provided.
src/modules/study-methods/pages/ActiveRecallIntroView.tsx(99,9): error TS17004: Cannot use JSX unless the '--jsx' flag is provided.
src/modules/study-methods/pages/ActiveRecallIntroView.tsx(100,11): error TS17004: Cannot use JSX unless the '--jsx' flag is provided.
src/modules/study-methods/pages/ActiveRecallIntroView.tsx(101,11): error TS17004: Cannot use JSX unless the '--jsx' flag is provided.
src/modules/study-methods/pages/ActiveRecallIntroView.tsx(104,9): error TS17004: Cannot use JSX unless the '--jsx' flag is provided.
src/modules/study-methods/pages/ActiveRecallIntroView.tsx(105,11): error TS17004: Cannot use JSX unless the '--jsx' flag is provided.
src/modules/study-methods/pages/ActiveRecallIntroView.tsx(106,13): error TS17004: Cannot use JSX unless the '--jsx' flag is provided.
src/modules/study-methods/pages/ActiveRecallIntroView.tsx(107,15): error TS17004: Cannot use JSX unless the '--jsx' flag is provided.
src/modules/study-methods/pages/ActiveRecallIntroView.tsx(108,17): error TS17004: Cannot use JSX unless the '--jsx' flag is provided.
src/modules/study-methods/pages/ActiveRecallIntroView.tsx(110,15): error TS17004: Cannot use JSX unless the '--jsx' flag is provided.
src/modules/study-methods/pages/ActiveRecallIntroView.tsx(111,17): error TS17004: Cannot use JSX unless the '--jsx' flag is provided.
src/modules/study-methods/pages/ActiveRecallIntroView.tsx(114,13): error TS17004: Cannot use JSX unless the '--jsx' flag is provided.
src/modules/study-methods/pages/ActiveRecallIntroView.tsx(115,13): error TS17004: Cannot use JSX unless the '--jsx' flag is provided.
src/modules/study-methods/pages/ActiveRecallIntroView.tsx(116,13): error TS17004: Cannot use JSX unless the '--jsx' flag is provided.
src/modules/study-methods/pages/ActiveRecallIntroView.tsx(120,15): error TS17004: Cannot use JSX unless the '--jsx' flag is provided.
src/modules/study-methods/pages/ActiveRecallIntroView.tsx(121,17): error TS17004: Cannot use JSX unless the '--jsx' flag is provided.
src/modules/study-methods/pages/ActiveRecallIntroView.tsx(142,5): error TS17004: Cannot use JSX unless the '--jsx' flag is provided.
src/modules/study-methods/pages/ActiveRecallIntroView.tsx(144,7): error TS17004: Cannot use JSX unless the '--jsx' flag is provided.
src/modules/study-methods/pages/ActiveRecallIntroView.tsx(145,9): error TS17004: Cannot use JSX unless the '--jsx' flag is provided.
src/modules/study-methods/pages/ActiveRecallIntroView.tsx(146,9): error TS17004: Cannot use JSX unless the '--jsx' flag is provided.
src/modules/study-methods/pages/ActiveRecallIntroView.tsx(147,9): error TS17004: Cannot use JSX unless the '--jsx' flag is provided.
src/modules/study-methods/pages/ActiveRecallIntroView.tsx(151,7): error TS17004: Cannot use JSX unless the '--jsx' flag is provided.
src/modules/study-methods/pages/ActiveRecallIntroView.tsx(152,9): error TS17004: Cannot use JSX unless the '--jsx' flag is provided.
src/modules/study-methods/pages/ActiveRecallIntroView.tsx(157,11): error TS17004: Cannot use JSX unless the '--jsx' flag is provided.
src/modules/study-methods/pages/ActiveRecallIntroView.tsx(163,13): error TS17004: Cannot use JSX unless the '--jsx' flag is provided.
src/modules/study-methods/pages/ActiveRecallIntroView.tsx(171,9): error TS17004: Cannot use JSX unless the '--jsx' flag is provided.
src/modules/study-methods/pages/ActiveRecallIntroView.tsx(172,11): error TS17004: Cannot use JSX unless the '--jsx' flag is provided.
src/modules/study-methods/pages/ActiveRecallIntroView.tsx(176,9): error TS17004: Cannot use JSX unless the '--jsx' flag is provided.
src/modules/study-methods/pages/ActiveRecallIntroView.tsx(180,7): error TS17004: Cannot use JSX unless the '--jsx' flag is provided.
src/modules/study-methods/pages/ActiveRecallIntroView.tsx(182,9): error TS17004: Cannot use JSX unless the '--jsx' flag is provided.
src/modules/study-methods/pages/ActiveRecallIntroView.tsx(184,11): error TS17004: Cannot use JSX unless the '--jsx' flag is provided.
src/modules/study-methods/pages/ActiveRecallIntroView.tsx(186,11): error TS17004: Cannot use JSX unless the '--jsx' flag is provided.
src/modules/study-methods/pages/ActiveRecallIntroView.tsx(187,13): error TS17004: Cannot use JSX unless the '--jsx' flag is provided.
src/modules/study-methods/pages/ActiveRecallIntroView.tsx(188,15): error TS17004: Cannot use JSX unless the '--jsx' flag is provided.
src/modules/study-methods/pages/ActiveRecallIntroView.tsx(189,15): error TS17004: Cannot use JSX unless the '--jsx' flag is provided.
src/modules/study-methods/pages/ActiveRecallIntroView.tsx(192,13): error TS17004: Cannot use JSX unless the '--jsx' flag is provided.
src/modules/study-methods/pages/ActiveRecallIntroView.tsx(194,17): error TS17004: Cannot use JSX unless the '--jsx' flag is provided.
src/modules/study-methods/pages/ActiveRecallIntroView.tsx(196,21): error TS17004: Cannot use JSX unless the '--jsx' flag is provided.
src/modules/study-methods/pages/ActiveRecallIntroView.tsx(198,19): error TS17004: Cannot use JSX unless the '--jsx' flag is provided.
src/modules/study-methods/pages/ActiveRecallIntroView.tsx(199,21): error TS17004: Cannot use JSX unless the '--jsx' flag is provided.
src/modules/study-methods/pages/ActiveRecallIntroView.tsx(206,32): error TS2812: Property 'style' does not exist on type 'HTMLImageElement'. Try changing the 'lib' compiler option to include 'dom'.
src/modules/study-methods/pages/ActiveRecallIntroView.tsx(207,47): error TS2812: Property 'parentElement' does not exist on type 'HTMLImageElement'. Try changing the 'lib' compiler option to include 'dom'.
src/modules/study-methods/pages/ActiveRecallIntroView.tsx(209,41): error TS2584: Cannot find name 'document'. Do you need to change your target library? Try changing the 'lib' compiler option to include 'dom'.
src/modules/study-methods/pages/ActiveRecallIntroView.tsx(219,17): error TS17004: Cannot use JSX unless the '--jsx' flag is provided.
src/modules/study-methods/pages/ActiveRecallIntroView.tsx(220,19): error TS17004: Cannot use JSX unless the '--jsx' flag is provided.
src/modules/study-methods/pages/ActiveRecallIntroView.tsx(225,13): error TS17004: Cannot use JSX unless the '--jsx' flag is provided.
src/modules/study-methods/pages/ActiveRecallIntroView.tsx(229,13): error TS17004: Cannot use JSX unless the '--jsx' flag is provided.
src/modules/study-methods/pages/ActiveRecallIntroView.tsx(234,13): error TS17004: Cannot use JSX unless the '--jsx' flag is provided.
src/modules/study-methods/pages/ActiveRecallIntroView.tsx(235,15): error TS17004: Cannot use JSX unless the '--jsx' flag is provided.
src/modules/study-methods/pages/ActiveRecallIntroView.tsx(236,17): error TS17004: Cannot use JSX unless the '--jsx' flag is provided.
src/modules/study-methods/pages/ActiveRecallIntroView.tsx(239,15): error TS17004: Cannot use JSX unless the '--jsx' flag is provided.
src/modules/study-methods/pages/ActiveRecallIntroView.tsx(240,17): error TS17004: Cannot use JSX unless the '--jsx' flag is provided.
src/modules/study-methods/pages/ActiveRecallIntroView.tsx(243,15): error TS17004: Cannot use JSX unless the '--jsx' flag is provided.
src/modules/study-methods/pages/ActiveRecallIntroView.tsx(244,17): error TS17004: Cannot use JSX unless the '--jsx' flag is provided.
src/modules/study-methods/pages/ActiveRecallIntroView.tsx(252,9): error TS17004: Cannot use JSX unless the '--jsx' flag is provided.
src/modules/study-methods/pages/ActiveRecallIntroView.tsx(253,11): error TS17004: Cannot use JSX unless the '--jsx' flag is provided.
src/modules/study-methods/pages/ActiveRecallIntroView.tsx(254,13): error TS17004: Cannot use JSX unless the '--jsx' flag is provided.
src/modules/study-methods/pages/ActiveRecallIntroView.tsx(257,13): error TS17004: Cannot use JSX unless the '--jsx' flag is provided.
src/modules/study-methods/pages/ActiveRecallIntroView.tsx(262,11): error TS17004: Cannot use JSX unless the '--jsx' flag is provided.
src/modules/study-methods/pages/ActiveRecallIntroView.tsx(263,13): error TS17004: Cannot use JSX unless the '--jsx' flag is provided.
src/modules/study-methods/pages/ActiveRecallIntroView.tsx(264,15): error TS17004: Cannot use JSX unless the '--jsx' flag is provided.
src/modules/study-methods/pages/ActiveRecallIntroView.tsx(265,17): error TS17004: Cannot use JSX unless the '--jsx' flag is provided.
src/modules/study-methods/pages/ActiveRecallIntroView.tsx(266,19): error TS17004: Cannot use JSX unless the '--jsx' flag is provided.
src/modules/study-methods/pages/ActiveRecallIntroView.tsx(268,17): error TS17004: Cannot use JSX unless the '--jsx' flag is provided.
src/modules/study-methods/pages/ActiveRecallIntroView.tsx(269,19): error TS17004: Cannot use JSX unless the '--jsx' flag is provided.
src/modules/study-methods/pages/ActiveRecallIntroView.tsx(270,21): error TS17004: Cannot use JSX unless the '--jsx' flag is provided.
src/modules/study-methods/pages/ActiveRecallIntroView.tsx(274,19): error TS17004: Cannot use JSX unless the '--jsx' flag is provided.
src/modules/study-methods/pages/ActiveRecallIntroView.tsx(282,13): error TS17004: Cannot use JSX unless the '--jsx' flag is provided.
src/modules/study-methods/pages/ActiveRecallIntroView.tsx(283,15): error TS17004: Cannot use JSX unless the '--jsx' flag is provided.
src/modules/study-methods/pages/ActiveRecallIntroView.tsx(284,17): error TS17004: Cannot use JSX unless the '--jsx' flag is provided.
src/modules/study-methods/pages/ActiveRecallIntroView.tsx(285,19): error TS17004: Cannot use JSX unless the '--jsx' flag is provided.
src/modules/study-methods/pages/ActiveRecallIntroView.tsx(287,17): error TS17004: Cannot use JSX unless the '--jsx' flag is provided.
src/modules/study-methods/pages/ActiveRecallIntroView.tsx(288,19): error TS17004: Cannot use JSX unless the '--jsx' flag is provided.
src/modules/study-methods/pages/ActiveRecallIntroView.tsx(289,21): error TS17004: Cannot use JSX unless the '--jsx' flag is provided.
src/modules/study-methods/pages/ActiveRecallIntroView.tsx(293,19): error TS17004: Cannot use JSX unless the '--jsx' flag is provided.
src/modules/study-methods/pages/ActiveRecallIntroView.tsx(301,13): error TS17004: Cannot use JSX unless the '--jsx' flag is provided.
src/modules/study-methods/pages/ActiveRecallIntroView.tsx(302,15): error TS17004: Cannot use JSX unless the '--jsx' flag is provided.
src/modules/study-methods/pages/ActiveRecallIntroView.tsx(303,17): error TS17004: Cannot use JSX unless the '--jsx' flag is provided.
src/modules/study-methods/pages/ActiveRecallIntroView.tsx(304,19): error TS17004: Cannot use JSX unless the '--jsx' flag is provided.
src/modules/study-methods/pages/ActiveRecallIntroView.tsx(306,17): error TS17004: Cannot use JSX unless the '--jsx' flag is provided.
src/modules/study-methods/pages/ActiveRecallIntroView.tsx(307,19): error TS17004: Cannot use JSX unless the '--jsx' flag is provided.
src/modules/study-methods/pages/ActiveRecallIntroView.tsx(308,21): error TS17004: Cannot use JSX unless the '--jsx' flag is provided.
src/modules/study-methods/pages/ActiveRecallIntroView.tsx(312,19): error TS17004: Cannot use JSX unless the '--jsx' flag is provided.
src/modules/study-methods/pages/ActiveRecallIntroView.tsx(320,13): error TS17004: Cannot use JSX unless the '--jsx' flag is provided.
src/modules/study-methods/pages/ActiveRecallIntroView.tsx(321,15): error TS17004: Cannot use JSX unless the '--jsx' flag is provided.
src/modules/study-methods/pages/ActiveRecallIntroView.tsx(322,17): error TS17004: Cannot use JSX unless the '--jsx' flag is provided.
src/modules/study-methods/pages/ActiveRecallIntroView.tsx(323,19): error TS17004: Cannot use JSX unless the '--jsx' flag is provided.
src/modules/study-methods/pages/ActiveRecallIntroView.tsx(325,17): error TS17004: Cannot use JSX unless the '--jsx' flag is provided.
src/modules/study-methods/pages/ActiveRecallIntroView.tsx(326,19): error TS17004: Cannot use JSX unless the '--jsx' flag is provided.
src/modules/study-methods/pages/ActiveRecallIntroView.tsx(327,21): error TS17004: Cannot use JSX unless the '--jsx' flag is provided.
src/modules/study-methods/pages/ActiveRecallIntroView.tsx(331,19): error TS17004: Cannot use JSX unless the '--jsx' flag is provided.
src/modules/study-methods/pages/ActiveRecallIntroView.tsx(343,11): error TS17004: Cannot use JSX unless the '--jsx' flag is provided.
src/modules/study-methods/pages/ActiveRecallIntroView.tsx(344,13): error TS17004: Cannot use JSX unless the '--jsx' flag is provided.
src/modules/study-methods/pages/ActiveRecallIntroView.tsx(345,15): error TS17004: Cannot use JSX unless the '--jsx' flag is provided.
src/modules/study-methods/pages/ActiveRecallIntroView.tsx(348,15): error TS17004: Cannot use JSX unless the '--jsx' flag is provided.
src/modules/study-methods/pages/ActiveRecallIntroView.tsx(353,13): error TS17004: Cannot use JSX unless the '--jsx' flag is provided.
src/modules/study-methods/pages/ActiveRecallIntroView.tsx(355,17): error TS17004: Cannot use JSX unless the '--jsx' flag is provided.
src/modules/study-methods/pages/ActiveRecallIntroView.tsx(360,19): error TS17004: Cannot use JSX unless the '--jsx' flag is provided.
src/modules/study-methods/pages/ActiveRecallIntroView.tsx(361,21): error TS17004: Cannot use JSX unless the '--jsx' flag is provided.
src/modules/study-methods/pages/ActiveRecallIntroView.tsx(362,23): error TS17004: Cannot use JSX unless the '--jsx' flag is provided.
src/modules/study-methods/pages/ActiveRecallIntroView.tsx(364,21): error TS17004: Cannot use JSX unless the '--jsx' flag is provided.
src/modules/study-methods/pages/ActiveRecallIntroView.tsx(375,9): error TS17004: Cannot use JSX unless the '--jsx' flag is provided.
src/modules/study-methods/pages/ActiveRecallIntroView.tsx(376,11): error TS17004: Cannot use JSX unless the '--jsx' flag is provided.
src/modules/study-methods/pages/ActiveRecallIntroView.tsx(383,13): error TS17004: Cannot use JSX unless the '--jsx' flag is provided.
src/modules/study-methods/pages/ActiveRecallIntroView.tsx(384,13): error TS17004: Cannot use JSX unless the '--jsx' flag is provided.
src/modules/study-methods/pages/ActiveRecallIntroView.tsx(385,15): error TS17004: Cannot use JSX unless the '--jsx' flag is provided.
src/modules/study-methods/pages/ActiveRecallStepsView.tsx(7,23): error TS2307: Cannot find module '../../../../shared/components/ui/Timer' or its corresponding type declarations.
src/modules/study-methods/pages/ActiveRecallStepsView.tsx(10,32): error TS2307: Cannot find module '../../../../shared/components/ui/ProgressCircle' or its corresponding type declarations.
src/modules/study-methods/pages/ActiveRecallStepsView.tsx(21,34): error TS2307: Cannot find module '../../../../shared/components/ui/FinishLaterModal' or its corresponding type declarations.
src/modules/study-methods/pages/ActiveRecallStepsView.tsx(141,25): error TS2304: Cannot find name 'localStorage'.
src/modules/study-methods/pages/ActiveRecallStepsView.tsx(147,9): error TS2584: Cannot find name 'console'. Do you need to change your target library? Try changing the 'lib' compiler option to include 'dom'.
src/modules/study-methods/pages/ActiveRecallStepsView.tsx(159,23): error TS2304: Cannot find name 'localStorage'.
src/modules/study-methods/pages/ActiveRecallStepsView.tsx(165,32): error TS2304: Cannot find name 'fetch'.
src/modules/study-methods/pages/ActiveRecallStepsView.tsx(174,13): error TS2304: Cannot find name 'localStorage'.
src/modules/study-methods/pages/ActiveRecallStepsView.tsx(191,13): error TS2584: Cannot find name 'console'. Do you need to change your target library? Try changing the 'lib' compiler option to include 'dom'.
src/modules/study-methods/pages/ActiveRecallStepsView.tsx(228,28): error TS2304: Cannot find name 'localStorage'.
src/modules/study-methods/pages/ActiveRecallStepsView.tsx(229,28): error TS2304: Cannot find name 'localStorage'.
src/modules/study-methods/pages/ActiveRecallStepsView.tsx(230,30): error TS2304: Cannot find name 'localStorage'.
src/modules/study-methods/pages/ActiveRecallStepsView.tsx(234,7): error TS2584: Cannot find name 'console'. Do you need to change your target library? Try changing the 'lib' compiler option to include 'dom'.
src/modules/study-methods/pages/ActiveRecallStepsView.tsx(276,7): error TS2304: Cannot find name 'localStorage'.
src/modules/study-methods/pages/ActiveRecallStepsView.tsx(277,7): error TS2304: Cannot find name 'localStorage'.
src/modules/study-methods/pages/ActiveRecallStepsView.tsx(278,7): error TS2304: Cannot find name 'localStorage'.
src/modules/study-methods/pages/ActiveRecallStepsView.tsx(290,7): error TS2584: Cannot find name 'console'. Do you need to change your target library? Try changing the 'lib' compiler option to include 'dom'.
src/modules/study-methods/pages/ActiveRecallStepsView.tsx(296,7): error TS2584: Cannot find name 'console'. Do you need to change your target library? Try changing the 'lib' compiler option to include 'dom'.
src/modules/study-methods/pages/ActiveRecallStepsView.tsx(302,7): error TS2584: Cannot find name 'console'. Do you need to change your target library? Try changing the 'lib' compiler option to include 'dom'.
src/modules/study-methods/pages/ActiveRecallStepsView.tsx(307,9): error TS2584: Cannot find name 'console'. Do you need to change your target library? Try changing the 'lib' compiler option to include 'dom'.
src/modules/study-methods/pages/ActiveRecallStepsView.tsx(321,7): error TS2304: Cannot find name 'localStorage'.
src/modules/study-methods/pages/ActiveRecallStepsView.tsx(322,7): error TS2304: Cannot find name 'localStorage'.
src/modules/study-methods/pages/ActiveRecallStepsView.tsx(328,7): error TS2304: Cannot find name 'window'.
src/modules/study-methods/pages/ActiveRecallStepsView.tsx(328,32): error TS2693: 'Event' only refers to a type, but is being used as a value here.
src/modules/study-methods/pages/ActiveRecallStepsView.tsx(330,7): error TS2584: Cannot find name 'console'. Do you need to change your target library? Try changing the 'lib' compiler option to include 'dom'.
src/modules/study-methods/pages/ActiveRecallStepsView.tsx(342,7): error TS2584: Cannot find name 'console'. Do you need to change your target library? Try changing the 'lib' compiler option to include 'dom'.
src/modules/study-methods/pages/ActiveRecallStepsView.tsx(349,65): error TS2304: Cannot find name 'localStorage'.
src/modules/study-methods/pages/ActiveRecallStepsView.tsx(357,7): error TS2584: Cannot find name 'console'. Do you need to change your target library? Try changing the 'lib' compiler option to include 'dom'.
src/modules/study-methods/pages/ActiveRecallStepsView.tsx(362,7): error TS2584: Cannot find name 'console'. Do you need to change your target library? Try changing the 'lib' compiler option to include 'dom'.
src/modules/study-methods/pages/ActiveRecallStepsView.tsx(367,7): error TS2584: Cannot find name 'console'. Do you need to change your target library? Try changing the 'lib' compiler option to include 'dom'.
src/modules/study-methods/pages/ActiveRecallStepsView.tsx(371,9): error TS2304: Cannot find name 'localStorage'.
src/modules/study-methods/pages/ActiveRecallStepsView.tsx(375,7): error TS2304: Cannot find name 'window'.
src/modules/study-methods/pages/ActiveRecallStepsView.tsx(375,32): error TS2693: 'Event' only refers to a type, but is being used as a value here.
src/modules/study-methods/pages/ActiveRecallStepsView.tsx(377,7): error TS2584: Cannot find name 'console'. Do you need to change your target library? Try changing the 'lib' compiler option to include 'dom'.
src/modules/study-methods/pages/ActiveRecallStepsView.tsx(432,69): error TS2304: Cannot find name 'localStorage'.
src/modules/study-methods/pages/ActiveRecallStepsView.tsx(437,11): error TS2304: Cannot find name 'navigator'.
src/modules/study-methods/pages/ActiveRecallStepsView.tsx(444,11): error TS2584: Cannot find name 'console'. Do you need to change your target library? Try changing the 'lib' compiler option to include 'dom'.
src/modules/study-methods/pages/ActiveRecallStepsView.tsx(449,5): error TS2304: Cannot find name 'window'.
src/modules/study-methods/pages/ActiveRecallStepsView.tsx(450,18): error TS2304: Cannot find name 'window'.
src/modules/study-methods/pages/ActiveRecallStepsView.tsx(482,5): error TS2304: Cannot find name 'localStorage'.
src/modules/study-methods/pages/ActiveRecallStepsView.tsx(483,5): error TS2304: Cannot find name 'localStorage'.
src/modules/study-methods/pages/ActiveRecallStepsView.tsx(494,7): error TS17004: Cannot use JSX unless the '--jsx' flag is provided.
src/modules/study-methods/pages/ActiveRecallStepsView.tsx(495,9): error TS17004: Cannot use JSX unless the '--jsx' flag is provided.
src/modules/study-methods/pages/ActiveRecallStepsView.tsx(496,11): error TS17004: Cannot use JSX unless the '--jsx' flag is provided.
src/modules/study-methods/pages/ActiveRecallStepsView.tsx(497,11): error TS17004: Cannot use JSX unless the '--jsx' flag is provided.
src/modules/study-methods/pages/ActiveRecallStepsView.tsx(505,7): error TS17004: Cannot use JSX unless the '--jsx' flag is provided.
src/modules/study-methods/pages/ActiveRecallStepsView.tsx(506,9): error TS17004: Cannot use JSX unless the '--jsx' flag is provided.
src/modules/study-methods/pages/ActiveRecallStepsView.tsx(507,11): error TS17004: Cannot use JSX unless the '--jsx' flag is provided.
src/modules/study-methods/pages/ActiveRecallStepsView.tsx(508,11): error TS17004: Cannot use JSX unless the '--jsx' flag is provided.
src/modules/study-methods/pages/ActiveRecallStepsView.tsx(509,11): error TS17004: Cannot use JSX unless the '--jsx' flag is provided.
src/modules/study-methods/pages/ActiveRecallStepsView.tsx(510,11): error TS17004: Cannot use JSX unless the '--jsx' flag is provided.
src/modules/study-methods/pages/ActiveRecallStepsView.tsx(529,5): error TS17004: Cannot use JSX unless the '--jsx' flag is provided.
src/modules/study-methods/pages/ActiveRecallStepsView.tsx(531,7): error TS17004: Cannot use JSX unless the '--jsx' flag is provided.
src/modules/study-methods/pages/ActiveRecallStepsView.tsx(532,9): error TS17004: Cannot use JSX unless the '--jsx' flag is provided.
src/modules/study-methods/pages/ActiveRecallStepsView.tsx(537,11): error TS17004: Cannot use JSX unless the '--jsx' flag is provided.
src/modules/study-methods/pages/ActiveRecallStepsView.tsx(543,13): error TS17004: Cannot use JSX unless the '--jsx' flag is provided.
src/modules/study-methods/pages/ActiveRecallStepsView.tsx(551,9): error TS17004: Cannot use JSX unless the '--jsx' flag is provided.
src/modules/study-methods/pages/ActiveRecallStepsView.tsx(559,11): error TS17004: Cannot use JSX unless the '--jsx' flag is provided.
src/modules/study-methods/pages/ActiveRecallStepsView.tsx(564,13): error TS17004: Cannot use JSX unless the '--jsx' flag is provided.
src/modules/study-methods/pages/ActiveRecallStepsView.tsx(571,7): error TS17004: Cannot use JSX unless the '--jsx' flag is provided.
src/modules/study-methods/pages/ActiveRecallStepsView.tsx(572,9): error TS17004: Cannot use JSX unless the '--jsx' flag is provided.
src/modules/study-methods/pages/ActiveRecallStepsView.tsx(578,9): error TS17004: Cannot use JSX unless the '--jsx' flag is provided.
src/modules/study-methods/pages/ActiveRecallStepsView.tsx(579,11): error TS17004: Cannot use JSX unless the '--jsx' flag is provided.
src/modules/study-methods/pages/ActiveRecallStepsView.tsx(586,7): error TS17004: Cannot use JSX unless the '--jsx' flag is provided.
src/modules/study-methods/pages/ActiveRecallStepsView.tsx(588,9): error TS17004: Cannot use JSX unless the '--jsx' flag is provided.
src/modules/study-methods/pages/ActiveRecallStepsView.tsx(592,11): error TS17004: Cannot use JSX unless the '--jsx' flag is provided.
src/modules/study-methods/pages/ActiveRecallStepsView.tsx(598,11): error TS17004: Cannot use JSX unless the '--jsx' flag is provided.
src/modules/study-methods/pages/ActiveRecallStepsView.tsx(602,11): error TS17004: Cannot use JSX unless the '--jsx' flag is provided.
src/modules/study-methods/pages/ActiveRecallStepsView.tsx(603,13): error TS17004: Cannot use JSX unless the '--jsx' flag is provided.
src/modules/study-methods/pages/ActiveRecallStepsView.tsx(608,13): error TS17004: Cannot use JSX unless the '--jsx' flag is provided.
src/modules/study-methods/pages/ActiveRecallStepsView.tsx(609,15): error TS17004: Cannot use JSX unless the '--jsx' flag is provided.
src/modules/study-methods/pages/ActiveRecallStepsView.tsx(610,20): error TS17004: Cannot use JSX unless the '--jsx' flag is provided.
src/modules/study-methods/pages/ActiveRecallStepsView.tsx(617,13): error TS17004: Cannot use JSX unless the '--jsx' flag is provided.
src/modules/study-methods/pages/ActiveRecallStepsView.tsx(618,15): error TS17004: Cannot use JSX unless the '--jsx' flag is provided.
src/modules/study-methods/pages/ActiveRecallStepsView.tsx(619,20): error TS17004: Cannot use JSX unless the '--jsx' flag is provided.
src/modules/study-methods/pages/ActiveRecallStepsView.tsx(625,13): error TS17004: Cannot use JSX unless the '--jsx' flag is provided.
src/modules/study-methods/pages/ActiveRecallStepsView.tsx(626,15): error TS17004: Cannot use JSX unless the '--jsx' flag is provided.
src/modules/study-methods/pages/ActiveRecallStepsView.tsx(627,20): error TS17004: Cannot use JSX unless the '--jsx' flag is provided.
src/modules/study-methods/pages/ActiveRecallStepsView.tsx(633,13): error TS17004: Cannot use JSX unless the '--jsx' flag is provided.
src/modules/study-methods/pages/ActiveRecallStepsView.tsx(634,15): error TS17004: Cannot use JSX unless the '--jsx' flag is provided.
src/modules/study-methods/pages/ActiveRecallStepsView.tsx(635,20): error TS17004: Cannot use JSX unless the '--jsx' flag is provided.
src/modules/study-methods/pages/ActiveRecallStepsView.tsx(642,13): error TS17004: Cannot use JSX unless the '--jsx' flag is provided.
src/modules/study-methods/pages/ActiveRecallStepsView.tsx(643,15): error TS17004: Cannot use JSX unless the '--jsx' flag is provided.
src/modules/study-methods/pages/ActiveRecallStepsView.tsx(644,17): error TS17004: Cannot use JSX unless the '--jsx' flag is provided.
src/modules/study-methods/pages/ActiveRecallStepsView.tsx(645,17): error TS17004: Cannot use JSX unless the '--jsx' flag is provided.
src/modules/study-methods/pages/ActiveRecallStepsView.tsx(653,19): error TS17004: Cannot use JSX unless the '--jsx' flag is provided.
src/modules/study-methods/pages/ActiveRecallStepsView.tsx(656,15): error TS17004: Cannot use JSX unless the '--jsx' flag is provided.
src/modules/study-methods/pages/ActiveRecallStepsView.tsx(666,9): error TS17004: Cannot use JSX unless the '--jsx' flag is provided.
src/modules/study-methods/pages/ActiveRecallStepsView.tsx(667,11): error TS17004: Cannot use JSX unless the '--jsx' flag is provided.
src/modules/study-methods/pages/ActiveRecallStepsView.tsx(688,11): error TS17004: Cannot use JSX unless the '--jsx' flag is provided.
src/modules/study-methods/pages/ActiveRecallStepsView.tsx(690,15): error TS17004: Cannot use JSX unless the '--jsx' flag is provided.
src/modules/study-methods/pages/ActiveRecallStepsView.tsx(707,13): error TS17004: Cannot use JSX unless the '--jsx' flag is provided.
src/modules/study-methods/pages/ActiveRecallStepsView.tsx(719,13): error TS17004: Cannot use JSX unless the '--jsx' flag is provided.
src/modules/study-methods/pages/ActiveRecallStepsView.tsx(733,33): error TS2812: Property 'style' does not exist on type 'EventTarget & HTMLButtonElement'. Try changing the 'lib' compiler option to include 'dom'.
src/modules/study-methods/pages/ActiveRecallStepsView.tsx(736,33): error TS2812: Property 'style' does not exist on type 'EventTarget & HTMLButtonElement'. Try changing the 'lib' compiler option to include 'dom'.
src/modules/study-methods/pages/ActiveRecallStepsView.tsx(746,7): error TS17004: Cannot use JSX unless the '--jsx' flag is provided.
src/modules/study-methods/pages/ActiveRecallStepsView.tsx(761,9): error TS17004: Cannot use JSX unless the '--jsx' flag is provided.
src/modules/study-methods/pages/ActiveRecallStepsView.tsx(762,11): error TS17004: Cannot use JSX unless the '--jsx' flag is provided.
src/modules/study-methods/pages/ActiveRecallStepsView.tsx(763,13): error TS17004: Cannot use JSX unless the '--jsx' flag is provided.
src/modules/study-methods/pages/ActiveRecallStepsView.tsx(767,13): error TS17004: Cannot use JSX unless the '--jsx' flag is provided.
src/modules/study-methods/pages/ActiveRecallStepsView.tsx(769,15): error TS17004: Cannot use JSX unless the '--jsx' flag is provided.
src/modules/study-methods/pages/ActiveRecallStepsView.tsx(770,17): error TS17004: Cannot use JSX unless the '--jsx' flag is provided.
src/modules/study-methods/pages/ActiveRecallStepsView.tsx(773,17): error TS17004: Cannot use JSX unless the '--jsx' flag is provided.
src/modules/study-methods/pages/ActiveRecallStepsView.tsx(774,19): error TS17004: Cannot use JSX unless the '--jsx' flag is provided.
src/modules/study-methods/pages/ActiveRecallStepsView.tsx(782,82): error TS2812: Property 'value' does not exist on type 'EventTarget & HTMLInputElement'. Try changing the 'lib' compiler option to include 'dom'.
src/modules/study-methods/pages/ActiveRecallStepsView.tsx(787,19): error TS17004: Cannot use JSX unless the '--jsx' flag is provided.
src/modules/study-methods/pages/ActiveRecallStepsView.tsx(792,15): error TS17004: Cannot use JSX unless the '--jsx' flag is provided.
src/modules/study-methods/pages/ActiveRecallStepsView.tsx(793,17): error TS17004: Cannot use JSX unless the '--jsx' flag is provided.
src/modules/study-methods/pages/ActiveRecallStepsView.tsx(796,17): error TS17004: Cannot use JSX unless the '--jsx' flag is provided.
src/modules/study-methods/pages/ActiveRecallStepsView.tsx(797,19): error TS17004: Cannot use JSX unless the '--jsx' flag is provided.
src/modules/study-methods/pages/ActiveRecallStepsView.tsx(805,82): error TS2812: Property 'value' does not exist on type 'EventTarget & HTMLInputElement'. Try changing the 'lib' compiler option to include 'dom'.
src/modules/study-methods/pages/ActiveRecallStepsView.tsx(810,19): error TS17004: Cannot use JSX unless the '--jsx' flag is provided.
src/modules/study-methods/pages/ActiveRecallStepsView.tsx(815,15): error TS17004: Cannot use JSX unless the '--jsx' flag is provided.
src/modules/study-methods/pages/ActiveRecallStepsView.tsx(816,17): error TS17004: Cannot use JSX unless the '--jsx' flag is provided.
src/modules/study-methods/pages/ActiveRecallStepsView.tsx(819,17): error TS17004: Cannot use JSX unless the '--jsx' flag is provided.
src/modules/study-methods/pages/ActiveRecallStepsView.tsx(820,19): error TS17004: Cannot use JSX unless the '--jsx' flag is provided.
src/modules/study-methods/pages/ActiveRecallStepsView.tsx(828,82): error TS2812: Property 'value' does not exist on type 'EventTarget & HTMLInputElement'. Try changing the 'lib' compiler option to include 'dom'.
src/modules/study-methods/pages/ActiveRecallStepsView.tsx(833,19): error TS17004: Cannot use JSX unless the '--jsx' flag is provided.
src/modules/study-methods/pages/ActiveRecallStepsView.tsx(838,13): error TS17004: Cannot use JSX unless the '--jsx' flag is provided.
src/modules/study-methods/pages/ActiveRecallStepsView.tsx(839,15): error TS17004: Cannot use JSX unless the '--jsx' flag is provided.
src/modules/study-methods/pages/ActiveRecallStepsView.tsx(845,15): error TS17004: Cannot use JSX unless the '--jsx' flag is provided.
src/modules/study-methods/pages/ActiveRecallStepsView.tsx(848,19): error TS2304: Cannot find name 'localStorage'.
src/modules/study-methods/pages/CornellIntroView.tsx(35,23): error TS2304: Cannot find name 'localStorage'.
src/modules/study-methods/pages/CornellIntroView.tsx(41,32): error TS2304: Cannot find name 'fetch'.
src/modules/study-methods/pages/CornellIntroView.tsx(50,13): error TS2304: Cannot find name 'localStorage'.
src/modules/study-methods/pages/CornellIntroView.tsx(74,7): error TS17004: Cannot use JSX unless the '--jsx' flag is provided.
src/modules/study-methods/pages/CornellIntroView.tsx(76,9): error TS17004: Cannot use JSX unless the '--jsx' flag is provided.
src/modules/study-methods/pages/CornellIntroView.tsx(77,11): error TS17004: Cannot use JSX unless the '--jsx' flag is provided.
src/modules/study-methods/pages/CornellIntroView.tsx(78,11): error TS17004: Cannot use JSX unless the '--jsx' flag is provided.
src/modules/study-methods/pages/CornellIntroView.tsx(79,11): error TS17004: Cannot use JSX unless the '--jsx' flag is provided.
src/modules/study-methods/pages/CornellIntroView.tsx(82,9): error TS17004: Cannot use JSX unless the '--jsx' flag is provided.
src/modules/study-methods/pages/CornellIntroView.tsx(83,11): error TS17004: Cannot use JSX unless the '--jsx' flag is provided.
src/modules/study-methods/pages/CornellIntroView.tsx(84,13): error TS17004: Cannot use JSX unless the '--jsx' flag is provided.
src/modules/study-methods/pages/CornellIntroView.tsx(85,15): error TS17004: Cannot use JSX unless the '--jsx' flag is provided.
src/modules/study-methods/pages/CornellIntroView.tsx(88,13): error TS17004: Cannot use JSX unless the '--jsx' flag is provided.
src/modules/study-methods/pages/CornellIntroView.tsx(89,13): error TS17004: Cannot use JSX unless the '--jsx' flag is provided.
src/modules/study-methods/pages/CornellIntroView.tsx(98,7): error TS17004: Cannot use JSX unless the '--jsx' flag is provided.
src/modules/study-methods/pages/CornellIntroView.tsx(100,9): error TS17004: Cannot use JSX unless the '--jsx' flag is provided.
src/modules/study-methods/pages/CornellIntroView.tsx(101,11): error TS17004: Cannot use JSX unless the '--jsx' flag is provided.
src/modules/study-methods/pages/CornellIntroView.tsx(102,11): error TS17004: Cannot use JSX unless the '--jsx' flag is provided.
src/modules/study-methods/pages/CornellIntroView.tsx(105,9): error TS17004: Cannot use JSX unless the '--jsx' flag is provided.
src/modules/study-methods/pages/CornellIntroView.tsx(106,11): error TS17004: Cannot use JSX unless the '--jsx' flag is provided.
src/modules/study-methods/pages/CornellIntroView.tsx(107,13): error TS17004: Cannot use JSX unless the '--jsx' flag is provided.
src/modules/study-methods/pages/CornellIntroView.tsx(108,15): error TS17004: Cannot use JSX unless the '--jsx' flag is provided.
src/modules/study-methods/pages/CornellIntroView.tsx(109,17): error TS17004: Cannot use JSX unless the '--jsx' flag is provided.
src/modules/study-methods/pages/CornellIntroView.tsx(111,15): error TS17004: Cannot use JSX unless the '--jsx' flag is provided.
src/modules/study-methods/pages/CornellIntroView.tsx(112,17): error TS17004: Cannot use JSX unless the '--jsx' flag is provided.
src/modules/study-methods/pages/CornellIntroView.tsx(115,13): error TS17004: Cannot use JSX unless the '--jsx' flag is provided.
src/modules/study-methods/pages/CornellIntroView.tsx(116,13): error TS17004: Cannot use JSX unless the '--jsx' flag is provided.
src/modules/study-methods/pages/CornellIntroView.tsx(117,13): error TS17004: Cannot use JSX unless the '--jsx' flag is provided.
src/modules/study-methods/pages/CornellIntroView.tsx(121,15): error TS17004: Cannot use JSX unless the '--jsx' flag is provided.
src/modules/study-methods/pages/CornellIntroView.tsx(122,17): error TS17004: Cannot use JSX unless the '--jsx' flag is provided.
src/modules/study-methods/pages/CornellIntroView.tsx(143,5): error TS17004: Cannot use JSX unless the '--jsx' flag is provided.
src/modules/study-methods/pages/CornellIntroView.tsx(145,7): error TS17004: Cannot use JSX unless the '--jsx' flag is provided.
src/modules/study-methods/pages/CornellIntroView.tsx(146,9): error TS17004: Cannot use JSX unless the '--jsx' flag is provided.
src/modules/study-methods/pages/CornellIntroView.tsx(147,9): error TS17004: Cannot use JSX unless the '--jsx' flag is provided.
src/modules/study-methods/pages/CornellIntroView.tsx(148,9): error TS17004: Cannot use JSX unless the '--jsx' flag is provided.
src/modules/study-methods/pages/CornellIntroView.tsx(152,7): error TS17004: Cannot use JSX unless the '--jsx' flag is provided.
src/modules/study-methods/pages/CornellIntroView.tsx(153,9): error TS17004: Cannot use JSX unless the '--jsx' flag is provided.
src/modules/study-methods/pages/CornellIntroView.tsx(158,11): error TS17004: Cannot use JSX unless the '--jsx' flag is provided.
src/modules/study-methods/pages/CornellIntroView.tsx(164,13): error TS17004: Cannot use JSX unless the '--jsx' flag is provided.
src/modules/study-methods/pages/CornellIntroView.tsx(172,9): error TS17004: Cannot use JSX unless the '--jsx' flag is provided.
src/modules/study-methods/pages/CornellIntroView.tsx(173,11): error TS17004: Cannot use JSX unless the '--jsx' flag is provided.
src/modules/study-methods/pages/CornellIntroView.tsx(177,9): error TS17004: Cannot use JSX unless the '--jsx' flag is provided.
src/modules/study-methods/pages/CornellIntroView.tsx(181,7): error TS17004: Cannot use JSX unless the '--jsx' flag is provided.
src/modules/study-methods/pages/CornellIntroView.tsx(183,9): error TS17004: Cannot use JSX unless the '--jsx' flag is provided.
src/modules/study-methods/pages/CornellIntroView.tsx(185,11): error TS17004: Cannot use JSX unless the '--jsx' flag is provided.
src/modules/study-methods/pages/CornellIntroView.tsx(187,11): error TS17004: Cannot use JSX unless the '--jsx' flag is provided.
src/modules/study-methods/pages/CornellIntroView.tsx(188,13): error TS17004: Cannot use JSX unless the '--jsx' flag is provided.
src/modules/study-methods/pages/CornellIntroView.tsx(189,15): error TS17004: Cannot use JSX unless the '--jsx' flag is provided.
src/modules/study-methods/pages/CornellIntroView.tsx(190,15): error TS17004: Cannot use JSX unless the '--jsx' flag is provided.
src/modules/study-methods/pages/CornellIntroView.tsx(193,13): error TS17004: Cannot use JSX unless the '--jsx' flag is provided.
src/modules/study-methods/pages/CornellIntroView.tsx(195,17): error TS17004: Cannot use JSX unless the '--jsx' flag is provided.
src/modules/study-methods/pages/CornellIntroView.tsx(197,21): error TS17004: Cannot use JSX unless the '--jsx' flag is provided.
src/modules/study-methods/pages/CornellIntroView.tsx(199,19): error TS17004: Cannot use JSX unless the '--jsx' flag is provided.
src/modules/study-methods/pages/CornellIntroView.tsx(200,21): error TS17004: Cannot use JSX unless the '--jsx' flag is provided.
src/modules/study-methods/pages/CornellIntroView.tsx(207,32): error TS2812: Property 'style' does not exist on type 'HTMLImageElement'. Try changing the 'lib' compiler option to include 'dom'.
src/modules/study-methods/pages/CornellIntroView.tsx(208,47): error TS2812: Property 'parentElement' does not exist on type 'HTMLImageElement'. Try changing the 'lib' compiler option to include 'dom'.
src/modules/study-methods/pages/CornellIntroView.tsx(210,41): error TS2584: Cannot find name 'document'. Do you need to change your target library? Try changing the 'lib' compiler option to include 'dom'.
src/modules/study-methods/pages/CornellIntroView.tsx(220,17): error TS17004: Cannot use JSX unless the '--jsx' flag is provided.
src/modules/study-methods/pages/CornellIntroView.tsx(221,19): error TS17004: Cannot use JSX unless the '--jsx' flag is provided.
src/modules/study-methods/pages/CornellIntroView.tsx(226,13): error TS17004: Cannot use JSX unless the '--jsx' flag is provided.
src/modules/study-methods/pages/CornellIntroView.tsx(230,13): error TS17004: Cannot use JSX unless the '--jsx' flag is provided.
src/modules/study-methods/pages/CornellIntroView.tsx(235,13): error TS17004: Cannot use JSX unless the '--jsx' flag is provided.
src/modules/study-methods/pages/CornellIntroView.tsx(236,15): error TS17004: Cannot use JSX unless the '--jsx' flag is provided.
src/modules/study-methods/pages/CornellIntroView.tsx(237,17): error TS17004: Cannot use JSX unless the '--jsx' flag is provided.
src/modules/study-methods/pages/CornellIntroView.tsx(240,15): error TS17004: Cannot use JSX unless the '--jsx' flag is provided.
src/modules/study-methods/pages/CornellIntroView.tsx(241,17): error TS17004: Cannot use JSX unless the '--jsx' flag is provided.
src/modules/study-methods/pages/CornellIntroView.tsx(244,15): error TS17004: Cannot use JSX unless the '--jsx' flag is provided.
src/modules/study-methods/pages/CornellIntroView.tsx(245,17): error TS17004: Cannot use JSX unless the '--jsx' flag is provided.
src/modules/study-methods/pages/CornellIntroView.tsx(253,9): error TS17004: Cannot use JSX unless the '--jsx' flag is provided.
src/modules/study-methods/pages/CornellIntroView.tsx(254,11): error TS17004: Cannot use JSX unless the '--jsx' flag is provided.
src/modules/study-methods/pages/CornellIntroView.tsx(255,13): error TS17004: Cannot use JSX unless the '--jsx' flag is provided.
src/modules/study-methods/pages/CornellIntroView.tsx(258,13): error TS17004: Cannot use JSX unless the '--jsx' flag is provided.
src/modules/study-methods/pages/CornellIntroView.tsx(263,11): error TS17004: Cannot use JSX unless the '--jsx' flag is provided.
src/modules/study-methods/pages/CornellIntroView.tsx(264,13): error TS17004: Cannot use JSX unless the '--jsx' flag is provided.
src/modules/study-methods/pages/CornellIntroView.tsx(265,15): error TS17004: Cannot use JSX unless the '--jsx' flag is provided.
src/modules/study-methods/pages/CornellIntroView.tsx(266,17): error TS17004: Cannot use JSX unless the '--jsx' flag is provided.
src/modules/study-methods/pages/CornellIntroView.tsx(267,19): error TS17004: Cannot use JSX unless the '--jsx' flag is provided.
src/modules/study-methods/pages/CornellIntroView.tsx(269,17): error TS17004: Cannot use JSX unless the '--jsx' flag is provided.
src/modules/study-methods/pages/CornellIntroView.tsx(270,19): error TS17004: Cannot use JSX unless the '--jsx' flag is provided.
src/modules/study-methods/pages/CornellIntroView.tsx(271,21): error TS17004: Cannot use JSX unless the '--jsx' flag is provided.
src/modules/study-methods/pages/CornellIntroView.tsx(275,19): error TS17004: Cannot use JSX unless the '--jsx' flag is provided.
src/modules/study-methods/pages/CornellIntroView.tsx(283,13): error TS17004: Cannot use JSX unless the '--jsx' flag is provided.
src/modules/study-methods/pages/CornellIntroView.tsx(284,15): error TS17004: Cannot use JSX unless the '--jsx' flag is provided.
src/modules/study-methods/pages/CornellIntroView.tsx(285,17): error TS17004: Cannot use JSX unless the '--jsx' flag is provided.
src/modules/study-methods/pages/CornellIntroView.tsx(286,19): error TS17004: Cannot use JSX unless the '--jsx' flag is provided.
src/modules/study-methods/pages/CornellIntroView.tsx(288,17): error TS17004: Cannot use JSX unless the '--jsx' flag is provided.
src/modules/study-methods/pages/CornellIntroView.tsx(289,19): error TS17004: Cannot use JSX unless the '--jsx' flag is provided.
src/modules/study-methods/pages/CornellIntroView.tsx(290,21): error TS17004: Cannot use JSX unless the '--jsx' flag is provided.
src/modules/study-methods/pages/CornellIntroView.tsx(294,19): error TS17004: Cannot use JSX unless the '--jsx' flag is provided.
src/modules/study-methods/pages/CornellIntroView.tsx(302,13): error TS17004: Cannot use JSX unless the '--jsx' flag is provided.
src/modules/study-methods/pages/CornellIntroView.tsx(303,15): error TS17004: Cannot use JSX unless the '--jsx' flag is provided.
src/modules/study-methods/pages/CornellIntroView.tsx(304,17): error TS17004: Cannot use JSX unless the '--jsx' flag is provided.
src/modules/study-methods/pages/CornellIntroView.tsx(305,19): error TS17004: Cannot use JSX unless the '--jsx' flag is provided.
src/modules/study-methods/pages/CornellIntroView.tsx(307,17): error TS17004: Cannot use JSX unless the '--jsx' flag is provided.
src/modules/study-methods/pages/CornellIntroView.tsx(308,19): error TS17004: Cannot use JSX unless the '--jsx' flag is provided.
src/modules/study-methods/pages/CornellIntroView.tsx(309,21): error TS17004: Cannot use JSX unless the '--jsx' flag is provided.
src/modules/study-methods/pages/CornellIntroView.tsx(313,19): error TS17004: Cannot use JSX unless the '--jsx' flag is provided.
src/modules/study-methods/pages/CornellIntroView.tsx(321,13): error TS17004: Cannot use JSX unless the '--jsx' flag is provided.
src/modules/study-methods/pages/CornellIntroView.tsx(322,15): error TS17004: Cannot use JSX unless the '--jsx' flag is provided.
src/modules/study-methods/pages/CornellIntroView.tsx(323,17): error TS17004: Cannot use JSX unless the '--jsx' flag is provided.
src/modules/study-methods/pages/CornellIntroView.tsx(324,19): error TS17004: Cannot use JSX unless the '--jsx' flag is provided.
src/modules/study-methods/pages/CornellIntroView.tsx(326,17): error TS17004: Cannot use JSX unless the '--jsx' flag is provided.
src/modules/study-methods/pages/CornellIntroView.tsx(327,19): error TS17004: Cannot use JSX unless the '--jsx' flag is provided.
src/modules/study-methods/pages/CornellIntroView.tsx(328,21): error TS17004: Cannot use JSX unless the '--jsx' flag is provided.
src/modules/study-methods/pages/CornellIntroView.tsx(332,19): error TS17004: Cannot use JSX unless the '--jsx' flag is provided.
src/modules/study-methods/pages/CornellIntroView.tsx(344,11): error TS17004: Cannot use JSX unless the '--jsx' flag is provided.
src/modules/study-methods/pages/CornellIntroView.tsx(345,13): error TS17004: Cannot use JSX unless the '--jsx' flag is provided.
src/modules/study-methods/pages/CornellIntroView.tsx(346,15): error TS17004: Cannot use JSX unless the '--jsx' flag is provided.
src/modules/study-methods/pages/CornellIntroView.tsx(349,15): error TS17004: Cannot use JSX unless the '--jsx' flag is provided.
src/modules/study-methods/pages/CornellIntroView.tsx(354,13): error TS17004: Cannot use JSX unless the '--jsx' flag is provided.
src/modules/study-methods/pages/CornellIntroView.tsx(356,17): error TS17004: Cannot use JSX unless the '--jsx' flag is provided.
src/modules/study-methods/pages/CornellIntroView.tsx(361,19): error TS17004: Cannot use JSX unless the '--jsx' flag is provided.
src/modules/study-methods/pages/CornellIntroView.tsx(362,21): error TS17004: Cannot use JSX unless the '--jsx' flag is provided.
src/modules/study-methods/pages/CornellIntroView.tsx(363,23): error TS17004: Cannot use JSX unless the '--jsx' flag is provided.
src/modules/study-methods/pages/CornellIntroView.tsx(365,21): error TS17004: Cannot use JSX unless the '--jsx' flag is provided.
src/modules/study-methods/pages/CornellIntroView.tsx(376,9): error TS17004: Cannot use JSX unless the '--jsx' flag is provided.
src/modules/study-methods/pages/CornellIntroView.tsx(377,11): error TS17004: Cannot use JSX unless the '--jsx' flag is provided.
src/modules/study-methods/pages/CornellIntroView.tsx(384,13): error TS17004: Cannot use JSX unless the '--jsx' flag is provided.
src/modules/study-methods/pages/CornellIntroView.tsx(385,13): error TS17004: Cannot use JSX unless the '--jsx' flag is provided.
src/modules/study-methods/pages/CornellIntroView.tsx(386,15): error TS17004: Cannot use JSX unless the '--jsx' flag is provided.
src/modules/study-methods/pages/CornellStepsView.tsx(9,32): error TS2307: Cannot find module '../../../../shared/components/ui/ProgressCircle' or its corresponding type declarations.
src/modules/study-methods/pages/CornellStepsView.tsx(20,34): error TS2307: Cannot find module '../../../../shared/components/ui/FinishLaterModal' or its corresponding type declarations.
src/modules/study-methods/pages/CornellStepsView.tsx(130,23): error TS2304: Cannot find name 'localStorage'.
src/modules/study-methods/pages/CornellStepsView.tsx(136,32): error TS2304: Cannot find name 'fetch'.
src/modules/study-methods/pages/CornellStepsView.tsx(145,13): error TS2304: Cannot find name 'localStorage'.
src/modules/study-methods/pages/CornellStepsView.tsx(162,13): error TS2584: Cannot find name 'console'. Do you need to change your target library? Try changing the 'lib' compiler option to include 'dom'.
src/modules/study-methods/pages/CornellStepsView.tsx(199,28): error TS2304: Cannot find name 'localStorage'.
src/modules/study-methods/pages/CornellStepsView.tsx(200,28): error TS2304: Cannot find name 'localStorage'.
src/modules/study-methods/pages/CornellStepsView.tsx(201,30): error TS2304: Cannot find name 'localStorage'.
src/modules/study-methods/pages/CornellStepsView.tsx(205,7): error TS2584: Cannot find name 'console'. Do you need to change your target library? Try changing the 'lib' compiler option to include 'dom'.
src/modules/study-methods/pages/CornellStepsView.tsx(247,7): error TS2304: Cannot find name 'localStorage'.
src/modules/study-methods/pages/CornellStepsView.tsx(248,7): error TS2304: Cannot find name 'localStorage'.
src/modules/study-methods/pages/CornellStepsView.tsx(249,7): error TS2304: Cannot find name 'localStorage'.
src/modules/study-methods/pages/CornellStepsView.tsx(261,7): error TS2584: Cannot find name 'console'. Do you need to change your target library? Try changing the 'lib' compiler option to include 'dom'.
src/modules/study-methods/pages/CornellStepsView.tsx(267,7): error TS2584: Cannot find name 'console'. Do you need to change your target library? Try changing the 'lib' compiler option to include 'dom'.
src/modules/study-methods/pages/CornellStepsView.tsx(273,7): error TS2584: Cannot find name 'console'. Do you need to change your target library? Try changing the 'lib' compiler option to include 'dom'.
src/modules/study-methods/pages/CornellStepsView.tsx(278,9): error TS2584: Cannot find name 'console'. Do you need to change your target library? Try changing the 'lib' compiler option to include 'dom'.
src/modules/study-methods/pages/CornellStepsView.tsx(292,7): error TS2304: Cannot find name 'localStorage'.
src/modules/study-methods/pages/CornellStepsView.tsx(293,7): error TS2304: Cannot find name 'localStorage'.
src/modules/study-methods/pages/CornellStepsView.tsx(299,7): error TS2304: Cannot find name 'window'.
src/modules/study-methods/pages/CornellStepsView.tsx(299,32): error TS2693: 'Event' only refers to a type, but is being used as a value here.
src/modules/study-methods/pages/CornellStepsView.tsx(301,7): error TS2584: Cannot find name 'console'. Do you need to change your target library? Try changing the 'lib' compiler option to include 'dom'.
src/modules/study-methods/pages/CornellStepsView.tsx(313,7): error TS2584: Cannot find name 'console'. Do you need to change your target library? Try changing the 'lib' compiler option to include 'dom'.
src/modules/study-methods/pages/CornellStepsView.tsx(320,65): error TS2304: Cannot find name 'localStorage'.
src/modules/study-methods/pages/CornellStepsView.tsx(328,7): error TS2584: Cannot find name 'console'. Do you need to change your target library? Try changing the 'lib' compiler option to include 'dom'.
src/modules/study-methods/pages/CornellStepsView.tsx(333,7): error TS2584: Cannot find name 'console'. Do you need to change your target library? Try changing the 'lib' compiler option to include 'dom'.
src/modules/study-methods/pages/CornellStepsView.tsx(338,7): error TS2584: Cannot find name 'console'. Do you need to change your target library? Try changing the 'lib' compiler option to include 'dom'.
src/modules/study-methods/pages/CornellStepsView.tsx(342,9): error TS2304: Cannot find name 'localStorage'.
src/modules/study-methods/pages/CornellStepsView.tsx(346,7): error TS2304: Cannot find name 'window'.
src/modules/study-methods/pages/CornellStepsView.tsx(346,32): error TS2693: 'Event' only refers to a type, but is being used as a value here.
src/modules/study-methods/pages/CornellStepsView.tsx(348,7): error TS2584: Cannot find name 'console'. Do you need to change your target library? Try changing the 'lib' compiler option to include 'dom'.
src/modules/study-methods/pages/CornellStepsView.tsx(402,69): error TS2304: Cannot find name 'localStorage'.
src/modules/study-methods/pages/CornellStepsView.tsx(407,11): error TS2304: Cannot find name 'navigator'.
src/modules/study-methods/pages/CornellStepsView.tsx(414,11): error TS2584: Cannot find name 'console'. Do you need to change your target library? Try changing the 'lib' compiler option to include 'dom'.
src/modules/study-methods/pages/CornellStepsView.tsx(419,5): error TS2304: Cannot find name 'window'.
src/modules/study-methods/pages/CornellStepsView.tsx(420,18): error TS2304: Cannot find name 'window'.
src/modules/study-methods/pages/CornellStepsView.tsx(470,5): error TS2304: Cannot find name 'localStorage'.
src/modules/study-methods/pages/CornellStepsView.tsx(471,5): error TS2304: Cannot find name 'localStorage'.
src/modules/study-methods/pages/CornellStepsView.tsx(482,7): error TS17004: Cannot use JSX unless the '--jsx' flag is provided.
src/modules/study-methods/pages/CornellStepsView.tsx(483,9): error TS17004: Cannot use JSX unless the '--jsx' flag is provided.
src/modules/study-methods/pages/CornellStepsView.tsx(484,11): error TS17004: Cannot use JSX unless the '--jsx' flag is provided.
src/modules/study-methods/pages/CornellStepsView.tsx(485,11): error TS17004: Cannot use JSX unless the '--jsx' flag is provided.
src/modules/study-methods/pages/CornellStepsView.tsx(493,7): error TS17004: Cannot use JSX unless the '--jsx' flag is provided.
src/modules/study-methods/pages/CornellStepsView.tsx(494,9): error TS17004: Cannot use JSX unless the '--jsx' flag is provided.
src/modules/study-methods/pages/CornellStepsView.tsx(495,11): error TS17004: Cannot use JSX unless the '--jsx' flag is provided.
src/modules/study-methods/pages/CornellStepsView.tsx(496,11): error TS17004: Cannot use JSX unless the '--jsx' flag is provided.
src/modules/study-methods/pages/CornellStepsView.tsx(497,11): error TS17004: Cannot use JSX unless the '--jsx' flag is provided.
src/modules/study-methods/pages/CornellStepsView.tsx(498,11): error TS17004: Cannot use JSX unless the '--jsx' flag is provided.
src/modules/study-methods/pages/CornellStepsView.tsx(517,5): error TS17004: Cannot use JSX unless the '--jsx' flag is provided.
src/modules/study-methods/pages/CornellStepsView.tsx(519,7): error TS17004: Cannot use JSX unless the '--jsx' flag is provided.
src/modules/study-methods/pages/CornellStepsView.tsx(520,9): error TS17004: Cannot use JSX unless the '--jsx' flag is provided.
src/modules/study-methods/pages/CornellStepsView.tsx(525,11): error TS17004: Cannot use JSX unless the '--jsx' flag is provided.
src/modules/study-methods/pages/CornellStepsView.tsx(531,13): error TS17004: Cannot use JSX unless the '--jsx' flag is provided.
src/modules/study-methods/pages/CornellStepsView.tsx(539,9): error TS17004: Cannot use JSX unless the '--jsx' flag is provided.
src/modules/study-methods/pages/CornellStepsView.tsx(547,11): error TS17004: Cannot use JSX unless the '--jsx' flag is provided.
src/modules/study-methods/pages/CornellStepsView.tsx(552,13): error TS17004: Cannot use JSX unless the '--jsx' flag is provided.
src/modules/study-methods/pages/CornellStepsView.tsx(559,7): error TS17004: Cannot use JSX unless the '--jsx' flag is provided.
src/modules/study-methods/pages/CornellStepsView.tsx(560,9): error TS17004: Cannot use JSX unless the '--jsx' flag is provided.
src/modules/study-methods/pages/CornellStepsView.tsx(566,9): error TS17004: Cannot use JSX unless the '--jsx' flag is provided.
src/modules/study-methods/pages/CornellStepsView.tsx(567,11): error TS17004: Cannot use JSX unless the '--jsx' flag is provided.
src/modules/study-methods/pages/CornellStepsView.tsx(574,7): error TS17004: Cannot use JSX unless the '--jsx' flag is provided.
src/modules/study-methods/pages/CornellStepsView.tsx(576,9): error TS17004: Cannot use JSX unless the '--jsx' flag is provided.
src/modules/study-methods/pages/CornellStepsView.tsx(580,11): error TS17004: Cannot use JSX unless the '--jsx' flag is provided.
src/modules/study-methods/pages/CornellStepsView.tsx(586,11): error TS17004: Cannot use JSX unless the '--jsx' flag is provided.
src/modules/study-methods/pages/CornellStepsView.tsx(589,11): error TS17004: Cannot use JSX unless the '--jsx' flag is provided.
src/modules/study-methods/pages/CornellStepsView.tsx(590,13): error TS17004: Cannot use JSX unless the '--jsx' flag is provided.
src/modules/study-methods/pages/CornellStepsView.tsx(595,13): error TS17004: Cannot use JSX unless the '--jsx' flag is provided.
src/modules/study-methods/pages/CornellStepsView.tsx(596,15): error TS17004: Cannot use JSX unless the '--jsx' flag is provided.
src/modules/study-methods/pages/CornellStepsView.tsx(597,20): error TS17004: Cannot use JSX unless the '--jsx' flag is provided.
src/modules/study-methods/pages/CornellStepsView.tsx(603,13): error TS17004: Cannot use JSX unless the '--jsx' flag is provided.
src/modules/study-methods/pages/CornellStepsView.tsx(604,15): error TS17004: Cannot use JSX unless the '--jsx' flag is provided.
src/modules/study-methods/pages/CornellStepsView.tsx(605,20): error TS17004: Cannot use JSX unless the '--jsx' flag is provided.
src/modules/study-methods/pages/CornellStepsView.tsx(611,13): error TS17004: Cannot use JSX unless the '--jsx' flag is provided.
src/modules/study-methods/pages/CornellStepsView.tsx(612,15): error TS17004: Cannot use JSX unless the '--jsx' flag is provided.
src/modules/study-methods/pages/CornellStepsView.tsx(613,20): error TS17004: Cannot use JSX unless the '--jsx' flag is provided.
src/modules/study-methods/pages/CornellStepsView.tsx(619,13): error TS17004: Cannot use JSX unless the '--jsx' flag is provided.
src/modules/study-methods/pages/CornellStepsView.tsx(620,15): error TS17004: Cannot use JSX unless the '--jsx' flag is provided.
src/modules/study-methods/pages/CornellStepsView.tsx(621,20): error TS17004: Cannot use JSX unless the '--jsx' flag is provided.
src/modules/study-methods/pages/CornellStepsView.tsx(628,9): error TS17004: Cannot use JSX unless the '--jsx' flag is provided.
src/modules/study-methods/pages/CornellStepsView.tsx(629,11): error TS17004: Cannot use JSX unless the '--jsx' flag is provided.
src/modules/study-methods/pages/CornellStepsView.tsx(637,11): error TS17004: Cannot use JSX unless the '--jsx' flag is provided.
src/modules/study-methods/pages/CornellStepsView.tsx(639,15): error TS17004: Cannot use JSX unless the '--jsx' flag is provided.
src/modules/study-methods/pages/CornellStepsView.tsx(656,13): error TS17004: Cannot use JSX unless the '--jsx' flag is provided.
src/modules/study-methods/pages/CornellStepsView.tsx(668,13): error TS17004: Cannot use JSX unless the '--jsx' flag is provided.
src/modules/study-methods/pages/CornellStepsView.tsx(682,33): error TS2812: Property 'style' does not exist on type 'EventTarget & HTMLButtonElement'. Try changing the 'lib' compiler option to include 'dom'.
src/modules/study-methods/pages/CornellStepsView.tsx(685,33): error TS2812: Property 'style' does not exist on type 'EventTarget & HTMLButtonElement'. Try changing the 'lib' compiler option to include 'dom'.
src/modules/study-methods/pages/CornellStepsView.tsx(696,7): error TS17004: Cannot use JSX unless the '--jsx' flag is provided.
src/modules/study-methods/pages/FeynmanIntroView.tsx(35,23): error TS2304: Cannot find name 'localStorage'.
src/modules/study-methods/pages/FeynmanIntroView.tsx(41,32): error TS2304: Cannot find name 'fetch'.
src/modules/study-methods/pages/FeynmanIntroView.tsx(50,13): error TS2304: Cannot find name 'localStorage'.
src/modules/study-methods/pages/FeynmanIntroView.tsx(74,7): error TS17004: Cannot use JSX unless the '--jsx' flag is provided.
src/modules/study-methods/pages/FeynmanIntroView.tsx(76,9): error TS17004: Cannot use JSX unless the '--jsx' flag is provided.
src/modules/study-methods/pages/FeynmanIntroView.tsx(77,11): error TS17004: Cannot use JSX unless the '--jsx' flag is provided.
src/modules/study-methods/pages/FeynmanIntroView.tsx(78,11): error TS17004: Cannot use JSX unless the '--jsx' flag is provided.
src/modules/study-methods/pages/FeynmanIntroView.tsx(79,11): error TS17004: Cannot use JSX unless the '--jsx' flag is provided.
src/modules/study-methods/pages/FeynmanIntroView.tsx(82,9): error TS17004: Cannot use JSX unless the '--jsx' flag is provided.
src/modules/study-methods/pages/FeynmanIntroView.tsx(83,11): error TS17004: Cannot use JSX unless the '--jsx' flag is provided.
src/modules/study-methods/pages/FeynmanIntroView.tsx(84,13): error TS17004: Cannot use JSX unless the '--jsx' flag is provided.
src/modules/study-methods/pages/FeynmanIntroView.tsx(85,15): error TS17004: Cannot use JSX unless the '--jsx' flag is provided.
src/modules/study-methods/pages/FeynmanIntroView.tsx(88,13): error TS17004: Cannot use JSX unless the '--jsx' flag is provided.
src/modules/study-methods/pages/FeynmanIntroView.tsx(89,13): error TS17004: Cannot use JSX unless the '--jsx' flag is provided.
src/modules/study-methods/pages/FeynmanIntroView.tsx(98,7): error TS17004: Cannot use JSX unless the '--jsx' flag is provided.
src/modules/study-methods/pages/FeynmanIntroView.tsx(100,9): error TS17004: Cannot use JSX unless the '--jsx' flag is provided.
src/modules/study-methods/pages/FeynmanIntroView.tsx(101,11): error TS17004: Cannot use JSX unless the '--jsx' flag is provided.
src/modules/study-methods/pages/FeynmanIntroView.tsx(102,11): error TS17004: Cannot use JSX unless the '--jsx' flag is provided.
src/modules/study-methods/pages/FeynmanIntroView.tsx(105,9): error TS17004: Cannot use JSX unless the '--jsx' flag is provided.
src/modules/study-methods/pages/FeynmanIntroView.tsx(106,11): error TS17004: Cannot use JSX unless the '--jsx' flag is provided.
src/modules/study-methods/pages/FeynmanIntroView.tsx(107,13): error TS17004: Cannot use JSX unless the '--jsx' flag is provided.
src/modules/study-methods/pages/FeynmanIntroView.tsx(108,15): error TS17004: Cannot use JSX unless the '--jsx' flag is provided.
src/modules/study-methods/pages/FeynmanIntroView.tsx(109,17): error TS17004: Cannot use JSX unless the '--jsx' flag is provided.
src/modules/study-methods/pages/FeynmanIntroView.tsx(111,15): error TS17004: Cannot use JSX unless the '--jsx' flag is provided.
src/modules/study-methods/pages/FeynmanIntroView.tsx(112,17): error TS17004: Cannot use JSX unless the '--jsx' flag is provided.
src/modules/study-methods/pages/FeynmanIntroView.tsx(115,13): error TS17004: Cannot use JSX unless the '--jsx' flag is provided.
src/modules/study-methods/pages/FeynmanIntroView.tsx(116,13): error TS17004: Cannot use JSX unless the '--jsx' flag is provided.
src/modules/study-methods/pages/FeynmanIntroView.tsx(117,13): error TS17004: Cannot use JSX unless the '--jsx' flag is provided.
src/modules/study-methods/pages/FeynmanIntroView.tsx(121,15): error TS17004: Cannot use JSX unless the '--jsx' flag is provided.
src/modules/study-methods/pages/FeynmanIntroView.tsx(122,17): error TS17004: Cannot use JSX unless the '--jsx' flag is provided.
src/modules/study-methods/pages/FeynmanIntroView.tsx(143,5): error TS17004: Cannot use JSX unless the '--jsx' flag is provided.
src/modules/study-methods/pages/FeynmanIntroView.tsx(145,7): error TS17004: Cannot use JSX unless the '--jsx' flag is provided.
src/modules/study-methods/pages/FeynmanIntroView.tsx(146,9): error TS17004: Cannot use JSX unless the '--jsx' flag is provided.
src/modules/study-methods/pages/FeynmanIntroView.tsx(147,9): error TS17004: Cannot use JSX unless the '--jsx' flag is provided.
src/modules/study-methods/pages/FeynmanIntroView.tsx(148,9): error TS17004: Cannot use JSX unless the '--jsx' flag is provided.
src/modules/study-methods/pages/FeynmanIntroView.tsx(152,7): error TS17004: Cannot use JSX unless the '--jsx' flag is provided.
src/modules/study-methods/pages/FeynmanIntroView.tsx(153,9): error TS17004: Cannot use JSX unless the '--jsx' flag is provided.
src/modules/study-methods/pages/FeynmanIntroView.tsx(158,11): error TS17004: Cannot use JSX unless the '--jsx' flag is provided.
src/modules/study-methods/pages/FeynmanIntroView.tsx(164,13): error TS17004: Cannot use JSX unless the '--jsx' flag is provided.
src/modules/study-methods/pages/FeynmanIntroView.tsx(172,9): error TS17004: Cannot use JSX unless the '--jsx' flag is provided.
src/modules/study-methods/pages/FeynmanIntroView.tsx(173,11): error TS17004: Cannot use JSX unless the '--jsx' flag is provided.
src/modules/study-methods/pages/FeynmanIntroView.tsx(177,9): error TS17004: Cannot use JSX unless the '--jsx' flag is provided.
src/modules/study-methods/pages/FeynmanIntroView.tsx(181,7): error TS17004: Cannot use JSX unless the '--jsx' flag is provided.
src/modules/study-methods/pages/FeynmanIntroView.tsx(183,9): error TS17004: Cannot use JSX unless the '--jsx' flag is provided.
src/modules/study-methods/pages/FeynmanIntroView.tsx(185,11): error TS17004: Cannot use JSX unless the '--jsx' flag is provided.
src/modules/study-methods/pages/FeynmanIntroView.tsx(187,11): error TS17004: Cannot use JSX unless the '--jsx' flag is provided.
src/modules/study-methods/pages/FeynmanIntroView.tsx(188,13): error TS17004: Cannot use JSX unless the '--jsx' flag is provided.
src/modules/study-methods/pages/FeynmanIntroView.tsx(189,15): error TS17004: Cannot use JSX unless the '--jsx' flag is provided.
src/modules/study-methods/pages/FeynmanIntroView.tsx(190,15): error TS17004: Cannot use JSX unless the '--jsx' flag is provided.
src/modules/study-methods/pages/FeynmanIntroView.tsx(193,13): error TS17004: Cannot use JSX unless the '--jsx' flag is provided.
src/modules/study-methods/pages/FeynmanIntroView.tsx(195,17): error TS17004: Cannot use JSX unless the '--jsx' flag is provided.
src/modules/study-methods/pages/FeynmanIntroView.tsx(197,21): error TS17004: Cannot use JSX unless the '--jsx' flag is provided.
src/modules/study-methods/pages/FeynmanIntroView.tsx(199,19): error TS17004: Cannot use JSX unless the '--jsx' flag is provided.
src/modules/study-methods/pages/FeynmanIntroView.tsx(200,21): error TS17004: Cannot use JSX unless the '--jsx' flag is provided.
src/modules/study-methods/pages/FeynmanIntroView.tsx(207,32): error TS2812: Property 'style' does not exist on type 'HTMLImageElement'. Try changing the 'lib' compiler option to include 'dom'.
src/modules/study-methods/pages/FeynmanIntroView.tsx(208,47): error TS2812: Property 'parentElement' does not exist on type 'HTMLImageElement'. Try changing the 'lib' compiler option to include 'dom'.
src/modules/study-methods/pages/FeynmanIntroView.tsx(210,41): error TS2584: Cannot find name 'document'. Do you need to change your target library? Try changing the 'lib' compiler option to include 'dom'.
src/modules/study-methods/pages/FeynmanIntroView.tsx(220,17): error TS17004: Cannot use JSX unless the '--jsx' flag is provided.
src/modules/study-methods/pages/FeynmanIntroView.tsx(221,19): error TS17004: Cannot use JSX unless the '--jsx' flag is provided.
src/modules/study-methods/pages/FeynmanIntroView.tsx(226,13): error TS17004: Cannot use JSX unless the '--jsx' flag is provided.
src/modules/study-methods/pages/FeynmanIntroView.tsx(230,13): error TS17004: Cannot use JSX unless the '--jsx' flag is provided.
src/modules/study-methods/pages/FeynmanIntroView.tsx(235,13): error TS17004: Cannot use JSX unless the '--jsx' flag is provided.
src/modules/study-methods/pages/FeynmanIntroView.tsx(236,15): error TS17004: Cannot use JSX unless the '--jsx' flag is provided.
src/modules/study-methods/pages/FeynmanIntroView.tsx(237,17): error TS17004: Cannot use JSX unless the '--jsx' flag is provided.
src/modules/study-methods/pages/FeynmanIntroView.tsx(240,15): error TS17004: Cannot use JSX unless the '--jsx' flag is provided.
src/modules/study-methods/pages/FeynmanIntroView.tsx(241,17): error TS17004: Cannot use JSX unless the '--jsx' flag is provided.
src/modules/study-methods/pages/FeynmanIntroView.tsx(244,15): error TS17004: Cannot use JSX unless the '--jsx' flag is provided.
src/modules/study-methods/pages/FeynmanIntroView.tsx(245,17): error TS17004: Cannot use JSX unless the '--jsx' flag is provided.
src/modules/study-methods/pages/FeynmanIntroView.tsx(253,9): error TS17004: Cannot use JSX unless the '--jsx' flag is provided.
src/modules/study-methods/pages/FeynmanIntroView.tsx(254,11): error TS17004: Cannot use JSX unless the '--jsx' flag is provided.
src/modules/study-methods/pages/FeynmanIntroView.tsx(255,13): error TS17004: Cannot use JSX unless the '--jsx' flag is provided.
src/modules/study-methods/pages/FeynmanIntroView.tsx(258,13): error TS17004: Cannot use JSX unless the '--jsx' flag is provided.
src/modules/study-methods/pages/FeynmanIntroView.tsx(263,11): error TS17004: Cannot use JSX unless the '--jsx' flag is provided.
src/modules/study-methods/pages/FeynmanIntroView.tsx(264,13): error TS17004: Cannot use JSX unless the '--jsx' flag is provided.
src/modules/study-methods/pages/FeynmanIntroView.tsx(265,15): error TS17004: Cannot use JSX unless the '--jsx' flag is provided.
src/modules/study-methods/pages/FeynmanIntroView.tsx(266,17): error TS17004: Cannot use JSX unless the '--jsx' flag is provided.
src/modules/study-methods/pages/FeynmanIntroView.tsx(267,19): error TS17004: Cannot use JSX unless the '--jsx' flag is provided.
src/modules/study-methods/pages/FeynmanIntroView.tsx(269,17): error TS17004: Cannot use JSX unless the '--jsx' flag is provided.
src/modules/study-methods/pages/FeynmanIntroView.tsx(270,19): error TS17004: Cannot use JSX unless the '--jsx' flag is provided.
src/modules/study-methods/pages/FeynmanIntroView.tsx(271,21): error TS17004: Cannot use JSX unless the '--jsx' flag is provided.
src/modules/study-methods/pages/FeynmanIntroView.tsx(275,19): error TS17004: Cannot use JSX unless the '--jsx' flag is provided.
src/modules/study-methods/pages/FeynmanIntroView.tsx(283,13): error TS17004: Cannot use JSX unless the '--jsx' flag is provided.
src/modules/study-methods/pages/FeynmanIntroView.tsx(284,15): error TS17004: Cannot use JSX unless the '--jsx' flag is provided.
src/modules/study-methods/pages/FeynmanIntroView.tsx(285,17): error TS17004: Cannot use JSX unless the '--jsx' flag is provided.
src/modules/study-methods/pages/FeynmanIntroView.tsx(286,19): error TS17004: Cannot use JSX unless the '--jsx' flag is provided.
src/modules/study-methods/pages/FeynmanIntroView.tsx(288,17): error TS17004: Cannot use JSX unless the '--jsx' flag is provided.
src/modules/study-methods/pages/FeynmanIntroView.tsx(289,19): error TS17004: Cannot use JSX unless the '--jsx' flag is provided.
src/modules/study-methods/pages/FeynmanIntroView.tsx(290,21): error TS17004: Cannot use JSX unless the '--jsx' flag is provided.
src/modules/study-methods/pages/FeynmanIntroView.tsx(294,19): error TS17004: Cannot use JSX unless the '--jsx' flag is provided.
src/modules/study-methods/pages/FeynmanIntroView.tsx(302,13): error TS17004: Cannot use JSX unless the '--jsx' flag is provided.
src/modules/study-methods/pages/FeynmanIntroView.tsx(303,15): error TS17004: Cannot use JSX unless the '--jsx' flag is provided.
src/modules/study-methods/pages/FeynmanIntroView.tsx(304,17): error TS17004: Cannot use JSX unless the '--jsx' flag is provided.
src/modules/study-methods/pages/FeynmanIntroView.tsx(305,19): error TS17004: Cannot use JSX unless the '--jsx' flag is provided.
src/modules/study-methods/pages/FeynmanIntroView.tsx(307,17): error TS17004: Cannot use JSX unless the '--jsx' flag is provided.
src/modules/study-methods/pages/FeynmanIntroView.tsx(308,19): error TS17004: Cannot use JSX unless the '--jsx' flag is provided.
src/modules/study-methods/pages/FeynmanIntroView.tsx(309,21): error TS17004: Cannot use JSX unless the '--jsx' flag is provided.
src/modules/study-methods/pages/FeynmanIntroView.tsx(313,19): error TS17004: Cannot use JSX unless the '--jsx' flag is provided.
src/modules/study-methods/pages/FeynmanIntroView.tsx(321,13): error TS17004: Cannot use JSX unless the '--jsx' flag is provided.
src/modules/study-methods/pages/FeynmanIntroView.tsx(322,15): error TS17004: Cannot use JSX unless the '--jsx' flag is provided.
src/modules/study-methods/pages/FeynmanIntroView.tsx(323,17): error TS17004: Cannot use JSX unless the '--jsx' flag is provided.
src/modules/study-methods/pages/FeynmanIntroView.tsx(324,19): error TS17004: Cannot use JSX unless the '--jsx' flag is provided.
src/modules/study-methods/pages/FeynmanIntroView.tsx(326,17): error TS17004: Cannot use JSX unless the '--jsx' flag is provided.
src/modules/study-methods/pages/FeynmanIntroView.tsx(327,19): error TS17004: Cannot use JSX unless the '--jsx' flag is provided.
src/modules/study-methods/pages/FeynmanIntroView.tsx(328,21): error TS17004: Cannot use JSX unless the '--jsx' flag is provided.
src/modules/study-methods/pages/FeynmanIntroView.tsx(332,19): error TS17004: Cannot use JSX unless the '--jsx' flag is provided.
src/modules/study-methods/pages/FeynmanIntroView.tsx(344,11): error TS17004: Cannot use JSX unless the '--jsx' flag is provided.
src/modules/study-methods/pages/FeynmanIntroView.tsx(345,13): error TS17004: Cannot use JSX unless the '--jsx' flag is provided.
src/modules/study-methods/pages/FeynmanIntroView.tsx(346,15): error TS17004: Cannot use JSX unless the '--jsx' flag is provided.
src/modules/study-methods/pages/FeynmanIntroView.tsx(349,15): error TS17004: Cannot use JSX unless the '--jsx' flag is provided.
src/modules/study-methods/pages/FeynmanIntroView.tsx(354,13): error TS17004: Cannot use JSX unless the '--jsx' flag is provided.
src/modules/study-methods/pages/FeynmanIntroView.tsx(356,17): error TS17004: Cannot use JSX unless the '--jsx' flag is provided.
src/modules/study-methods/pages/FeynmanIntroView.tsx(361,19): error TS17004: Cannot use JSX unless the '--jsx' flag is provided.
src/modules/study-methods/pages/FeynmanIntroView.tsx(362,21): error TS17004: Cannot use JSX unless the '--jsx' flag is provided.
src/modules/study-methods/pages/FeynmanIntroView.tsx(363,23): error TS17004: Cannot use JSX unless the '--jsx' flag is provided.
src/modules/study-methods/pages/FeynmanIntroView.tsx(365,21): error TS17004: Cannot use JSX unless the '--jsx' flag is provided.
src/modules/study-methods/pages/FeynmanIntroView.tsx(376,9): error TS17004: Cannot use JSX unless the '--jsx' flag is provided.
src/modules/study-methods/pages/FeynmanIntroView.tsx(377,11): error TS17004: Cannot use JSX unless the '--jsx' flag is provided.
src/modules/study-methods/pages/FeynmanIntroView.tsx(384,13): error TS17004: Cannot use JSX unless the '--jsx' flag is provided.
src/modules/study-methods/pages/FeynmanIntroView.tsx(385,13): error TS17004: Cannot use JSX unless the '--jsx' flag is provided.
src/modules/study-methods/pages/FeynmanIntroView.tsx(386,15): error TS17004: Cannot use JSX unless the '--jsx' flag is provided.
src/modules/study-methods/pages/FeynmanStepsView.tsx(9,32): error TS2307: Cannot find module '../../../../shared/components/ui/ProgressCircle' or its corresponding type declarations.
src/modules/study-methods/pages/FeynmanStepsView.tsx(20,34): error TS2307: Cannot find module '../../../../shared/components/ui/FinishLaterModal' or its corresponding type declarations.
src/modules/study-methods/pages/FeynmanStepsView.tsx(130,23): error TS2304: Cannot find name 'localStorage'.
src/modules/study-methods/pages/FeynmanStepsView.tsx(136,32): error TS2304: Cannot find name 'fetch'.
src/modules/study-methods/pages/FeynmanStepsView.tsx(145,13): error TS2304: Cannot find name 'localStorage'.
src/modules/study-methods/pages/FeynmanStepsView.tsx(162,13): error TS2584: Cannot find name 'console'. Do you need to change your target library? Try changing the 'lib' compiler option to include 'dom'.
src/modules/study-methods/pages/FeynmanStepsView.tsx(199,28): error TS2304: Cannot find name 'localStorage'.
src/modules/study-methods/pages/FeynmanStepsView.tsx(200,28): error TS2304: Cannot find name 'localStorage'.
src/modules/study-methods/pages/FeynmanStepsView.tsx(201,30): error TS2304: Cannot find name 'localStorage'.
src/modules/study-methods/pages/FeynmanStepsView.tsx(205,7): error TS2584: Cannot find name 'console'. Do you need to change your target library? Try changing the 'lib' compiler option to include 'dom'.
src/modules/study-methods/pages/FeynmanStepsView.tsx(247,7): error TS2304: Cannot find name 'localStorage'.
src/modules/study-methods/pages/FeynmanStepsView.tsx(248,7): error TS2304: Cannot find name 'localStorage'.
src/modules/study-methods/pages/FeynmanStepsView.tsx(249,7): error TS2304: Cannot find name 'localStorage'.
src/modules/study-methods/pages/FeynmanStepsView.tsx(261,7): error TS2584: Cannot find name 'console'. Do you need to change your target library? Try changing the 'lib' compiler option to include 'dom'.
src/modules/study-methods/pages/FeynmanStepsView.tsx(267,7): error TS2584: Cannot find name 'console'. Do you need to change your target library? Try changing the 'lib' compiler option to include 'dom'.
src/modules/study-methods/pages/FeynmanStepsView.tsx(273,7): error TS2584: Cannot find name 'console'. Do you need to change your target library? Try changing the 'lib' compiler option to include 'dom'.
src/modules/study-methods/pages/FeynmanStepsView.tsx(278,9): error TS2584: Cannot find name 'console'. Do you need to change your target library? Try changing the 'lib' compiler option to include 'dom'.
src/modules/study-methods/pages/FeynmanStepsView.tsx(292,7): error TS2304: Cannot find name 'localStorage'.
src/modules/study-methods/pages/FeynmanStepsView.tsx(293,7): error TS2304: Cannot find name 'localStorage'.
src/modules/study-methods/pages/FeynmanStepsView.tsx(299,7): error TS2304: Cannot find name 'window'.
src/modules/study-methods/pages/FeynmanStepsView.tsx(299,32): error TS2693: 'Event' only refers to a type, but is being used as a value here.
src/modules/study-methods/pages/FeynmanStepsView.tsx(301,7): error TS2584: Cannot find name 'console'. Do you need to change your target library? Try changing the 'lib' compiler option to include 'dom'.
src/modules/study-methods/pages/FeynmanStepsView.tsx(313,7): error TS2584: Cannot find name 'console'. Do you need to change your target library? Try changing the 'lib' compiler option to include 'dom'.
src/modules/study-methods/pages/FeynmanStepsView.tsx(320,65): error TS2304: Cannot find name 'localStorage'.
src/modules/study-methods/pages/FeynmanStepsView.tsx(328,7): error TS2584: Cannot find name 'console'. Do you need to change your target library? Try changing the 'lib' compiler option to include 'dom'.
src/modules/study-methods/pages/FeynmanStepsView.tsx(333,7): error TS2584: Cannot find name 'console'. Do you need to change your target library? Try changing the 'lib' compiler option to include 'dom'.
src/modules/study-methods/pages/FeynmanStepsView.tsx(338,7): error TS2584: Cannot find name 'console'. Do you need to change your target library? Try changing the 'lib' compiler option to include 'dom'.
src/modules/study-methods/pages/FeynmanStepsView.tsx(342,9): error TS2304: Cannot find name 'localStorage'.
src/modules/study-methods/pages/FeynmanStepsView.tsx(346,7): error TS2304: Cannot find name 'window'.
src/modules/study-methods/pages/FeynmanStepsView.tsx(346,32): error TS2693: 'Event' only refers to a type, but is being used as a value here.
src/modules/study-methods/pages/FeynmanStepsView.tsx(348,7): error TS2584: Cannot find name 'console'. Do you need to change your target library? Try changing the 'lib' compiler option to include 'dom'.
src/modules/study-methods/pages/FeynmanStepsView.tsx(402,69): error TS2304: Cannot find name 'localStorage'.
src/modules/study-methods/pages/FeynmanStepsView.tsx(407,11): error TS2304: Cannot find name 'navigator'.
src/modules/study-methods/pages/FeynmanStepsView.tsx(414,11): error TS2584: Cannot find name 'console'. Do you need to change your target library? Try changing the 'lib' compiler option to include 'dom'.
src/modules/study-methods/pages/FeynmanStepsView.tsx(419,5): error TS2304: Cannot find name 'window'.
src/modules/study-methods/pages/FeynmanStepsView.tsx(420,18): error TS2304: Cannot find name 'window'.
src/modules/study-methods/pages/FeynmanStepsView.tsx(470,5): error TS2304: Cannot find name 'localStorage'.
src/modules/study-methods/pages/FeynmanStepsView.tsx(471,5): error TS2304: Cannot find name 'localStorage'.
src/modules/study-methods/pages/FeynmanStepsView.tsx(482,7): error TS17004: Cannot use JSX unless the '--jsx' flag is provided.
src/modules/study-methods/pages/FeynmanStepsView.tsx(483,9): error TS17004: Cannot use JSX unless the '--jsx' flag is provided.
src/modules/study-methods/pages/FeynmanStepsView.tsx(484,11): error TS17004: Cannot use JSX unless the '--jsx' flag is provided.
src/modules/study-methods/pages/FeynmanStepsView.tsx(485,11): error TS17004: Cannot use JSX unless the '--jsx' flag is provided.
src/modules/study-methods/pages/FeynmanStepsView.tsx(493,7): error TS17004: Cannot use JSX unless the '--jsx' flag is provided.
src/modules/study-methods/pages/FeynmanStepsView.tsx(494,9): error TS17004: Cannot use JSX unless the '--jsx' flag is provided.
src/modules/study-methods/pages/FeynmanStepsView.tsx(495,11): error TS17004: Cannot use JSX unless the '--jsx' flag is provided.
src/modules/study-methods/pages/FeynmanStepsView.tsx(496,11): error TS17004: Cannot use JSX unless the '--jsx' flag is provided.
src/modules/study-methods/pages/FeynmanStepsView.tsx(497,11): error TS17004: Cannot use JSX unless the '--jsx' flag is provided.
src/modules/study-methods/pages/FeynmanStepsView.tsx(498,11): error TS17004: Cannot use JSX unless the '--jsx' flag is provided.
src/modules/study-methods/pages/FeynmanStepsView.tsx(517,5): error TS17004: Cannot use JSX unless the '--jsx' flag is provided.
src/modules/study-methods/pages/FeynmanStepsView.tsx(519,7): error TS17004: Cannot use JSX unless the '--jsx' flag is provided.
src/modules/study-methods/pages/FeynmanStepsView.tsx(520,9): error TS17004: Cannot use JSX unless the '--jsx' flag is provided.
src/modules/study-methods/pages/FeynmanStepsView.tsx(525,11): error TS17004: Cannot use JSX unless the '--jsx' flag is provided.
src/modules/study-methods/pages/FeynmanStepsView.tsx(531,13): error TS17004: Cannot use JSX unless the '--jsx' flag is provided.
src/modules/study-methods/pages/FeynmanStepsView.tsx(539,9): error TS17004: Cannot use JSX unless the '--jsx' flag is provided.
src/modules/study-methods/pages/FeynmanStepsView.tsx(547,11): error TS17004: Cannot use JSX unless the '--jsx' flag is provided.
src/modules/study-methods/pages/FeynmanStepsView.tsx(552,13): error TS17004: Cannot use JSX unless the '--jsx' flag is provided.
src/modules/study-methods/pages/FeynmanStepsView.tsx(559,7): error TS17004: Cannot use JSX unless the '--jsx' flag is provided.
src/modules/study-methods/pages/FeynmanStepsView.tsx(560,9): error TS17004: Cannot use JSX unless the '--jsx' flag is provided.
src/modules/study-methods/pages/FeynmanStepsView.tsx(566,9): error TS17004: Cannot use JSX unless the '--jsx' flag is provided.
src/modules/study-methods/pages/FeynmanStepsView.tsx(567,11): error TS17004: Cannot use JSX unless the '--jsx' flag is provided.
src/modules/study-methods/pages/FeynmanStepsView.tsx(574,7): error TS17004: Cannot use JSX unless the '--jsx' flag is provided.
src/modules/study-methods/pages/FeynmanStepsView.tsx(576,9): error TS17004: Cannot use JSX unless the '--jsx' flag is provided.
src/modules/study-methods/pages/FeynmanStepsView.tsx(580,11): error TS17004: Cannot use JSX unless the '--jsx' flag is provided.
src/modules/study-methods/pages/FeynmanStepsView.tsx(586,11): error TS17004: Cannot use JSX unless the '--jsx' flag is provided.
src/modules/study-methods/pages/FeynmanStepsView.tsx(589,11): error TS17004: Cannot use JSX unless the '--jsx' flag is provided.
src/modules/study-methods/pages/FeynmanStepsView.tsx(590,13): error TS17004: Cannot use JSX unless the '--jsx' flag is provided.
src/modules/study-methods/pages/FeynmanStepsView.tsx(595,13): error TS17004: Cannot use JSX unless the '--jsx' flag is provided.
src/modules/study-methods/pages/FeynmanStepsView.tsx(596,15): error TS17004: Cannot use JSX unless the '--jsx' flag is provided.
src/modules/study-methods/pages/FeynmanStepsView.tsx(597,20): error TS17004: Cannot use JSX unless the '--jsx' flag is provided.
src/modules/study-methods/pages/FeynmanStepsView.tsx(603,13): error TS17004: Cannot use JSX unless the '--jsx' flag is provided.
src/modules/study-methods/pages/FeynmanStepsView.tsx(604,15): error TS17004: Cannot use JSX unless the '--jsx' flag is provided.
src/modules/study-methods/pages/FeynmanStepsView.tsx(605,20): error TS17004: Cannot use JSX unless the '--jsx' flag is provided.
src/modules/study-methods/pages/FeynmanStepsView.tsx(611,13): error TS17004: Cannot use JSX unless the '--jsx' flag is provided.
src/modules/study-methods/pages/FeynmanStepsView.tsx(612,15): error TS17004: Cannot use JSX unless the '--jsx' flag is provided.
src/modules/study-methods/pages/FeynmanStepsView.tsx(613,20): error TS17004: Cannot use JSX unless the '--jsx' flag is provided.
src/modules/study-methods/pages/FeynmanStepsView.tsx(619,13): error TS17004: Cannot use JSX unless the '--jsx' flag is provided.
src/modules/study-methods/pages/FeynmanStepsView.tsx(620,15): error TS17004: Cannot use JSX unless the '--jsx' flag is provided.
src/modules/study-methods/pages/FeynmanStepsView.tsx(621,20): error TS17004: Cannot use JSX unless the '--jsx' flag is provided.
src/modules/study-methods/pages/FeynmanStepsView.tsx(628,9): error TS17004: Cannot use JSX unless the '--jsx' flag is provided.
src/modules/study-methods/pages/FeynmanStepsView.tsx(629,11): error TS17004: Cannot use JSX unless the '--jsx' flag is provided.
src/modules/study-methods/pages/FeynmanStepsView.tsx(637,11): error TS17004: Cannot use JSX unless the '--jsx' flag is provided.
src/modules/study-methods/pages/FeynmanStepsView.tsx(639,15): error TS17004: Cannot use JSX unless the '--jsx' flag is provided.
src/modules/study-methods/pages/FeynmanStepsView.tsx(656,13): error TS17004: Cannot use JSX unless the '--jsx' flag is provided.
src/modules/study-methods/pages/FeynmanStepsView.tsx(668,13): error TS17004: Cannot use JSX unless the '--jsx' flag is provided.
src/modules/study-methods/pages/FeynmanStepsView.tsx(682,33): error TS2812: Property 'style' does not exist on type 'EventTarget & HTMLButtonElement'. Try changing the 'lib' compiler option to include 'dom'.
src/modules/study-methods/pages/FeynmanStepsView.tsx(685,33): error TS2812: Property 'style' does not exist on type 'EventTarget & HTMLButtonElement'. Try changing the 'lib' compiler option to include 'dom'.
src/modules/study-methods/pages/FeynmanStepsView.tsx(695,7): error TS17004: Cannot use JSX unless the '--jsx' flag is provided.
src/modules/study-methods/pages/index.ts(2,50): error TS6142: Module './PomodoroExecutionView' was resolved to 'c:/Users/juand/OneDrive/Documents/Actividades Sena/9. Proyecto/5. Quinto Trimestre/Focus-Up-FrontEnd/src/modules/study-methods/pages/PomodoroExecutionView.tsx', but '--jsx' is not set.
src/modules/study-methods/pages/index.ts(3,46): error TS6142: Module './PomodoroIntroView' was resolved to 'c:/Users/juand/OneDrive/Documents/Actividades Sena/9. Proyecto/5. Quinto Trimestre/Focus-Up-FrontEnd/src/modules/study-methods/pages/PomodoroIntroView.tsx', but '--jsx' is not set.
src/modules/study-methods/pages/index.ts(4,50): error TS6142: Module './ActiveRecallIntroView' was resolved to 'c:/Users/juand/OneDrive/Documents/Actividades Sena/9. Proyecto/5. Quinto Trimestre/Focus-Up-FrontEnd/src/modules/study-methods/pages/ActiveRecallIntroView.tsx', but '--jsx' is not set.
src/modules/study-methods/pages/index.ts(5,50): error TS6142: Module './ActiveRecallStepsView' was resolved to 'c:/Users/juand/OneDrive/Documents/Actividades Sena/9. Proyecto/5. Quinto Trimestre/Focus-Up-FrontEnd/src/modules/study-methods/pages/ActiveRecallStepsView.tsx', but '--jsx' is not set.
src/modules/study-methods/pages/index.ts(6,45): error TS6142: Module './CornellIntroView' was resolved to 'c:/Users/juand/OneDrive/Documents/Actividades Sena/9. Proyecto/5. Quinto Trimestre/Focus-Up-FrontEnd/src/modules/study-methods/pages/CornellIntroView.tsx', but '--jsx' is not set.
src/modules/study-methods/pages/index.ts(7,45): error TS6142: Module './CornellStepsView' was resolved to 'c:/Users/juand/OneDrive/Documents/Actividades Sena/9. Proyecto/5. Quinto Trimestre/Focus-Up-FrontEnd/src/modules/study-methods/pages/CornellStepsView.tsx', but '--jsx' is not set.
src/modules/study-methods/pages/index.ts(8,45): error TS6142: Module './FeynmanIntroView' was resolved to 'c:/Users/juand/OneDrive/Documents/Actividades Sena/9. Proyecto/5. Quinto Trimestre/Focus-Up-FrontEnd/src/modules/study-methods/pages/FeynmanIntroView.tsx', but '--jsx' is not set.
src/modules/study-methods/pages/index.ts(9,45): error TS6142: Module './FeynmanStepsView' was resolved to 'c:/Users/juand/OneDrive/Documents/Actividades Sena/9. Proyecto/5. Quinto Trimestre/Focus-Up-FrontEnd/src/modules/study-methods/pages/FeynmanStepsView.tsx', but '--jsx' is not set.
src/modules/study-methods/pages/index.ts(10,45): error TS6142: Module './MindMapsInfoPage' was resolved to 'c:/Users/juand/OneDrive/Documents/Actividades Sena/9. Proyecto/5. Quinto Trimestre/Focus-Up-FrontEnd/src/modules/study-methods/pages/MindMapsInfoPage.tsx', but '--jsx' is not set.
src/modules/study-methods/pages/index.ts(11,46): error TS6142: Module './MindMapsStepsPage' was resolved to 'c:/Users/juand/OneDrive/Documents/Actividades Sena/9. Proyecto/5. Quinto Trimestre/Focus-Up-FrontEnd/src/modules/study-methods/pages/MindMapsStepsPage.tsx', but '--jsx' is not set.
src/modules/study-methods/pages/index.ts(12,54): error TS6142: Module './SpacedRepetitionIntroView' was resolved to 'c:/Users/juand/OneDrive/Documents/Actividades Sena/9. Proyecto/5. Quinto Trimestre/Focus-Up-FrontEnd/src/modules/study-methods/pages/SpacedRepetitionIntroView.tsx', but '--jsx' is not set.
src/modules/study-methods/pages/index.ts(13,54): error TS6142: Module './SpacedRepetitionStepsView' was resolved to 'c:/Users/juand/OneDrive/Documents/Actividades Sena/9. Proyecto/5. Quinto Trimestre/Focus-Up-FrontEnd/src/modules/study-methods/pages/SpacedRepetitionStepsView.tsx', but '--jsx' is not set.
src/modules/study-methods/pages/index.ts(14,52): error TS6142: Module './StudyMethodsLibraryPage' was resolved to 'c:/Users/juand/OneDrive/Documents/Actividades Sena/9. Proyecto/5. Quinto Trimestre/Focus-Up-FrontEnd/src/modules/study-methods/pages/StudyMethodsLibraryPage.tsx', but '--jsx' is not set.
src/modules/study-methods/pages/MindMapsInfoPage.tsx(35,23): error TS2304: Cannot find name 'localStorage'.
src/modules/study-methods/pages/MindMapsInfoPage.tsx(41,32): error TS2304: Cannot find name 'fetch'.
src/modules/study-methods/pages/MindMapsInfoPage.tsx(50,13): error TS2304: Cannot find name 'localStorage'.
src/modules/study-methods/pages/MindMapsInfoPage.tsx(73,7): error TS17004: Cannot use JSX unless the '--jsx' flag is provided.
src/modules/study-methods/pages/MindMapsInfoPage.tsx(75,9): error TS17004: Cannot use JSX unless the '--jsx' flag is provided.
src/modules/study-methods/pages/MindMapsInfoPage.tsx(76,11): error TS17004: Cannot use JSX unless the '--jsx' flag is provided.
src/modules/study-methods/pages/MindMapsInfoPage.tsx(77,11): error TS17004: Cannot use JSX unless the '--jsx' flag is provided.
src/modules/study-methods/pages/MindMapsInfoPage.tsx(78,11): error TS17004: Cannot use JSX unless the '--jsx' flag is provided.
src/modules/study-methods/pages/MindMapsInfoPage.tsx(81,9): error TS17004: Cannot use JSX unless the '--jsx' flag is provided.
src/modules/study-methods/pages/MindMapsInfoPage.tsx(82,11): error TS17004: Cannot use JSX unless the '--jsx' flag is provided.
src/modules/study-methods/pages/MindMapsInfoPage.tsx(83,13): error TS17004: Cannot use JSX unless the '--jsx' flag is provided.
src/modules/study-methods/pages/MindMapsInfoPage.tsx(84,15): error TS17004: Cannot use JSX unless the '--jsx' flag is provided.
src/modules/study-methods/pages/MindMapsInfoPage.tsx(86,13): error TS17004: Cannot use JSX unless the '--jsx' flag is provided.
src/modules/study-methods/pages/MindMapsInfoPage.tsx(87,13): error TS17004: Cannot use JSX unless the '--jsx' flag is provided.
src/modules/study-methods/pages/MindMapsInfoPage.tsx(96,7): error TS17004: Cannot use JSX unless the '--jsx' flag is provided.
src/modules/study-methods/pages/MindMapsInfoPage.tsx(98,9): error TS17004: Cannot use JSX unless the '--jsx' flag is provided.
src/modules/study-methods/pages/MindMapsInfoPage.tsx(99,11): error TS17004: Cannot use JSX unless the '--jsx' flag is provided.
src/modules/study-methods/pages/MindMapsInfoPage.tsx(100,11): error TS17004: Cannot use JSX unless the '--jsx' flag is provided.
src/modules/study-methods/pages/MindMapsInfoPage.tsx(103,9): error TS17004: Cannot use JSX unless the '--jsx' flag is provided.
src/modules/study-methods/pages/MindMapsInfoPage.tsx(104,11): error TS17004: Cannot use JSX unless the '--jsx' flag is provided.
src/modules/study-methods/pages/MindMapsInfoPage.tsx(105,13): error TS17004: Cannot use JSX unless the '--jsx' flag is provided.
src/modules/study-methods/pages/MindMapsInfoPage.tsx(106,15): error TS17004: Cannot use JSX unless the '--jsx' flag is provided.
src/modules/study-methods/pages/MindMapsInfoPage.tsx(107,17): error TS17004: Cannot use JSX unless the '--jsx' flag is provided.
src/modules/study-methods/pages/MindMapsInfoPage.tsx(109,15): error TS17004: Cannot use JSX unless the '--jsx' flag is provided.
src/modules/study-methods/pages/MindMapsInfoPage.tsx(110,17): error TS17004: Cannot use JSX unless the '--jsx' flag is provided.
src/modules/study-methods/pages/MindMapsInfoPage.tsx(113,13): error TS17004: Cannot use JSX unless the '--jsx' flag is provided.
src/modules/study-methods/pages/MindMapsInfoPage.tsx(114,13): error TS17004: Cannot use JSX unless the '--jsx' flag is provided.
src/modules/study-methods/pages/MindMapsInfoPage.tsx(115,13): error TS17004: Cannot use JSX unless the '--jsx' flag is provided.
src/modules/study-methods/pages/MindMapsInfoPage.tsx(119,15): error TS17004: Cannot use JSX unless the '--jsx' flag is provided.
src/modules/study-methods/pages/MindMapsInfoPage.tsx(120,17): error TS17004: Cannot use JSX unless the '--jsx' flag is provided.
src/modules/study-methods/pages/MindMapsInfoPage.tsx(136,5): error TS17004: Cannot use JSX unless the '--jsx' flag is provided.
src/modules/study-methods/pages/MindMapsInfoPage.tsx(138,7): error TS17004: Cannot use JSX unless the '--jsx' flag is provided.
src/modules/study-methods/pages/MindMapsInfoPage.tsx(139,9): error TS17004: Cannot use JSX unless the '--jsx' flag is provided.
src/modules/study-methods/pages/MindMapsInfoPage.tsx(140,9): error TS17004: Cannot use JSX unless the '--jsx' flag is provided.
src/modules/study-methods/pages/MindMapsInfoPage.tsx(141,9): error TS17004: Cannot use JSX unless the '--jsx' flag is provided.
src/modules/study-methods/pages/MindMapsInfoPage.tsx(145,7): error TS17004: Cannot use JSX unless the '--jsx' flag is provided.
src/modules/study-methods/pages/MindMapsInfoPage.tsx(146,9): error TS17004: Cannot use JSX unless the '--jsx' flag is provided.
src/modules/study-methods/pages/MindMapsInfoPage.tsx(151,11): error TS17004: Cannot use JSX unless the '--jsx' flag is provided.
src/modules/study-methods/pages/MindMapsInfoPage.tsx(157,13): error TS17004: Cannot use JSX unless the '--jsx' flag is provided.
src/modules/study-methods/pages/MindMapsInfoPage.tsx(165,9): error TS17004: Cannot use JSX unless the '--jsx' flag is provided.
src/modules/study-methods/pages/MindMapsInfoPage.tsx(166,11): error TS17004: Cannot use JSX unless the '--jsx' flag is provided.
src/modules/study-methods/pages/MindMapsInfoPage.tsx(170,9): error TS17004: Cannot use JSX unless the '--jsx' flag is provided.
src/modules/study-methods/pages/MindMapsInfoPage.tsx(174,7): error TS17004: Cannot use JSX unless the '--jsx' flag is provided.
src/modules/study-methods/pages/MindMapsInfoPage.tsx(176,9): error TS17004: Cannot use JSX unless the '--jsx' flag is provided.
src/modules/study-methods/pages/MindMapsInfoPage.tsx(178,11): error TS17004: Cannot use JSX unless the '--jsx' flag is provided.
src/modules/study-methods/pages/MindMapsInfoPage.tsx(180,11): error TS17004: Cannot use JSX unless the '--jsx' flag is provided.
src/modules/study-methods/pages/MindMapsInfoPage.tsx(181,13): error TS17004: Cannot use JSX unless the '--jsx' flag is provided.
src/modules/study-methods/pages/MindMapsInfoPage.tsx(182,15): error TS17004: Cannot use JSX unless the '--jsx' flag is provided.
src/modules/study-methods/pages/MindMapsInfoPage.tsx(183,15): error TS17004: Cannot use JSX unless the '--jsx' flag is provided.
src/modules/study-methods/pages/MindMapsInfoPage.tsx(186,13): error TS17004: Cannot use JSX unless the '--jsx' flag is provided.
src/modules/study-methods/pages/MindMapsInfoPage.tsx(188,17): error TS17004: Cannot use JSX unless the '--jsx' flag is provided.
src/modules/study-methods/pages/MindMapsInfoPage.tsx(190,21): error TS17004: Cannot use JSX unless the '--jsx' flag is provided.
src/modules/study-methods/pages/MindMapsInfoPage.tsx(192,19): error TS17004: Cannot use JSX unless the '--jsx' flag is provided.
src/modules/study-methods/pages/MindMapsInfoPage.tsx(193,21): error TS17004: Cannot use JSX unless the '--jsx' flag is provided.
src/modules/study-methods/pages/MindMapsInfoPage.tsx(200,32): error TS2812: Property 'style' does not exist on type 'HTMLImageElement'. Try changing the 'lib' compiler option to include 'dom'.
src/modules/study-methods/pages/MindMapsInfoPage.tsx(201,47): error TS2812: Property 'parentElement' does not exist on type 'HTMLImageElement'. Try changing the 'lib' compiler option to include 'dom'.
src/modules/study-methods/pages/MindMapsInfoPage.tsx(203,41): error TS2584: Cannot find name 'document'. Do you need to change your target library? Try changing the 'lib' compiler option to include 'dom'.
src/modules/study-methods/pages/MindMapsInfoPage.tsx(213,17): error TS17004: Cannot use JSX unless the '--jsx' flag is provided.
src/modules/study-methods/pages/MindMapsInfoPage.tsx(214,19): error TS17004: Cannot use JSX unless the '--jsx' flag is provided.
src/modules/study-methods/pages/MindMapsInfoPage.tsx(219,13): error TS17004: Cannot use JSX unless the '--jsx' flag is provided.
src/modules/study-methods/pages/MindMapsInfoPage.tsx(223,13): error TS17004: Cannot use JSX unless the '--jsx' flag is provided.
src/modules/study-methods/pages/MindMapsInfoPage.tsx(227,13): error TS17004: Cannot use JSX unless the '--jsx' flag is provided.
src/modules/study-methods/pages/MindMapsInfoPage.tsx(228,15): error TS17004: Cannot use JSX unless the '--jsx' flag is provided.
src/modules/study-methods/pages/MindMapsInfoPage.tsx(229,15): error TS17004: Cannot use JSX unless the '--jsx' flag is provided.
src/modules/study-methods/pages/MindMapsInfoPage.tsx(232,13): error TS17004: Cannot use JSX unless the '--jsx' flag is provided.
src/modules/study-methods/pages/MindMapsInfoPage.tsx(233,15): error TS17004: Cannot use JSX unless the '--jsx' flag is provided.
src/modules/study-methods/pages/MindMapsInfoPage.tsx(234,17): error TS17004: Cannot use JSX unless the '--jsx' flag is provided.
src/modules/study-methods/pages/MindMapsInfoPage.tsx(237,15): error TS17004: Cannot use JSX unless the '--jsx' flag is provided.
src/modules/study-methods/pages/MindMapsInfoPage.tsx(238,17): error TS17004: Cannot use JSX unless the '--jsx' flag is provided.
src/modules/study-methods/pages/MindMapsInfoPage.tsx(241,15): error TS17004: Cannot use JSX unless the '--jsx' flag is provided.
src/modules/study-methods/pages/MindMapsInfoPage.tsx(242,17): error TS17004: Cannot use JSX unless the '--jsx' flag is provided.
src/modules/study-methods/pages/MindMapsInfoPage.tsx(250,9): error TS17004: Cannot use JSX unless the '--jsx' flag is provided.
src/modules/study-methods/pages/MindMapsInfoPage.tsx(251,11): error TS17004: Cannot use JSX unless the '--jsx' flag is provided.
src/modules/study-methods/pages/MindMapsInfoPage.tsx(252,13): error TS17004: Cannot use JSX unless the '--jsx' flag is provided.
src/modules/study-methods/pages/MindMapsInfoPage.tsx(255,13): error TS17004: Cannot use JSX unless the '--jsx' flag is provided.
src/modules/study-methods/pages/MindMapsInfoPage.tsx(260,11): error TS17004: Cannot use JSX unless the '--jsx' flag is provided.
src/modules/study-methods/pages/MindMapsInfoPage.tsx(261,13): error TS17004: Cannot use JSX unless the '--jsx' flag is provided.
src/modules/study-methods/pages/MindMapsInfoPage.tsx(262,15): error TS17004: Cannot use JSX unless the '--jsx' flag is provided.
src/modules/study-methods/pages/MindMapsInfoPage.tsx(263,17): error TS17004: Cannot use JSX unless the '--jsx' flag is provided.
src/modules/study-methods/pages/MindMapsInfoPage.tsx(264,19): error TS17004: Cannot use JSX unless the '--jsx' flag is provided.
src/modules/study-methods/pages/MindMapsInfoPage.tsx(266,17): error TS17004: Cannot use JSX unless the '--jsx' flag is provided.
src/modules/study-methods/pages/MindMapsInfoPage.tsx(267,19): error TS17004: Cannot use JSX unless the '--jsx' flag is provided.
src/modules/study-methods/pages/MindMapsInfoPage.tsx(268,21): error TS17004: Cannot use JSX unless the '--jsx' flag is provided.
src/modules/study-methods/pages/MindMapsInfoPage.tsx(272,19): error TS17004: Cannot use JSX unless the '--jsx' flag is provided.
src/modules/study-methods/pages/MindMapsInfoPage.tsx(280,13): error TS17004: Cannot use JSX unless the '--jsx' flag is provided.
src/modules/study-methods/pages/MindMapsInfoPage.tsx(281,15): error TS17004: Cannot use JSX unless the '--jsx' flag is provided.
src/modules/study-methods/pages/MindMapsInfoPage.tsx(282,17): error TS17004: Cannot use JSX unless the '--jsx' flag is provided.
src/modules/study-methods/pages/MindMapsInfoPage.tsx(283,19): error TS17004: Cannot use JSX unless the '--jsx' flag is provided.
src/modules/study-methods/pages/MindMapsInfoPage.tsx(285,17): error TS17004: Cannot use JSX unless the '--jsx' flag is provided.
src/modules/study-methods/pages/MindMapsInfoPage.tsx(286,19): error TS17004: Cannot use JSX unless the '--jsx' flag is provided.
src/modules/study-methods/pages/MindMapsInfoPage.tsx(287,21): error TS17004: Cannot use JSX unless the '--jsx' flag is provided.
src/modules/study-methods/pages/MindMapsInfoPage.tsx(291,19): error TS17004: Cannot use JSX unless the '--jsx' flag is provided.
src/modules/study-methods/pages/MindMapsInfoPage.tsx(299,13): error TS17004: Cannot use JSX unless the '--jsx' flag is provided.
src/modules/study-methods/pages/MindMapsInfoPage.tsx(300,15): error TS17004: Cannot use JSX unless the '--jsx' flag is provided.
src/modules/study-methods/pages/MindMapsInfoPage.tsx(301,17): error TS17004: Cannot use JSX unless the '--jsx' flag is provided.
src/modules/study-methods/pages/MindMapsInfoPage.tsx(302,19): error TS17004: Cannot use JSX unless the '--jsx' flag is provided.
src/modules/study-methods/pages/MindMapsInfoPage.tsx(304,17): error TS17004: Cannot use JSX unless the '--jsx' flag is provided.
src/modules/study-methods/pages/MindMapsInfoPage.tsx(305,19): error TS17004: Cannot use JSX unless the '--jsx' flag is provided.
src/modules/study-methods/pages/MindMapsInfoPage.tsx(306,21): error TS17004: Cannot use JSX unless the '--jsx' flag is provided.
src/modules/study-methods/pages/MindMapsInfoPage.tsx(310,19): error TS17004: Cannot use JSX unless the '--jsx' flag is provided.
src/modules/study-methods/pages/MindMapsInfoPage.tsx(318,13): error TS17004: Cannot use JSX unless the '--jsx' flag is provided.
src/modules/study-methods/pages/MindMapsInfoPage.tsx(319,15): error TS17004: Cannot use JSX unless the '--jsx' flag is provided.
src/modules/study-methods/pages/MindMapsInfoPage.tsx(320,17): error TS17004: Cannot use JSX unless the '--jsx' flag is provided.
src/modules/study-methods/pages/MindMapsInfoPage.tsx(321,19): error TS17004: Cannot use JSX unless the '--jsx' flag is provided.
src/modules/study-methods/pages/MindMapsInfoPage.tsx(323,17): error TS17004: Cannot use JSX unless the '--jsx' flag is provided.
src/modules/study-methods/pages/MindMapsInfoPage.tsx(324,19): error TS17004: Cannot use JSX unless the '--jsx' flag is provided.
src/modules/study-methods/pages/MindMapsInfoPage.tsx(325,21): error TS17004: Cannot use JSX unless the '--jsx' flag is provided.
src/modules/study-methods/pages/MindMapsInfoPage.tsx(329,19): error TS17004: Cannot use JSX unless the '--jsx' flag is provided.
src/modules/study-methods/pages/MindMapsInfoPage.tsx(337,13): error TS17004: Cannot use JSX unless the '--jsx' flag is provided.
src/modules/study-methods/pages/MindMapsInfoPage.tsx(338,15): error TS17004: Cannot use JSX unless the '--jsx' flag is provided.
src/modules/study-methods/pages/MindMapsInfoPage.tsx(339,17): error TS17004: Cannot use JSX unless the '--jsx' flag is provided.
src/modules/study-methods/pages/MindMapsInfoPage.tsx(340,19): error TS17004: Cannot use JSX unless the '--jsx' flag is provided.
src/modules/study-methods/pages/MindMapsInfoPage.tsx(342,17): error TS17004: Cannot use JSX unless the '--jsx' flag is provided.
src/modules/study-methods/pages/MindMapsInfoPage.tsx(343,19): error TS17004: Cannot use JSX unless the '--jsx' flag is provided.
src/modules/study-methods/pages/MindMapsInfoPage.tsx(344,21): error TS17004: Cannot use JSX unless the '--jsx' flag is provided.
src/modules/study-methods/pages/MindMapsInfoPage.tsx(348,19): error TS17004: Cannot use JSX unless the '--jsx' flag is provided.
src/modules/study-methods/pages/MindMapsInfoPage.tsx(360,11): error TS17004: Cannot use JSX unless the '--jsx' flag is provided.
src/modules/study-methods/pages/MindMapsInfoPage.tsx(361,13): error TS17004: Cannot use JSX unless the '--jsx' flag is provided.
src/modules/study-methods/pages/MindMapsInfoPage.tsx(362,15): error TS17004: Cannot use JSX unless the '--jsx' flag is provided.
src/modules/study-methods/pages/MindMapsInfoPage.tsx(365,15): error TS17004: Cannot use JSX unless the '--jsx' flag is provided.
src/modules/study-methods/pages/MindMapsInfoPage.tsx(370,13): error TS17004: Cannot use JSX unless the '--jsx' flag is provided.
src/modules/study-methods/pages/MindMapsInfoPage.tsx(372,17): error TS17004: Cannot use JSX unless the '--jsx' flag is provided.
src/modules/study-methods/pages/MindMapsInfoPage.tsx(377,19): error TS17004: Cannot use JSX unless the '--jsx' flag is provided.
src/modules/study-methods/pages/MindMapsInfoPage.tsx(378,21): error TS17004: Cannot use JSX unless the '--jsx' flag is provided.
src/modules/study-methods/pages/MindMapsInfoPage.tsx(379,23): error TS17004: Cannot use JSX unless the '--jsx' flag is provided.
src/modules/study-methods/pages/MindMapsInfoPage.tsx(381,21): error TS17004: Cannot use JSX unless the '--jsx' flag is provided.
src/modules/study-methods/pages/MindMapsInfoPage.tsx(392,9): error TS17004: Cannot use JSX unless the '--jsx' flag is provided.
src/modules/study-methods/pages/MindMapsInfoPage.tsx(393,11): error TS17004: Cannot use JSX unless the '--jsx' flag is provided.
src/modules/study-methods/pages/MindMapsInfoPage.tsx(400,13): error TS17004: Cannot use JSX unless the '--jsx' flag is provided.
src/modules/study-methods/pages/MindMapsInfoPage.tsx(401,13): error TS17004: Cannot use JSX unless the '--jsx' flag is provided.
src/modules/study-methods/pages/MindMapsInfoPage.tsx(402,13): error TS17004: Cannot use JSX unless the '--jsx' flag is provided.
src/modules/study-methods/pages/MindMapsInfoPage.tsx(403,15): error TS17004: Cannot use JSX unless the '--jsx' flag is provided.
src/modules/study-methods/pages/MindMapsStepsPage.tsx(9,32): error TS2307: Cannot find module '../../../../shared/components/ui/ProgressCircle' or its corresponding type declarations.
src/modules/study-methods/pages/MindMapsStepsPage.tsx(20,34): error TS2307: Cannot find module '../../../../shared/components/ui/FinishLaterModal' or its corresponding type declarations.
src/modules/study-methods/pages/MindMapsStepsPage.tsx(131,23): error TS2304: Cannot find name 'localStorage'.
src/modules/study-methods/pages/MindMapsStepsPage.tsx(137,32): error TS2304: Cannot find name 'fetch'.
src/modules/study-methods/pages/MindMapsStepsPage.tsx(146,13): error TS2304: Cannot find name 'localStorage'.
src/modules/study-methods/pages/MindMapsStepsPage.tsx(163,13): error TS2584: Cannot find name 'console'. Do you need to change your target library? Try changing the 'lib' compiler option to include 'dom'.
src/modules/study-methods/pages/MindMapsStepsPage.tsx(200,28): error TS2304: Cannot find name 'localStorage'.
src/modules/study-methods/pages/MindMapsStepsPage.tsx(201,28): error TS2304: Cannot find name 'localStorage'.
src/modules/study-methods/pages/MindMapsStepsPage.tsx(202,30): error TS2304: Cannot find name 'localStorage'.
src/modules/study-methods/pages/MindMapsStepsPage.tsx(206,7): error TS2584: Cannot find name 'console'. Do you need to change your target library? Try changing the 'lib' compiler option to include 'dom'.
src/modules/study-methods/pages/MindMapsStepsPage.tsx(248,7): error TS2304: Cannot find name 'localStorage'.
src/modules/study-methods/pages/MindMapsStepsPage.tsx(249,7): error TS2304: Cannot find name 'localStorage'.
src/modules/study-methods/pages/MindMapsStepsPage.tsx(250,7): error TS2304: Cannot find name 'localStorage'.
src/modules/study-methods/pages/MindMapsStepsPage.tsx(262,7): error TS2584: Cannot find name 'console'. Do you need to change your target library? Try changing the 'lib' compiler option to include 'dom'.
src/modules/study-methods/pages/MindMapsStepsPage.tsx(268,7): error TS2584: Cannot find name 'console'. Do you need to change your target library? Try changing the 'lib' compiler option to include 'dom'.
src/modules/study-methods/pages/MindMapsStepsPage.tsx(274,7): error TS2584: Cannot find name 'console'. Do you need to change your target library? Try changing the 'lib' compiler option to include 'dom'.
src/modules/study-methods/pages/MindMapsStepsPage.tsx(279,9): error TS2584: Cannot find name 'console'. Do you need to change your target library? Try changing the 'lib' compiler option to include 'dom'.
src/modules/study-methods/pages/MindMapsStepsPage.tsx(293,7): error TS2304: Cannot find name 'localStorage'.
src/modules/study-methods/pages/MindMapsStepsPage.tsx(294,7): error TS2304: Cannot find name 'localStorage'.
src/modules/study-methods/pages/MindMapsStepsPage.tsx(300,7): error TS2304: Cannot find name 'window'.
src/modules/study-methods/pages/MindMapsStepsPage.tsx(300,32): error TS2693: 'Event' only refers to a type, but is being used as a value here.
src/modules/study-methods/pages/MindMapsStepsPage.tsx(302,7): error TS2584: Cannot find name 'console'. Do you need to change your target library? Try changing the 'lib' compiler option to include 'dom'.
src/modules/study-methods/pages/MindMapsStepsPage.tsx(314,7): error TS2584: Cannot find name 'console'. Do you need to change your target library? Try changing the 'lib' compiler option to include 'dom'.
src/modules/study-methods/pages/MindMapsStepsPage.tsx(321,65): error TS2304: Cannot find name 'localStorage'.
src/modules/study-methods/pages/MindMapsStepsPage.tsx(329,7): error TS2584: Cannot find name 'console'. Do you need to change your target library? Try changing the 'lib' compiler option to include 'dom'.
src/modules/study-methods/pages/MindMapsStepsPage.tsx(334,7): error TS2584: Cannot find name 'console'. Do you need to change your target library? Try changing the 'lib' compiler option to include 'dom'.
src/modules/study-methods/pages/MindMapsStepsPage.tsx(339,7): error TS2584: Cannot find name 'console'. Do you need to change your target library? Try changing the 'lib' compiler option to include 'dom'.
src/modules/study-methods/pages/MindMapsStepsPage.tsx(343,9): error TS2304: Cannot find name 'localStorage'.
src/modules/study-methods/pages/MindMapsStepsPage.tsx(347,7): error TS2304: Cannot find name 'window'.
src/modules/study-methods/pages/MindMapsStepsPage.tsx(347,32): error TS2693: 'Event' only refers to a type, but is being used as a value here.
src/modules/study-methods/pages/MindMapsStepsPage.tsx(349,7): error TS2584: Cannot find name 'console'. Do you need to change your target library? Try changing the 'lib' compiler option to include 'dom'.
src/modules/study-methods/pages/MindMapsStepsPage.tsx(403,69): error TS2304: Cannot find name 'localStorage'.
src/modules/study-methods/pages/MindMapsStepsPage.tsx(408,11): error TS2304: Cannot find name 'navigator'.
src/modules/study-methods/pages/MindMapsStepsPage.tsx(415,11): error TS2584: Cannot find name 'console'. Do you need to change your target library? Try changing the 'lib' compiler option to include 'dom'.
src/modules/study-methods/pages/MindMapsStepsPage.tsx(420,5): error TS2304: Cannot find name 'window'.
src/modules/study-methods/pages/MindMapsStepsPage.tsx(421,18): error TS2304: Cannot find name 'window'.
src/modules/study-methods/pages/MindMapsStepsPage.tsx(471,5): error TS2304: Cannot find name 'localStorage'.
src/modules/study-methods/pages/MindMapsStepsPage.tsx(472,5): error TS2304: Cannot find name 'localStorage'.
src/modules/study-methods/pages/MindMapsStepsPage.tsx(484,7): error TS17004: Cannot use JSX unless the '--jsx' flag is provided.
src/modules/study-methods/pages/MindMapsStepsPage.tsx(485,9): error TS17004: Cannot use JSX unless the '--jsx' flag is provided.
src/modules/study-methods/pages/MindMapsStepsPage.tsx(486,11): error TS17004: Cannot use JSX unless the '--jsx' flag is provided.
src/modules/study-methods/pages/MindMapsStepsPage.tsx(487,11): error TS17004: Cannot use JSX unless the '--jsx' flag is provided.
src/modules/study-methods/pages/MindMapsStepsPage.tsx(495,7): error TS17004: Cannot use JSX unless the '--jsx' flag is provided.
src/modules/study-methods/pages/MindMapsStepsPage.tsx(496,9): error TS17004: Cannot use JSX unless the '--jsx' flag is provided.
src/modules/study-methods/pages/MindMapsStepsPage.tsx(497,11): error TS17004: Cannot use JSX unless the '--jsx' flag is provided.
src/modules/study-methods/pages/MindMapsStepsPage.tsx(498,11): error TS17004: Cannot use JSX unless the '--jsx' flag is provided.
src/modules/study-methods/pages/MindMapsStepsPage.tsx(499,11): error TS17004: Cannot use JSX unless the '--jsx' flag is provided.
src/modules/study-methods/pages/MindMapsStepsPage.tsx(500,11): error TS17004: Cannot use JSX unless the '--jsx' flag is provided.
src/modules/study-methods/pages/MindMapsStepsPage.tsx(520,5): error TS17004: Cannot use JSX unless the '--jsx' flag is provided.
src/modules/study-methods/pages/MindMapsStepsPage.tsx(522,7): error TS17004: Cannot use JSX unless the '--jsx' flag is provided.
src/modules/study-methods/pages/MindMapsStepsPage.tsx(523,9): error TS17004: Cannot use JSX unless the '--jsx' flag is provided.
src/modules/study-methods/pages/MindMapsStepsPage.tsx(528,11): error TS17004: Cannot use JSX unless the '--jsx' flag is provided.
src/modules/study-methods/pages/MindMapsStepsPage.tsx(534,13): error TS17004: Cannot use JSX unless the '--jsx' flag is provided.
src/modules/study-methods/pages/MindMapsStepsPage.tsx(542,9): error TS17004: Cannot use JSX unless the '--jsx' flag is provided.
src/modules/study-methods/pages/MindMapsStepsPage.tsx(550,11): error TS17004: Cannot use JSX unless the '--jsx' flag is provided.
src/modules/study-methods/pages/MindMapsStepsPage.tsx(555,13): error TS17004: Cannot use JSX unless the '--jsx' flag is provided.
src/modules/study-methods/pages/MindMapsStepsPage.tsx(562,7): error TS17004: Cannot use JSX unless the '--jsx' flag is provided.
src/modules/study-methods/pages/MindMapsStepsPage.tsx(563,9): error TS17004: Cannot use JSX unless the '--jsx' flag is provided.
src/modules/study-methods/pages/MindMapsStepsPage.tsx(569,9): error TS17004: Cannot use JSX unless the '--jsx' flag is provided.
src/modules/study-methods/pages/MindMapsStepsPage.tsx(570,11): error TS17004: Cannot use JSX unless the '--jsx' flag is provided.
src/modules/study-methods/pages/MindMapsStepsPage.tsx(577,7): error TS17004: Cannot use JSX unless the '--jsx' flag is provided.
src/modules/study-methods/pages/MindMapsStepsPage.tsx(579,9): error TS17004: Cannot use JSX unless the '--jsx' flag is provided.
src/modules/study-methods/pages/MindMapsStepsPage.tsx(583,11): error TS17004: Cannot use JSX unless the '--jsx' flag is provided.
src/modules/study-methods/pages/MindMapsStepsPage.tsx(589,11): error TS17004: Cannot use JSX unless the '--jsx' flag is provided.
src/modules/study-methods/pages/MindMapsStepsPage.tsx(592,11): error TS17004: Cannot use JSX unless the '--jsx' flag is provided.
src/modules/study-methods/pages/MindMapsStepsPage.tsx(593,13): error TS17004: Cannot use JSX unless the '--jsx' flag is provided.
src/modules/study-methods/pages/MindMapsStepsPage.tsx(598,13): error TS17004: Cannot use JSX unless the '--jsx' flag is provided.
src/modules/study-methods/pages/MindMapsStepsPage.tsx(599,15): error TS17004: Cannot use JSX unless the '--jsx' flag is provided.
src/modules/study-methods/pages/MindMapsStepsPage.tsx(600,20): error TS17004: Cannot use JSX unless the '--jsx' flag is provided.
src/modules/study-methods/pages/MindMapsStepsPage.tsx(606,13): error TS17004: Cannot use JSX unless the '--jsx' flag is provided.
src/modules/study-methods/pages/MindMapsStepsPage.tsx(607,15): error TS17004: Cannot use JSX unless the '--jsx' flag is provided.
src/modules/study-methods/pages/MindMapsStepsPage.tsx(608,20): error TS17004: Cannot use JSX unless the '--jsx' flag is provided.
src/modules/study-methods/pages/MindMapsStepsPage.tsx(615,9): error TS17004: Cannot use JSX unless the '--jsx' flag is provided.
src/modules/study-methods/pages/MindMapsStepsPage.tsx(616,11): error TS17004: Cannot use JSX unless the '--jsx' flag is provided.
src/modules/study-methods/pages/MindMapsStepsPage.tsx(624,11): error TS17004: Cannot use JSX unless the '--jsx' flag is provided.
src/modules/study-methods/pages/MindMapsStepsPage.tsx(626,15): error TS17004: Cannot use JSX unless the '--jsx' flag is provided.
src/modules/study-methods/pages/MindMapsStepsPage.tsx(643,13): error TS17004: Cannot use JSX unless the '--jsx' flag is provided.
src/modules/study-methods/pages/MindMapsStepsPage.tsx(655,13): error TS17004: Cannot use JSX unless the '--jsx' flag is provided.
src/modules/study-methods/pages/MindMapsStepsPage.tsx(669,33): error TS2812: Property 'style' does not exist on type 'EventTarget & HTMLButtonElement'. Try changing the 'lib' compiler option to include 'dom'.
src/modules/study-methods/pages/MindMapsStepsPage.tsx(672,33): error TS2812: Property 'style' does not exist on type 'EventTarget & HTMLButtonElement'. Try changing the 'lib' compiler option to include 'dom'.
src/modules/study-methods/pages/MindMapsStepsPage.tsx(681,9): error TS17004: Cannot use JSX unless the '--jsx' flag is provided.
src/modules/study-methods/pages/MindMapsStepsPage.tsx(682,11): error TS17004: Cannot use JSX unless the '--jsx' flag is provided.
src/modules/study-methods/pages/MindMapsStepsPage.tsx(683,13): error TS17004: Cannot use JSX unless the '--jsx' flag is provided.
src/modules/study-methods/pages/MindMapsStepsPage.tsx(684,18): error TS17004: Cannot use JSX unless the '--jsx' flag is provided.
src/modules/study-methods/pages/MindMapsStepsPage.tsx(692,7): error TS17004: Cannot use JSX unless the '--jsx' flag is provided.
src/modules/study-methods/pages/PomodoroExecutionView.tsx(7,23): error TS2307: Cannot find module '../../../../shared/components/ui/Timer' or its corresponding type declarations.
src/modules/study-methods/pages/PomodoroExecutionView.tsx(8,32): error TS2307: Cannot find module '../../../../shared/components/ui/ProgressCircle' or its corresponding type declarations.
src/modules/study-methods/pages/PomodoroExecutionView.tsx(18,34): error TS2307: Cannot find module '../../../../shared/components/ui/FinishLaterModal' or its corresponding type declarations.
src/modules/study-methods/pages/PomodoroExecutionView.tsx(87,25): error TS2304: Cannot find name 'localStorage'.
src/modules/study-methods/pages/PomodoroExecutionView.tsx(93,9): error TS2584: Cannot find name 'console'. Do you need to change your target library? Try changing the 'lib' compiler option to include 'dom'.
src/modules/study-methods/pages/PomodoroExecutionView.tsx(103,9): error TS2584: Cannot find name 'console'. Do you need to change your target library? Try changing the 'lib' compiler option to include 'dom'.
src/modules/study-methods/pages/PomodoroExecutionView.tsx(139,30): error TS2304: Cannot find name 'localStorage'.
src/modules/study-methods/pages/PomodoroExecutionView.tsx(140,30): error TS2304: Cannot find name 'localStorage'.
src/modules/study-methods/pages/PomodoroExecutionView.tsx(141,32): error TS2304: Cannot find name 'localStorage'.
src/modules/study-methods/pages/PomodoroExecutionView.tsx(145,9): error TS2584: Cannot find name 'console'. Do you need to change your target library? Try changing the 'lib' compiler option to include 'dom'.
src/modules/study-methods/pages/PomodoroExecutionView.tsx(164,9): error TS2304: Cannot find name 'localStorage'.
src/modules/study-methods/pages/PomodoroExecutionView.tsx(165,9): error TS2304: Cannot find name 'localStorage'.
src/modules/study-methods/pages/PomodoroExecutionView.tsx(166,9): error TS2304: Cannot find name 'localStorage'.
src/modules/study-methods/pages/PomodoroExecutionView.tsx(208,23): error TS2304: Cannot find name 'localStorage'.
src/modules/study-methods/pages/PomodoroExecutionView.tsx(214,32): error TS2304: Cannot find name 'fetch'.
src/modules/study-methods/pages/PomodoroExecutionView.tsx(223,13): error TS2304: Cannot find name 'localStorage'.
src/modules/study-methods/pages/PomodoroExecutionView.tsx(253,7): error TS2584: Cannot find name 'console'. Do you need to change your target library? Try changing the 'lib' compiler option to include 'dom'.
src/modules/study-methods/pages/PomodoroExecutionView.tsx(259,7): error TS2584: Cannot find name 'console'. Do you need to change your target library? Try changing the 'lib' compiler option to include 'dom'.
src/modules/study-methods/pages/PomodoroExecutionView.tsx(265,7): error TS2584: Cannot find name 'console'. Do you need to change your target library? Try changing the 'lib' compiler option to include 'dom'.
src/modules/study-methods/pages/PomodoroExecutionView.tsx(270,9): error TS2584: Cannot find name 'console'. Do you need to change your target library? Try changing the 'lib' compiler option to include 'dom'.
src/modules/study-methods/pages/PomodoroExecutionView.tsx(284,7): error TS2304: Cannot find name 'localStorage'.
src/modules/study-methods/pages/PomodoroExecutionView.tsx(285,7): error TS2304: Cannot find name 'localStorage'.
src/modules/study-methods/pages/PomodoroExecutionView.tsx(294,7): error TS2304: Cannot find name 'window'.
src/modules/study-methods/pages/PomodoroExecutionView.tsx(294,32): error TS2693: 'Event' only refers to a type, but is being used as a value here.
src/modules/study-methods/pages/PomodoroExecutionView.tsx(296,7): error TS2584: Cannot find name 'console'. Do you need to change your target library? Try changing the 'lib' compiler option to include 'dom'.
src/modules/study-methods/pages/PomodoroExecutionView.tsx(308,7): error TS2584: Cannot find name 'console'. Do you need to change your target library? Try changing the 'lib' compiler option to include 'dom'.
src/modules/study-methods/pages/PomodoroExecutionView.tsx(314,67): error TS2304: Cannot find name 'localStorage'.
src/modules/study-methods/pages/PomodoroExecutionView.tsx(317,7): error TS2584: Cannot find name 'console'. Do you need to change your target library? Try changing the 'lib' compiler option to include 'dom'.
src/modules/study-methods/pages/PomodoroExecutionView.tsx(322,7): error TS2584: Cannot find name 'console'. Do you need to change your target library? Try changing the 'lib' compiler option to include 'dom'.
src/modules/study-methods/pages/PomodoroExecutionView.tsx(327,7): error TS2584: Cannot find name 'console'. Do you need to change your target library? Try changing the 'lib' compiler option to include 'dom'.
src/modules/study-methods/pages/PomodoroExecutionView.tsx(331,9): error TS2304: Cannot find name 'localStorage'.
src/modules/study-methods/pages/PomodoroExecutionView.tsx(335,7): error TS2304: Cannot find name 'window'.
src/modules/study-methods/pages/PomodoroExecutionView.tsx(335,32): error TS2693: 'Event' only refers to a type, but is being used as a value here.
src/modules/study-methods/pages/PomodoroExecutionView.tsx(337,7): error TS2584: Cannot find name 'console'. Do you need to change your target library? Try changing the 'lib' compiler option to include 'dom'.
src/modules/study-methods/pages/PomodoroExecutionView.tsx(403,5): error TS2304: Cannot find name 'localStorage'.
src/modules/study-methods/pages/PomodoroExecutionView.tsx(404,5): error TS2304: Cannot find name 'localStorage'.
src/modules/study-methods/pages/PomodoroExecutionView.tsx(463,69): error TS2304: Cannot find name 'localStorage'.
src/modules/study-methods/pages/PomodoroExecutionView.tsx(468,11): error TS2304: Cannot find name 'navigator'.
src/modules/study-methods/pages/PomodoroExecutionView.tsx(475,11): error TS2584: Cannot find name 'console'. Do you need to change your target library? Try changing the 'lib' compiler option to include 'dom'.
src/modules/study-methods/pages/PomodoroExecutionView.tsx(480,5): error TS2304: Cannot find name 'window'.
src/modules/study-methods/pages/PomodoroExecutionView.tsx(481,18): error TS2304: Cannot find name 'window'.
src/modules/study-methods/pages/PomodoroExecutionView.tsx(486,7): error TS17004: Cannot use JSX unless the '--jsx' flag is provided.
src/modules/study-methods/pages/PomodoroExecutionView.tsx(487,9): error TS17004: Cannot use JSX unless the '--jsx' flag is provided.
src/modules/study-methods/pages/PomodoroExecutionView.tsx(488,11): error TS17004: Cannot use JSX unless the '--jsx' flag is provided.
src/modules/study-methods/pages/PomodoroExecutionView.tsx(489,11): error TS17004: Cannot use JSX unless the '--jsx' flag is provided.
src/modules/study-methods/pages/PomodoroExecutionView.tsx(497,7): error TS17004: Cannot use JSX unless the '--jsx' flag is provided.
src/modules/study-methods/pages/PomodoroExecutionView.tsx(498,9): error TS17004: Cannot use JSX unless the '--jsx' flag is provided.
src/modules/study-methods/pages/PomodoroExecutionView.tsx(499,11): error TS17004: Cannot use JSX unless the '--jsx' flag is provided.
src/modules/study-methods/pages/PomodoroExecutionView.tsx(500,11): error TS17004: Cannot use JSX unless the '--jsx' flag is provided.
src/modules/study-methods/pages/PomodoroExecutionView.tsx(501,11): error TS17004: Cannot use JSX unless the '--jsx' flag is provided.
src/modules/study-methods/pages/PomodoroExecutionView.tsx(502,11): error TS17004: Cannot use JSX unless the '--jsx' flag is provided.
src/modules/study-methods/pages/PomodoroExecutionView.tsx(525,5): error TS17004: Cannot use JSX unless the '--jsx' flag is provided.
src/modules/study-methods/pages/PomodoroExecutionView.tsx(527,7): error TS17004: Cannot use JSX unless the '--jsx' flag is provided.
src/modules/study-methods/pages/PomodoroExecutionView.tsx(528,9): error TS17004: Cannot use JSX unless the '--jsx' flag is provided.
src/modules/study-methods/pages/PomodoroExecutionView.tsx(533,11): error TS17004: Cannot use JSX unless the '--jsx' flag is provided.
src/modules/study-methods/pages/PomodoroExecutionView.tsx(539,13): error TS17004: Cannot use JSX unless the '--jsx' flag is provided.
src/modules/study-methods/pages/PomodoroExecutionView.tsx(547,9): error TS17004: Cannot use JSX unless the '--jsx' flag is provided.
src/modules/study-methods/pages/PomodoroExecutionView.tsx(555,11): error TS17004: Cannot use JSX unless the '--jsx' flag is provided.
src/modules/study-methods/pages/PomodoroExecutionView.tsx(560,13): error TS17004: Cannot use JSX unless the '--jsx' flag is provided.
src/modules/study-methods/pages/PomodoroExecutionView.tsx(567,7): error TS17004: Cannot use JSX unless the '--jsx' flag is provided.
src/modules/study-methods/pages/PomodoroExecutionView.tsx(568,9): error TS17004: Cannot use JSX unless the '--jsx' flag is provided.
src/modules/study-methods/pages/PomodoroExecutionView.tsx(576,7): error TS17004: Cannot use JSX unless the '--jsx' flag is provided.
src/modules/study-methods/pages/PomodoroExecutionView.tsx(578,9): error TS17004: Cannot use JSX unless the '--jsx' flag is provided.
src/modules/study-methods/pages/PomodoroExecutionView.tsx(582,11): error TS17004: Cannot use JSX unless the '--jsx' flag is provided.
src/modules/study-methods/pages/PomodoroExecutionView.tsx(583,38): error TS17004: Cannot use JSX unless the '--jsx' flag is provided.
src/modules/study-methods/pages/PomodoroExecutionView.tsx(584,13): error TS17004: Cannot use JSX unless the '--jsx' flag is provided.
src/modules/study-methods/pages/PomodoroExecutionView.tsx(591,11): error TS17004: Cannot use JSX unless the '--jsx' flag is provided.
src/modules/study-methods/pages/PomodoroExecutionView.tsx(594,11): error TS17004: Cannot use JSX unless the '--jsx' flag is provided.
src/modules/study-methods/pages/PomodoroExecutionView.tsx(595,13): error TS17004: Cannot use JSX unless the '--jsx' flag is provided.
src/modules/study-methods/pages/PomodoroExecutionView.tsx(600,13): error TS17004: Cannot use JSX unless the '--jsx' flag is provided.
src/modules/study-methods/pages/PomodoroExecutionView.tsx(601,15): error TS17004: Cannot use JSX unless the '--jsx' flag is provided.
src/modules/study-methods/pages/PomodoroExecutionView.tsx(602,20): error TS17004: Cannot use JSX unless the '--jsx' flag is provided.
src/modules/study-methods/pages/PomodoroExecutionView.tsx(609,13): error TS17004: Cannot use JSX unless the '--jsx' flag is provided.
src/modules/study-methods/pages/PomodoroExecutionView.tsx(610,15): error TS17004: Cannot use JSX unless the '--jsx' flag is provided.
src/modules/study-methods/pages/PomodoroExecutionView.tsx(611,20): error TS17004: Cannot use JSX unless the '--jsx' flag is provided.
src/modules/study-methods/pages/PomodoroExecutionView.tsx(619,13): error TS17004: Cannot use JSX unless the '--jsx' flag is provided.
src/modules/study-methods/pages/PomodoroExecutionView.tsx(628,9): error TS17004: Cannot use JSX unless the '--jsx' flag is provided.
src/modules/study-methods/pages/PomodoroExecutionView.tsx(630,13): error TS17004: Cannot use JSX unless the '--jsx' flag is provided.
src/modules/study-methods/pages/PomodoroExecutionView.tsx(644,33): error TS2812: Property 'style' does not exist on type 'EventTarget & HTMLButtonElement'. Try changing the 'lib' compiler option to include 'dom'.
src/modules/study-methods/pages/PomodoroExecutionView.tsx(647,33): error TS2812: Property 'style' does not exist on type 'EventTarget & HTMLButtonElement'. Try changing the 'lib' compiler option to include 'dom'.
src/modules/study-methods/pages/PomodoroExecutionView.tsx(655,13): error TS17004: Cannot use JSX unless the '--jsx' flag is provided.
src/modules/study-methods/pages/PomodoroExecutionView.tsx(656,15): error TS17004: Cannot use JSX unless the '--jsx' flag is provided.
src/modules/study-methods/pages/PomodoroExecutionView.tsx(664,17): error TS17004: Cannot use JSX unless the '--jsx' flag is provided.
src/modules/study-methods/pages/PomodoroExecutionView.tsx(665,17): error TS17004: Cannot use JSX unless the '--jsx' flag is provided.
src/modules/study-methods/pages/PomodoroExecutionView.tsx(667,15): error TS17004: Cannot use JSX unless the '--jsx' flag is provided.
src/modules/study-methods/pages/PomodoroExecutionView.tsx(676,17): error TS17004: Cannot use JSX unless the '--jsx' flag is provided.
src/modules/study-methods/pages/PomodoroExecutionView.tsx(678,15): error TS17004: Cannot use JSX unless the '--jsx' flag is provided.
src/modules/study-methods/pages/PomodoroExecutionView.tsx(687,17): error TS17004: Cannot use JSX unless the '--jsx' flag is provided.
src/modules/study-methods/pages/PomodoroExecutionView.tsx(688,17): error TS17004: Cannot use JSX unless the '--jsx' flag is provided.
src/modules/study-methods/pages/PomodoroExecutionView.tsx(694,13): error TS17004: Cannot use JSX unless the '--jsx' flag is provided.
src/modules/study-methods/pages/PomodoroExecutionView.tsx(695,15): error TS17004: Cannot use JSX unless the '--jsx' flag is provided.
src/modules/study-methods/pages/PomodoroExecutionView.tsx(703,17): error TS17004: Cannot use JSX unless the '--jsx' flag is provided.
src/modules/study-methods/pages/PomodoroExecutionView.tsx(704,17): error TS17004: Cannot use JSX unless the '--jsx' flag is provided.
src/modules/study-methods/pages/PomodoroExecutionView.tsx(706,15): error TS17004: Cannot use JSX unless the '--jsx' flag is provided.
src/modules/study-methods/pages/PomodoroExecutionView.tsx(715,17): error TS17004: Cannot use JSX unless the '--jsx' flag is provided.
src/modules/study-methods/pages/PomodoroExecutionView.tsx(717,15): error TS17004: Cannot use JSX unless the '--jsx' flag is provided.
src/modules/study-methods/pages/PomodoroExecutionView.tsx(726,17): error TS17004: Cannot use JSX unless the '--jsx' flag is provided.
src/modules/study-methods/pages/PomodoroExecutionView.tsx(727,17): error TS17004: Cannot use JSX unless the '--jsx' flag is provided.
src/modules/study-methods/pages/PomodoroExecutionView.tsx(735,7): error TS17004: Cannot use JSX unless the '--jsx' flag is provided.
src/modules/study-methods/pages/PomodoroIntroView.tsx(47,23): error TS2304: Cannot find name 'localStorage'.
src/modules/study-methods/pages/PomodoroIntroView.tsx(53,32): error TS2304: Cannot find name 'fetch'.
src/modules/study-methods/pages/PomodoroIntroView.tsx(62,13): error TS2304: Cannot find name 'localStorage'.
src/modules/study-methods/pages/PomodoroIntroView.tsx(86,25): error TS2304: Cannot find name 'localStorage'.
src/modules/study-methods/pages/PomodoroIntroView.tsx(92,9): error TS2584: Cannot find name 'console'. Do you need to change your target library? Try changing the 'lib' compiler option to include 'dom'.
src/modules/study-methods/pages/PomodoroIntroView.tsx(99,7): error TS17004: Cannot use JSX unless the '--jsx' flag is provided.
src/modules/study-methods/pages/PomodoroIntroView.tsx(101,9): error TS17004: Cannot use JSX unless the '--jsx' flag is provided.
src/modules/study-methods/pages/PomodoroIntroView.tsx(102,11): error TS17004: Cannot use JSX unless the '--jsx' flag is provided.
src/modules/study-methods/pages/PomodoroIntroView.tsx(103,11): error TS17004: Cannot use JSX unless the '--jsx' flag is provided.
src/modules/study-methods/pages/PomodoroIntroView.tsx(104,11): error TS17004: Cannot use JSX unless the '--jsx' flag is provided.
src/modules/study-methods/pages/PomodoroIntroView.tsx(107,9): error TS17004: Cannot use JSX unless the '--jsx' flag is provided.
src/modules/study-methods/pages/PomodoroIntroView.tsx(108,11): error TS17004: Cannot use JSX unless the '--jsx' flag is provided.
src/modules/study-methods/pages/PomodoroIntroView.tsx(109,13): error TS17004: Cannot use JSX unless the '--jsx' flag is provided.
src/modules/study-methods/pages/PomodoroIntroView.tsx(110,15): error TS17004: Cannot use JSX unless the '--jsx' flag is provided.
src/modules/study-methods/pages/PomodoroIntroView.tsx(113,13): error TS17004: Cannot use JSX unless the '--jsx' flag is provided.
src/modules/study-methods/pages/PomodoroIntroView.tsx(114,13): error TS17004: Cannot use JSX unless the '--jsx' flag is provided.
src/modules/study-methods/pages/PomodoroIntroView.tsx(123,7): error TS17004: Cannot use JSX unless the '--jsx' flag is provided.
src/modules/study-methods/pages/PomodoroIntroView.tsx(125,9): error TS17004: Cannot use JSX unless the '--jsx' flag is provided.
src/modules/study-methods/pages/PomodoroIntroView.tsx(126,11): error TS17004: Cannot use JSX unless the '--jsx' flag is provided.
src/modules/study-methods/pages/PomodoroIntroView.tsx(127,11): error TS17004: Cannot use JSX unless the '--jsx' flag is provided.
src/modules/study-methods/pages/PomodoroIntroView.tsx(130,9): error TS17004: Cannot use JSX unless the '--jsx' flag is provided.
src/modules/study-methods/pages/PomodoroIntroView.tsx(131,11): error TS17004: Cannot use JSX unless the '--jsx' flag is provided.
src/modules/study-methods/pages/PomodoroIntroView.tsx(132,13): error TS17004: Cannot use JSX unless the '--jsx' flag is provided.
src/modules/study-methods/pages/PomodoroIntroView.tsx(133,15): error TS17004: Cannot use JSX unless the '--jsx' flag is provided.
src/modules/study-methods/pages/PomodoroIntroView.tsx(134,17): error TS17004: Cannot use JSX unless the '--jsx' flag is provided.
src/modules/study-methods/pages/PomodoroIntroView.tsx(136,15): error TS17004: Cannot use JSX unless the '--jsx' flag is provided.
src/modules/study-methods/pages/PomodoroIntroView.tsx(137,17): error TS17004: Cannot use JSX unless the '--jsx' flag is provided.
src/modules/study-methods/pages/PomodoroIntroView.tsx(140,13): error TS17004: Cannot use JSX unless the '--jsx' flag is provided.
src/modules/study-methods/pages/PomodoroIntroView.tsx(141,13): error TS17004: Cannot use JSX unless the '--jsx' flag is provided.
src/modules/study-methods/pages/PomodoroIntroView.tsx(142,13): error TS17004: Cannot use JSX unless the '--jsx' flag is provided.
src/modules/study-methods/pages/PomodoroIntroView.tsx(146,15): error TS17004: Cannot use JSX unless the '--jsx' flag is provided.
src/modules/study-methods/pages/PomodoroIntroView.tsx(147,17): error TS17004: Cannot use JSX unless the '--jsx' flag is provided.
src/modules/study-methods/pages/PomodoroIntroView.tsx(167,5): error TS2304: Cannot find name 'localStorage'.
src/modules/study-methods/pages/PomodoroIntroView.tsx(178,5): error TS2304: Cannot find name 'localStorage'.
src/modules/study-methods/pages/PomodoroIntroView.tsx(185,5): error TS17004: Cannot use JSX unless the '--jsx' flag is provided.
src/modules/study-methods/pages/PomodoroIntroView.tsx(187,7): error TS17004: Cannot use JSX unless the '--jsx' flag is provided.
src/modules/study-methods/pages/PomodoroIntroView.tsx(188,9): error TS17004: Cannot use JSX unless the '--jsx' flag is provided.
src/modules/study-methods/pages/PomodoroIntroView.tsx(189,9): error TS17004: Cannot use JSX unless the '--jsx' flag is provided.
src/modules/study-methods/pages/PomodoroIntroView.tsx(190,9): error TS17004: Cannot use JSX unless the '--jsx' flag is provided.
src/modules/study-methods/pages/PomodoroIntroView.tsx(194,7): error TS17004: Cannot use JSX unless the '--jsx' flag is provided.
src/modules/study-methods/pages/PomodoroIntroView.tsx(195,9): error TS17004: Cannot use JSX unless the '--jsx' flag is provided.
src/modules/study-methods/pages/PomodoroIntroView.tsx(200,11): error TS17004: Cannot use JSX unless the '--jsx' flag is provided.
src/modules/study-methods/pages/PomodoroIntroView.tsx(206,13): error TS17004: Cannot use JSX unless the '--jsx' flag is provided.
src/modules/study-methods/pages/PomodoroIntroView.tsx(214,9): error TS17004: Cannot use JSX unless the '--jsx' flag is provided.
src/modules/study-methods/pages/PomodoroIntroView.tsx(215,11): error TS17004: Cannot use JSX unless the '--jsx' flag is provided.
src/modules/study-methods/pages/PomodoroIntroView.tsx(219,9): error TS17004: Cannot use JSX unless the '--jsx' flag is provided.
src/modules/study-methods/pages/PomodoroIntroView.tsx(223,7): error TS17004: Cannot use JSX unless the '--jsx' flag is provided.
src/modules/study-methods/pages/PomodoroIntroView.tsx(225,9): error TS17004: Cannot use JSX unless the '--jsx' flag is provided.
src/modules/study-methods/pages/PomodoroIntroView.tsx(227,11): error TS17004: Cannot use JSX unless the '--jsx' flag is provided.
src/modules/study-methods/pages/PomodoroIntroView.tsx(229,11): error TS17004: Cannot use JSX unless the '--jsx' flag is provided.
src/modules/study-methods/pages/PomodoroIntroView.tsx(230,13): error TS17004: Cannot use JSX unless the '--jsx' flag is provided.
src/modules/study-methods/pages/PomodoroIntroView.tsx(231,15): error TS17004: Cannot use JSX unless the '--jsx' flag is provided.
src/modules/study-methods/pages/PomodoroIntroView.tsx(232,15): error TS17004: Cannot use JSX unless the '--jsx' flag is provided.
src/modules/study-methods/pages/PomodoroIntroView.tsx(235,13): error TS17004: Cannot use JSX unless the '--jsx' flag is provided.
src/modules/study-methods/pages/PomodoroIntroView.tsx(237,17): error TS17004: Cannot use JSX unless the '--jsx' flag is provided.
src/modules/study-methods/pages/PomodoroIntroView.tsx(239,21): error TS17004: Cannot use JSX unless the '--jsx' flag is provided.
src/modules/study-methods/pages/PomodoroIntroView.tsx(241,19): error TS17004: Cannot use JSX unless the '--jsx' flag is provided.
src/modules/study-methods/pages/PomodoroIntroView.tsx(242,21): error TS17004: Cannot use JSX unless the '--jsx' flag is provided.
src/modules/study-methods/pages/PomodoroIntroView.tsx(249,32): error TS2812: Property 'style' does not exist on type 'HTMLImageElement'. Try changing the 'lib' compiler option to include 'dom'.
src/modules/study-methods/pages/PomodoroIntroView.tsx(250,47): error TS2812: Property 'parentElement' does not exist on type 'HTMLImageElement'. Try changing the 'lib' compiler option to include 'dom'.
src/modules/study-methods/pages/PomodoroIntroView.tsx(252,41): error TS2584: Cannot find name 'document'. Do you need to change your target library? Try changing the 'lib' compiler option to include 'dom'.
src/modules/study-methods/pages/PomodoroIntroView.tsx(262,17): error TS17004: Cannot use JSX unless the '--jsx' flag is provided.
src/modules/study-methods/pages/PomodoroIntroView.tsx(263,19): error TS17004: Cannot use JSX unless the '--jsx' flag is provided.
src/modules/study-methods/pages/PomodoroIntroView.tsx(268,13): error TS17004: Cannot use JSX unless the '--jsx' flag is provided.
src/modules/study-methods/pages/PomodoroIntroView.tsx(272,13): error TS17004: Cannot use JSX unless the '--jsx' flag is provided.
src/modules/study-methods/pages/PomodoroIntroView.tsx(276,13): error TS17004: Cannot use JSX unless the '--jsx' flag is provided.
src/modules/study-methods/pages/PomodoroIntroView.tsx(277,15): error TS17004: Cannot use JSX unless the '--jsx' flag is provided.
src/modules/study-methods/pages/PomodoroIntroView.tsx(278,17): error TS17004: Cannot use JSX unless the '--jsx' flag is provided.
src/modules/study-methods/pages/PomodoroIntroView.tsx(281,15): error TS17004: Cannot use JSX unless the '--jsx' flag is provided.
src/modules/study-methods/pages/PomodoroIntroView.tsx(282,17): error TS17004: Cannot use JSX unless the '--jsx' flag is provided.
src/modules/study-methods/pages/PomodoroIntroView.tsx(285,15): error TS17004: Cannot use JSX unless the '--jsx' flag is provided.
src/modules/study-methods/pages/PomodoroIntroView.tsx(286,17): error TS17004: Cannot use JSX unless the '--jsx' flag is provided.
src/modules/study-methods/pages/PomodoroIntroView.tsx(294,9): error TS17004: Cannot use JSX unless the '--jsx' flag is provided.
src/modules/study-methods/pages/PomodoroIntroView.tsx(295,11): error TS17004: Cannot use JSX unless the '--jsx' flag is provided.
src/modules/study-methods/pages/PomodoroIntroView.tsx(296,13): error TS17004: Cannot use JSX unless the '--jsx' flag is provided.
src/modules/study-methods/pages/PomodoroIntroView.tsx(299,13): error TS17004: Cannot use JSX unless the '--jsx' flag is provided.
src/modules/study-methods/pages/PomodoroIntroView.tsx(304,11): error TS17004: Cannot use JSX unless the '--jsx' flag is provided.
src/modules/study-methods/pages/PomodoroIntroView.tsx(305,13): error TS17004: Cannot use JSX unless the '--jsx' flag is provided.
src/modules/study-methods/pages/PomodoroIntroView.tsx(306,15): error TS17004: Cannot use JSX unless the '--jsx' flag is provided.
src/modules/study-methods/pages/PomodoroIntroView.tsx(307,17): error TS17004: Cannot use JSX unless the '--jsx' flag is provided.
src/modules/study-methods/pages/PomodoroIntroView.tsx(308,19): error TS17004: Cannot use JSX unless the '--jsx' flag is provided.
src/modules/study-methods/pages/PomodoroIntroView.tsx(310,17): error TS17004: Cannot use JSX unless the '--jsx' flag is provided.
src/modules/study-methods/pages/PomodoroIntroView.tsx(311,19): error TS17004: Cannot use JSX unless the '--jsx' flag is provided.
src/modules/study-methods/pages/PomodoroIntroView.tsx(312,21): error TS17004: Cannot use JSX unless the '--jsx' flag is provided.
src/modules/study-methods/pages/PomodoroIntroView.tsx(316,19): error TS17004: Cannot use JSX unless the '--jsx' flag is provided.
src/modules/study-methods/pages/PomodoroIntroView.tsx(324,13): error TS17004: Cannot use JSX unless the '--jsx' flag is provided.
src/modules/study-methods/pages/PomodoroIntroView.tsx(325,15): error TS17004: Cannot use JSX unless the '--jsx' flag is provided.
src/modules/study-methods/pages/PomodoroIntroView.tsx(326,17): error TS17004: Cannot use JSX unless the '--jsx' flag is provided.
src/modules/study-methods/pages/PomodoroIntroView.tsx(327,19): error TS17004: Cannot use JSX unless the '--jsx' flag is provided.
src/modules/study-methods/pages/PomodoroIntroView.tsx(329,17): error TS17004: Cannot use JSX unless the '--jsx' flag is provided.
src/modules/study-methods/pages/PomodoroIntroView.tsx(330,19): error TS17004: Cannot use JSX unless the '--jsx' flag is provided.
src/modules/study-methods/pages/PomodoroIntroView.tsx(331,21): error TS17004: Cannot use JSX unless the '--jsx' flag is provided.
src/modules/study-methods/pages/PomodoroIntroView.tsx(335,19): error TS17004: Cannot use JSX unless the '--jsx' flag is provided.
src/modules/study-methods/pages/PomodoroIntroView.tsx(343,13): error TS17004: Cannot use JSX unless the '--jsx' flag is provided.
src/modules/study-methods/pages/PomodoroIntroView.tsx(344,15): error TS17004: Cannot use JSX unless the '--jsx' flag is provided.
src/modules/study-methods/pages/PomodoroIntroView.tsx(345,17): error TS17004: Cannot use JSX unless the '--jsx' flag is provided.
src/modules/study-methods/pages/PomodoroIntroView.tsx(346,19): error TS17004: Cannot use JSX unless the '--jsx' flag is provided.
src/modules/study-methods/pages/PomodoroIntroView.tsx(348,17): error TS17004: Cannot use JSX unless the '--jsx' flag is provided.
src/modules/study-methods/pages/PomodoroIntroView.tsx(349,19): error TS17004: Cannot use JSX unless the '--jsx' flag is provided.
src/modules/study-methods/pages/PomodoroIntroView.tsx(350,21): error TS17004: Cannot use JSX unless the '--jsx' flag is provided.
src/modules/study-methods/pages/PomodoroIntroView.tsx(354,19): error TS17004: Cannot use JSX unless the '--jsx' flag is provided.
src/modules/study-methods/pages/PomodoroIntroView.tsx(366,11): error TS17004: Cannot use JSX unless the '--jsx' flag is provided.
src/modules/study-methods/pages/PomodoroIntroView.tsx(367,13): error TS17004: Cannot use JSX unless the '--jsx' flag is provided.
src/modules/study-methods/pages/PomodoroIntroView.tsx(368,15): error TS17004: Cannot use JSX unless the '--jsx' flag is provided.
src/modules/study-methods/pages/PomodoroIntroView.tsx(371,15): error TS17004: Cannot use JSX unless the '--jsx' flag is provided.
src/modules/study-methods/pages/PomodoroIntroView.tsx(376,13): error TS17004: Cannot use JSX unless the '--jsx' flag is provided.
src/modules/study-methods/pages/PomodoroIntroView.tsx(378,17): error TS17004: Cannot use JSX unless the '--jsx' flag is provided.
src/modules/study-methods/pages/PomodoroIntroView.tsx(383,19): error TS17004: Cannot use JSX unless the '--jsx' flag is provided.
src/modules/study-methods/pages/PomodoroIntroView.tsx(384,21): error TS17004: Cannot use JSX unless the '--jsx' flag is provided.
src/modules/study-methods/pages/PomodoroIntroView.tsx(385,23): error TS17004: Cannot use JSX unless the '--jsx' flag is provided.
src/modules/study-methods/pages/PomodoroIntroView.tsx(387,21): error TS17004: Cannot use JSX unless the '--jsx' flag is provided.
src/modules/study-methods/pages/PomodoroIntroView.tsx(398,9): error TS17004: Cannot use JSX unless the '--jsx' flag is provided.
src/modules/study-methods/pages/PomodoroIntroView.tsx(399,11): error TS17004: Cannot use JSX unless the '--jsx' flag is provided.
src/modules/study-methods/pages/PomodoroIntroView.tsx(400,13): error TS17004: Cannot use JSX unless the '--jsx' flag is provided.
src/modules/study-methods/pages/PomodoroIntroView.tsx(404,15): error TS17004: Cannot use JSX unless the '--jsx' flag is provided.
src/modules/study-methods/pages/PomodoroIntroView.tsx(407,13): error TS17004: Cannot use JSX unless the '--jsx' flag is provided.
src/modules/study-methods/pages/PomodoroIntroView.tsx(414,15): error TS17004: Cannot use JSX unless the '--jsx' flag is provided.
src/modules/study-methods/pages/PomodoroIntroView.tsx(415,15): error TS17004: Cannot use JSX unless the '--jsx' flag is provided.
src/modules/study-methods/pages/PomodoroIntroView.tsx(416,17): error TS17004: Cannot use JSX unless the '--jsx' flag is provided.
src/modules/study-methods/pages/PomodoroIntroView.tsx(425,9): error TS17004: Cannot use JSX unless the '--jsx' flag is provided.
src/modules/study-methods/pages/PomodoroIntroView.tsx(426,11): error TS17004: Cannot use JSX unless the '--jsx' flag is provided.
src/modules/study-methods/pages/PomodoroIntroView.tsx(427,13): error TS17004: Cannot use JSX unless the '--jsx' flag is provided.
src/modules/study-methods/pages/PomodoroIntroView.tsx(428,15): error TS17004: Cannot use JSX unless the '--jsx' flag is provided.
src/modules/study-methods/pages/PomodoroIntroView.tsx(431,15): error TS17004: Cannot use JSX unless the '--jsx' flag is provided.
src/modules/study-methods/pages/PomodoroIntroView.tsx(435,17): error TS17004: Cannot use JSX unless the '--jsx' flag is provided.
src/modules/study-methods/pages/PomodoroIntroView.tsx(436,19): error TS17004: Cannot use JSX unless the '--jsx' flag is provided.
src/modules/study-methods/pages/PomodoroIntroView.tsx(441,13): error TS17004: Cannot use JSX unless the '--jsx' flag is provided.
src/modules/study-methods/pages/PomodoroIntroView.tsx(442,15): error TS17004: Cannot use JSX unless the '--jsx' flag is provided.
src/modules/study-methods/pages/PomodoroIntroView.tsx(443,17): error TS17004: Cannot use JSX unless the '--jsx' flag is provided.
src/modules/study-methods/pages/PomodoroIntroView.tsx(446,17): error TS17004: Cannot use JSX unless the '--jsx' flag is provided.
src/modules/study-methods/pages/PomodoroIntroView.tsx(451,85): error TS2812: Property 'value' does not exist on type 'EventTarget & HTMLInputElement'. Try changing the 'lib' compiler option to include 'dom'.
src/modules/study-methods/pages/PomodoroIntroView.tsx(456,15): error TS17004: Cannot use JSX unless the '--jsx' flag is provided.
src/modules/study-methods/pages/PomodoroIntroView.tsx(457,17): error TS17004: Cannot use JSX unless the '--jsx' flag is provided.
src/modules/study-methods/pages/PomodoroIntroView.tsx(460,17): error TS17004: Cannot use JSX unless the '--jsx' flag is provided.
src/modules/study-methods/pages/PomodoroIntroView.tsx(465,86): error TS2812: Property 'value' does not exist on type 'EventTarget & HTMLInputElement'. Try changing the 'lib' compiler option to include 'dom'.
src/modules/study-methods/pages/PomodoroIntroView.tsx(471,13): error TS17004: Cannot use JSX unless the '--jsx' flag is provided.
src/modules/study-methods/pages/PomodoroIntroView.tsx(472,15): error TS17004: Cannot use JSX unless the '--jsx' flag is provided.
src/modules/study-methods/pages/PomodoroIntroView.tsx(478,15): error TS17004: Cannot use JSX unless the '--jsx' flag is provided.
src/modules/study-methods/pages/SpacedRepetitionIntroView.tsx(35,23): error TS2304: Cannot find name 'localStorage'.
src/modules/study-methods/pages/SpacedRepetitionIntroView.tsx(41,32): error TS2304: Cannot find name 'fetch'.
src/modules/study-methods/pages/SpacedRepetitionIntroView.tsx(50,13): error TS2304: Cannot find name 'localStorage'.
src/modules/study-methods/pages/SpacedRepetitionIntroView.tsx(74,7): error TS17004: Cannot use JSX unless the '--jsx' flag is provided.
src/modules/study-methods/pages/SpacedRepetitionIntroView.tsx(76,9): error TS17004: Cannot use JSX unless the '--jsx' flag is provided.
src/modules/study-methods/pages/SpacedRepetitionIntroView.tsx(77,11): error TS17004: Cannot use JSX unless the '--jsx' flag is provided.
src/modules/study-methods/pages/SpacedRepetitionIntroView.tsx(78,11): error TS17004: Cannot use JSX unless the '--jsx' flag is provided.
src/modules/study-methods/pages/SpacedRepetitionIntroView.tsx(79,11): error TS17004: Cannot use JSX unless the '--jsx' flag is provided.
src/modules/study-methods/pages/SpacedRepetitionIntroView.tsx(82,9): error TS17004: Cannot use JSX unless the '--jsx' flag is provided.
src/modules/study-methods/pages/SpacedRepetitionIntroView.tsx(83,11): error TS17004: Cannot use JSX unless the '--jsx' flag is provided.
src/modules/study-methods/pages/SpacedRepetitionIntroView.tsx(84,13): error TS17004: Cannot use JSX unless the '--jsx' flag is provided.
src/modules/study-methods/pages/SpacedRepetitionIntroView.tsx(85,15): error TS17004: Cannot use JSX unless the '--jsx' flag is provided.
src/modules/study-methods/pages/SpacedRepetitionIntroView.tsx(87,13): error TS17004: Cannot use JSX unless the '--jsx' flag is provided.
src/modules/study-methods/pages/SpacedRepetitionIntroView.tsx(88,13): error TS17004: Cannot use JSX unless the '--jsx' flag is provided.
src/modules/study-methods/pages/SpacedRepetitionIntroView.tsx(97,7): error TS17004: Cannot use JSX unless the '--jsx' flag is provided.
src/modules/study-methods/pages/SpacedRepetitionIntroView.tsx(99,9): error TS17004: Cannot use JSX unless the '--jsx' flag is provided.
src/modules/study-methods/pages/SpacedRepetitionIntroView.tsx(100,11): error TS17004: Cannot use JSX unless the '--jsx' flag is provided.
src/modules/study-methods/pages/SpacedRepetitionIntroView.tsx(101,11): error TS17004: Cannot use JSX unless the '--jsx' flag is provided.
src/modules/study-methods/pages/SpacedRepetitionIntroView.tsx(104,9): error TS17004: Cannot use JSX unless the '--jsx' flag is provided.
src/modules/study-methods/pages/SpacedRepetitionIntroView.tsx(105,11): error TS17004: Cannot use JSX unless the '--jsx' flag is provided.
src/modules/study-methods/pages/SpacedRepetitionIntroView.tsx(106,13): error TS17004: Cannot use JSX unless the '--jsx' flag is provided.
src/modules/study-methods/pages/SpacedRepetitionIntroView.tsx(107,15): error TS17004: Cannot use JSX unless the '--jsx' flag is provided.
src/modules/study-methods/pages/SpacedRepetitionIntroView.tsx(108,17): error TS17004: Cannot use JSX unless the '--jsx' flag is provided.
src/modules/study-methods/pages/SpacedRepetitionIntroView.tsx(110,15): error TS17004: Cannot use JSX unless the '--jsx' flag is provided.
src/modules/study-methods/pages/SpacedRepetitionIntroView.tsx(111,17): error TS17004: Cannot use JSX unless the '--jsx' flag is provided.
src/modules/study-methods/pages/SpacedRepetitionIntroView.tsx(114,13): error TS17004: Cannot use JSX unless the '--jsx' flag is provided.
src/modules/study-methods/pages/SpacedRepetitionIntroView.tsx(115,13): error TS17004: Cannot use JSX unless the '--jsx' flag is provided.
src/modules/study-methods/pages/SpacedRepetitionIntroView.tsx(116,13): error TS17004: Cannot use JSX unless the '--jsx' flag is provided.
src/modules/study-methods/pages/SpacedRepetitionIntroView.tsx(120,15): error TS17004: Cannot use JSX unless the '--jsx' flag is provided.
src/modules/study-methods/pages/SpacedRepetitionIntroView.tsx(121,17): error TS17004: Cannot use JSX unless the '--jsx' flag is provided.
src/modules/study-methods/pages/SpacedRepetitionIntroView.tsx(142,5): error TS17004: Cannot use JSX unless the '--jsx' flag is provided.
src/modules/study-methods/pages/SpacedRepetitionIntroView.tsx(144,7): error TS17004: Cannot use JSX unless the '--jsx' flag is provided.
src/modules/study-methods/pages/SpacedRepetitionIntroView.tsx(145,9): error TS17004: Cannot use JSX unless the '--jsx' flag is provided.
src/modules/study-methods/pages/SpacedRepetitionIntroView.tsx(146,9): error TS17004: Cannot use JSX unless the '--jsx' flag is provided.
src/modules/study-methods/pages/SpacedRepetitionIntroView.tsx(147,9): error TS17004: Cannot use JSX unless the '--jsx' flag is provided.
src/modules/study-methods/pages/SpacedRepetitionIntroView.tsx(151,7): error TS17004: Cannot use JSX unless the '--jsx' flag is provided.
src/modules/study-methods/pages/SpacedRepetitionIntroView.tsx(152,9): error TS17004: Cannot use JSX unless the '--jsx' flag is provided.
src/modules/study-methods/pages/SpacedRepetitionIntroView.tsx(157,11): error TS17004: Cannot use JSX unless the '--jsx' flag is provided.
src/modules/study-methods/pages/SpacedRepetitionIntroView.tsx(163,13): error TS17004: Cannot use JSX unless the '--jsx' flag is provided.
src/modules/study-methods/pages/SpacedRepetitionIntroView.tsx(171,9): error TS17004: Cannot use JSX unless the '--jsx' flag is provided.
src/modules/study-methods/pages/SpacedRepetitionIntroView.tsx(172,11): error TS17004: Cannot use JSX unless the '--jsx' flag is provided.
src/modules/study-methods/pages/SpacedRepetitionIntroView.tsx(176,9): error TS17004: Cannot use JSX unless the '--jsx' flag is provided.
src/modules/study-methods/pages/SpacedRepetitionIntroView.tsx(180,7): error TS17004: Cannot use JSX unless the '--jsx' flag is provided.
src/modules/study-methods/pages/SpacedRepetitionIntroView.tsx(182,9): error TS17004: Cannot use JSX unless the '--jsx' flag is provided.
src/modules/study-methods/pages/SpacedRepetitionIntroView.tsx(184,11): error TS17004: Cannot use JSX unless the '--jsx' flag is provided.
src/modules/study-methods/pages/SpacedRepetitionIntroView.tsx(186,11): error TS17004: Cannot use JSX unless the '--jsx' flag is provided.
src/modules/study-methods/pages/SpacedRepetitionIntroView.tsx(187,13): error TS17004: Cannot use JSX unless the '--jsx' flag is provided.
src/modules/study-methods/pages/SpacedRepetitionIntroView.tsx(188,15): error TS17004: Cannot use JSX unless the '--jsx' flag is provided.
src/modules/study-methods/pages/SpacedRepetitionIntroView.tsx(189,15): error TS17004: Cannot use JSX unless the '--jsx' flag is provided.
src/modules/study-methods/pages/SpacedRepetitionIntroView.tsx(192,13): error TS17004: Cannot use JSX unless the '--jsx' flag is provided.
src/modules/study-methods/pages/SpacedRepetitionIntroView.tsx(194,17): error TS17004: Cannot use JSX unless the '--jsx' flag is provided.
src/modules/study-methods/pages/SpacedRepetitionIntroView.tsx(196,21): error TS17004: Cannot use JSX unless the '--jsx' flag is provided.
src/modules/study-methods/pages/SpacedRepetitionIntroView.tsx(198,19): error TS17004: Cannot use JSX unless the '--jsx' flag is provided.
src/modules/study-methods/pages/SpacedRepetitionIntroView.tsx(199,21): error TS17004: Cannot use JSX unless the '--jsx' flag is provided.
src/modules/study-methods/pages/SpacedRepetitionIntroView.tsx(206,32): error TS2812: Property 'style' does not exist on type 'HTMLImageElement'. Try changing the 'lib' compiler option to include 'dom'.
src/modules/study-methods/pages/SpacedRepetitionIntroView.tsx(207,47): error TS2812: Property 'parentElement' does not exist on type 'HTMLImageElement'. Try changing the 'lib' compiler option to include 'dom'.
src/modules/study-methods/pages/SpacedRepetitionIntroView.tsx(209,41): error TS2584: Cannot find name 'document'. Do you need to change your target library? Try changing the 'lib' compiler option to include 'dom'.
src/modules/study-methods/pages/SpacedRepetitionIntroView.tsx(219,17): error TS17004: Cannot use JSX unless the '--jsx' flag is provided.
src/modules/study-methods/pages/SpacedRepetitionIntroView.tsx(220,19): error TS17004: Cannot use JSX unless the '--jsx' flag is provided.
src/modules/study-methods/pages/SpacedRepetitionIntroView.tsx(225,13): error TS17004: Cannot use JSX unless the '--jsx' flag is provided.
src/modules/study-methods/pages/SpacedRepetitionIntroView.tsx(229,13): error TS17004: Cannot use JSX unless the '--jsx' flag is provided.
src/modules/study-methods/pages/SpacedRepetitionIntroView.tsx(234,13): error TS17004: Cannot use JSX unless the '--jsx' flag is provided.
src/modules/study-methods/pages/SpacedRepetitionIntroView.tsx(235,15): error TS17004: Cannot use JSX unless the '--jsx' flag is provided.
src/modules/study-methods/pages/SpacedRepetitionIntroView.tsx(236,17): error TS17004: Cannot use JSX unless the '--jsx' flag is provided.
src/modules/study-methods/pages/SpacedRepetitionIntroView.tsx(239,15): error TS17004: Cannot use JSX unless the '--jsx' flag is provided.
src/modules/study-methods/pages/SpacedRepetitionIntroView.tsx(240,17): error TS17004: Cannot use JSX unless the '--jsx' flag is provided.
src/modules/study-methods/pages/SpacedRepetitionIntroView.tsx(243,15): error TS17004: Cannot use JSX unless the '--jsx' flag is provided.
src/modules/study-methods/pages/SpacedRepetitionIntroView.tsx(244,17): error TS17004: Cannot use JSX unless the '--jsx' flag is provided.
src/modules/study-methods/pages/SpacedRepetitionIntroView.tsx(252,9): error TS17004: Cannot use JSX unless the '--jsx' flag is provided.
src/modules/study-methods/pages/SpacedRepetitionIntroView.tsx(253,11): error TS17004: Cannot use JSX unless the '--jsx' flag is provided.
src/modules/study-methods/pages/SpacedRepetitionIntroView.tsx(254,13): error TS17004: Cannot use JSX unless the '--jsx' flag is provided.
src/modules/study-methods/pages/SpacedRepetitionIntroView.tsx(257,13): error TS17004: Cannot use JSX unless the '--jsx' flag is provided.
src/modules/study-methods/pages/SpacedRepetitionIntroView.tsx(262,11): error TS17004: Cannot use JSX unless the '--jsx' flag is provided.
src/modules/study-methods/pages/SpacedRepetitionIntroView.tsx(263,13): error TS17004: Cannot use JSX unless the '--jsx' flag is provided.
src/modules/study-methods/pages/SpacedRepetitionIntroView.tsx(264,15): error TS17004: Cannot use JSX unless the '--jsx' flag is provided.
src/modules/study-methods/pages/SpacedRepetitionIntroView.tsx(265,17): error TS17004: Cannot use JSX unless the '--jsx' flag is provided.
src/modules/study-methods/pages/SpacedRepetitionIntroView.tsx(266,19): error TS17004: Cannot use JSX unless the '--jsx' flag is provided.
src/modules/study-methods/pages/SpacedRepetitionIntroView.tsx(268,17): error TS17004: Cannot use JSX unless the '--jsx' flag is provided.
src/modules/study-methods/pages/SpacedRepetitionIntroView.tsx(269,19): error TS17004: Cannot use JSX unless the '--jsx' flag is provided.
src/modules/study-methods/pages/SpacedRepetitionIntroView.tsx(270,21): error TS17004: Cannot use JSX unless the '--jsx' flag is provided.
src/modules/study-methods/pages/SpacedRepetitionIntroView.tsx(274,19): error TS17004: Cannot use JSX unless the '--jsx' flag is provided.
src/modules/study-methods/pages/SpacedRepetitionIntroView.tsx(282,13): error TS17004: Cannot use JSX unless the '--jsx' flag is provided.
src/modules/study-methods/pages/SpacedRepetitionIntroView.tsx(283,15): error TS17004: Cannot use JSX unless the '--jsx' flag is provided.
src/modules/study-methods/pages/SpacedRepetitionIntroView.tsx(284,17): error TS17004: Cannot use JSX unless the '--jsx' flag is provided.
src/modules/study-methods/pages/SpacedRepetitionIntroView.tsx(285,19): error TS17004: Cannot use JSX unless the '--jsx' flag is provided.
src/modules/study-methods/pages/SpacedRepetitionIntroView.tsx(287,17): error TS17004: Cannot use JSX unless the '--jsx' flag is provided.
src/modules/study-methods/pages/SpacedRepetitionIntroView.tsx(288,19): error TS17004: Cannot use JSX unless the '--jsx' flag is provided.
src/modules/study-methods/pages/SpacedRepetitionIntroView.tsx(289,21): error TS17004: Cannot use JSX unless the '--jsx' flag is provided.
src/modules/study-methods/pages/SpacedRepetitionIntroView.tsx(293,19): error TS17004: Cannot use JSX unless the '--jsx' flag is provided.
src/modules/study-methods/pages/SpacedRepetitionIntroView.tsx(301,13): error TS17004: Cannot use JSX unless the '--jsx' flag is provided.
src/modules/study-methods/pages/SpacedRepetitionIntroView.tsx(302,15): error TS17004: Cannot use JSX unless the '--jsx' flag is provided.
src/modules/study-methods/pages/SpacedRepetitionIntroView.tsx(303,17): error TS17004: Cannot use JSX unless the '--jsx' flag is provided.
src/modules/study-methods/pages/SpacedRepetitionIntroView.tsx(304,19): error TS17004: Cannot use JSX unless the '--jsx' flag is provided.
src/modules/study-methods/pages/SpacedRepetitionIntroView.tsx(306,17): error TS17004: Cannot use JSX unless the '--jsx' flag is provided.
src/modules/study-methods/pages/SpacedRepetitionIntroView.tsx(307,19): error TS17004: Cannot use JSX unless the '--jsx' flag is provided.
src/modules/study-methods/pages/SpacedRepetitionIntroView.tsx(308,21): error TS17004: Cannot use JSX unless the '--jsx' flag is provided.
src/modules/study-methods/pages/SpacedRepetitionIntroView.tsx(312,19): error TS17004: Cannot use JSX unless the '--jsx' flag is provided.
src/modules/study-methods/pages/SpacedRepetitionIntroView.tsx(320,13): error TS17004: Cannot use JSX unless the '--jsx' flag is provided.
src/modules/study-methods/pages/SpacedRepetitionIntroView.tsx(321,15): error TS17004: Cannot use JSX unless the '--jsx' flag is provided.
src/modules/study-methods/pages/SpacedRepetitionIntroView.tsx(322,17): error TS17004: Cannot use JSX unless the '--jsx' flag is provided.
src/modules/study-methods/pages/SpacedRepetitionIntroView.tsx(323,19): error TS17004: Cannot use JSX unless the '--jsx' flag is provided.
src/modules/study-methods/pages/SpacedRepetitionIntroView.tsx(325,17): error TS17004: Cannot use JSX unless the '--jsx' flag is provided.
src/modules/study-methods/pages/SpacedRepetitionIntroView.tsx(326,19): error TS17004: Cannot use JSX unless the '--jsx' flag is provided.
src/modules/study-methods/pages/SpacedRepetitionIntroView.tsx(327,21): error TS17004: Cannot use JSX unless the '--jsx' flag is provided.
src/modules/study-methods/pages/SpacedRepetitionIntroView.tsx(331,19): error TS17004: Cannot use JSX unless the '--jsx' flag is provided.
src/modules/study-methods/pages/SpacedRepetitionIntroView.tsx(343,11): error TS17004: Cannot use JSX unless the '--jsx' flag is provided.
src/modules/study-methods/pages/SpacedRepetitionIntroView.tsx(344,13): error TS17004: Cannot use JSX unless the '--jsx' flag is provided.
src/modules/study-methods/pages/SpacedRepetitionIntroView.tsx(345,15): error TS17004: Cannot use JSX unless the '--jsx' flag is provided.
src/modules/study-methods/pages/SpacedRepetitionIntroView.tsx(348,15): error TS17004: Cannot use JSX unless the '--jsx' flag is provided.
src/modules/study-methods/pages/SpacedRepetitionIntroView.tsx(353,13): error TS17004: Cannot use JSX unless the '--jsx' flag is provided.
src/modules/study-methods/pages/SpacedRepetitionIntroView.tsx(355,17): error TS17004: Cannot use JSX unless the '--jsx' flag is provided.
src/modules/study-methods/pages/SpacedRepetitionIntroView.tsx(360,19): error TS17004: Cannot use JSX unless the '--jsx' flag is provided.
src/modules/study-methods/pages/SpacedRepetitionIntroView.tsx(361,21): error TS17004: Cannot use JSX unless the '--jsx' flag is provided.
src/modules/study-methods/pages/SpacedRepetitionIntroView.tsx(362,23): error TS17004: Cannot use JSX unless the '--jsx' flag is provided.
src/modules/study-methods/pages/SpacedRepetitionIntroView.tsx(364,21): error TS17004: Cannot use JSX unless the '--jsx' flag is provided.
src/modules/study-methods/pages/SpacedRepetitionIntroView.tsx(375,9): error TS17004: Cannot use JSX unless the '--jsx' flag is provided.
src/modules/study-methods/pages/SpacedRepetitionIntroView.tsx(376,11): error TS17004: Cannot use JSX unless the '--jsx' flag is provided.
src/modules/study-methods/pages/SpacedRepetitionIntroView.tsx(383,13): error TS17004: Cannot use JSX unless the '--jsx' flag is provided.
src/modules/study-methods/pages/SpacedRepetitionIntroView.tsx(384,13): error TS17004: Cannot use JSX unless the '--jsx' flag is provided.
src/modules/study-methods/pages/SpacedRepetitionIntroView.tsx(385,15): error TS17004: Cannot use JSX unless the '--jsx' flag is provided.
src/modules/study-methods/pages/SpacedRepetitionStepsView.tsx(9,32): error TS2307: Cannot find module '../../../../shared/components/ui/ProgressCircle' or its corresponding type declarations.
src/modules/study-methods/pages/SpacedRepetitionStepsView.tsx(20,34): error TS2307: Cannot find module '../../../../shared/components/ui/FinishLaterModal' or its corresponding type declarations.
src/modules/study-methods/pages/SpacedRepetitionStepsView.tsx(130,23): error TS2304: Cannot find name 'localStorage'.
src/modules/study-methods/pages/SpacedRepetitionStepsView.tsx(136,32): error TS2304: Cannot find name 'fetch'.
src/modules/study-methods/pages/SpacedRepetitionStepsView.tsx(145,13): error TS2304: Cannot find name 'localStorage'.
src/modules/study-methods/pages/SpacedRepetitionStepsView.tsx(162,13): error TS2584: Cannot find name 'console'. Do you need to change your target library? Try changing the 'lib' compiler option to include 'dom'.
src/modules/study-methods/pages/SpacedRepetitionStepsView.tsx(199,28): error TS2304: Cannot find name 'localStorage'.
src/modules/study-methods/pages/SpacedRepetitionStepsView.tsx(200,28): error TS2304: Cannot find name 'localStorage'.
src/modules/study-methods/pages/SpacedRepetitionStepsView.tsx(201,30): error TS2304: Cannot find name 'localStorage'.
src/modules/study-methods/pages/SpacedRepetitionStepsView.tsx(205,7): error TS2584: Cannot find name 'console'. Do you need to change your target library? Try changing the 'lib' compiler option to include 'dom'.
src/modules/study-methods/pages/SpacedRepetitionStepsView.tsx(247,7): error TS2304: Cannot find name 'localStorage'.
src/modules/study-methods/pages/SpacedRepetitionStepsView.tsx(248,7): error TS2304: Cannot find name 'localStorage'.
src/modules/study-methods/pages/SpacedRepetitionStepsView.tsx(249,7): error TS2304: Cannot find name 'localStorage'.
src/modules/study-methods/pages/SpacedRepetitionStepsView.tsx(261,7): error TS2584: Cannot find name 'console'. Do you need to change your target library? Try changing the 'lib' compiler option to include 'dom'.
src/modules/study-methods/pages/SpacedRepetitionStepsView.tsx(267,7): error TS2584: Cannot find name 'console'. Do you need to change your target library? Try changing the 'lib' compiler option to include 'dom'.
src/modules/study-methods/pages/SpacedRepetitionStepsView.tsx(273,7): error TS2584: Cannot find name 'console'. Do you need to change your target library? Try changing the 'lib' compiler option to include 'dom'.
src/modules/study-methods/pages/SpacedRepetitionStepsView.tsx(278,9): error TS2584: Cannot find name 'console'. Do you need to change your target library? Try changing the 'lib' compiler option to include 'dom'.
src/modules/study-methods/pages/SpacedRepetitionStepsView.tsx(292,7): error TS2304: Cannot find name 'localStorage'.
src/modules/study-methods/pages/SpacedRepetitionStepsView.tsx(293,7): error TS2304: Cannot find name 'localStorage'.
src/modules/study-methods/pages/SpacedRepetitionStepsView.tsx(299,7): error TS2304: Cannot find name 'window'.
src/modules/study-methods/pages/SpacedRepetitionStepsView.tsx(299,32): error TS2693: 'Event' only refers to a type, but is being used as a value here.
src/modules/study-methods/pages/SpacedRepetitionStepsView.tsx(301,7): error TS2584: Cannot find name 'console'. Do you need to change your target library? Try changing the 'lib' compiler option to include 'dom'.
src/modules/study-methods/pages/SpacedRepetitionStepsView.tsx(313,7): error TS2584: Cannot find name 'console'. Do you need to change your target library? Try changing the 'lib' compiler option to include 'dom'.
src/modules/study-methods/pages/SpacedRepetitionStepsView.tsx(320,65): error TS2304: Cannot find name 'localStorage'.
src/modules/study-methods/pages/SpacedRepetitionStepsView.tsx(328,7): error TS2584: Cannot find name 'console'. Do you need to change your target library? Try changing the 'lib' compiler option to include 'dom'.
src/modules/study-methods/pages/SpacedRepetitionStepsView.tsx(333,7): error TS2584: Cannot find name 'console'. Do you need to change your target library? Try changing the 'lib' compiler option to include 'dom'.
src/modules/study-methods/pages/SpacedRepetitionStepsView.tsx(338,7): error TS2584: Cannot find name 'console'. Do you need to change your target library? Try changing the 'lib' compiler option to include 'dom'.
src/modules/study-methods/pages/SpacedRepetitionStepsView.tsx(342,9): error TS2304: Cannot find name 'localStorage'.
src/modules/study-methods/pages/SpacedRepetitionStepsView.tsx(346,7): error TS2304: Cannot find name 'window'.
src/modules/study-methods/pages/SpacedRepetitionStepsView.tsx(346,32): error TS2693: 'Event' only refers to a type, but is being used as a value here.
src/modules/study-methods/pages/SpacedRepetitionStepsView.tsx(348,7): error TS2584: Cannot find name 'console'. Do you need to change your target library? Try changing the 'lib' compiler option to include 'dom'.
src/modules/study-methods/pages/SpacedRepetitionStepsView.tsx(402,69): error TS2304: Cannot find name 'localStorage'.
src/modules/study-methods/pages/SpacedRepetitionStepsView.tsx(407,11): error TS2304: Cannot find name 'navigator'.
src/modules/study-methods/pages/SpacedRepetitionStepsView.tsx(414,11): error TS2584: Cannot find name 'console'. Do you need to change your target library? Try changing the 'lib' compiler option to include 'dom'.
src/modules/study-methods/pages/SpacedRepetitionStepsView.tsx(419,5): error TS2304: Cannot find name 'window'.
src/modules/study-methods/pages/SpacedRepetitionStepsView.tsx(420,18): error TS2304: Cannot find name 'window'.
src/modules/study-methods/pages/SpacedRepetitionStepsView.tsx(451,5): error TS2304: Cannot find name 'localStorage'.
src/modules/study-methods/pages/SpacedRepetitionStepsView.tsx(452,5): error TS2304: Cannot find name 'localStorage'.
src/modules/study-methods/pages/SpacedRepetitionStepsView.tsx(463,7): error TS17004: Cannot use JSX unless the '--jsx' flag is provided.
src/modules/study-methods/pages/SpacedRepetitionStepsView.tsx(464,9): error TS17004: Cannot use JSX unless the '--jsx' flag is provided.
src/modules/study-methods/pages/SpacedRepetitionStepsView.tsx(465,11): error TS17004: Cannot use JSX unless the '--jsx' flag is provided.
src/modules/study-methods/pages/SpacedRepetitionStepsView.tsx(466,11): error TS17004: Cannot use JSX unless the '--jsx' flag is provided.
src/modules/study-methods/pages/SpacedRepetitionStepsView.tsx(474,7): error TS17004: Cannot use JSX unless the '--jsx' flag is provided.
src/modules/study-methods/pages/SpacedRepetitionStepsView.tsx(475,9): error TS17004: Cannot use JSX unless the '--jsx' flag is provided.
src/modules/study-methods/pages/SpacedRepetitionStepsView.tsx(476,11): error TS17004: Cannot use JSX unless the '--jsx' flag is provided.
src/modules/study-methods/pages/SpacedRepetitionStepsView.tsx(477,11): error TS17004: Cannot use JSX unless the '--jsx' flag is provided.
src/modules/study-methods/pages/SpacedRepetitionStepsView.tsx(478,11): error TS17004: Cannot use JSX unless the '--jsx' flag is provided.
src/modules/study-methods/pages/SpacedRepetitionStepsView.tsx(479,11): error TS17004: Cannot use JSX unless the '--jsx' flag is provided.
src/modules/study-methods/pages/SpacedRepetitionStepsView.tsx(498,5): error TS17004: Cannot use JSX unless the '--jsx' flag is provided.
src/modules/study-methods/pages/SpacedRepetitionStepsView.tsx(500,7): error TS17004: Cannot use JSX unless the '--jsx' flag is provided.
src/modules/study-methods/pages/SpacedRepetitionStepsView.tsx(501,9): error TS17004: Cannot use JSX unless the '--jsx' flag is provided.
src/modules/study-methods/pages/SpacedRepetitionStepsView.tsx(506,11): error TS17004: Cannot use JSX unless the '--jsx' flag is provided.
src/modules/study-methods/pages/SpacedRepetitionStepsView.tsx(512,13): error TS17004: Cannot use JSX unless the '--jsx' flag is provided.
src/modules/study-methods/pages/SpacedRepetitionStepsView.tsx(520,9): error TS17004: Cannot use JSX unless the '--jsx' flag is provided.
src/modules/study-methods/pages/SpacedRepetitionStepsView.tsx(528,11): error TS17004: Cannot use JSX unless the '--jsx' flag is provided.
src/modules/study-methods/pages/SpacedRepetitionStepsView.tsx(533,13): error TS17004: Cannot use JSX unless the '--jsx' flag is provided.
src/modules/study-methods/pages/SpacedRepetitionStepsView.tsx(540,7): error TS17004: Cannot use JSX unless the '--jsx' flag is provided.
src/modules/study-methods/pages/SpacedRepetitionStepsView.tsx(541,9): error TS17004: Cannot use JSX unless the '--jsx' flag is provided.
src/modules/study-methods/pages/SpacedRepetitionStepsView.tsx(547,9): error TS17004: Cannot use JSX unless the '--jsx' flag is provided.
src/modules/study-methods/pages/SpacedRepetitionStepsView.tsx(548,11): error TS17004: Cannot use JSX unless the '--jsx' flag is provided.
src/modules/study-methods/pages/SpacedRepetitionStepsView.tsx(555,7): error TS17004: Cannot use JSX unless the '--jsx' flag is provided.
src/modules/study-methods/pages/SpacedRepetitionStepsView.tsx(557,9): error TS17004: Cannot use JSX unless the '--jsx' flag is provided.
src/modules/study-methods/pages/SpacedRepetitionStepsView.tsx(561,11): error TS17004: Cannot use JSX unless the '--jsx' flag is provided.
src/modules/study-methods/pages/SpacedRepetitionStepsView.tsx(567,11): error TS17004: Cannot use JSX unless the '--jsx' flag is provided.
src/modules/study-methods/pages/SpacedRepetitionStepsView.tsx(570,11): error TS17004: Cannot use JSX unless the '--jsx' flag is provided.
src/modules/study-methods/pages/SpacedRepetitionStepsView.tsx(571,13): error TS17004: Cannot use JSX unless the '--jsx' flag is provided.
src/modules/study-methods/pages/SpacedRepetitionStepsView.tsx(576,13): error TS17004: Cannot use JSX unless the '--jsx' flag is provided.
src/modules/study-methods/pages/SpacedRepetitionStepsView.tsx(577,15): error TS17004: Cannot use JSX unless the '--jsx' flag is provided.
src/modules/study-methods/pages/SpacedRepetitionStepsView.tsx(578,20): error TS17004: Cannot use JSX unless the '--jsx' flag is provided.
src/modules/study-methods/pages/SpacedRepetitionStepsView.tsx(584,13): error TS17004: Cannot use JSX unless the '--jsx' flag is provided.
src/modules/study-methods/pages/SpacedRepetitionStepsView.tsx(585,15): error TS17004: Cannot use JSX unless the '--jsx' flag is provided.
src/modules/study-methods/pages/SpacedRepetitionStepsView.tsx(586,20): error TS17004: Cannot use JSX unless the '--jsx' flag is provided.
src/modules/study-methods/pages/SpacedRepetitionStepsView.tsx(593,9): error TS17004: Cannot use JSX unless the '--jsx' flag is provided.
src/modules/study-methods/pages/SpacedRepetitionStepsView.tsx(596,13): error TS17004: Cannot use JSX unless the '--jsx' flag is provided.
src/modules/study-methods/pages/SpacedRepetitionStepsView.tsx(609,13): error TS17004: Cannot use JSX unless the '--jsx' flag is provided.
src/modules/study-methods/pages/SpacedRepetitionStepsView.tsx(623,33): error TS2812: Property 'style' does not exist on type 'EventTarget & HTMLButtonElement'. Try changing the 'lib' compiler option to include 'dom'.
src/modules/study-methods/pages/SpacedRepetitionStepsView.tsx(626,33): error TS2812: Property 'style' does not exist on type 'EventTarget & HTMLButtonElement'. Try changing the 'lib' compiler option to include 'dom'.
src/modules/study-methods/pages/SpacedRepetitionStepsView.tsx(637,7): error TS17004: Cannot use JSX unless the '--jsx' flag is provided.
src/modules/study-methods/pages/StudyMethodsLibraryPage.tsx(3,25): error TS2307: Cannot find module '../../../../shared/components/ui/Sidebar' or its corresponding type declarations.
src/modules/study-methods/pages/StudyMethodsLibraryPage.tsx(4,22): error TS2307: Cannot find module '../../../../components/ui/Card' or its corresponding type declarations.
src/modules/study-methods/pages/StudyMethodsLibraryPage.tsx(43,23): error TS2304: Cannot find name 'localStorage'.
src/modules/study-methods/pages/StudyMethodsLibraryPage.tsx(51,39): error TS2304: Cannot find name 'fetch'.
src/modules/study-methods/pages/StudyMethodsLibraryPage.tsx(61,13): error TS2304: Cannot find name 'localStorage'.
src/modules/study-methods/pages/StudyMethodsLibraryPage.tsx(62,13): error TS2304: Cannot find name 'localStorage'.
src/modules/study-methods/pages/StudyMethodsLibraryPage.tsx(63,13): error TS2304: Cannot find name 'localStorage'.
src/modules/study-methods/pages/StudyMethodsLibraryPage.tsx(107,7): error TS17004: Cannot use JSX unless the '--jsx' flag is provided.
src/modules/study-methods/pages/StudyMethodsLibraryPage.tsx(109,9): error TS17004: Cannot use JSX unless the '--jsx' flag is provided.
src/modules/study-methods/pages/StudyMethodsLibraryPage.tsx(110,11): error TS17004: Cannot use JSX unless the '--jsx' flag is provided.
src/modules/study-methods/pages/StudyMethodsLibraryPage.tsx(111,11): error TS17004: Cannot use JSX unless the '--jsx' flag is provided.
src/modules/study-methods/pages/StudyMethodsLibraryPage.tsx(112,11): error TS17004: Cannot use JSX unless the '--jsx' flag is provided.
src/modules/study-methods/pages/StudyMethodsLibraryPage.tsx(115,9): error TS17004: Cannot use JSX unless the '--jsx' flag is provided.
src/modules/study-methods/pages/StudyMethodsLibraryPage.tsx(116,9): error TS17004: Cannot use JSX unless the '--jsx' flag is provided.
src/modules/study-methods/pages/StudyMethodsLibraryPage.tsx(117,11): error TS17004: Cannot use JSX unless the '--jsx' flag is provided.
src/modules/study-methods/pages/StudyMethodsLibraryPage.tsx(118,13): error TS17004: Cannot use JSX unless the '--jsx' flag is provided.
src/modules/study-methods/pages/StudyMethodsLibraryPage.tsx(119,15): error TS17004: Cannot use JSX unless the '--jsx' flag is provided.
src/modules/study-methods/pages/StudyMethodsLibraryPage.tsx(121,13): error TS17004: Cannot use JSX unless the '--jsx' flag is provided.
src/modules/study-methods/pages/StudyMethodsLibraryPage.tsx(122,13): error TS17004: Cannot use JSX unless the '--jsx' flag is provided.
src/modules/study-methods/pages/StudyMethodsLibraryPage.tsx(131,7): error TS17004: Cannot use JSX unless the '--jsx' flag is provided.
src/modules/study-methods/pages/StudyMethodsLibraryPage.tsx(133,9): error TS17004: Cannot use JSX unless the '--jsx' flag is provided.
src/modules/study-methods/pages/StudyMethodsLibraryPage.tsx(134,11): error TS17004: Cannot use JSX unless the '--jsx' flag is provided.
src/modules/study-methods/pages/StudyMethodsLibraryPage.tsx(135,11): error TS17004: Cannot use JSX unless the '--jsx' flag is provided.
src/modules/study-methods/pages/StudyMethodsLibraryPage.tsx(138,9): error TS17004: Cannot use JSX unless the '--jsx' flag is provided.
src/modules/study-methods/pages/StudyMethodsLibraryPage.tsx(139,9): error TS17004: Cannot use JSX unless the '--jsx' flag is provided.
src/modules/study-methods/pages/StudyMethodsLibraryPage.tsx(140,11): error TS17004: Cannot use JSX unless the '--jsx' flag is provided.
src/modules/study-methods/pages/StudyMethodsLibraryPage.tsx(141,13): error TS17004: Cannot use JSX unless the '--jsx' flag is provided.
src/modules/study-methods/pages/StudyMethodsLibraryPage.tsx(142,15): error TS17004: Cannot use JSX unless the '--jsx' flag is provided.
src/modules/study-methods/pages/StudyMethodsLibraryPage.tsx(143,17): error TS17004: Cannot use JSX unless the '--jsx' flag is provided.
src/modules/study-methods/pages/StudyMethodsLibraryPage.tsx(145,15): error TS17004: Cannot use JSX unless the '--jsx' flag is provided.
src/modules/study-methods/pages/StudyMethodsLibraryPage.tsx(146,17): error TS17004: Cannot use JSX unless the '--jsx' flag is provided.
src/modules/study-methods/pages/StudyMethodsLibraryPage.tsx(149,13): error TS17004: Cannot use JSX unless the '--jsx' flag is provided.
src/modules/study-methods/pages/StudyMethodsLibraryPage.tsx(150,13): error TS17004: Cannot use JSX unless the '--jsx' flag is provided.
src/modules/study-methods/pages/StudyMethodsLibraryPage.tsx(151,13): error TS17004: Cannot use JSX unless the '--jsx' flag is provided.
src/modules/study-methods/pages/StudyMethodsLibraryPage.tsx(152,30): error TS2304: Cannot find name 'window'.
src/modules/study-methods/pages/StudyMethodsLibraryPage.tsx(155,15): error TS17004: Cannot use JSX unless the '--jsx' flag is provided.
src/modules/study-methods/pages/StudyMethodsLibraryPage.tsx(156,17): error TS17004: Cannot use JSX unless the '--jsx' flag is provided.
src/modules/study-methods/pages/StudyMethodsLibraryPage.tsx(167,5): error TS17004: Cannot use JSX unless the '--jsx' flag is provided.
src/modules/study-methods/pages/StudyMethodsLibraryPage.tsx(169,7): error TS17004: Cannot use JSX unless the '--jsx' flag is provided.
src/modules/study-methods/pages/StudyMethodsLibraryPage.tsx(170,9): error TS17004: Cannot use JSX unless the '--jsx' flag is provided.
src/modules/study-methods/pages/StudyMethodsLibraryPage.tsx(171,9): error TS17004: Cannot use JSX unless the '--jsx' flag is provided.
src/modules/study-methods/pages/StudyMethodsLibraryPage.tsx(172,9): error TS17004: Cannot use JSX unless the '--jsx' flag is provided.
src/modules/study-methods/pages/StudyMethodsLibraryPage.tsx(175,7): error TS17004: Cannot use JSX unless the '--jsx' flag is provided.
src/modules/study-methods/pages/StudyMethodsLibraryPage.tsx(178,7): error TS17004: Cannot use JSX unless the '--jsx' flag is provided.
src/modules/study-methods/pages/StudyMethodsLibraryPage.tsx(179,9): error TS17004: Cannot use JSX unless the '--jsx' flag is provided.
src/modules/study-methods/pages/StudyMethodsLibraryPage.tsx(182,11): error TS17004: Cannot use JSX unless the '--jsx' flag is provided.
src/modules/study-methods/pages/StudyMethodsLibraryPage.tsx(184,13): error TS17004: Cannot use JSX unless the '--jsx' flag is provided.
src/modules/study-methods/pages/StudyMethodsLibraryPage.tsx(186,13): error TS17004: Cannot use JSX unless the '--jsx' flag is provided.
src/modules/study-methods/pages/StudyMethodsLibraryPage.tsx(188,15): error TS17004: Cannot use JSX unless the '--jsx' flag is provided.
src/modules/study-methods/pages/StudyMethodsLibraryPage.tsx(190,17): error TS17004: Cannot use JSX unless the '--jsx' flag is provided.
src/modules/study-methods/pages/StudyMethodsLibraryPage.tsx(191,17): error TS17004: Cannot use JSX unless the '--jsx' flag is provided.
src/modules/study-methods/pages/StudyMethodsLibraryPage.tsx(196,15): error TS17004: Cannot use JSX unless the '--jsx' flag is provided.
src/modules/study-methods/pages/StudyMethodsLibraryPage.tsx(201,15): error TS17004: Cannot use JSX unless the '--jsx' flag is provided.
src/modules/study-methods/pages/StudyMethodsLibraryPage.tsx(202,17): error TS17004: Cannot use JSX unless the '--jsx' flag is provided.
src/modules/study-methods/pages/StudyMethodsLibraryPage.tsx(203,19): error TS17004: Cannot use JSX unless the '--jsx' flag is provided.
src/modules/study-methods/pages/StudyMethodsLibraryPage.tsx(206,17): error TS17004: Cannot use JSX unless the '--jsx' flag is provided.
src/modules/study-methods/pages/StudyMethodsLibraryPage.tsx(207,19): error TS17004: Cannot use JSX unless the '--jsx' flag is provided.
src/modules/study-methods/pages/StudyMethodsLibraryPage.tsx(210,17): error TS17004: Cannot use JSX unless the '--jsx' flag is provided.
src/modules/study-methods/pages/StudyMethodsLibraryPage.tsx(211,19): error TS17004: Cannot use JSX unless the '--jsx' flag is provided.
src/modules/study-methods/pages/StudyMethodsLibraryPage.tsx(220,13): error TS17004: Cannot use JSX unless the '--jsx' flag is provided.
src/modules/study-methods/pages/StudyMethodsLibraryPage.tsx(221,15): error TS17004: Cannot use JSX unless the '--jsx' flag is provided.
src/modules/study-methods/pages/StudyMethodsLibraryPage.tsx(222,17): error TS17004: Cannot use JSX unless the '--jsx' flag is provided.
src/modules/study-methods/pages/StudyMethodsLibraryPage.tsx(223,19): error TS17004: Cannot use JSX unless the '--jsx' flag is provided.
src/modules/study-methods/pages/StudyMethodsLibraryPage.tsx(225,17): error TS17004: Cannot use JSX unless the '--jsx' flag is provided.
src/modules/study-methods/pages/StudyMethodsLibraryPage.tsx(226,19): error TS17004: Cannot use JSX unless the '--jsx' flag is provided.
src/modules/study-methods/pages/StudyMethodsLibraryPage.tsx(229,15): error TS17004: Cannot use JSX unless the '--jsx' flag is provided.
src/modules/study-methods/pages/StudyMethodsLibraryPage.tsx(230,15): error TS17004: Cannot use JSX unless the '--jsx' flag is provided.
src/modules/study-methods/pages/StudyMethodsLibraryPage.tsx(231,15): error TS17004: Cannot use JSX unless the '--jsx' flag is provided.
src/modules/study-methods/pages/StudyMethodsLibraryPage.tsx(232,17): error TS17004: Cannot use JSX unless the '--jsx' flag is provided.
src/modules/study-methods/pages/StudyMethodsLibraryPage.tsx(233,17): error TS17004: Cannot use JSX unless the '--jsx' flag is provided.
src/modules/study-methods/pages/StudyMethodsLibraryPage.tsx(234,17): error TS17004: Cannot use JSX unless the '--jsx' flag is provided.
src/modules/study-methods/pages/StudyMethodsLibraryPage.tsx(238,13): error TS17004: Cannot use JSX unless the '--jsx' flag is provided.
src/modules/study-methods/pages/StudyMethodsLibraryPage.tsx(240,17): error TS17004: Cannot use JSX unless the '--jsx' flag is provided.
src/modules/study-methods/pages/StudyMethodsLibraryPage.tsx(245,19): error TS17004: Cannot use JSX unless the '--jsx' flag is provided.
src/pages/DashboardPage.tsx(3,25): error TS6142: Module '../components/ui/Sidebar' was resolved to 'c:/Users/juand/OneDrive/Documents/Actividades Sena/9. Proyecto/5. Quinto Trimestre/Focus-Up-FrontEnd/src/components/ui/Sidebar.tsx', but '--jsx' is not set.
src/pages/DashboardPage.tsx(16,28): error TS2304: Cannot find name 'window'.
src/pages/DashboardPage.tsx(16,49): error TS2304: Cannot find name 'window'.
src/pages/DashboardPage.tsx(16,67): error TS2584: Cannot find name 'document'. Do you need to change your target library? Try changing the 'lib' compiler option to include 'dom'.
src/pages/DashboardPage.tsx(21,5): error TS2304: Cannot find name 'window'.
src/pages/DashboardPage.tsx(25,18): error TS2304: Cannot find name 'window'.
src/pages/DashboardPage.tsx(45,5): error TS17004: Cannot use JSX unless the '--jsx' flag is provided.
src/pages/DashboardPage.tsx(47,7): error TS17004: Cannot use JSX unless the '--jsx' flag is provided.
src/pages/DashboardPage.tsx(48,9): error TS17004: Cannot use JSX unless the '--jsx' flag is provided.
src/pages/DashboardPage.tsx(49,9): error TS17004: Cannot use JSX unless the '--jsx' flag is provided.
src/pages/DashboardPage.tsx(50,9): error TS17004: Cannot use JSX unless the '--jsx' flag is provided.
src/pages/DashboardPage.tsx(53,7): error TS17004: Cannot use JSX unless the '--jsx' flag is provided.
src/pages/DashboardPage.tsx(56,7): error TS17004: Cannot use JSX unless the '--jsx' flag is provided.
src/pages/DashboardPage.tsx(57,9): error TS17004: Cannot use JSX unless the '--jsx' flag is provided.
src/pages/DashboardPage.tsx(58,11): error TS17004: Cannot use JSX unless the '--jsx' flag is provided.
src/pages/DashboardPage.tsx(60,13): error TS17004: Cannot use JSX unless the '--jsx' flag is provided.
src/pages/DashboardPage.tsx(61,15): error TS17004: Cannot use JSX unless the '--jsx' flag is provided.
src/pages/DashboardPage.tsx(65,17): error TS17004: Cannot use JSX unless the '--jsx' flag is provided.
src/pages/DashboardPage.tsx(66,19): error TS17004: Cannot use JSX unless the '--jsx' flag is provided.
src/pages/DashboardPage.tsx(67,19): error TS17004: Cannot use JSX unless the '--jsx' flag is provided.
src/pages/DashboardPage.tsx(68,21): error TS17004: Cannot use JSX unless the '--jsx' flag is provided.
src/pages/DashboardPage.tsx(74,21): error TS17004: Cannot use JSX unless the '--jsx' flag is provided.
src/pages/DashboardPage.tsx(79,17): error TS17004: Cannot use JSX unless the '--jsx' flag is provided.
src/pages/DashboardPage.tsx(80,19): error TS17004: Cannot use JSX unless the '--jsx' flag is provided.
src/pages/DashboardPage.tsx(81,19): error TS17004: Cannot use JSX unless the '--jsx' flag is provided.
src/pages/DashboardPage.tsx(82,19): error TS17004: Cannot use JSX unless the '--jsx' flag is provided.
src/pages/DashboardPage.tsx(86,17): error TS17004: Cannot use JSX unless the '--jsx' flag is provided.
src/pages/DashboardPage.tsx(87,19): error TS17004: Cannot use JSX unless the '--jsx' flag is provided.
src/pages/DashboardPage.tsx(90,19): error TS17004: Cannot use JSX unless the '--jsx' flag is provided.
src/pages/DashboardPage.tsx(99,13): error TS17004: Cannot use JSX unless the '--jsx' flag is provided.
src/pages/DashboardPage.tsx(102,13): error TS17004: Cannot use JSX unless the '--jsx' flag is provided.
src/pages/DashboardPage.tsx(104,15): error TS17004: Cannot use JSX unless the '--jsx' flag is provided.
src/pages/DashboardPage.tsx(106,17): error TS17004: Cannot use JSX unless the '--jsx' flag is provided.
src/pages/DashboardPage.tsx(107,19): error TS17004: Cannot use JSX unless the '--jsx' flag is provided.
src/pages/DashboardPage.tsx(108,21): error TS17004: Cannot use JSX unless the '--jsx' flag is provided.
src/pages/DashboardPage.tsx(109,21): error TS17004: Cannot use JSX unless the '--jsx' flag is provided.
src/pages/DashboardPage.tsx(110,21): error TS17004: Cannot use JSX unless the '--jsx' flag is provided.
src/pages/DashboardPage.tsx(111,21): error TS17004: Cannot use JSX unless the '--jsx' flag is provided.
src/pages/DashboardPage.tsx(112,23): error TS17004: Cannot use JSX unless the '--jsx' flag is provided.
src/pages/DashboardPage.tsx(113,25): error TS17004: Cannot use JSX unless the '--jsx' flag is provided.
src/pages/DashboardPage.tsx(114,25): error TS17004: Cannot use JSX unless the '--jsx' flag is provided.
src/pages/DashboardPage.tsx(121,17): error TS17004: Cannot use JSX unless the '--jsx' flag is provided.
src/pages/DashboardPage.tsx(122,19): error TS17004: Cannot use JSX unless the '--jsx' flag is provided.
src/pages/DashboardPage.tsx(123,21): error TS17004: Cannot use JSX unless the '--jsx' flag is provided.
src/pages/DashboardPage.tsx(125,19): error TS17004: Cannot use JSX unless the '--jsx' flag is provided.
src/pages/DashboardPage.tsx(128,17): error TS17004: Cannot use JSX unless the '--jsx' flag is provided.
src/pages/DashboardPage.tsx(132,17): error TS17004: Cannot use JSX unless the '--jsx' flag is provided.
src/pages/DashboardPage.tsx(133,19): error TS17004: Cannot use JSX unless the '--jsx' flag is provided.
src/pages/DashboardPage.tsx(138,17): error TS17004: Cannot use JSX unless the '--jsx' flag is provided.
src/pages/DashboardPage.tsx(142,19): error TS17004: Cannot use JSX unless the '--jsx' flag is provided.
src/pages/DashboardPage.tsx(143,19): error TS17004: Cannot use JSX unless the '--jsx' flag is provided.
src/pages/DashboardPage.tsx(144,19): error TS17004: Cannot use JSX unless the '--jsx' flag is provided.
src/pages/DashboardPage.tsx(145,21): error TS17004: Cannot use JSX unless the '--jsx' flag is provided.
src/pages/DashboardPage.tsx(151,15): error TS17004: Cannot use JSX unless the '--jsx' flag is provided.
src/pages/DashboardPage.tsx(153,17): error TS17004: Cannot use JSX unless the '--jsx' flag is provided.
src/pages/DashboardPage.tsx(154,19): error TS17004: Cannot use JSX unless the '--jsx' flag is provided.
src/pages/DashboardPage.tsx(155,21): error TS17004: Cannot use JSX unless the '--jsx' flag is provided.
src/pages/DashboardPage.tsx(156,21): error TS17004: Cannot use JSX unless the '--jsx' flag is provided.
src/pages/DashboardPage.tsx(157,21): error TS17004: Cannot use JSX unless the '--jsx' flag is provided.
src/pages/DashboardPage.tsx(158,21): error TS17004: Cannot use JSX unless the '--jsx' flag is provided.
src/pages/DashboardPage.tsx(159,23): error TS17004: Cannot use JSX unless the '--jsx' flag is provided.
src/pages/DashboardPage.tsx(160,25): error TS17004: Cannot use JSX unless the '--jsx' flag is provided.
src/pages/DashboardPage.tsx(161,25): error TS17004: Cannot use JSX unless the '--jsx' flag is provided.
src/pages/DashboardPage.tsx(168,17): error TS17004: Cannot use JSX unless the '--jsx' flag is provided.
src/pages/DashboardPage.tsx(169,19): error TS17004: Cannot use JSX unless the '--jsx' flag is provided.
src/pages/DashboardPage.tsx(170,21): error TS17004: Cannot use JSX unless the '--jsx' flag is provided.
src/pages/DashboardPage.tsx(172,19): error TS17004: Cannot use JSX unless the '--jsx' flag is provided.
src/pages/DashboardPage.tsx(175,17): error TS17004: Cannot use JSX unless the '--jsx' flag is provided.
src/pages/DashboardPage.tsx(179,17): error TS17004: Cannot use JSX unless the '--jsx' flag is provided.
src/pages/DashboardPage.tsx(180,19): error TS17004: Cannot use JSX unless the '--jsx' flag is provided.
src/pages/DashboardPage.tsx(181,21): error TS17004: Cannot use JSX unless the '--jsx' flag is provided.
src/pages/DashboardPage.tsx(187,17): error TS17004: Cannot use JSX unless the '--jsx' flag is provided.
src/pages/DashboardPage.tsx(191,19): error TS17004: Cannot use JSX unless the '--jsx' flag is provided.
src/pages/DashboardPage.tsx(192,19): error TS17004: Cannot use JSX unless the '--jsx' flag is provided.
src/pages/DashboardPage.tsx(193,19): error TS17004: Cannot use JSX unless the '--jsx' flag is provided.
src/pages/DashboardPage.tsx(194,21): error TS17004: Cannot use JSX unless the '--jsx' flag is provided.
src/pages/DashboardPage.tsx(200,15): error TS17004: Cannot use JSX unless the '--jsx' flag is provided.
src/pages/DashboardPage.tsx(202,17): error TS17004: Cannot use JSX unless the '--jsx' flag is provided.
src/pages/DashboardPage.tsx(203,19): error TS17004: Cannot use JSX unless the '--jsx' flag is provided.
src/pages/DashboardPage.tsx(204,21): error TS17004: Cannot use JSX unless the '--jsx' flag is provided.
src/pages/DashboardPage.tsx(205,21): error TS17004: Cannot use JSX unless the '--jsx' flag is provided.
src/pages/DashboardPage.tsx(206,21): error TS17004: Cannot use JSX unless the '--jsx' flag is provided.
src/pages/DashboardPage.tsx(207,21): error TS17004: Cannot use JSX unless the '--jsx' flag is provided.
src/pages/DashboardPage.tsx(208,23): error TS17004: Cannot use JSX unless the '--jsx' flag is provided.
src/pages/DashboardPage.tsx(209,25): error TS17004: Cannot use JSX unless the '--jsx' flag is provided.
src/pages/DashboardPage.tsx(210,25): error TS17004: Cannot use JSX unless the '--jsx' flag is provided.
src/pages/DashboardPage.tsx(217,17): error TS17004: Cannot use JSX unless the '--jsx' flag is provided.
src/pages/DashboardPage.tsx(218,19): error TS17004: Cannot use JSX unless the '--jsx' flag is provided.
src/pages/DashboardPage.tsx(219,21): error TS17004: Cannot use JSX unless the '--jsx' flag is provided.
src/pages/DashboardPage.tsx(221,19): error TS17004: Cannot use JSX unless the '--jsx' flag is provided.
src/pages/DashboardPage.tsx(224,17): error TS17004: Cannot use JSX unless the '--jsx' flag is provided.
src/pages/DashboardPage.tsx(228,17): error TS17004: Cannot use JSX unless the '--jsx' flag is provided.
src/pages/DashboardPage.tsx(229,19): error TS17004: Cannot use JSX unless the '--jsx' flag is provided.
src/pages/DashboardPage.tsx(234,17): error TS17004: Cannot use JSX unless the '--jsx' flag is provided.
src/pages/DashboardPage.tsx(238,19): error TS17004: Cannot use JSX unless the '--jsx' flag is provided.
src/pages/DashboardPage.tsx(239,19): error TS17004: Cannot use JSX unless the '--jsx' flag is provided.
src/pages/DashboardPage.tsx(240,19): error TS17004: Cannot use JSX unless the '--jsx' flag is provided.
src/pages/DashboardPage.tsx(241,21): error TS17004: Cannot use JSX unless the '--jsx' flag is provided.
src/pages/DashboardPage.tsx(249,11): error TS17004: Cannot use JSX unless the '--jsx' flag is provided.
src/pages/DashboardPage.tsx(250,13): error TS17004: Cannot use JSX unless the '--jsx' flag is provided.
src/pages/DashboardPage.tsx(251,13): error TS17004: Cannot use JSX unless the '--jsx' flag is provided.
src/pages/DashboardPage.tsx(253,15): error TS17004: Cannot use JSX unless the '--jsx' flag is provided.
src/pages/DashboardPage.tsx(254,17): error TS17004: Cannot use JSX unless the '--jsx' flag is provided.
src/pages/DashboardPage.tsx(255,19): error TS17004: Cannot use JSX unless the '--jsx' flag is provided.
src/pages/DashboardPage.tsx(256,19): error TS17004: Cannot use JSX unless the '--jsx' flag is provided.
src/pages/DashboardPage.tsx(257,19): error TS17004: Cannot use JSX unless the '--jsx' flag is provided.
src/pages/DashboardPage.tsx(258,19): error TS17004: Cannot use JSX unless the '--jsx' flag is provided.
src/pages/DashboardPage.tsx(259,21): error TS17004: Cannot use JSX unless the '--jsx' flag is provided.
src/pages/DashboardPage.tsx(260,23): error TS17004: Cannot use JSX unless the '--jsx' flag is provided.
src/pages/DashboardPage.tsx(261,23): error TS17004: Cannot use JSX unless the '--jsx' flag is provided.
src/pages/DashboardPage.tsx(266,15): error TS17004: Cannot use JSX unless the '--jsx' flag is provided.
src/pages/DashboardPage.tsx(267,17): error TS17004: Cannot use JSX unless the '--jsx' flag is provided.
src/pages/DashboardPage.tsx(268,19): error TS17004: Cannot use JSX unless the '--jsx' flag is provided.
src/pages/DashboardPage.tsx(273,15): error TS17004: Cannot use JSX unless the '--jsx' flag is provided.
src/pages/DashboardPage.tsx(274,17): error TS17004: Cannot use JSX unless the '--jsx' flag is provided.
src/pages/DashboardPage.tsx(275,19): error TS17004: Cannot use JSX unless the '--jsx' flag is provided.
src/pages/DashboardPage.tsx(277,17): error TS17004: Cannot use JSX unless the '--jsx' flag is provided.
src/pages/DashboardPage.tsx(280,15): error TS17004: Cannot use JSX unless the '--jsx' flag is provided.
src/pages/DashboardPage.tsx(284,15): error TS17004: Cannot use JSX unless the '--jsx' flag is provided.
src/pages/DashboardPage.tsx(290,15): error TS17004: Cannot use JSX unless the '--jsx' flag is provided.
src/pages/DashboardPage.tsx(291,17): error TS17004: Cannot use JSX unless the '--jsx' flag is provided.
src/pages/DashboardPage.tsx(292,19): error TS17004: Cannot use JSX unless the '--jsx' flag is provided.
src/pages/DashboardPage.tsx(293,19): error TS17004: Cannot use JSX unless the '--jsx' flag is provided.
src/pages/DashboardPage.tsx(295,17): error TS17004: Cannot use JSX unless the '--jsx' flag is provided.
src/pages/DashboardPage.tsx(296,19): error TS17004: Cannot use JSX unless the '--jsx' flag is provided.
src/pages/DashboardPage.tsx(297,19): error TS17004: Cannot use JSX unless the '--jsx' flag is provided.
src/pages/DashboardPage.tsx(299,17): error TS17004: Cannot use JSX unless the '--jsx' flag is provided.
src/pages/DashboardPage.tsx(300,19): error TS17004: Cannot use JSX unless the '--jsx' flag is provided.
src/pages/DashboardPage.tsx(301,19): error TS17004: Cannot use JSX unless the '--jsx' flag is provided.
src/pages/DashboardPage.tsx(305,15): error TS17004: Cannot use JSX unless the '--jsx' flag is provided.
src/pages/DashboardPage.tsx(309,17): error TS17004: Cannot use JSX unless the '--jsx' flag is provided.
src/pages/DashboardPage.tsx(310,17): error TS17004: Cannot use JSX unless the '--jsx' flag is provided.
src/pages/DashboardPage.tsx(311,17): error TS17004: Cannot use JSX unless the '--jsx' flag is provided.
src/pages/DashboardPage.tsx(312,19): error TS17004: Cannot use JSX unless the '--jsx' flag is provided.
src/pages/ProfilePage.tsx(2,25): error TS6142: Module '../contexts/AuthContext' was resolved to 'c:/Users/juand/OneDrive/Documents/Actividades Sena/9. Proyecto/5. Quinto Trimestre/Focus-Up-FrontEnd/src/contexts/AuthContext.tsx', but '--jsx' is not set.
src/pages/ProfilePage.tsx(4,25): error TS6142: Module '../components/ui/Sidebar' was resolved to 'c:/Users/juand/OneDrive/Documents/Actividades Sena/9. Proyecto/5. Quinto Trimestre/Focus-Up-FrontEnd/src/components/ui/Sidebar.tsx', but '--jsx' is not set.
src/pages/ProfilePage.tsx(144,13): error TS2339: Property 'name' does not exist on type 'EventTarget & (HTMLInputElement | HTMLSelectElement)'.
src/pages/ProfilePage.tsx(144,19): error TS2339: Property 'value' does not exist on type 'EventTarget & (HTMLInputElement | HTMLSelectElement)'.
src/pages/ProfilePage.tsx(152,13): error TS2339: Property 'name' does not exist on type 'EventTarget & HTMLInputElement'.
src/pages/ProfilePage.tsx(152,19): error TS2339: Property 'value' does not exist on type 'EventTarget & HTMLInputElement'.
src/pages/ProfilePage.tsx(424,7): error TS17004: Cannot use JSX unless the '--jsx' flag is provided.
src/pages/ProfilePage.tsx(425,9): error TS17004: Cannot use JSX unless the '--jsx' flag is provided.
src/pages/ProfilePage.tsx(431,5): error TS17004: Cannot use JSX unless the '--jsx' flag is provided.
src/pages/ProfilePage.tsx(432,7): error TS17004: Cannot use JSX unless the '--jsx' flag is provided.
src/pages/ProfilePage.tsx(435,7): error TS17004: Cannot use JSX unless the '--jsx' flag is provided.
src/pages/ProfilePage.tsx(436,9): error TS17004: Cannot use JSX unless the '--jsx' flag is provided.
src/pages/ProfilePage.tsx(437,11): error TS17004: Cannot use JSX unless the '--jsx' flag is provided.
src/pages/ProfilePage.tsx(439,13): error TS17004: Cannot use JSX unless the '--jsx' flag is provided.
src/pages/ProfilePage.tsx(443,13): error TS17004: Cannot use JSX unless the '--jsx' flag is provided.
src/pages/ProfilePage.tsx(446,11): error TS17004: Cannot use JSX unless the '--jsx' flag is provided.
src/pages/ProfilePage.tsx(449,13): error TS17004: Cannot use JSX unless the '--jsx' flag is provided.
src/pages/ProfilePage.tsx(450,15): error TS17004: Cannot use JSX unless the '--jsx' flag is provided.
src/pages/ProfilePage.tsx(453,15): error TS17004: Cannot use JSX unless the '--jsx' flag is provided.
src/pages/ProfilePage.tsx(454,17): error TS17004: Cannot use JSX unless the '--jsx' flag is provided.
src/pages/ProfilePage.tsx(455,17): error TS17004: Cannot use JSX unless the '--jsx' flag is provided.
src/pages/ProfilePage.tsx(468,13): error TS17004: Cannot use JSX unless the '--jsx' flag is provided.
src/pages/ProfilePage.tsx(469,15): error TS17004: Cannot use JSX unless the '--jsx' flag is provided.
src/pages/ProfilePage.tsx(473,15): error TS17004: Cannot use JSX unless the '--jsx' flag is provided.
src/pages/ProfilePage.tsx(474,17): error TS17004: Cannot use JSX unless the '--jsx' flag is provided.
src/pages/ProfilePage.tsx(475,19): error TS17004: Cannot use JSX unless the '--jsx' flag is provided.
src/pages/ProfilePage.tsx(476,19): error TS17004: Cannot use JSX unless the '--jsx' flag is provided.
src/pages/ProfilePage.tsx(477,21): error TS17004: Cannot use JSX unless the '--jsx' flag is provided.
src/pages/ProfilePage.tsx(480,21): error TS17004: Cannot use JSX unless the '--jsx' flag is provided.
src/pages/ProfilePage.tsx(483,19): error TS17004: Cannot use JSX unless the '--jsx' flag is provided.
src/pages/ProfilePage.tsx(485,23): error TS17004: Cannot use JSX unless the '--jsx' flag is provided.
src/pages/ProfilePage.tsx(495,27): error TS17004: Cannot use JSX unless the '--jsx' flag is provided.
src/pages/ProfilePage.tsx(496,29): error TS17004: Cannot use JSX unless the '--jsx' flag is provided.
src/pages/ProfilePage.tsx(509,13): error TS17004: Cannot use JSX unless the '--jsx' flag is provided.
src/pages/ProfilePage.tsx(510,15): error TS17004: Cannot use JSX unless the '--jsx' flag is provided.
src/pages/ProfilePage.tsx(514,15): error TS17004: Cannot use JSX unless the '--jsx' flag is provided.
src/pages/ProfilePage.tsx(515,17): error TS17004: Cannot use JSX unless the '--jsx' flag is provided.
src/pages/ProfilePage.tsx(516,19): error TS17004: Cannot use JSX unless the '--jsx' flag is provided.
src/pages/ProfilePage.tsx(517,19): error TS17004: Cannot use JSX unless the '--jsx' flag is provided.
src/pages/ProfilePage.tsx(518,21): error TS17004: Cannot use JSX unless the '--jsx' flag is provided.
src/pages/ProfilePage.tsx(521,21): error TS17004: Cannot use JSX unless the '--jsx' flag is provided.
src/pages/ProfilePage.tsx(524,19): error TS17004: Cannot use JSX unless the '--jsx' flag is provided.
src/pages/ProfilePage.tsx(526,23): error TS17004: Cannot use JSX unless the '--jsx' flag is provided.
src/pages/ProfilePage.tsx(536,27): error TS17004: Cannot use JSX unless the '--jsx' flag is provided.
src/pages/ProfilePage.tsx(537,29): error TS17004: Cannot use JSX unless the '--jsx' flag is provided.
src/pages/ProfilePage.tsx(550,13): error TS17004: Cannot use JSX unless the '--jsx' flag is provided.
src/pages/ProfilePage.tsx(551,15): error TS17004: Cannot use JSX unless the '--jsx' flag is provided.
src/pages/ProfilePage.tsx(554,15): error TS17004: Cannot use JSX unless the '--jsx' flag is provided.
src/pages/ProfilePage.tsx(556,17): error TS17004: Cannot use JSX unless the '--jsx' flag is provided.
src/pages/ProfilePage.tsx(557,19): error TS17004: Cannot use JSX unless the '--jsx' flag is provided.
src/pages/ProfilePage.tsx(558,19): error TS17004: Cannot use JSX unless the '--jsx' flag is provided.
src/pages/ProfilePage.tsx(559,21): error TS17004: Cannot use JSX unless the '--jsx' flag is provided.
src/pages/ProfilePage.tsx(565,47): error TS2812: Property 'value' does not exist on type 'EventTarget & HTMLInputElement'. Try changing the 'lib' compiler option to include 'dom'.
src/pages/ProfilePage.tsx(581,21): error TS17004: Cannot use JSX unless the '--jsx' flag is provided.
src/pages/ProfilePage.tsx(585,23): error TS17004: Cannot use JSX unless the '--jsx' flag is provided.
src/pages/ProfilePage.tsx(586,25): error TS17004: Cannot use JSX unless the '--jsx' flag is provided.
src/pages/ProfilePage.tsx(587,27): error TS17004: Cannot use JSX unless the '--jsx' flag is provided.
src/pages/ProfilePage.tsx(589,25): error TS17004: Cannot use JSX unless the '--jsx' flag is provided.
src/pages/ProfilePage.tsx(591,29): error TS17004: Cannot use JSX unless the '--jsx' flag is provided.
src/pages/ProfilePage.tsx(601,33): error TS17004: Cannot use JSX unless the '--jsx' flag is provided.
src/pages/ProfilePage.tsx(602,35): error TS17004: Cannot use JSX unless the '--jsx' flag is provided.
src/pages/ProfilePage.tsx(616,17): error TS17004: Cannot use JSX unless the '--jsx' flag is provided.
src/pages/ProfilePage.tsx(617,19): error TS17004: Cannot use JSX unless the '--jsx' flag is provided.
src/pages/ProfilePage.tsx(618,19): error TS17004: Cannot use JSX unless the '--jsx' flag is provided.
src/pages/ProfilePage.tsx(619,21): error TS17004: Cannot use JSX unless the '--jsx' flag is provided.
src/pages/ProfilePage.tsx(625,49): error TS2812: Property 'value' does not exist on type 'EventTarget & HTMLInputElement'. Try changing the 'lib' compiler option to include 'dom'.
src/pages/ProfilePage.tsx(641,21): error TS17004: Cannot use JSX unless the '--jsx' flag is provided.
src/pages/ProfilePage.tsx(645,23): error TS17004: Cannot use JSX unless the '--jsx' flag is provided.
src/pages/ProfilePage.tsx(646,25): error TS17004: Cannot use JSX unless the '--jsx' flag is provided.
src/pages/ProfilePage.tsx(647,27): error TS17004: Cannot use JSX unless the '--jsx' flag is provided.
src/pages/ProfilePage.tsx(649,25): error TS17004: Cannot use JSX unless the '--jsx' flag is provided.
src/pages/ProfilePage.tsx(651,29): error TS17004: Cannot use JSX unless the '--jsx' flag is provided.
src/pages/ProfilePage.tsx(661,33): error TS17004: Cannot use JSX unless the '--jsx' flag is provided.
src/pages/ProfilePage.tsx(662,35): error TS17004: Cannot use JSX unless the '--jsx' flag is provided.
src/pages/ProfilePage.tsx(676,17): error TS17004: Cannot use JSX unless the '--jsx' flag is provided.
src/pages/ProfilePage.tsx(677,19): error TS17004: Cannot use JSX unless the '--jsx' flag is provided.
src/pages/ProfilePage.tsx(678,19): error TS17004: Cannot use JSX unless the '--jsx' flag is provided.
src/pages/ProfilePage.tsx(679,21): error TS17004: Cannot use JSX unless the '--jsx' flag is provided.
src/pages/ProfilePage.tsx(680,23): error TS17004: Cannot use JSX unless the '--jsx' flag is provided.
src/pages/ProfilePage.tsx(681,25): error TS17004: Cannot use JSX unless the '--jsx' flag is provided.
src/pages/ProfilePage.tsx(684,25): error TS17004: Cannot use JSX unless the '--jsx' flag is provided.
src/pages/ProfilePage.tsx(686,23): error TS17004: Cannot use JSX unless the '--jsx' flag is provided.
src/pages/ProfilePage.tsx(691,27): error TS17004: Cannot use JSX unless the '--jsx' flag is provided.
src/pages/ProfilePage.tsx(701,31): error TS17004: Cannot use JSX unless the '--jsx' flag is provided.
src/pages/ProfilePage.tsx(702,33): error TS17004: Cannot use JSX unless the '--jsx' flag is provided.
src/pages/ProfilePage.tsx(717,13): error TS17004: Cannot use JSX unless the '--jsx' flag is provided.
src/pages/ProfilePage.tsx(720,13): error TS17004: Cannot use JSX unless the '--jsx' flag is provided.
src/pages/ProfilePage.tsx(721,15): error TS17004: Cannot use JSX unless the '--jsx' flag is provided.
src/pages/ProfilePage.tsx(724,15): error TS17004: Cannot use JSX unless the '--jsx' flag is provided.
src/pages/ProfilePage.tsx(725,17): error TS17004: Cannot use JSX unless the '--jsx' flag is provided.
src/pages/ProfilePage.tsx(731,52): error TS2812: Property 'value' does not exist on type 'EventTarget & HTMLInputElement'. Try changing the 'lib' compiler option to include 'dom'.
src/pages/ProfilePage.tsx(745,17): error TS17004: Cannot use JSX unless the '--jsx' flag is provided.
src/pages/ProfilePage.tsx(751,51): error TS2812: Property 'previousElementSibling' does not exist on type 'EventTarget & HTMLButtonElement'. Try changing the 'lib' compiler option to include 'dom'.
src/pages/ProfilePage.tsx(753,29): error TS2812: Property 'focus' does not exist on type 'HTMLInputElement'. Try changing the 'lib' compiler option to include 'dom'.
src/pages/ProfilePage.tsx(755,29): error TS2812: Property 'showPicker' does not exist on type 'HTMLInputElement'. Try changing the 'lib' compiler option to include 'dom'.
src/pages/ProfilePage.tsx(761,19): error TS17004: Cannot use JSX unless the '--jsx' flag is provided.
src/pages/ProfilePage.tsx(767,13): error TS17004: Cannot use JSX unless the '--jsx' flag is provided.
src/pages/ProfilePage.tsx(768,15): error TS17004: Cannot use JSX unless the '--jsx' flag is provided.
src/pages/ProfilePage.tsx(772,15): error TS17004: Cannot use JSX unless the '--jsx' flag is provided.
src/pages/ProfilePage.tsx(773,17): error TS17004: Cannot use JSX unless the '--jsx' flag is provided.
src/pages/ProfilePage.tsx(774,19): error TS17004: Cannot use JSX unless the '--jsx' flag is provided.
src/pages/ProfilePage.tsx(777,19): error TS17004: Cannot use JSX unless the '--jsx' flag is provided.
src/pages/ProfilePage.tsx(778,21): error TS17004: Cannot use JSX unless the '--jsx' flag is provided.
src/pages/ProfilePage.tsx(779,23): error TS17004: Cannot use JSX unless the '--jsx' flag is provided.
src/pages/ProfilePage.tsx(780,23): error TS17004: Cannot use JSX unless the '--jsx' flag is provided.
src/pages/ProfilePage.tsx(781,25): error TS17004: Cannot use JSX unless the '--jsx' flag is provided.
src/pages/ProfilePage.tsx(784,25): error TS17004: Cannot use JSX unless the '--jsx' flag is provided.
src/pages/ProfilePage.tsx(786,23): error TS17004: Cannot use JSX unless the '--jsx' flag is provided.
src/pages/ProfilePage.tsx(788,27): error TS17004: Cannot use JSX unless the '--jsx' flag is provided.
src/pages/ProfilePage.tsx(798,31): error TS17004: Cannot use JSX unless the '--jsx' flag is provided.
src/pages/ProfilePage.tsx(799,33): error TS17004: Cannot use JSX unless the '--jsx' flag is provided.
src/pages/ProfilePage.tsx(811,17): error TS17004: Cannot use JSX unless the '--jsx' flag is provided.
src/pages/ProfilePage.tsx(812,19): error TS17004: Cannot use JSX unless the '--jsx' flag is provided.
src/pages/ProfilePage.tsx(815,19): error TS17004: Cannot use JSX unless the '--jsx' flag is provided.
src/pages/ProfilePage.tsx(816,21): error TS17004: Cannot use JSX unless the '--jsx' flag is provided.
src/pages/ProfilePage.tsx(817,23): error TS17004: Cannot use JSX unless the '--jsx' flag is provided.
src/pages/ProfilePage.tsx(818,23): error TS17004: Cannot use JSX unless the '--jsx' flag is provided.
src/pages/ProfilePage.tsx(819,25): error TS17004: Cannot use JSX unless the '--jsx' flag is provided.
src/pages/ProfilePage.tsx(822,25): error TS17004: Cannot use JSX unless the '--jsx' flag is provided.
src/pages/ProfilePage.tsx(824,23): error TS17004: Cannot use JSX unless the '--jsx' flag is provided.
src/pages/ProfilePage.tsx(826,27): error TS17004: Cannot use JSX unless the '--jsx' flag is provided.
src/pages/ProfilePage.tsx(836,31): error TS17004: Cannot use JSX unless the '--jsx' flag is provided.
src/pages/ProfilePage.tsx(837,33): error TS17004: Cannot use JSX unless the '--jsx' flag is provided.
src/pages/ProfilePage.tsx(852,13): error TS17004: Cannot use JSX unless the '--jsx' flag is provided.
src/pages/ProfilePage.tsx(853,15): error TS17004: Cannot use JSX unless the '--jsx' flag is provided.
src/pages/ProfilePage.tsx(857,15): error TS17004: Cannot use JSX unless the '--jsx' flag is provided.
src/pages/ProfilePage.tsx(858,17): error TS17004: Cannot use JSX unless the '--jsx' flag is provided.
src/pages/ProfilePage.tsx(861,17): error TS17004: Cannot use JSX unless the '--jsx' flag is provided.
src/pages/ProfilePage.tsx(862,19): error TS17004: Cannot use JSX unless the '--jsx' flag is provided.
src/pages/ProfilePage.tsx(863,21): error TS17004: Cannot use JSX unless the '--jsx' flag is provided.
src/pages/ProfilePage.tsx(864,21): error TS17004: Cannot use JSX unless the '--jsx' flag is provided.
src/pages/ProfilePage.tsx(865,23): error TS17004: Cannot use JSX unless the '--jsx' flag is provided.
src/pages/ProfilePage.tsx(868,23): error TS17004: Cannot use JSX unless the '--jsx' flag is provided.
src/pages/ProfilePage.tsx(870,21): error TS17004: Cannot use JSX unless the '--jsx' flag is provided.
src/pages/ProfilePage.tsx(872,25): error TS17004: Cannot use JSX unless the '--jsx' flag is provided.
src/pages/ProfilePage.tsx(882,29): error TS17004: Cannot use JSX unless the '--jsx' flag is provided.
src/pages/ProfilePage.tsx(883,31): error TS17004: Cannot use JSX unless the '--jsx' flag is provided.
src/pages/ProfilePage.tsx(897,13): error TS17004: Cannot use JSX unless the '--jsx' flag is provided.
src/pages/ProfilePage.tsx(900,13): error TS17004: Cannot use JSX unless the '--jsx' flag is provided.
src/pages/ProfilePage.tsx(902,17): error TS17004: Cannot use JSX unless the '--jsx' flag is provided.
src/pages/ProfilePage.tsx(910,17): error TS17004: Cannot use JSX unless the '--jsx' flag is provided.
src/pages/ProfilePage.tsx(911,19): error TS17004: Cannot use JSX unless the '--jsx' flag is provided.
src/pages/ProfilePage.tsx(914,19): error TS17004: Cannot use JSX unless the '--jsx' flag is provided.
src/pages/ProfilePage.tsx(915,21): error TS17004: Cannot use JSX unless the '--jsx' flag is provided.
src/pages/ProfilePage.tsx(918,21): error TS17004: Cannot use JSX unless the '--jsx' flag is provided.
src/pages/ProfilePage.tsx(919,23): error TS17004: Cannot use JSX unless the '--jsx' flag is provided.
src/pages/ProfilePage.tsx(920,23): error TS17004: Cannot use JSX unless the '--jsx' flag is provided.
src/pages/ProfilePage.tsx(929,23): error TS17004: Cannot use JSX unless the '--jsx' flag is provided.
src/pages/ProfilePage.tsx(934,48): error TS17004: Cannot use JSX unless the '--jsx' flag is provided.
src/pages/ProfilePage.tsx(934,81): error TS17004: Cannot use JSX unless the '--jsx' flag is provided.
src/pages/ProfilePage.tsx(940,19): error TS17004: Cannot use JSX unless the '--jsx' flag is provided.
src/pages/ProfilePage.tsx(941,21): error TS17004: Cannot use JSX unless the '--jsx' flag is provided.
src/pages/ProfilePage.tsx(944,21): error TS17004: Cannot use JSX unless the '--jsx' flag is provided.
src/pages/ProfilePage.tsx(945,23): error TS17004: Cannot use JSX unless the '--jsx' flag is provided.
src/pages/ProfilePage.tsx(946,23): error TS17004: Cannot use JSX unless the '--jsx' flag is provided.
src/pages/ProfilePage.tsx(955,23): error TS17004: Cannot use JSX unless the '--jsx' flag is provided.
src/pages/ProfilePage.tsx(960,44): error TS17004: Cannot use JSX unless the '--jsx' flag is provided.
src/pages/ProfilePage.tsx(960,77): error TS17004: Cannot use JSX unless the '--jsx' flag is provided.
src/pages/ProfilePage.tsx(966,19): error TS17004: Cannot use JSX unless the '--jsx' flag is provided.
src/pages/ProfilePage.tsx(967,21): error TS17004: Cannot use JSX unless the '--jsx' flag is provided.
src/pages/ProfilePage.tsx(970,21): error TS17004: Cannot use JSX unless the '--jsx' flag is provided.
src/pages/ProfilePage.tsx(971,23): error TS17004: Cannot use JSX unless the '--jsx' flag is provided.
src/pages/ProfilePage.tsx(972,23): error TS17004: Cannot use JSX unless the '--jsx' flag is provided.
src/pages/ProfilePage.tsx(981,23): error TS17004: Cannot use JSX unless the '--jsx' flag is provided.
src/pages/ProfilePage.tsx(986,48): error TS17004: Cannot use JSX unless the '--jsx' flag is provided.
src/pages/ProfilePage.tsx(986,81): error TS17004: Cannot use JSX unless the '--jsx' flag is provided.
src/pages/ProfilePage.tsx(991,19): error TS17004: Cannot use JSX unless the '--jsx' flag is provided.
src/pages/ProfilePage.tsx(1006,13): error TS17004: Cannot use JSX unless the '--jsx' flag is provided.
src/pages/ProfilePage.tsx(1009,13): error TS17004: Cannot use JSX unless the '--jsx' flag is provided.
src/pages/ProfilePage.tsx(1010,15): error TS17004: Cannot use JSX unless the '--jsx' flag is provided.
src/pages/ProfilePage.tsx(1015,17): error TS17004: Cannot use JSX unless the '--jsx' flag is provided.
src/pages/ProfilePage.tsx(1021,13): error TS17004: Cannot use JSX unless the '--jsx' flag is provided.
src/pages/ProfilePage.tsx(1022,15): error TS17004: Cannot use JSX unless the '--jsx' flag is provided.
src/pages/ProfilePage.tsx(1029,15): error TS17004: Cannot use JSX unless the '--jsx' flag is provided.
src/pages/ProfilePage.tsx(1045,5): error TS17004: Cannot use JSX unless the '--jsx' flag is provided.
src/pages/ProfilePage.tsx(1046,7): error TS17004: Cannot use JSX unless the '--jsx' flag is provided.
src/pages/ProfilePage.tsx(1047,9): error TS17004: Cannot use JSX unless the '--jsx' flag is provided.
src/pages/ProfilePage.tsx(1048,11): error TS17004: Cannot use JSX unless the '--jsx' flag is provided.
src/pages/ProfilePage.tsx(1049,11): error TS17004: Cannot use JSX unless the '--jsx' flag is provided.
src/pages/ProfilePage.tsx(1053,13): error TS17004: Cannot use JSX unless the '--jsx' flag is provided.
src/pages/ProfilePage.tsx(1056,9): error TS17004: Cannot use JSX unless the '--jsx' flag is provided.
src/pages/ProfilePage.tsx(1060,9): error TS17004: Cannot use JSX unless the '--jsx' flag is provided.
src/pages/ProfilePage.tsx(1061,11): error TS17004: Cannot use JSX unless the '--jsx' flag is provided.
src/pages/ProfilePage.tsx(1068,11): error TS17004: Cannot use JSX unless the '--jsx' flag is provided.
src/pages/ProfilePage.tsx(1074,15): error TS17004: Cannot use JSX unless the '--jsx' flag is provided.
src/pages/ProfilePage.tsx(1075,17): error TS17004: Cannot use JSX unless the '--jsx' flag is provided.
src/pages/RegisterPage.test.tsx(5,30): error TS2307: Cannot find module './RegisterPage' or its corresponding type declarations.
src/pages/RegisterPage.test.tsx(20,5): error TS2304: Cannot find name 'localStorage'.
src/pages/RegisterPage.test.tsx(26,7): error TS17004: Cannot use JSX unless the '--jsx' flag is provided.
src/pages/RegisterPage.test.tsx(27,9): error TS17004: Cannot use JSX unless the '--jsx' flag is provided.
src/pages/RegisterPage.test.tsx(41,7): error TS17004: Cannot use JSX unless the '--jsx' flag is provided.
src/pages/RegisterPage.test.tsx(42,9): error TS17004: Cannot use JSX unless the '--jsx' flag is provided.
src/pages/RegisterPage.test.tsx(56,7): error TS17004: Cannot use JSX unless the '--jsx' flag is provided.
src/pages/RegisterPage.test.tsx(57,9): error TS17004: Cannot use JSX unless the '--jsx' flag is provided.
src/pages/RegisterPage.test.tsx(74,7): error TS17004: Cannot use JSX unless the '--jsx' flag is provided.
src/pages/RegisterPage.test.tsx(75,9): error TS17004: Cannot use JSX unless the '--jsx' flag is provided.
src/pages/RegisterPage.test.tsx(97,7): error TS17004: Cannot use JSX unless the '--jsx' flag is provided.
src/pages/RegisterPage.test.tsx(98,9): error TS17004: Cannot use JSX unless the '--jsx' flag is provided.
src/pages/RegisterPage.test.tsx(127,12): error TS2304: Cannot find name 'localStorage'.
src/pages/RegisterPage.test.tsx(128,12): error TS2304: Cannot find name 'localStorage'.
src/pages/RegisterPage.test.tsx(137,7): error TS17004: Cannot use JSX unless the '--jsx' flag is provided.
src/pages/RegisterPage.test.tsx(138,9): error TS17004: Cannot use JSX unless the '--jsx' flag is provided.
src/pages/RegisterStep2.test.tsx(5,31): error TS2307: Cannot find module './RegisterStep2' or its corresponding type declarations.
src/pages/RegisterStep2.test.tsx(21,5): error TS2304: Cannot find name 'localStorage'.
src/pages/RegisterStep2.test.tsx(25,5): error TS2304: Cannot find name 'localStorage'.
src/pages/RegisterStep2.test.tsx(26,5): error TS2304: Cannot find name 'localStorage'.
src/pages/RegisterStep2.test.tsx(31,7): error TS17004: Cannot use JSX unless the '--jsx' flag is provided.
src/pages/RegisterStep2.test.tsx(32,9): error TS17004: Cannot use JSX unless the '--jsx' flag is provided.
src/pages/RegisterStep2.test.tsx(42,7): error TS17004: Cannot use JSX unless the '--jsx' flag is provided.
src/pages/RegisterStep2.test.tsx(43,9): error TS17004: Cannot use JSX unless the '--jsx' flag is provided.
src/pages/RegisterStep2.test.tsx(60,7): error TS17004: Cannot use JSX unless the '--jsx' flag is provided.
src/pages/RegisterStep2.test.tsx(61,9): error TS17004: Cannot use JSX unless the '--jsx' flag is provided.
src/pages/RegisterStep2.test.tsx(87,12): error TS2304: Cannot find name 'localStorage'.
src/pages/RegisterStep2.test.tsx(88,12): error TS2304: Cannot find name 'localStorage'.
src/pages/RegisterStep2.test.tsx(89,12): error TS2304: Cannot find name 'localStorage'.
src/pages/reports/SessionsReport.tsx(25,32): error TS6142: Module '../../contexts/MusicPlayerContext' was resolved to 'c:/Users/juand/OneDrive/Documents/Actividades Sena/9. Proyecto/5. Quinto Trimestre/Focus-Up-FrontEnd/src/contexts/MusicPlayerContext.tsx', but '--jsx' is not set.
src/pages/reports/SessionsReport.tsx(77,9): error TS2584: Cannot find name 'console'. Do you need to change your target library? Try changing the 'lib' compiler option to include 'dom'.
src/pages/reports/SessionsReport.tsx(130,7): error TS2584: Cannot find name 'console'. Do you need to change your target library? Try changing the 'lib' compiler option to include 'dom'.
src/pages/reports/SessionsReport.tsx(193,7): error TS2584: Cannot find name 'console'. Do you need to change your target library? Try changing the 'lib' compiler option to include 'dom'.
src/pages/reports/SessionsReport.tsx(201,9): error TS2584: Cannot find name 'console'. Do you need to change your target library? Try changing the 'lib' compiler option to include 'dom'.
src/pages/reports/SessionsReport.tsx(222,13): error TS2584: Cannot find name 'console'. Do you need to change your target library? Try changing the 'lib' compiler option to include 'dom'.
src/pages/reports/SessionsReport.tsx(224,13): error TS2584: Cannot find name 'console'. Do you need to change your target library? Try changing the 'lib' compiler option to include 'dom'.
src/pages/reports/SessionsReport.tsx(227,11): error TS2584: Cannot find name 'console'. Do you need to change your target library? Try changing the 'lib' compiler option to include 'dom'.
src/pages/reports/SessionsReport.tsx(238,7): error TS2304: Cannot find name 'localStorage'.
src/pages/reports/SessionsReport.tsx(239,7): error TS2304: Cannot find name 'localStorage'.
src/pages/reports/SessionsReport.tsx(243,9): error TS2584: Cannot find name 'console'. Do you need to change your target library? Try changing the 'lib' compiler option to include 'dom'.
src/pages/reports/SessionsReport.tsx(252,7): error TS2584: Cannot find name 'console'. Do you need to change your target library? Try changing the 'lib' compiler option to include 'dom'.
src/pages/reports/SessionsReport.tsx(269,7): error TS2584: Cannot find name 'console'. Do you need to change your target library? Try changing the 'lib' compiler option to include 'dom'.
src/pages/reports/SessionsReport.tsx(278,5): error TS2584: Cannot find name 'console'. Do you need to change your target library? Try changing the 'lib' compiler option to include 'dom'.
src/pages/reports/SessionsReport.tsx(280,9): error TS2304: Cannot find name 'window'.
src/pages/reports/SessionsReport.tsx(287,7): error TS17004: Cannot use JSX unless the '--jsx' flag is provided.
src/pages/reports/SessionsReport.tsx(288,9): error TS17004: Cannot use JSX unless the '--jsx' flag is provided.
src/pages/reports/SessionsReport.tsx(289,11): error TS17004: Cannot use JSX unless the '--jsx' flag is provided.
src/pages/reports/SessionsReport.tsx(290,11): error TS17004: Cannot use JSX unless the '--jsx' flag is provided.
src/pages/reports/SessionsReport.tsx(298,7): error TS17004: Cannot use JSX unless the '--jsx' flag is provided.
src/pages/reports/SessionsReport.tsx(299,9): error TS17004: Cannot use JSX unless the '--jsx' flag is provided.
src/pages/reports/SessionsReport.tsx(300,11): error TS17004: Cannot use JSX unless the '--jsx' flag is provided.
src/pages/reports/SessionsReport.tsx(301,11): error TS17004: Cannot use JSX unless the '--jsx' flag is provided.
src/pages/reports/SessionsReport.tsx(302,11): error TS17004: Cannot use JSX unless the '--jsx' flag is provided.
src/pages/reports/SessionsReport.tsx(303,11): error TS17004: Cannot use JSX unless the '--jsx' flag is provided.
src/pages/reports/SessionsReport.tsx(315,5): error TS17004: Cannot use JSX unless the '--jsx' flag is provided.
src/pages/reports/SessionsReport.tsx(316,7): error TS17004: Cannot use JSX unless the '--jsx' flag is provided.
src/pages/reports/SessionsReport.tsx(318,9): error TS17004: Cannot use JSX unless the '--jsx' flag is provided.
src/pages/reports/SessionsReport.tsx(319,11): error TS17004: Cannot use JSX unless the '--jsx' flag is provided.
src/pages/reports/SessionsReport.tsx(324,11): error TS17004: Cannot use JSX unless the '--jsx' flag is provided.
src/pages/reports/SessionsReport.tsx(325,13): error TS17004: Cannot use JSX unless the '--jsx' flag is provided.
src/pages/reports/SessionsReport.tsx(326,15): error TS17004: Cannot use JSX unless the '--jsx' flag is provided.
src/pages/reports/SessionsReport.tsx(336,15): error TS17004: Cannot use JSX unless the '--jsx' flag is provided.
src/pages/reports/SessionsReport.tsx(346,15): error TS17004: Cannot use JSX unless the '--jsx' flag is provided.
src/pages/reports/SessionsReport.tsx(359,13): error TS17004: Cannot use JSX unless the '--jsx' flag is provided.
src/pages/reports/SessionsReport.tsx(360,15): error TS17004: Cannot use JSX unless the '--jsx' flag is provided.
src/pages/reports/SessionsReport.tsx(363,55): error TS2812: Property 'value' does not exist on type 'EventTarget & HTMLInputElement'. Try changing the 'lib' compiler option to include 'dom'.
src/pages/reports/SessionsReport.tsx(367,15): error TS17004: Cannot use JSX unless the '--jsx' flag is provided.
src/pages/reports/SessionsReport.tsx(368,15): error TS17004: Cannot use JSX unless the '--jsx' flag is provided.
src/pages/reports/SessionsReport.tsx(371,53): error TS2812: Property 'value' does not exist on type 'EventTarget & HTMLInputElement'. Try changing the 'lib' compiler option to include 'dom'.
src/pages/reports/SessionsReport.tsx(380,9): error TS17004: Cannot use JSX unless the '--jsx' flag is provided.
src/pages/reports/SessionsReport.tsx(382,11): error TS17004: Cannot use JSX unless the '--jsx' flag is provided.
src/pages/reports/SessionsReport.tsx(384,15): error TS17004: Cannot use JSX unless the '--jsx' flag is provided.
src/pages/reports/SessionsReport.tsx(385,17): error TS17004: Cannot use JSX unless the '--jsx' flag is provided.
src/pages/reports/SessionsReport.tsx(386,17): error TS17004: Cannot use JSX unless the '--jsx' flag is provided.
src/pages/reports/SessionsReport.tsx(387,17): error TS17004: Cannot use JSX unless the '--jsx' flag is provided.
src/pages/reports/SessionsReport.tsx(390,15): error TS17004: Cannot use JSX unless the '--jsx' flag is provided.
src/pages/reports/SessionsReport.tsx(392,19): error TS17004: Cannot use JSX unless the '--jsx' flag is provided.
src/pages/reports/SessionsReport.tsx(399,21): error TS17004: Cannot use JSX unless the '--jsx' flag is provided.
src/pages/reports/SessionsReport.tsx(400,23): error TS17004: Cannot use JSX unless the '--jsx' flag is provided.
src/pages/reports/SessionsReport.tsx(401,25): error TS17004: Cannot use JSX unless the '--jsx' flag is provided.
src/pages/reports/SessionsReport.tsx(408,25): error TS17004: Cannot use JSX unless the '--jsx' flag is provided.
src/pages/reports/SessionsReport.tsx(415,21): error TS17004: Cannot use JSX unless the '--jsx' flag is provided.
src/pages/reports/SessionsReport.tsx(416,23): error TS17004: Cannot use JSX unless the '--jsx' flag is provided.
src/pages/reports/SessionsReport.tsx(417,25): error TS17004: Cannot use JSX unless the '--jsx' flag is provided.
src/pages/reports/SessionsReport.tsx(418,27): error TS17004: Cannot use JSX unless the '--jsx' flag is provided.
src/pages/reports/SessionsReport.tsx(419,27): error TS17004: Cannot use JSX unless the '--jsx' flag is provided.
src/pages/reports/SessionsReport.tsx(423,25): error TS17004: Cannot use JSX unless the '--jsx' flag is provided.
src/pages/reports/SessionsReport.tsx(424,27): error TS17004: Cannot use JSX unless the '--jsx' flag is provided.
src/pages/reports/SessionsReport.tsx(427,27): error TS17004: Cannot use JSX unless the '--jsx' flag is provided.
src/pages/reports/SessionsReport.tsx(430,27): error TS17004: Cannot use JSX unless the '--jsx' flag is provided.
src/pages/reports/SessionsReport.tsx(437,23): error TS17004: Cannot use JSX unless the '--jsx' flag is provided.
src/pages/reports/SessionsReport.tsx(438,25): error TS17004: Cannot use JSX unless the '--jsx' flag is provided.
src/pages/reports/SessionsReport.tsx(439,25): error TS17004: Cannot use JSX unless the '--jsx' flag is provided.
src/pages/reports/SessionsReport.tsx(440,27): error TS17004: Cannot use JSX unless the '--jsx' flag is provided.
src/pages/reports/SessionsReport.tsx(443,27): error TS17004: Cannot use JSX unless the '--jsx' flag is provided.
src/pages/reports/SessionsReport.tsx(453,25): error TS17004: Cannot use JSX unless the '--jsx' flag is provided.
src/pages/reports/SessionsReport.tsx(455,29): error TS17004: Cannot use JSX unless the '--jsx' flag is provided.
src/pages/reports/SessionsReport.tsx(456,31): error TS17004: Cannot use JSX unless the '--jsx' flag is provided.
src/pages/reports/SessionsReport.tsx(457,31): error TS17004: Cannot use JSX unless the '--jsx' flag is provided.
src/pages/reports/SessionsReport.tsx(462,29): error TS17004: Cannot use JSX unless the '--jsx' flag is provided.
src/pages/reports/SessionsReport.tsx(463,31): error TS17004: Cannot use JSX unless the '--jsx' flag is provided.
src/pages/reports/SessionsReport.tsx(464,33): error TS17004: Cannot use JSX unless the '--jsx' flag is provided.
src/pages/reports/SessionsReport.tsx(466,31): error TS17004: Cannot use JSX unless the '--jsx' flag is provided.
src/pages/reports/SessionsReport.tsx(473,23): error TS17004: Cannot use JSX unless the '--jsx' flag is provided.
src/pages/reports/SessionsReport.tsx(475,27): error TS17004: Cannot use JSX unless the '--jsx' flag is provided.
src/pages/reports/SessionsReport.tsx(479,29): error TS17004: Cannot use JSX unless the '--jsx' flag is provided.
src/pages/reports/SessionsReport.tsx(485,27): error TS17004: Cannot use JSX unless the '--jsx' flag is provided.
src/pages/reports/SessionsReport.tsx(489,29): error TS17004: Cannot use JSX unless the '--jsx' flag is provided.
src/pages/reports/SessionsReport.tsx(494,25): error TS17004: Cannot use JSX unless the '--jsx' flag is provided.
src/pages/reports/SessionsReport.tsx(498,27): error TS17004: Cannot use JSX unless the '--jsx' flag is provided.
src/pages/reports/SessionsReport.tsx(509,11): error TS17004: Cannot use JSX unless the '--jsx' flag is provided.
src/pages/reports/SessionsReport.tsx(510,13): error TS17004: Cannot use JSX unless the '--jsx' flag is provided.
src/pages/reports/SessionsReport.tsx(511,15): error TS17004: Cannot use JSX unless the '--jsx' flag is provided.
src/pages/reports/SessionsReport.tsx(513,15): error TS17004: Cannot use JSX unless the '--jsx' flag is provided.
src/pages/reports/SessionsReport.tsx(515,17): error TS17004: Cannot use JSX unless the '--jsx' flag is provided.
src/pages/reports/SessionsReport.tsx(516,19): error TS17004: Cannot use JSX unless the '--jsx' flag is provided.
src/pages/reports/SessionsReport.tsx(519,19): error TS17004: Cannot use JSX unless the '--jsx' flag is provided.
src/pages/reports/SessionsReport.tsx(523,17): error TS17004: Cannot use JSX unless the '--jsx' flag is provided.
src/pages/reports/SessionsReport.tsx(524,19): error TS17004: Cannot use JSX unless the '--jsx' flag is provided.
src/pages/reports/SessionsReport.tsx(527,19): error TS17004: Cannot use JSX unless the '--jsx' flag is provided.
src/pages/reports/SessionsReport.tsx(531,17): error TS17004: Cannot use JSX unless the '--jsx' flag is provided.
src/pages/reports/SessionsReport.tsx(532,19): error TS17004: Cannot use JSX unless the '--jsx' flag is provided.
src/pages/reports/SessionsReport.tsx(535,19): error TS17004: Cannot use JSX unless the '--jsx' flag is provided.
src/pages/reports/SessionsReport.tsx(539,17): error TS17004: Cannot use JSX unless the '--jsx' flag is provided.
src/pages/reports/SessionsReport.tsx(540,19): error TS17004: Cannot use JSX unless the '--jsx' flag is provided.
src/pages/reports/SessionsReport.tsx(543,19): error TS17004: Cannot use JSX unless the '--jsx' flag is provided.
src/pages/reports/SessionsReport.tsx(547,17): error TS17004: Cannot use JSX unless the '--jsx' flag is provided.
src/pages/reports/SessionsReport.tsx(548,19): error TS17004: Cannot use JSX unless the '--jsx' flag is provided.
src/pages/reports/SessionsReport.tsx(554,19): error TS17004: Cannot use JSX unless the '--jsx' flag is provided.
src/pages/ReportsPage.tsx(8,25): error TS6142: Module '../components/ui/Sidebar' was resolved to 'c:/Users/juand/OneDrive/Documents/Actividades Sena/9. Proyecto/5. Quinto Trimestre/Focus-Up-FrontEnd/src/components/ui/Sidebar.tsx', but '--jsx' is not set.
src/pages/ReportsPage.tsx(9,28): error TS6142: Module '../components/ui/PageLayout' was resolved to 'c:/Users/juand/OneDrive/Documents/Actividades Sena/9. Proyecto/5. Quinto Trimestre/Focus-Up-FrontEnd/src/components/ui/PageLayout.tsx', but '--jsx' is not set.
src/pages/ReportsPage.tsx(14,32): error TS6142: Module '../contexts/MusicPlayerContext' was resolved to 'c:/Users/juand/OneDrive/Documents/Actividades Sena/9. Proyecto/5. Quinto Trimestre/Focus-Up-FrontEnd/src/contexts/MusicPlayerContext.tsx', but '--jsx' is not set.
src/pages/ReportsPage.tsx(17,41): error TS6142: Module '../providers/ConcentrationSessionProvider' was resolved to 'c:/Users/juand/OneDrive/Documents/Actividades Sena/9. Proyecto/5. Quinto Trimestre/Focus-Up-FrontEnd/src/providers/ConcentrationSessionProvider.tsx', but '--jsx' is not set.
src/pages/ReportsPage.tsx(108,7): error TS2584: Cannot find name 'console'. Do you need to change your target library? Try changing the 'lib' compiler option to include 'dom'.
src/pages/ReportsPage.tsx(136,15): error TS2304: Cannot find name 'fetch'.
src/pages/ReportsPage.tsx(139,40): error TS2304: Cannot find name 'localStorage'.
src/pages/ReportsPage.tsx(156,9): error TS2584: Cannot find name 'console'. Do you need to change your target library? Try changing the 'lib' compiler option to include 'dom'.
src/pages/ReportsPage.tsx(203,7): error TS17004: Cannot use JSX unless the '--jsx' flag is provided.
src/pages/ReportsPage.tsx(204,9): error TS17004: Cannot use JSX unless the '--jsx' flag is provided.
src/pages/ReportsPage.tsx(205,11): error TS17004: Cannot use JSX unless the '--jsx' flag is provided.
src/pages/ReportsPage.tsx(206,11): error TS17004: Cannot use JSX unless the '--jsx' flag is provided.
src/pages/ReportsPage.tsx(214,7): error TS17004: Cannot use JSX unless the '--jsx' flag is provided.
src/pages/ReportsPage.tsx(215,9): error TS17004: Cannot use JSX unless the '--jsx' flag is provided.
src/pages/ReportsPage.tsx(216,11): error TS17004: Cannot use JSX unless the '--jsx' flag is provided.
src/pages/ReportsPage.tsx(217,13): error TS17004: Cannot use JSX unless the '--jsx' flag is provided.
src/pages/ReportsPage.tsx(219,11): error TS17004: Cannot use JSX unless the '--jsx' flag is provided.
src/pages/ReportsPage.tsx(220,11): error TS17004: Cannot use JSX unless the '--jsx' flag is provided.
src/pages/ReportsPage.tsx(221,11): error TS17004: Cannot use JSX unless the '--jsx' flag is provided.
src/pages/ReportsPage.tsx(269,5): error TS17004: Cannot use JSX unless the '--jsx' flag is provided.
src/pages/ReportsPage.tsx(271,16): error TS17004: Cannot use JSX unless the '--jsx' flag is provided.
src/pages/ReportsPage.tsx(273,7): error TS17004: Cannot use JSX unless the '--jsx' flag is provided.
src/pages/ReportsPage.tsx(274,9): error TS17004: Cannot use JSX unless the '--jsx' flag is provided.
src/pages/ReportsPage.tsx(275,11): error TS17004: Cannot use JSX unless the '--jsx' flag is provided.
src/pages/ReportsPage.tsx(278,11): error TS17004: Cannot use JSX unless the '--jsx' flag is provided.
src/pages/ReportsPage.tsx(279,13): error TS17004: Cannot use JSX unless the '--jsx' flag is provided.
src/pages/ReportsPage.tsx(280,15): error TS17004: Cannot use JSX unless the '--jsx' flag is provided.
src/pages/ReportsPage.tsx(290,15): error TS17004: Cannot use JSX unless the '--jsx' flag is provided.
src/pages/ReportsPage.tsx(305,13): error TS17004: Cannot use JSX unless the '--jsx' flag is provided.
src/pages/ReportsPage.tsx(306,15): error TS17004: Cannot use JSX unless the '--jsx' flag is provided.
src/pages/ReportsPage.tsx(307,17): error TS17004: Cannot use JSX unless the '--jsx' flag is provided.
src/pages/ReportsPage.tsx(317,17): error TS17004: Cannot use JSX unless the '--jsx' flag is provided.
src/pages/ReportsPage.tsx(327,17): error TS17004: Cannot use JSX unless the '--jsx' flag is provided.
src/pages/ReportsPage.tsx(338,15): error TS17004: Cannot use JSX unless the '--jsx' flag is provided.
src/pages/ReportsPage.tsx(343,17): error TS17004: Cannot use JSX unless the '--jsx' flag is provided.
src/pages/ReportsPage.tsx(350,13): error TS17004: Cannot use JSX unless the '--jsx' flag is provided.
src/pages/ReportsPage.tsx(351,15): error TS17004: Cannot use JSX unless the '--jsx' flag is provided.
src/pages/ReportsPage.tsx(352,17): error TS17004: Cannot use JSX unless the '--jsx' flag is provided.
src/pages/ReportsPage.tsx(362,17): error TS17004: Cannot use JSX unless the '--jsx' flag is provided.
src/pages/ReportsPage.tsx(372,17): error TS17004: Cannot use JSX unless the '--jsx' flag is provided.
src/pages/ReportsPage.tsx(383,15): error TS17004: Cannot use JSX unless the '--jsx' flag is provided.
src/pages/ReportsPage.tsx(388,17): error TS17004: Cannot use JSX unless the '--jsx' flag is provided.
src/pages/ReportsPage.tsx(395,9): error TS17004: Cannot use JSX unless the '--jsx' flag is provided.
src/pages/ReportsPage.tsx(397,13): error TS17004: Cannot use JSX unless the '--jsx' flag is provided.
src/pages/ReportsPage.tsx(405,19): error TS17004: Cannot use JSX unless the '--jsx' flag is provided.
src/pages/ReportsPage.tsx(413,39): error TS2812: Property 'style' does not exist on type 'EventTarget & HTMLDivElement'. Try changing the 'lib' compiler option to include 'dom'.
src/pages/ReportsPage.tsx(416,39): error TS2812: Property 'style' does not exist on type 'EventTarget & HTMLDivElement'. Try changing the 'lib' compiler option to include 'dom'.
src/pages/ReportsPage.tsx(420,21): error TS17004: Cannot use JSX unless the '--jsx' flag is provided.
src/pages/ReportsPage.tsx(422,23): error TS17004: Cannot use JSX unless the '--jsx' flag is provided.
src/pages/ReportsPage.tsx(424,27): error TS17004: Cannot use JSX unless the '--jsx' flag is provided.
src/pages/ReportsPage.tsx(426,31): error TS17004: Cannot use JSX unless the '--jsx' flag is provided.
src/pages/ReportsPage.tsx(428,29): error TS17004: Cannot use JSX unless the '--jsx' flag is provided.
src/pages/ReportsPage.tsx(435,40): error TS2812: Property 'style' does not exist on type 'HTMLImageElement'. Try changing the 'lib' compiler option to include 'dom'.
src/pages/ReportsPage.tsx(436,55): error TS2812: Property 'parentElement' does not exist on type 'HTMLImageElement'. Try changing the 'lib' compiler option to include 'dom'.
src/pages/ReportsPage.tsx(438,49): error TS2584: Cannot find name 'document'. Do you need to change your target library? Try changing the 'lib' compiler option to include 'dom'.
src/pages/ReportsPage.tsx(447,27): error TS17004: Cannot use JSX unless the '--jsx' flag is provided.
src/pages/ReportsPage.tsx(451,25): error TS17004: Cannot use JSX unless the '--jsx' flag is provided.
src/pages/ReportsPage.tsx(452,27): error TS17004: Cannot use JSX unless the '--jsx' flag is provided.
src/pages/ReportsPage.tsx(484,31): error TS17004: Cannot use JSX unless the '--jsx' flag is provided.
src/pages/ReportsPage.tsx(486,31): error TS17004: Cannot use JSX unless the '--jsx' flag is provided.
src/pages/ReportsPage.tsx(494,23): error TS17004: Cannot use JSX unless the '--jsx' flag is provided.
src/pages/ReportsPage.tsx(496,25): error TS17004: Cannot use JSX unless the '--jsx' flag is provided.
src/pages/ReportsPage.tsx(497,27): error TS17004: Cannot use JSX unless the '--jsx' flag is provided.
src/pages/ReportsPage.tsx(498,29): error TS17004: Cannot use JSX unless the '--jsx' flag is provided.
src/pages/ReportsPage.tsx(502,29): error TS17004: Cannot use JSX unless the '--jsx' flag is provided.
src/pages/ReportsPage.tsx(506,27): error TS17004: Cannot use JSX unless the '--jsx' flag is provided.
src/pages/ReportsPage.tsx(512,25): error TS17004: Cannot use JSX unless the '--jsx' flag is provided.
src/pages/ReportsPage.tsx(513,27): error TS17004: Cannot use JSX unless the '--jsx' flag is provided.
src/pages/ReportsPage.tsx(514,29): error TS17004: Cannot use JSX unless the '--jsx' flag is provided.
src/pages/ReportsPage.tsx(537,25): error TS17004: Cannot use JSX unless the '--jsx' flag is provided.
src/pages/ReportsPage.tsx(538,27): error TS17004: Cannot use JSX unless the '--jsx' flag is provided.
src/pages/ReportsPage.tsx(554,25): error TS17004: Cannot use JSX unless the '--jsx' flag is provided.
src/pages/ReportsPage.tsx(555,27): error TS17004: Cannot use JSX unless the '--jsx' flag is provided.
src/pages/ReportsPage.tsx(558,27): error TS17004: Cannot use JSX unless the '--jsx' flag is provided.
src/pages/ReportsPage.tsx(560,31): error TS17004: Cannot use JSX unless the '--jsx' flag is provided.
src/pages/ReportsPage.tsx(568,33): error TS17004: Cannot use JSX unless the '--jsx' flag is provided.
src/pages/ReportsPage.tsx(571,29): error TS17004: Cannot use JSX unless the '--jsx' flag is provided.
src/pages/ReportsPage.tsx(580,35): error TS2304: Cannot find name 'localStorage'.
src/pages/ReportsPage.tsx(581,35): error TS2304: Cannot find name 'localStorage'.
src/pages/ReportsPage.tsx(582,35): error TS2304: Cannot find name 'localStorage'.
src/pages/ReportsPage.tsx(599,35): error TS2304: Cannot find name 'setTimeout'.
src/pages/ReportsPage.tsx(632,33): error TS17004: Cannot use JSX unless the '--jsx' flag is provided.
src/pages/ReportsPage.tsx(646,17): error TS17004: Cannot use JSX unless the '--jsx' flag is provided.
src/pages/ReportsPage.tsx(647,19): error TS17004: Cannot use JSX unless the '--jsx' flag is provided.
src/pages/ReportsPage.tsx(654,13): error TS17004: Cannot use JSX unless the '--jsx' flag is provided.
src/pages/ReportsPage.tsx(656,17): error TS17004: Cannot use JSX unless the '--jsx' flag is provided.
src/pages/ReportsPage.tsx(681,19): error TS17004: Cannot use JSX unless the '--jsx' flag is provided.
src/pages/ReportsPage.tsx(682,21): error TS17004: Cannot use JSX unless the '--jsx' flag is provided.
src/pages/ReportsPage.tsx(685,21): error TS17004: Cannot use JSX unless the '--jsx' flag is provided.
src/pages/ReportsPage.tsx(687,25): error TS17004: Cannot use JSX unless the '--jsx' flag is provided.
src/pages/ReportsPage.tsx(692,31): error TS2584: Cannot find name 'console'. Do you need to change your target library? Try changing the 'lib' compiler option to include 'dom'.
src/pages/ReportsPage.tsx(693,31): error TS2584: Cannot find name 'console'. Do you need to change your target library? Try changing the 'lib' compiler option to include 'dom'.
src/pages/ReportsPage.tsx(697,31): error TS2584: Cannot find name 'console'. Do you need to change your target library? Try changing the 'lib' compiler option to include 'dom'.
src/pages/ReportsPage.tsx(700,31): error TS2584: Cannot find name 'console'. Do you need to change your target library? Try changing the 'lib' compiler option to include 'dom'.
src/pages/ReportsPage.tsx(707,31): error TS2304: Cannot find name 'localStorage'.
src/pages/ReportsPage.tsx(708,31): error TS2304: Cannot find name 'localStorage'.
src/pages/ReportsPage.tsx(710,31): error TS2584: Cannot find name 'console'. Do you need to change your target library? Try changing the 'lib' compiler option to include 'dom'.
src/pages/ReportsPage.tsx(716,33): error TS2304: Cannot find name 'setTimeout'.
src/pages/ReportsPage.tsx(719,31): error TS2584: Cannot find name 'console'. Do you need to change your target library? Try changing the 'lib' compiler option to include 'dom'.
src/pages/ReportsPage.tsx(723,33): error TS2584: Cannot find name 'console'. Do you need to change your target library? Try changing the 'lib' compiler option to include 'dom'.
src/pages/ReportsPage.tsx(727,33): error TS2584: Cannot find name 'console'. Do you need to change your target library? Try changing the 'lib' compiler option to include 'dom'.
src/pages/ReportsPage.tsx(730,33): error TS2584: Cannot find name 'console'. Do you need to change your target library? Try changing the 'lib' compiler option to include 'dom'.
src/pages/ReportsPage.tsx(734,33): error TS2584: Cannot find name 'console'. Do you need to change your target library? Try changing the 'lib' compiler option to include 'dom'.
src/pages/ReportsPage.tsx(738,35): error TS2584: Cannot find name 'console'. Do you need to change your target library? Try changing the 'lib' compiler option to include 'dom'.
src/pages/ReportsPage.tsx(741,35): error TS2584: Cannot find name 'console'. Do you need to change your target library? Try changing the 'lib' compiler option to include 'dom'.
src/pages/ReportsPage.tsx(744,35): error TS2584: Cannot find name 'console'. Do you need to change your target library? Try changing the 'lib' compiler option to include 'dom'.
src/pages/ReportsPage.tsx(747,35): error TS2584: Cannot find name 'console'. Do you need to change your target library? Try changing the 'lib' compiler option to include 'dom'.
src/pages/ReportsPage.tsx(750,35): error TS2584: Cannot find name 'console'. Do you need to change your target library? Try changing the 'lib' compiler option to include 'dom'.
src/pages/ReportsPage.tsx(753,35): error TS2584: Cannot find name 'console'. Do you need to change your target library? Try changing the 'lib' compiler option to include 'dom'.
src/pages/ReportsPage.tsx(756,35): error TS2584: Cannot find name 'console'. Do you need to change your target library? Try changing the 'lib' compiler option to include 'dom'.
src/pages/ReportsPage.tsx(762,33): error TS2304: Cannot find name 'setTimeout'.
src/pages/ReportsPage.tsx(778,33): error TS2584: Cannot find name 'console'. Do you need to change your target library? Try changing the 'lib' compiler option to include 'dom'.
src/pages/ReportsPage.tsx(781,33): error TS2304: Cannot find name 'setTimeout'.
src/pages/ReportsPage.tsx(801,33): error TS2584: Cannot find name 'console'. Do you need to change your target library? Try changing the 'lib' compiler option to include 'dom'.
src/pages/ReportsPage.tsx(803,33): error TS2304: Cannot find name 'setTimeout'.
src/pages/ReportsPage.tsx(805,37): error TS2584: Cannot find name 'console'. Do you need to change your target library? Try changing the 'lib' compiler option to include 'dom'.
src/pages/ReportsPage.tsx(809,37): error TS2584: Cannot find name 'console'. Do you need to change your target library? Try changing the 'lib' compiler option to include 'dom'.
src/pages/ReportsPage.tsx(812,39): error TS2584: Cannot find name 'console'. Do you need to change your target library? Try changing the 'lib' compiler option to include 'dom'.
src/pages/ReportsPage.tsx(815,39): error TS2584: Cannot find name 'console'. Do you need to change your target library? Try changing the 'lib' compiler option to include 'dom'.
src/pages/ReportsPage.tsx(831,39): error TS2584: Cannot find name 'console'. Do you need to change your target library? Try changing the 'lib' compiler option to include 'dom'.
src/pages/ReportsPage.tsx(834,37): error TS2584: Cannot find name 'console'. Do you need to change your target library? Try changing the 'lib' compiler option to include 'dom'.
src/pages/ReportsPage.tsx(838,33): error TS2584: Cannot find name 'console'. Do you need to change your target library? Try changing the 'lib' compiler option to include 'dom'.
src/pages/ReportsPage.tsx(841,31): error TS2584: Cannot find name 'console'. Do you need to change your target library? Try changing the 'lib' compiler option to include 'dom'.
src/pages/ReportsPage.tsx(863,23): error TS17004: Cannot use JSX unless the '--jsx' flag is provided.
src/pages/ReportsPage.tsx(871,25): error TS17004: Cannot use JSX unless the '--jsx' flag is provided.
src/pages/ReportsPage.tsx(878,21): error TS17004: Cannot use JSX unless the '--jsx' flag is provided.
src/pages/ReportsPage.tsx(880,25): error TS17004: Cannot use JSX unless the '--jsx' flag is provided.
src/pages/ReportsPage.tsx(887,27): error TS17004: Cannot use JSX unless the '--jsx' flag is provided.
src/pages/ReportsPage.tsx(888,27): error TS17004: Cannot use JSX unless the '--jsx' flag is provided.
src/pages/ReportsPage.tsx(893,25): error TS17004: Cannot use JSX unless the '--jsx' flag is provided.
src/pages/ReportsPage.tsx(900,27): error TS17004: Cannot use JSX unless the '--jsx' flag is provided.
src/pages/ReportsPage.tsx(901,27): error TS17004: Cannot use JSX unless the '--jsx' flag is provided.
src/pages/ReportsPage.tsx(908,19): error TS17004: Cannot use JSX unless the '--jsx' flag is provided.
src/pages/ReportsPage.tsx(909,21): error TS17004: Cannot use JSX unless the '--jsx' flag is provided.
src/pages/ReportsPage.tsx(910,23): error TS17004: Cannot use JSX unless the '--jsx' flag is provided.
src/pages/ReportsPage.tsx(911,23): error TS17004: Cannot use JSX unless the '--jsx' flag is provided.
src/pages/ReportsPage.tsx(915,21): error TS17004: Cannot use JSX unless the '--jsx' flag is provided.
src/pages/ReportsPage.tsx(926,17): error TS17004: Cannot use JSX unless the '--jsx' flag is provided.
src/pages/ReportsPage.tsx(927,19): error TS17004: Cannot use JSX unless the '--jsx' flag is provided.
src/pages/ReportsPage.tsx(937,9): error TS17004: Cannot use JSX unless the '--jsx' flag is provided.
src/pages/ReportsPage.tsx(938,11): error TS17004: Cannot use JSX unless the '--jsx' flag is provided.
src/pages/ReportsPage.tsx(940,13): error TS17004: Cannot use JSX unless the '--jsx' flag is provided.
src/pages/ReportsPage.tsx(941,15): error TS17004: Cannot use JSX unless the '--jsx' flag is provided.
src/pages/ReportsPage.tsx(942,17): error TS17004: Cannot use JSX unless the '--jsx' flag is provided.
src/pages/ReportsPage.tsx(945,17): error TS17004: Cannot use JSX unless the '--jsx' flag is provided.
src/pages/ReportsPage.tsx(949,19): error TS17004: Cannot use JSX unless the '--jsx' flag is provided.
src/pages/ReportsPage.tsx(955,13): error TS17004: Cannot use JSX unless the '--jsx' flag is provided.
src/pages/ReportsPage.tsx(957,17): error TS17004: Cannot use JSX unless the '--jsx' flag is provided.
src/pages/ReportsPage.tsx(967,23): error TS17004: Cannot use JSX unless the '--jsx' flag is provided.
src/pages/ReportsPage.tsx(969,25): error TS17004: Cannot use JSX unless the '--jsx' flag is provided.
src/pages/ReportsPage.tsx(970,27): error TS17004: Cannot use JSX unless the '--jsx' flag is provided.
src/pages/ReportsPage.tsx(971,29): error TS17004: Cannot use JSX unless the '--jsx' flag is provided.
src/pages/ReportsPage.tsx(972,29): error TS17004: Cannot use JSX unless the '--jsx' flag is provided.
src/pages/ReportsPage.tsx(974,27): error TS17004: Cannot use JSX unless the '--jsx' flag is provided.
src/pages/ReportsPage.tsx(975,29): error TS17004: Cannot use JSX unless the '--jsx' flag is provided.
src/pages/ReportsPage.tsx(976,29): error TS17004: Cannot use JSX unless the '--jsx' flag is provided.
src/pages/ReportsPage.tsx(978,27): error TS17004: Cannot use JSX unless the '--jsx' flag is provided.
src/pages/ReportsPage.tsx(979,29): error TS17004: Cannot use JSX unless the '--jsx' flag is provided.
src/pages/ReportsPage.tsx(980,29): error TS17004: Cannot use JSX unless the '--jsx' flag is provided.
src/pages/ReportsPage.tsx(982,27): error TS17004: Cannot use JSX unless the '--jsx' flag is provided.
src/pages/ReportsPage.tsx(983,29): error TS17004: Cannot use JSX unless the '--jsx' flag is provided.
src/pages/ReportsPage.tsx(984,29): error TS17004: Cannot use JSX unless the '--jsx' flag is provided.
src/pages/ReportsPage.tsx(989,25): error TS17004: Cannot use JSX unless the '--jsx' flag is provided.
src/pages/ReportsPage.tsx(990,27): error TS17004: Cannot use JSX unless the '--jsx' flag is provided.
src/pages/ReportsPage.tsx(991,27): error TS17004: Cannot use JSX unless the '--jsx' flag is provided.
src/pages/ReportsPage.tsx(996,33): error TS17004: Cannot use JSX unless the '--jsx' flag is provided.
src/pages/ReportsPage.tsx(997,35): error TS17004: Cannot use JSX unless the '--jsx' flag is provided.
src/pages/ReportsPage.tsx(998,37): error TS17004: Cannot use JSX unless the '--jsx' flag is provided.
src/pages/ReportsPage.tsx(999,37): error TS17004: Cannot use JSX unless the '--jsx' flag is provided.
src/pages/ReportsPage.tsx(1001,35): error TS17004: Cannot use JSX unless the '--jsx' flag is provided.
src/pages/ReportsPage.tsx(1002,37): error TS17004: Cannot use JSX unless the '--jsx' flag is provided.
src/pages/ReportsPage.tsx(1003,37): error TS17004: Cannot use JSX unless the '--jsx' flag is provided.
src/pages/ReportsPage.tsx(1012,25): error TS17004: Cannot use JSX unless the '--jsx' flag is provided.
src/pages/ReportsPage.tsx(1013,27): error TS17004: Cannot use JSX unless the '--jsx' flag is provided.
src/pages/ReportsPage.tsx(1014,27): error TS17004: Cannot use JSX unless the '--jsx' flag is provided.
src/pages/ReportsPage.tsx(1022,31): error TS17004: Cannot use JSX unless the '--jsx' flag is provided.
src/pages/ReportsPage.tsx(1023,33): error TS17004: Cannot use JSX unless the '--jsx' flag is provided.
src/pages/ReportsPage.tsx(1024,33): error TS17004: Cannot use JSX unless the '--jsx' flag is provided.
src/pages/ReportsPage.tsx(1025,35): error TS17004: Cannot use JSX unless the '--jsx' flag is provided.
src/pages/ReportsPage.tsx(1030,33): error TS17004: Cannot use JSX unless the '--jsx' flag is provided.
src/pages/ReportsPage.tsx(1042,17): error TS17004: Cannot use JSX unless the '--jsx' flag is provided.
src/pages/ReportsPage.tsx(1054,23): error TS17004: Cannot use JSX unless the '--jsx' flag is provided.
src/pages/ReportsPage.tsx(1056,25): error TS17004: Cannot use JSX unless the '--jsx' flag is provided.
src/pages/ReportsPage.tsx(1057,27): error TS17004: Cannot use JSX unless the '--jsx' flag is provided.
src/pages/ReportsPage.tsx(1058,29): error TS17004: Cannot use JSX unless the '--jsx' flag is provided.
src/pages/ReportsPage.tsx(1059,29): error TS17004: Cannot use JSX unless the '--jsx' flag is provided.
src/pages/ReportsPage.tsx(1061,27): error TS17004: Cannot use JSX unless the '--jsx' flag is provided.
src/pages/ReportsPage.tsx(1062,29): error TS17004: Cannot use JSX unless the '--jsx' flag is provided.
src/pages/ReportsPage.tsx(1063,29): error TS17004: Cannot use JSX unless the '--jsx' flag is provided.
src/pages/ReportsPage.tsx(1065,27): error TS17004: Cannot use JSX unless the '--jsx' flag is provided.
src/pages/ReportsPage.tsx(1066,29): error TS17004: Cannot use JSX unless the '--jsx' flag is provided.
src/pages/ReportsPage.tsx(1067,29): error TS17004: Cannot use JSX unless the '--jsx' flag is provided.
src/pages/ReportsPage.tsx(1069,27): error TS17004: Cannot use JSX unless the '--jsx' flag is provided.
src/pages/ReportsPage.tsx(1070,29): error TS17004: Cannot use JSX unless the '--jsx' flag is provided.
src/pages/ReportsPage.tsx(1071,29): error TS17004: Cannot use JSX unless the '--jsx' flag is provided.
src/pages/ReportsPage.tsx(1076,25): error TS17004: Cannot use JSX unless the '--jsx' flag is provided.
src/pages/ReportsPage.tsx(1077,27): error TS17004: Cannot use JSX unless the '--jsx' flag is provided.
src/pages/ReportsPage.tsx(1078,29): error TS17004: Cannot use JSX unless the '--jsx' flag is provided.
src/pages/ReportsPage.tsx(1079,29): error TS17004: Cannot use JSX unless the '--jsx' flag is provided.
src/pages/ReportsPage.tsx(1080,31): error TS17004: Cannot use JSX unless the '--jsx' flag is provided.
src/pages/ReportsPage.tsx(1081,33): error TS17004: Cannot use JSX unless the '--jsx' flag is provided.
src/pages/ReportsPage.tsx(1082,33): error TS17004: Cannot use JSX unless the '--jsx' flag is provided.
src/pages/ReportsPage.tsx(1084,31): error TS17004: Cannot use JSX unless the '--jsx' flag is provided.
src/pages/ReportsPage.tsx(1085,33): error TS17004: Cannot use JSX unless the '--jsx' flag is provided.
src/pages/ReportsPage.tsx(1086,33): error TS17004: Cannot use JSX unless the '--jsx' flag is provided.
src/pages/ReportsPage.tsx(1090,31): error TS17004: Cannot use JSX unless the '--jsx' flag is provided.
src/pages/ReportsPage.tsx(1091,33): error TS17004: Cannot use JSX unless the '--jsx' flag is provided.
src/pages/ReportsPage.tsx(1092,33): error TS17004: Cannot use JSX unless the '--jsx' flag is provided.
src/pages/ReportsPage.tsx(1099,27): error TS17004: Cannot use JSX unless the '--jsx' flag is provided.
src/pages/ReportsPage.tsx(1100,29): error TS17004: Cannot use JSX unless the '--jsx' flag is provided.
src/pages/ReportsPage.tsx(1101,29): error TS17004: Cannot use JSX unless the '--jsx' flag is provided.
src/pages/ReportsPage.tsx(1102,31): error TS17004: Cannot use JSX unless the '--jsx' flag is provided.
src/pages/ReportsPage.tsx(1103,33): error TS17004: Cannot use JSX unless the '--jsx' flag is provided.
src/pages/ReportsPage.tsx(1104,33): error TS17004: Cannot use JSX unless the '--jsx' flag is provided.
src/pages/ReportsPage.tsx(1106,31): error TS17004: Cannot use JSX unless the '--jsx' flag is provided.
src/pages/ReportsPage.tsx(1107,33): error TS17004: Cannot use JSX unless the '--jsx' flag is provided.
src/pages/ReportsPage.tsx(1108,33): error TS17004: Cannot use JSX unless the '--jsx' flag is provided.
src/pages/ReportsPage.tsx(1110,31): error TS17004: Cannot use JSX unless the '--jsx' flag is provided.
src/pages/ReportsPage.tsx(1111,33): error TS17004: Cannot use JSX unless the '--jsx' flag is provided.
src/pages/ReportsPage.tsx(1112,33): error TS17004: Cannot use JSX unless the '--jsx' flag is provided.
src/pages/ReportsPage.tsx(1119,25): error TS17004: Cannot use JSX unless the '--jsx' flag is provided.
src/pages/ReportsPage.tsx(1120,27): error TS17004: Cannot use JSX unless the '--jsx' flag is provided.
src/pages/ReportsPage.tsx(1121,27): error TS17004: Cannot use JSX unless the '--jsx' flag is provided.
src/pages/ReportsPage.tsx(1122,29): error TS17004: Cannot use JSX unless the '--jsx' flag is provided.
src/pages/ReportsPage.tsx(1123,31): error TS17004: Cannot use JSX unless the '--jsx' flag is provided.
src/pages/ReportsPage.tsx(1124,33): error TS17004: Cannot use JSX unless the '--jsx' flag is provided.
src/pages/ReportsPage.tsx(1127,33): error TS17004: Cannot use JSX unless the '--jsx' flag is provided.
src/pages/ReportsPage.tsx(1130,29): error TS17004: Cannot use JSX unless the '--jsx' flag is provided.
src/pages/ReportsPage.tsx(1131,31): error TS17004: Cannot use JSX unless the '--jsx' flag is provided.
src/pages/ReportsPage.tsx(1132,33): error TS17004: Cannot use JSX unless the '--jsx' flag is provided.
src/pages/ReportsPage.tsx(1133,33): error TS17004: Cannot use JSX unless the '--jsx' flag is provided.
src/pages/ReportsPage.tsx(1135,31): error TS17004: Cannot use JSX unless the '--jsx' flag is provided.
src/pages/ReportsPage.tsx(1136,33): error TS17004: Cannot use JSX unless the '--jsx' flag is provided.
src/pages/ReportsPage.tsx(1137,33): error TS17004: Cannot use JSX unless the '--jsx' flag is provided.
src/providers/ConcentrationSessionProvider.tsx(25,1): error TS6133: 'useMusicPlayer' is declared but its value is never read.
src/providers/ConcentrationSessionProvider.tsx(25,32): error TS6142: Module '../contexts/MusicPlayerContext' was resolved to 'c:/Users/juand/OneDrive/Documents/Actividades Sena/9. Proyecto/5. Quinto Trimestre/Focus-Up-FrontEnd/src/contexts/MusicPlayerContext.tsx', but '--jsx' is not set.
src/providers/ConcentrationSessionProvider.tsx(26,1): error TS6133: 'replaceIfSessionAlbum' is declared but its value is never read.
src/providers/ConcentrationSessionProvider.tsx(27,1): error TS6133: 'getSongsByAlbumId' is declared but its value is never read.
src/providers/ConcentrationSessionProvider.tsx(127,22): error TS2304: Cannot find name 'localStorage'.
src/providers/ConcentrationSessionProvider.tsx(128,28): error TS2304: Cannot find name 'localStorage'.
src/providers/ConcentrationSessionProvider.tsx(135,11): error TS2584: Cannot find name 'console'. Do you need to change your target library? Try changing the 'lib' compiler option to include 'dom'.
src/providers/ConcentrationSessionProvider.tsx(136,11): error TS2304: Cannot find name 'localStorage'.
src/providers/ConcentrationSessionProvider.tsx(137,11): error TS2304: Cannot find name 'localStorage'.
src/providers/ConcentrationSessionProvider.tsx(146,11): error TS2584: Cannot find name 'console'. Do you need to change your target library? Try changing the 'lib' compiler option to include 'dom'.
src/providers/ConcentrationSessionProvider.tsx(147,11): error TS2304: Cannot find name 'localStorage'.
src/providers/ConcentrationSessionProvider.tsx(148,11): error TS2304: Cannot find name 'localStorage'.
src/providers/ConcentrationSessionProvider.tsx(167,11): error TS2304: Cannot find name 'localStorage'.
src/providers/ConcentrationSessionProvider.tsx(181,7): error TS2584: Cannot find name 'console'. Do you need to change your target library? Try changing the 'lib' compiler option to include 'dom'.
src/providers/ConcentrationSessionProvider.tsx(182,7): error TS2304: Cannot find name 'localStorage'.
src/providers/ConcentrationSessionProvider.tsx(218,7): error TS2584: Cannot find name 'console'. Do you need to change your target library? Try changing the 'lib' compiler option to include 'dom'.
src/providers/ConcentrationSessionProvider.tsx(239,7): error TS2584: Cannot find name 'console'. Do you need to change your target library? Try changing the 'lib' compiler option to include 'dom'.
src/providers/ConcentrationSessionProvider.tsx(260,9): error TS2304: Cannot find name 'localStorage'.
src/providers/ConcentrationSessionProvider.tsx(262,9): error TS2304: Cannot find name 'localStorage'.
src/providers/ConcentrationSessionProvider.tsx(265,7): error TS2584: Cannot find name 'console'. Do you need to change your target library? Try changing the 'lib' compiler option to include 'dom'.
src/providers/ConcentrationSessionProvider.tsx(305,7): error TS2584: Cannot find name 'console'. Do you need to change your target library? Try changing the 'lib' compiler option to include 'dom'.
src/providers/ConcentrationSessionProvider.tsx(324,5): error TS2584: Cannot find name 'console'. Do you need to change your target library? Try changing the 'lib' compiler option to include 'dom'.
src/providers/ConcentrationSessionProvider.tsx(326,7): error TS2584: Cannot find name 'console'. Do you need to change your target library? Try changing the 'lib' compiler option to include 'dom'.
src/providers/ConcentrationSessionProvider.tsx(338,7): error TS2584: Cannot find name 'console'. Do you need to change your target library? Try changing the 'lib' compiler option to include 'dom'.
src/providers/ConcentrationSessionProvider.tsx(341,11): error TS2304: Cannot find name 'navigator'.
src/providers/ConcentrationSessionProvider.tsx(343,9): error TS2584: Cannot find name 'console'. Do you need to change your target library? Try changing the 'lib' compiler option to include 'dom'.
src/providers/ConcentrationSessionProvider.tsx(346,9): error TS2584: Cannot find name 'console'. Do you need to change your target library? Try changing the 'lib' compiler option to include 'dom'.
src/providers/ConcentrationSessionProvider.tsx(370,7): error TS2584: Cannot find name 'console'. Do you need to change your target library? Try changing the 'lib' compiler option to include 'dom'.
src/providers/ConcentrationSessionProvider.tsx(391,11): error TS2304: Cannot find name 'navigator'.
src/providers/ConcentrationSessionProvider.tsx(418,7): error TS2584: Cannot find name 'console'. Do you need to change your target library? Try changing the 'lib' compiler option to include 'dom'.
src/providers/ConcentrationSessionProvider.tsx(442,11): error TS2304: Cannot find name 'navigator'.
src/providers/ConcentrationSessionProvider.tsx(464,7): error TS2584: Cannot find name 'console'. Do you need to change your target library? Try changing the 'lib' compiler option to include 'dom'.
src/providers/ConcentrationSessionProvider.tsx(488,11): error TS2304: Cannot find name 'navigator'.
src/providers/ConcentrationSessionProvider.tsx(511,7): error TS2584: Cannot find name 'console'. Do you need to change your target library? Try changing the 'lib' compiler option to include 'dom'.
src/providers/ConcentrationSessionProvider.tsx(623,26): error TS2304: Cannot find name 'localStorage'.
src/providers/ConcentrationSessionProvider.tsx(624,5): error TS2584: Cannot find name 'console'. Do you need to change your target library? Try changing the 'lib' compiler option to include 'dom'.
src/providers/ConcentrationSessionProvider.tsx(627,7): error TS2584: Cannot find name 'console'. Do you need to change your target library? Try changing the 'lib' compiler option to include 'dom'.
src/providers/ConcentrationSessionProvider.tsx(631,24): error TS2304: Cannot find name 'localStorage'.
src/providers/ConcentrationSessionProvider.tsx(632,9): error TS2584: Cannot find name 'console'. Do you need to change your target library? Try changing the 'lib' compiler option to include 'dom'.
src/providers/ConcentrationSessionProvider.tsx(639,13): error TS2584: Cannot find name 'console'. Do you need to change your target library? Try changing the 'lib' compiler option to include 'dom'.
src/providers/ConcentrationSessionProvider.tsx(640,13): error TS2304: Cannot find name 'localStorage'.
src/providers/ConcentrationSessionProvider.tsx(641,13): error TS2304: Cannot find name 'localStorage'.
src/providers/ConcentrationSessionProvider.tsx(647,11): error TS2584: Cannot find name 'console'. Do you need to change your target library? Try changing the 'lib' compiler option to include 'dom'.
src/providers/ConcentrationSessionProvider.tsx(648,11): error TS2584: Cannot find name 'console'. Do you need to change your target library? Try changing the 'lib' compiler option to include 'dom'.
src/providers/ConcentrationSessionProvider.tsx(656,11): error TS2584: Cannot find name 'console'. Do you need to change your target library? Try changing the 'lib' compiler option to include 'dom'.
src/providers/ConcentrationSessionProvider.tsx(657,11): error TS2584: Cannot find name 'console'. Do you need to change your target library? Try changing the 'lib' compiler option to include 'dom'.
src/providers/ConcentrationSessionProvider.tsx(667,11): error TS2584: Cannot find name 'console'. Do you need to change your target library? Try changing the 'lib' compiler option to include 'dom'.
src/providers/ConcentrationSessionProvider.tsx(670,11): error TS2304: Cannot find name 'setTimeout'.
src/providers/ConcentrationSessionProvider.tsx(672,15): error TS2584: Cannot find name 'console'. Do you need to change your target library? Try changing the 'lib' compiler option to include 'dom'.
src/providers/ConcentrationSessionProvider.tsx(677,11): error TS2304: Cannot find name 'localStorage'.
src/providers/ConcentrationSessionProvider.tsx(679,11): error TS2584: Cannot find name 'console'. Do you need to change your target library? Try changing the 'lib' compiler option to include 'dom'.
src/providers/ConcentrationSessionProvider.tsx(682,9): error TS2584: Cannot find name 'console'. Do you need to change your target library? Try changing the 'lib' compiler option to include 'dom'.
src/providers/ConcentrationSessionProvider.tsx(683,9): error TS2304: Cannot find name 'localStorage'.
src/providers/ConcentrationSessionProvider.tsx(686,7): error TS2584: Cannot find name 'console'. Do you need to change your target library? Try changing the 'lib' compiler option to include 'dom'.
src/providers/ConcentrationSessionProvider.tsx(696,9): error TS2584: Cannot find name 'console'. Do you need to change your target library? Try changing the 'lib' compiler option to include 'dom'.
src/providers/ConcentrationSessionProvider.tsx(724,5): error TS17004: Cannot use JSX unless the '--jsx' flag is provided.
src/services/audioService.test.ts(63,39): error TS2584: Cannot find name 'console'. Do you need to change your target library? Try changing the 'lib' compiler option to include 'dom'.
src/services/audioService.test.ts(121,40): error TS2584: Cannot find name 'console'. Do you need to change your target library? Try changing the 'lib' compiler option to include 'dom'.
src/services/sessionService.ts(37,7): error TS2584: Cannot find name 'console'. Do you need to change your target library? Try changing the 'lib' compiler option to include 'dom'.
src/services/sessionService.ts(68,7): error TS2584: Cannot find name 'console'. Do you need to change your target library? Try changing the 'lib' compiler option to include 'dom'.
src/services/sessionService.ts(83,5): error TS2584: Cannot find name 'console'. Do you need to change your target library? Try changing the 'lib' compiler option to include 'dom'.
src/services/sessionService.ts(119,7): error TS2584: Cannot find name 'console'. Do you need to change your target library? Try changing the 'lib' compiler option to include 'dom'.
src/services/sessionService.ts(155,7): error TS2584: Cannot find name 'console'. Do you need to change your target library? Try changing the 'lib' compiler option to include 'dom'.
src/services/sessionService.ts(171,7): error TS2584: Cannot find name 'console'. Do you need to change your target library? Try changing the 'lib' compiler option to include 'dom'.
src/services/sessionService.ts(191,7): error TS2584: Cannot find name 'console'. Do you need to change your target library? Try changing the 'lib' compiler option to include 'dom'.
src/services/sessionService.ts(204,26): error TS2304: Cannot find name 'URLSearchParams'.
src/services/sessionService.ts(219,7): error TS2584: Cannot find name 'console'. Do you need to change your target library? Try changing the 'lib' compiler option to include 'dom'.
src/services/sessionService.ts(236,7): error TS2584: Cannot find name 'console'. Do you need to change your target library? Try changing the 'lib' compiler option to include 'dom'.
src/shared/components/ui/Button.tsx(46,5): error TS17004: Cannot use JSX unless the '--jsx' flag is provided.
src/shared/components/ui/Button.tsx(48,9): error TS17004: Cannot use JSX unless the '--jsx' flag is provided.
src/shared/components/ui/Button.tsx(49,11): error TS17004: Cannot use JSX unless the '--jsx' flag is provided.
src/shared/components/ui/FinishLaterModal.tsx(26,51): error TS2812: Property 'querySelectorAll' does not exist on type 'HTMLDivElement'. Try changing the 'lib' compiler option to include 'dom'.
src/shared/components/ui/FinishLaterModal.tsx(33,15): error TS2339: Property 'key' does not exist on type 'KeyboardEvent'.
src/shared/components/ui/FinishLaterModal.tsx(34,17): error TS2339: Property 'shiftKey' does not exist on type 'KeyboardEvent'.
src/shared/components/ui/FinishLaterModal.tsx(35,17): error TS2584: Cannot find name 'document'. Do you need to change your target library? Try changing the 'lib' compiler option to include 'dom'.
src/shared/components/ui/FinishLaterModal.tsx(36,28): error TS2812: Property 'focus' does not exist on type 'HTMLElement'. Try changing the 'lib' compiler option to include 'dom'.
src/shared/components/ui/FinishLaterModal.tsx(37,17): error TS2339: Property 'preventDefault' does not exist on type 'KeyboardEvent'.
src/shared/components/ui/FinishLaterModal.tsx(40,17): error TS2584: Cannot find name 'document'. Do you need to change your target library? Try changing the 'lib' compiler option to include 'dom'.
src/shared/components/ui/FinishLaterModal.tsx(41,29): error TS2812: Property 'focus' does not exist on type 'HTMLElement'. Try changing the 'lib' compiler option to include 'dom'.
src/shared/components/ui/FinishLaterModal.tsx(42,17): error TS2339: Property 'preventDefault' does not exist on type 'KeyboardEvent'.
src/shared/components/ui/FinishLaterModal.tsx(48,7): error TS2584: Cannot find name 'document'. Do you need to change your target library? Try changing the 'lib' compiler option to include 'dom'.
src/shared/components/ui/FinishLaterModal.tsx(49,34): error TS2812: Property 'focus' does not exist on type 'HTMLButtonElement'. Try changing the 'lib' compiler option to include 'dom'.
src/shared/components/ui/FinishLaterModal.tsx(52,9): error TS2584: Cannot find name 'document'. Do you need to change your target library? Try changing the 'lib' compiler option to include 'dom'.
src/shared/components/ui/FinishLaterModal.tsx(60,5): error TS17004: Cannot use JSX unless the '--jsx' flag is provided.
src/shared/components/ui/FinishLaterModal.tsx(61,7): error TS17004: Cannot use JSX unless the '--jsx' flag is provided.
src/shared/components/ui/FinishLaterModal.tsx(70,9): error TS17004: Cannot use JSX unless the '--jsx' flag is provided.
src/shared/components/ui/FinishLaterModal.tsx(71,11): error TS17004: Cannot use JSX unless the '--jsx' flag is provided.
src/shared/components/ui/FinishLaterModal.tsx(72,13): error TS17004: Cannot use JSX unless the '--jsx' flag is provided.
src/shared/components/ui/FinishLaterModal.tsx(77,9): error TS17004: Cannot use JSX unless the '--jsx' flag is provided.
src/shared/components/ui/FinishLaterModal.tsx(78,11): error TS17004: Cannot use JSX unless the '--jsx' flag is provided.
src/shared/components/ui/FinishLaterModal.tsx(85,11): error TS17004: Cannot use JSX unless the '--jsx' flag is provided.
src/shared/components/ui/FinishLaterModal.tsx(90,13): error TS17004: Cannot use JSX unless the '--jsx' flag is provided.
src/shared/components/ui/FinishLaterModal.tsx(95,11): error TS17004: Cannot use JSX unless the '--jsx' flag is provided.
src/shared/components/ui/FormField.tsx(23,5): error TS17004: Cannot use JSX unless the '--jsx' flag is provided.
src/shared/components/ui/FormField.tsx(25,9): error TS17004: Cannot use JSX unless the '--jsx' flag is provided.
src/shared/components/ui/FormField.tsx(31,9): error TS17004: Cannot use JSX unless the '--jsx' flag is provided.
src/shared/components/ui/index.ts(2,24): error TS6142: Module './Button' was resolved to 'c:/Users/juand/OneDrive/Documents/Actividades Sena/9. Proyecto/5. Quinto Trimestre/Focus-Up-FrontEnd/src/shared/components/ui/Button.tsx', but '--jsx' is not set.
src/shared/components/ui/index.ts(3,23): error TS6142: Module './Input' was resolved to 'c:/Users/juand/OneDrive/Documents/Actividades Sena/9. Proyecto/5. Quinto Trimestre/Focus-Up-FrontEnd/src/shared/components/ui/Input.tsx', but '--jsx' is not set.
src/shared/components/ui/index.ts(4,32): error TS6142: Module './LoadingSpinner' was resolved to 'c:/Users/juand/OneDrive/Documents/Actividades Sena/9. Proyecto/5. Quinto Trimestre/Focus-Up-FrontEnd/src/shared/components/ui/LoadingSpinner.tsx', but '--jsx' is not set.
src/shared/components/ui/index.ts(5,27): error TS6142: Module './FormField' was resolved to 'c:/Users/juand/OneDrive/Documents/Actividades Sena/9. Proyecto/5. Quinto Trimestre/Focus-Up-FrontEnd/src/shared/components/ui/FormField.tsx', but '--jsx' is not set.
src/shared/components/ui/index.ts(6,32): error TS6142: Module './ProgressCircle' was resolved to 'c:/Users/juand/OneDrive/Documents/Actividades Sena/9. Proyecto/5. Quinto Trimestre/Focus-Up-FrontEnd/src/shared/components/ui/ProgressCircle.tsx', but '--jsx' is not set.
src/shared/components/ui/index.ts(7,34): error TS6142: Module './FinishLaterModal' was resolved to 'c:/Users/juand/OneDrive/Documents/Actividades Sena/9. Proyecto/5. Quinto Trimestre/Focus-Up-FrontEnd/src/shared/components/ui/FinishLaterModal.tsx', but '--jsx' is not set.
src/shared/components/ui/index.ts(8,23): error TS6142: Module './Timer' was resolved to 'c:/Users/juand/OneDrive/Documents/Actividades Sena/9. Proyecto/5. Quinto Trimestre/Focus-Up-FrontEnd/src/shared/components/ui/Timer.tsx', but '--jsx' is not set.
src/shared/components/ui/index.ts(9,25): error TS6142: Module './Sidebar' was resolved to 'c:/Users/juand/OneDrive/Documents/Actividades Sena/9. Proyecto/5. Quinto Trimestre/Focus-Up-FrontEnd/src/shared/components/ui/Sidebar.tsx', but '--jsx' is not set.
src/shared/components/ui/Input.tsx(19,5): error TS17004: Cannot use JSX unless the '--jsx' flag is provided.
src/shared/components/ui/Input.tsx(21,9): error TS17004: Cannot use JSX unless the '--jsx' flag is provided.
src/shared/components/ui/Input.tsx(25,7): error TS17004: Cannot use JSX unless the '--jsx' flag is provided.
src/shared/components/ui/Input.tsx(33,17): error TS17004: Cannot use JSX unless the '--jsx' flag is provided.
src/shared/components/ui/LoadingSpinner.tsx(24,5): error TS17004: Cannot use JSX unless the '--jsx' flag is provided.
src/shared/components/ui/LoadingSpinner.tsx(25,7): error TS17004: Cannot use JSX unless the '--jsx' flag is provided.
src/shared/components/ui/ProgressCircle.tsx(53,5): error TS17004: Cannot use JSX unless the '--jsx' flag is provided.
src/shared/components/ui/ProgressCircle.tsx(54,7): error TS17004: Cannot use JSX unless the '--jsx' flag is provided.
src/shared/components/ui/ProgressCircle.tsx(56,9): error TS17004: Cannot use JSX unless the '--jsx' flag is provided.
src/shared/components/ui/ProgressCircle.tsx(65,9): error TS17004: Cannot use JSX unless the '--jsx' flag is provided.
src/shared/components/ui/ProgressCircle.tsx(84,7): error TS17004: Cannot use JSX unless the '--jsx' flag is provided.
src/shared/components/ui/ProgressCircle.tsx(92,7): error TS17004: Cannot use JSX unless the '--jsx' flag is provided.
src/shared/components/ui/Sidebar.tsx(5,25): error TS6142: Module '../../../contexts/AuthContext' was resolved to 'c:/Users/juand/OneDrive/Documents/Actividades Sena/9. Proyecto/5. Quinto Trimestre/Focus-Up-FrontEnd/src/contexts/AuthContext.tsx', but '--jsx' is not set.
src/shared/components/ui/Sidebar.tsx(41,7): error TS2584: Cannot find name 'console'. Do you need to change your target library? Try changing the 'lib' compiler option to include 'dom'.
src/shared/components/ui/Sidebar.tsx(53,5): error TS17004: Cannot use JSX unless the '--jsx' flag is provided.
src/shared/components/ui/Sidebar.tsx(55,7): error TS17004: Cannot use JSX unless the '--jsx' flag is provided.
src/shared/components/ui/Sidebar.tsx(60,9): error TS17004: Cannot use JSX unless the '--jsx' flag is provided.
src/shared/components/ui/Sidebar.tsx(64,7): error TS17004: Cannot use JSX unless the '--jsx' flag is provided.
src/shared/components/ui/Sidebar.tsx(69,9): error TS17004: Cannot use JSX unless the '--jsx' flag is provided.
src/shared/components/ui/Sidebar.tsx(70,11): error TS17004: Cannot use JSX unless the '--jsx' flag is provided.
src/shared/components/ui/Sidebar.tsx(75,11): error TS17004: Cannot use JSX unless the '--jsx' flag is provided.
src/shared/components/ui/Sidebar.tsx(76,13): error TS17004: Cannot use JSX unless the '--jsx' flag is provided.
src/shared/components/ui/Sidebar.tsx(79,13): error TS17004: Cannot use JSX unless the '--jsx' flag is provided.
src/shared/components/ui/Sidebar.tsx(85,9): error TS17004: Cannot use JSX unless the '--jsx' flag is provided.
src/shared/components/ui/Sidebar.tsx(86,11): error TS17004: Cannot use JSX unless the '--jsx' flag is provided.
src/shared/components/ui/Sidebar.tsx(87,13): error TS17004: Cannot use JSX unless the '--jsx' flag is provided.
src/shared/components/ui/Sidebar.tsx(88,15): error TS17004: Cannot use JSX unless the '--jsx' flag is provided.
src/shared/components/ui/Sidebar.tsx(94,17): error TS17004: Cannot use JSX unless the '--jsx' flag is provided.
src/shared/components/ui/Sidebar.tsx(95,17): error TS17004: Cannot use JSX unless the '--jsx' flag is provided.
src/shared/components/ui/Sidebar.tsx(98,13): error TS17004: Cannot use JSX unless the '--jsx' flag is provided.
src/shared/components/ui/Sidebar.tsx(99,15): error TS17004: Cannot use JSX unless the '--jsx' flag is provided.
src/shared/components/ui/Sidebar.tsx(105,17): error TS17004: Cannot use JSX unless the '--jsx' flag is provided.
src/shared/components/ui/Sidebar.tsx(106,17): error TS17004: Cannot use JSX unless the '--jsx' flag is provided.
src/shared/components/ui/Sidebar.tsx(109,13): error TS17004: Cannot use JSX unless the '--jsx' flag is provided.
src/shared/components/ui/Sidebar.tsx(111,15): error TS17004: Cannot use JSX unless the '--jsx' flag is provided.
src/shared/components/ui/Sidebar.tsx(112,17): error TS17004: Cannot use JSX unless the '--jsx' flag is provided.
src/shared/components/ui/Sidebar.tsx(116,19): error TS17004: Cannot use JSX unless the '--jsx' flag is provided.
src/shared/components/ui/Sidebar.tsx(117,21): error TS17004: Cannot use JSX unless the '--jsx' flag is provided.
src/shared/components/ui/Sidebar.tsx(118,21): error TS17004: Cannot use JSX unless the '--jsx' flag is provided.
src/shared/components/ui/Sidebar.tsx(120,19): error TS17004: Cannot use JSX unless the '--jsx' flag is provided.
src/shared/components/ui/Sidebar.tsx(129,19): error TS17004: Cannot use JSX unless the '--jsx' flag is provided.
src/shared/components/ui/Sidebar.tsx(130,21): error TS17004: Cannot use JSX unless the '--jsx' flag is provided.
src/shared/components/ui/Sidebar.tsx(134,23): error TS17004: Cannot use JSX unless the '--jsx' flag is provided.
src/shared/components/ui/Sidebar.tsx(135,23): error TS17004: Cannot use JSX unless the '--jsx' flag is provided.
src/shared/components/ui/Sidebar.tsx(137,21): error TS17004: Cannot use JSX unless the '--jsx' flag is provided.
src/shared/components/ui/Sidebar.tsx(141,23): error TS17004: Cannot use JSX unless the '--jsx' flag is provided.
src/shared/components/ui/Sidebar.tsx(142,23): error TS17004: Cannot use JSX unless the '--jsx' flag is provided.
src/shared/components/ui/Sidebar.tsx(144,21): error TS17004: Cannot use JSX unless the '--jsx' flag is provided.
src/shared/components/ui/Sidebar.tsx(148,23): error TS17004: Cannot use JSX unless the '--jsx' flag is provided.
src/shared/components/ui/Sidebar.tsx(149,23): error TS17004: Cannot use JSX unless the '--jsx' flag is provided.
src/shared/components/ui/Sidebar.tsx(155,13): error TS17004: Cannot use JSX unless the '--jsx' flag is provided.
src/shared/components/ui/Sidebar.tsx(156,15): error TS17004: Cannot use JSX unless the '--jsx' flag is provided.
src/shared/components/ui/Sidebar.tsx(160,17): error TS17004: Cannot use JSX unless the '--jsx' flag is provided.
src/shared/components/ui/Sidebar.tsx(161,17): error TS17004: Cannot use JSX unless the '--jsx' flag is provided.
src/shared/components/ui/Sidebar.tsx(164,13): error TS17004: Cannot use JSX unless the '--jsx' flag is provided.
src/shared/components/ui/Sidebar.tsx(165,15): error TS17004: Cannot use JSX unless the '--jsx' flag is provided.
src/shared/components/ui/Sidebar.tsx(169,17): error TS17004: Cannot use JSX unless the '--jsx' flag is provided.
src/shared/components/ui/Sidebar.tsx(170,17): error TS17004: Cannot use JSX unless the '--jsx' flag is provided.
src/shared/components/ui/Sidebar.tsx(176,9): error TS17004: Cannot use JSX unless the '--jsx' flag is provided.
src/shared/components/ui/Sidebar.tsx(182,13): error TS17004: Cannot use JSX unless the '--jsx' flag is provided.
src/shared/components/ui/Sidebar.tsx(184,13): error TS17004: Cannot use JSX unless the '--jsx' flag is provided.
src/shared/components/ui/Timer.tsx(49,29): error TS2304: Cannot find name 'setInterval'.
src/shared/components/ui/Timer.tsx(61,9): error TS2304: Cannot find name 'clearInterval'.
src/shared/components/ui/Timer.tsx(68,9): error TS2304: Cannot find name 'clearInterval'.
src/shared/components/ui/Timer.tsx(82,5): error TS17004: Cannot use JSX unless the '--jsx' flag is provided.
src/shared/components/ui/Timer.tsx(83,7): error TS17004: Cannot use JSX unless the '--jsx' flag is provided.
src/shared/components/ui/Timer.tsx(89,7): error TS17004: Cannot use JSX unless the '--jsx' flag is provided.
src/shared/components/ui/Timer.tsx(90,9): error TS17004: Cannot use JSX unless the '--jsx' flag is provided.
src/shared/components/ui/Timer.tsx(97,48): error TS2812: Property 'style' does not exist on type 'EventTarget & HTMLButtonElement'. Try changing the 'lib' compiler option to include 'dom'.
src/shared/components/ui/Timer.tsx(98,48): error TS2812: Property 'style' does not exist on type 'EventTarget & HTMLButtonElement'. Try changing the 'lib' compiler option to include 'dom'.
src/shared/components/ui/Timer.tsx(102,9): error TS17004: Cannot use JSX unless the '--jsx' flag is provided.
src/shared/components/ui/Timer.tsx(109,48): error TS2812: Property 'style' does not exist on type 'EventTarget & HTMLButtonElement'. Try changing the 'lib' compiler option to include 'dom'.
src/shared/components/ui/Timer.tsx(110,48): error TS2812: Property 'style' does not exist on type 'EventTarget & HTMLButtonElement'. Try changing the 'lib' compiler option to include 'dom'.
src/shared/services/apiClient.ts(19,19): error TS2304: Cannot find name 'localStorage'.
src/shared/utils/broadcastChannel.ts(39,20): error TS2304: Cannot find name 'BroadcastChannel'.
src/shared/utils/broadcastChannel.ts(48,24): error TS2304: Cannot find name 'BroadcastChannel'.
src/shared/utils/broadcastChannel.ts(51,31): error TS7006: Parameter 'event' implicitly has an 'any' type.
src/shared/utils/broadcastChannel.ts(64,11): error TS2584: Cannot find name 'console'. Do you need to change your target library? Try changing the 'lib' compiler option to include 'dom'.
src/shared/utils/musicUtils.ts(95,25): error TS2304: Cannot find name 'Audio'.
src/shared/utils/musicUtils.ts(100,25): error TS2304: Cannot find name 'setTimeout'.
src/shared/utils/musicUtils.ts(103,11): error TS2304: Cannot find name 'clearTimeout'.
src/shared/utils/musicUtils.ts(109,42): error TS7006: Parameter 'e' implicitly has an 'any' type.
src/shared/utils/musicUtils.ts(110,11): error TS2304: Cannot find name 'clearTimeout'.
src/shared/utils/musicUtils.ts(116,11): error TS2304: Cannot find name 'clearTimeout'.
src/shared/utils/offlineQueue.ts(50,15): error TS2304: Cannot find name 'navigator'.
src/shared/utils/offlineQueue.ts(69,5): error TS2304: Cannot find name 'window'.
src/shared/utils/offlineQueue.ts(75,5): error TS2304: Cannot find name 'window'.
src/shared/utils/offlineQueue.ts(86,22): error TS2304: Cannot find name 'localStorage'.
src/shared/utils/offlineQueue.ts(96,7): error TS2584: Cannot find name 'console'. Do you need to change your target library? Try changing the 'lib' compiler option to include 'dom'.
src/shared/utils/offlineQueue.ts(106,7): error TS2304: Cannot find name 'localStorage'.
src/shared/utils/offlineQueue.ts(108,7): error TS2584: Cannot find name 'console'. Do you need to change your target library? Try changing the 'lib' compiler option to include 'dom'.
src/shared/utils/offlineQueue.ts(117,22): error TS2304: Cannot find name 'localStorage'.
src/shared/utils/offlineQueue.ts(122,7): error TS2584: Cannot find name 'console'. Do you need to change your target library? Try changing the 'lib' compiler option to include 'dom'.
src/shared/utils/offlineQueue.ts(132,7): error TS2304: Cannot find name 'localStorage'.
src/shared/utils/offlineQueue.ts(134,7): error TS2584: Cannot find name 'console'. Do you need to change your target library? Try changing the 'lib' compiler option to include 'dom'.
src/shared/utils/offlineQueue.ts(185,11): error TS2584: Cannot find name 'console'. Do you need to change your target library? Try changing the 'lib' compiler option to include 'dom'.
src/shared/utils/offlineQueue.ts(194,11): error TS2584: Cannot find name 'console'. Do you need to change your target library? Try changing the 'lib' compiler option to include 'dom'.
src/shared/utils/offlineQueue.ts(198,16): error TS2304: Cannot find name 'navigator'.
src/shared/utils/offlineQueue.ts(204,40): error TS2304: Cannot find name 'setTimeout'.
src/shared/utils/sleepDetector.ts(56,7): error TS2304: Cannot find name 'cancelAnimationFrame'.
src/shared/utils/sleepDetector.ts(90,35): error TS2304: Cannot find name 'requestAnimationFrame'.
src/stores/authStore.ts(36,34): error TS2304: Cannot find name 'fetch'.
src/stores/authStore.ts(57,13): error TS2304: Cannot find name 'localStorage'.
src/stores/authStore.ts(71,34): error TS2304: Cannot find name 'fetch'.
src/stores/authStore.ts(100,9): error TS2304: Cannot find name 'localStorage'.
src/stores/authStore.ts(116,34): error TS2304: Cannot find name 'fetch'.
src/stores/authStore.ts(151,34): error TS2304: Cannot find name 'fetch'.
src/stores/authStore.ts(162,15): error TS2304: Cannot find name 'localStorage'.
src/stores/musicStore.ts(44,29): error TS2304: Cannot find name 'Audio'.
src/stores/musicStore.ts(66,44): error TS7006: Parameter 'e' implicitly has an 'any' type.
src/stores/musicStore.ts(67,13): error TS2584: Cannot find name 'console'. Do you need to change your target library? Try changing the 'lib' compiler option to include 'dom'.
src/stores/musicStore.ts(77,41): error TS6133: 'currentIndex' is declared but its value is never read.
src/stores/musicStore.ts(86,26): error TS2812: Property 'src' does not exist on type 'HTMLAudioElement'. Try changing the 'lib' compiler option to include 'dom'.
src/stores/musicStore.ts(87,26): error TS2812: Property 'play' does not exist on type 'HTMLAudioElement'. Try changing the 'lib' compiler option to include 'dom'.
src/stores/musicStore.ts(87,39): error TS2584: Cannot find name 'console'. Do you need to change your target library? Try changing the 'lib' compiler option to include 'dom'.
src/stores/musicStore.ts(92,24): error TS2812: Property 'play' does not exist on type 'HTMLAudioElement'. Try changing the 'lib' compiler option to include 'dom'.
src/stores/musicStore.ts(92,37): error TS2584: Cannot find name 'console'. Do you need to change your target library? Try changing the 'lib' compiler option to include 'dom'.
src/stores/musicStore.ts(101,24): error TS2812: Property 'pause' does not exist on type 'HTMLAudioElement'. Try changing the 'lib' compiler option to include 'dom'.
src/stores/musicStore.ts(136,24): error TS2812: Property 'volume' does not exist on type 'HTMLAudioElement'. Try changing the 'lib' compiler option to include 'dom'.
src/stores/musicStore.ts(155,24): error TS2812: Property 'currentTime' does not exist on type 'HTMLAudioElement'. Try changing the 'lib' compiler option to include 'dom'.
src/stores/musicStore.ts(169,24): error TS2812: Property 'pause' does not exist on type 'HTMLAudioElement'. Try changing the 'lib' compiler option to include 'dom'.
src/stores/musicStore.ts(170,24): error TS2812: Property 'src' does not exist on type 'HTMLAudioElement'. Try changing the 'lib' compiler option to include 'dom'.
src/stores/musicStore.ts(171,24): error TS2812: Property 'removeAttribute' does not exist on type 'HTMLAudioElement'. Try changing the 'lib' compiler option to include 'dom'.
src/stores/sessionStore.ts(29,11): error TS6133: 'get' is declared but its value is never read.
src/utils/apiClient.ts(17,19): error TS2304: Cannot find name 'localStorage'.
src/utils/broadcastChannel.ts(39,20): error TS2304: Cannot find name 'BroadcastChannel'.
src/utils/broadcastChannel.ts(48,24): error TS2304: Cannot find name 'BroadcastChannel'.
src/utils/broadcastChannel.ts(51,31): error TS7006: Parameter 'event' implicitly has an 'any' type.
src/utils/broadcastChannel.ts(64,11): error TS2584: Cannot find name 'console'. Do you need to change your target library? Try changing the 'lib' compiler option to include 'dom'.
src/utils/eventsApi.ts(14,19): error TS2304: Cannot find name 'localStorage'.
src/utils/eventsApi.ts(19,28): error TS2304: Cannot find name 'fetch'.
src/utils/eventsApi.ts(29,9): error TS2304: Cannot find name 'localStorage'.
src/utils/eventsApi.ts(43,19): error TS2304: Cannot find name 'localStorage'.
src/utils/eventsApi.ts(48,28): error TS2304: Cannot find name 'fetch'.
src/utils/eventsApi.ts(59,9): error TS2304: Cannot find name 'localStorage'.
src/utils/eventsApi.ts(73,19): error TS2304: Cannot find name 'localStorage'.
src/utils/eventsApi.ts(78,28): error TS2304: Cannot find name 'fetch'.
src/utils/eventsApi.ts(89,9): error TS2304: Cannot find name 'localStorage'.
src/utils/eventsApi.ts(103,19): error TS2304: Cannot find name 'localStorage'.
src/utils/eventsApi.ts(108,28): error TS2304: Cannot find name 'fetch'.
src/utils/eventsApi.ts(118,9): error TS2304: Cannot find name 'localStorage'.
src/utils/eventsApi.ts(129,19): error TS2304: Cannot find name 'localStorage'.
src/utils/eventsApi.ts(134,28): error TS2304: Cannot find name 'fetch'.
src/utils/eventsApi.ts(144,9): error TS2304: Cannot find name 'localStorage'.
src/utils/eventsApi.ts(155,19): error TS2304: Cannot find name 'localStorage'.
src/utils/eventsApi.ts(160,28): error TS2304: Cannot find name 'fetch'.
src/utils/eventsApi.ts(170,9): error TS2304: Cannot find name 'localStorage'.
src/utils/musicUtils.ts(93,25): error TS2304: Cannot find name 'Audio'.
src/utils/musicUtils.ts(98,25): error TS2304: Cannot find name 'setTimeout'.
src/utils/musicUtils.ts(101,11): error TS2304: Cannot find name 'clearTimeout'.
src/utils/musicUtils.ts(107,42): error TS7006: Parameter 'e' implicitly has an 'any' type.
src/utils/musicUtils.ts(108,11): error TS2304: Cannot find name 'clearTimeout'.
src/utils/musicUtils.ts(114,11): error TS2304: Cannot find name 'clearTimeout'.
src/utils/notificationsApi.ts(13,19): error TS2304: Cannot find name 'localStorage'.
src/utils/notificationsApi.ts(14,20): error TS2304: Cannot find name 'localStorage'.
src/utils/notificationsApi.ts(20,28): error TS2304: Cannot find name 'fetch'.
src/utils/notificationsApi.ts(30,9): error TS2304: Cannot find name 'localStorage'.
src/utils/notificationsApi.ts(58,19): error TS2304: Cannot find name 'localStorage'.
src/utils/notificationsApi.ts(59,20): error TS2304: Cannot find name 'localStorage'.
src/utils/notificationsApi.ts(65,28): error TS2304: Cannot find name 'fetch'.
src/utils/notificationsApi.ts(76,9): error TS2304: Cannot find name 'localStorage'.
src/utils/notificationsApi.ts(98,19): error TS2304: Cannot find name 'localStorage'.
src/utils/notificationsApi.ts(104,28): error TS2304: Cannot find name 'fetch'.
src/utils/notificationsApi.ts(114,9): error TS2304: Cannot find name 'localStorage'.
src/utils/offlineQueue.ts(50,15): error TS2304: Cannot find name 'navigator'.
src/utils/offlineQueue.ts(69,5): error TS2304: Cannot find name 'window'.
src/utils/offlineQueue.ts(75,5): error TS2304: Cannot find name 'window'.
src/utils/offlineQueue.ts(86,22): error TS2304: Cannot find name 'localStorage'.
src/utils/offlineQueue.ts(96,7): error TS2584: Cannot find name 'console'. Do you need to change your target library? Try changing the 'lib' compiler option to include 'dom'.
src/utils/offlineQueue.ts(106,7): error TS2304: Cannot find name 'localStorage'.
src/utils/offlineQueue.ts(108,7): error TS2584: Cannot find name 'console'. Do you need to change your target library? Try changing the 'lib' compiler option to include 'dom'.
src/utils/offlineQueue.ts(117,22): error TS2304: Cannot find name 'localStorage'.
src/utils/offlineQueue.ts(122,7): error TS2584: Cannot find name 'console'. Do you need to change your target library? Try changing the 'lib' compiler option to include 'dom'.
src/utils/offlineQueue.ts(132,7): error TS2304: Cannot find name 'localStorage'.
src/utils/offlineQueue.ts(134,7): error TS2584: Cannot find name 'console'. Do you need to change your target library? Try changing the 'lib' compiler option to include 'dom'.
src/utils/offlineQueue.ts(185,11): error TS2584: Cannot find name 'console'. Do you need to change your target library? Try changing the 'lib' compiler option to include 'dom'.
src/utils/offlineQueue.ts(194,11): error TS2584: Cannot find name 'console'. Do you need to change your target library? Try changing the 'lib' compiler option to include 'dom'.
src/utils/offlineQueue.ts(198,16): error TS2304: Cannot find name 'navigator'.
src/utils/offlineQueue.ts(204,40): error TS2304: Cannot find name 'setTimeout'.
src/utils/sleepDetector.ts(56,7): error TS2304: Cannot find name 'cancelAnimationFrame'.
src/utils/sleepDetector.ts(90,35): error TS2304: Cannot find name 'requestAnimationFrame'.
